2026-07-14T15:37:00.862Z request-start method=GET path=/app
2026-07-14T15:37:00.865Z request-finish method=GET path=/app status=200 duration_ms=4
2026-07-14T15:37:00.890Z request-start method=GET path=/assets/fonts/inter-latin-400-normal.woff2
2026-07-14T15:37:00.894Z request-finish method=GET path=/assets/fonts/inter-latin-400-normal.woff2 status=200 duration_ms=4
2026-07-14T15:37:00.895Z request-start method=GET path=/assets/fonts/inter-latin-600-normal.woff2
2026-07-14T15:37:00.898Z request-finish method=GET path=/assets/fonts/inter-latin-600-normal.woff2 status=200 duration_ms=3
2026-07-14T15:37:00.899Z request-start method=GET path=/assets/fonts/ibm-plex-mono-latin-400-normal.woff2
2026-07-14T15:37:00.902Z request-finish method=GET path=/assets/fonts/ibm-plex-mono-latin-400-normal.woff2 status=200 duration_ms=3
2026-07-14T15:37:00.935Z request-start method=GET path=/assets/manifest-757f64ac.js
2026-07-14T15:37:00.937Z request-finish method=GET path=/assets/manifest-757f64ac.js status=200 duration_ms=2
2026-07-14T15:37:00.939Z request-start method=GET path=/assets/not-found-vUEvrMid.js
2026-07-14T15:37:00.941Z request-finish method=GET path=/assets/not-found-vUEvrMid.js status=200 duration_ms=3
2026-07-14T15:37:00.942Z request-start method=GET path=/assets/entry.client-CUjFWg5_.js
2026-07-14T15:37:00.944Z request-finish method=GET path=/assets/entry.client-CUjFWg5_.js status=200 duration_ms=3
2026-07-14T15:37:00.945Z request-start method=GET path=/assets/chunk-EVOBXE3Y-CbLStoMq.js
2026-07-14T15:37:00.948Z request-finish method=GET path=/assets/chunk-EVOBXE3Y-CbLStoMq.js status=200 duration_ms=3
2026-07-14T15:37:00.950Z request-start method=GET path=/assets/cn-B5V-leUE.js
2026-07-14T15:37:00.952Z request-finish method=GET path=/assets/cn-B5V-leUE.js status=200 duration_ms=3
2026-07-14T15:37:00.953Z request-start method=GET path=/assets/design-system-BQrBcunQ.js
2026-07-14T15:37:00.956Z request-finish method=GET path=/assets/design-system-BQrBcunQ.js status=200 duration_ms=2
2026-07-14T15:37:00.957Z request-start method=GET path=/assets/root-6KkDpvle.js
2026-07-14T15:37:00.959Z request-finish method=GET path=/assets/root-6KkDpvle.js status=200 duration_ms=3
2026-07-14T15:37:00.960Z request-start method=GET path=/assets/root-DOBymbYX.css
2026-07-14T15:37:00.962Z request-finish method=GET path=/assets/root-DOBymbYX.css status=200 duration_ms=2
2026-07-14T15:37:00.963Z request-start method=GET path=/assets/page-primitives-DLjaOPmB.js
2026-07-14T15:37:00.965Z request-finish method=GET path=/assets/page-primitives-DLjaOPmB.js status=200 duration_ms=1
2026-07-14T15:37:01.035Z request-start method=GET path=/favicon.ico
2026-07-14T15:37:01.037Z request-finish method=GET path=/favicon.ico status=200 duration_ms=2
2026-07-14T15:37:01.070Z request-start method=GET path=/assets/app-layout-CM4x74mn.js
2026-07-14T15:37:01.072Z request-finish method=GET path=/assets/app-layout-CM4x74mn.js status=200 duration_ms=2
2026-07-14T15:37:01.073Z request-start method=GET path=/assets/dashboard-BUWF2FeY.js
2026-07-14T15:37:01.076Z request-finish method=GET path=/assets/dashboard-BUWF2FeY.js status=200 duration_ms=3
2026-07-14T15:37:01.078Z request-start method=GET path=/assets/shell-header-context-BBtNcHzJ.js
2026-07-14T15:37:01.080Z request-finish method=GET path=/assets/shell-header-context-BBtNcHzJ.js status=200 duration_ms=2
2026-07-14T15:37:01.081Z request-start method=GET path=/assets/telemetry-route-models-Bi2E_MSd.js
2026-07-14T15:37:01.084Z request-finish method=GET path=/assets/telemetry-route-models-Bi2E_MSd.js status=200 duration_ms=2
2026-07-14T15:37:01.085Z request-start method=GET path=/assets/live-refresh-DcaagJbF.js
2026-07-14T15:37:01.087Z request-finish method=GET path=/assets/live-refresh-DcaagJbF.js status=200 duration_ms=2
2026-07-14T15:37:01.088Z request-start method=GET path=/assets/runtime-api-Dqdl6jFE.js
2026-07-14T15:37:01.090Z request-finish method=GET path=/assets/runtime-api-Dqdl6jFE.js status=200 duration_ms=3
2026-07-14T15:37:01.091Z request-start method=GET path=/assets/view-models-FXotq8BI.js
2026-07-14T15:37:01.093Z request-finish method=GET path=/assets/view-models-FXotq8BI.js status=200 duration_ms=2
2026-07-14T15:39:00.204Z request-start method=GET path=/app
2026-07-14T15:39:00.206Z request-finish method=GET path=/app status=200 duration_ms=3
2026-07-14T15:39:00.234Z request-start method=GET path=/assets/fonts/inter-latin-400-normal.woff2
2026-07-14T15:39:00.237Z request-finish method=GET path=/assets/fonts/inter-latin-400-normal.woff2 status=200 duration_ms=3
2026-07-14T15:39:00.239Z request-start method=GET path=/assets/root-DOBymbYX.css
2026-07-14T15:39:00.242Z request-finish method=GET path=/assets/root-DOBymbYX.css status=200 duration_ms=3
2026-07-14T15:39:00.243Z request-start method=GET path=/assets/fonts/inter-latin-600-normal.woff2
2026-07-14T15:39:00.246Z request-finish method=GET path=/assets/fonts/inter-latin-600-normal.woff2 status=200 duration_ms=2
2026-07-14T15:39:00.247Z request-start method=GET path=/assets/fonts/ibm-plex-mono-latin-400-normal.woff2
2026-07-14T15:39:00.249Z request-finish method=GET path=/assets/fonts/ibm-plex-mono-latin-400-normal.woff2 status=200 duration_ms=3
2026-07-14T15:39:00.250Z request-start method=GET path=/assets/manifest-757f64ac.js
2026-07-14T15:39:00.253Z request-finish method=GET path=/assets/manifest-757f64ac.js status=200 duration_ms=2
2026-07-14T15:39:00.254Z request-start method=GET path=/assets/entry.client-CUjFWg5_.js
2026-07-14T15:39:00.256Z request-finish method=GET path=/assets/entry.client-CUjFWg5_.js status=200 duration_ms=3
2026-07-14T15:39:00.258Z request-start method=GET path=/assets/root-6KkDpvle.js
2026-07-14T15:39:00.260Z request-finish method=GET path=/assets/root-6KkDpvle.js status=200 duration_ms=3
2026-07-14T15:39:00.262Z request-start method=GET path=/assets/not-found-vUEvrMid.js
2026-07-14T15:39:00.264Z request-finish method=GET path=/assets/not-found-vUEvrMid.js status=200 duration_ms=3
2026-07-14T15:39:00.265Z request-start method=GET path=/assets/page-primitives-DLjaOPmB.js
2026-07-14T15:39:00.267Z request-finish method=GET path=/assets/page-primitives-DLjaOPmB.js status=200 duration_ms=3
2026-07-14T15:39:00.268Z request-start method=GET path=/assets/cn-B5V-leUE.js
2026-07-14T15:39:00.270Z request-finish method=GET path=/assets/cn-B5V-leUE.js status=200 duration_ms=2
2026-07-14T15:39:00.271Z request-start method=GET path=/assets/chunk-EVOBXE3Y-CbLStoMq.js
2026-07-14T15:39:00.274Z request-finish method=GET path=/assets/chunk-EVOBXE3Y-CbLStoMq.js status=200 duration_ms=3
2026-07-14T15:39:00.275Z request-start method=GET path=/assets/design-system-BQrBcunQ.js
2026-07-14T15:39:00.277Z request-finish method=GET path=/assets/design-system-BQrBcunQ.js status=200 duration_ms=2
2026-07-14T15:39:00.321Z request-start method=GET path=/favicon.ico
2026-07-14T15:39:00.323Z request-finish method=GET path=/favicon.ico status=200 duration_ms=3
2026-07-14T15:39:00.344Z request-start method=GET path=/assets/app-layout-CM4x74mn.js
2026-07-14T15:39:00.347Z request-finish method=GET path=/assets/app-layout-CM4x74mn.js status=200 duration_ms=3
2026-07-14T15:39:00.349Z request-start method=GET path=/assets/dashboard-BUWF2FeY.js
2026-07-14T15:39:00.352Z request-finish method=GET path=/assets/dashboard-BUWF2FeY.js status=200 duration_ms=4
2026-07-14T15:39:00.366Z request-start method=GET path=/assets/telemetry-route-models-Bi2E_MSd.js
2026-07-14T15:39:00.369Z request-finish method=GET path=/assets/telemetry-route-models-Bi2E_MSd.js status=200 duration_ms=3
2026-07-14T15:39:00.371Z request-start method=GET path=/assets/live-refresh-DcaagJbF.js
2026-07-14T15:39:00.373Z request-finish method=GET path=/assets/live-refresh-DcaagJbF.js status=200 duration_ms=3
2026-07-14T15:39:00.375Z request-start method=GET path=/assets/runtime-api-Dqdl6jFE.js
2026-07-14T15:39:00.378Z request-finish method=GET path=/assets/runtime-api-Dqdl6jFE.js status=200 duration_ms=3
2026-07-14T15:39:00.380Z request-start method=GET path=/assets/shell-header-context-BBtNcHzJ.js
2026-07-14T15:39:00.382Z request-finish method=GET path=/assets/shell-header-context-BBtNcHzJ.js status=200 duration_ms=3
2026-07-14T15:39:00.383Z request-start method=GET path=/assets/view-models-FXotq8BI.js
2026-07-14T15:39:00.386Z request-finish method=GET path=/assets/view-models-FXotq8BI.js status=200 duration_ms=3
2026-07-14T15:39:01.393Z request-start method=GET path=/assets/fonts/inter-latin-400-normal.woff2
2026-07-14T15:39:01.396Z request-finish method=GET path=/assets/fonts/inter-latin-400-normal.woff2 status=200 duration_ms=3
2026-07-14T15:39:01.397Z request-start method=GET path=/assets/root-6KkDpvle.js
2026-07-14T15:39:01.400Z request-finish method=GET path=/assets/root-6KkDpvle.js status=200 duration_ms=3
2026-07-14T15:39:01.401Z request-start method=GET path=/assets/root-DOBymbYX.css
2026-07-14T15:39:01.405Z request-finish method=GET path=/assets/root-DOBymbYX.css status=200 duration_ms=3
2026-07-14T15:39:01.406Z request-start method=GET path=/assets/not-found-vUEvrMid.js
2026-07-14T15:39:01.408Z request-finish method=GET path=/assets/not-found-vUEvrMid.js status=200 duration_ms=3
2026-07-14T15:39:01.409Z request-start method=GET path=/assets/page-primitives-DLjaOPmB.js
2026-07-14T15:39:01.411Z request-finish method=GET path=/assets/page-primitives-DLjaOPmB.js status=200 duration_ms=3
2026-07-14T15:39:01.412Z request-start method=GET path=/assets/fonts/inter-latin-600-normal.woff2
2026-07-14T15:39:01.414Z request-finish method=GET path=/assets/fonts/inter-latin-600-normal.woff2 status=200 duration_ms=3
2026-07-14T15:39:01.415Z request-start method=GET path=/assets/fonts/ibm-plex-mono-latin-400-normal.woff2
2026-07-14T15:39:01.417Z request-finish method=GET path=/assets/fonts/ibm-plex-mono-latin-400-normal.woff2 status=200 duration_ms=2
2026-07-14T15:39:01.418Z request-start method=GET path=/assets/manifest-757f64ac.js
2026-07-14T15:39:01.420Z request-finish method=GET path=/assets/manifest-757f64ac.js status=200 duration_ms=2
2026-07-14T15:39:01.421Z request-start method=GET path=/assets/entry.client-CUjFWg5_.js
2026-07-14T15:39:01.424Z request-finish method=GET path=/assets/entry.client-CUjFWg5_.js status=200 duration_ms=3
2026-07-14T15:39:01.425Z request-start method=GET path=/assets/chunk-EVOBXE3Y-CbLStoMq.js
2026-07-14T15:39:01.429Z request-finish method=GET path=/assets/chunk-EVOBXE3Y-CbLStoMq.js status=200 duration_ms=4
2026-07-14T15:39:01.430Z request-start method=GET path=/assets/cn-B5V-leUE.js
2026-07-14T15:39:01.433Z request-finish method=GET path=/assets/cn-B5V-leUE.js status=200 duration_ms=2
2026-07-14T15:39:01.434Z request-start method=GET path=/assets/design-system-BQrBcunQ.js
2026-07-14T15:39:01.437Z request-finish method=GET path=/assets/design-system-BQrBcunQ.js status=200 duration_ms=3
2026-07-14T15:39:01.454Z request-start method=GET path=/favicon.ico
2026-07-14T15:39:01.456Z request-finish method=GET path=/favicon.ico status=200 duration_ms=2
2026-07-14T15:39:01.469Z request-start method=GET path=/assets/app-layout-CM4x74mn.js
2026-07-14T15:39:01.472Z request-finish method=GET path=/assets/app-layout-CM4x74mn.js status=200 duration_ms=3
2026-07-14T15:39:01.473Z request-start method=GET path=/assets/requests-BRUU6vt5.js
2026-07-14T15:39:01.476Z request-finish method=GET path=/assets/requests-BRUU6vt5.js status=200 duration_ms=3
2026-07-14T15:39:01.482Z request-start method=GET path=/assets/telemetry-route-models-Bi2E_MSd.js
2026-07-14T15:39:01.485Z request-finish method=GET path=/assets/telemetry-route-models-Bi2E_MSd.js status=200 duration_ms=3
2026-07-14T15:39:01.486Z request-start method=GET path=/assets/live-refresh-DcaagJbF.js
2026-07-14T15:39:01.488Z request-finish method=GET path=/assets/live-refresh-DcaagJbF.js status=200 duration_ms=3
2026-07-14T15:39:01.490Z request-start method=GET path=/assets/runtime-api-Dqdl6jFE.js
2026-07-14T15:39:01.492Z request-finish method=GET path=/assets/runtime-api-Dqdl6jFE.js status=200 duration_ms=3
2026-07-14T15:39:01.493Z request-start method=GET path=/assets/view-models-FXotq8BI.js
2026-07-14T15:39:01.496Z request-finish method=GET path=/assets/view-models-FXotq8BI.js status=200 duration_ms=2
2026-07-14T15:39:01.505Z request-start method=GET path=/assets/shell-header-context-BBtNcHzJ.js
2026-07-14T15:39:01.507Z request-finish method=GET path=/assets/shell-header-context-BBtNcHzJ.js status=200 duration_ms=3
2026-07-14T15:42:05.382Z request-start method=GET path=/app
2026-07-14T15:42:05.384Z request-finish method=GET path=/app status=200 duration_ms=3
2026-07-14T15:42:05.416Z request-start method=GET path=/assets/fonts/inter-latin-400-normal.woff2
2026-07-14T15:42:05.419Z request-finish method=GET path=/assets/fonts/inter-latin-400-normal.woff2 status=200 duration_ms=3
2026-07-14T15:42:05.421Z request-start method=GET path=/assets/root-DOBymbYX.css
2026-07-14T15:42:05.423Z request-finish method=GET path=/assets/root-DOBymbYX.css status=200 duration_ms=2
2026-07-14T15:42:05.424Z request-start method=GET path=/assets/fonts/inter-latin-600-normal.woff2
2026-07-14T15:42:05.426Z request-finish method=GET path=/assets/fonts/inter-latin-600-normal.woff2 status=200 duration_ms=2
2026-07-14T15:42:05.427Z request-start method=GET path=/assets/fonts/ibm-plex-mono-latin-400-normal.woff2
2026-07-14T15:42:05.429Z request-finish method=GET path=/assets/fonts/ibm-plex-mono-latin-400-normal.woff2 status=200 duration_ms=3
2026-07-14T15:42:05.430Z request-start method=GET path=/assets/manifest-757f64ac.js
2026-07-14T15:42:05.433Z request-finish method=GET path=/assets/manifest-757f64ac.js status=200 duration_ms=3
2026-07-14T15:42:05.434Z request-start method=GET path=/assets/entry.client-CUjFWg5_.js
2026-07-14T15:42:05.436Z request-finish method=GET path=/assets/entry.client-CUjFWg5_.js status=200 duration_ms=2
2026-07-14T15:42:05.437Z request-start method=GET path=/assets/chunk-EVOBXE3Y-CbLStoMq.js
2026-07-14T15:42:05.440Z request-finish method=GET path=/assets/chunk-EVOBXE3Y-CbLStoMq.js status=200 duration_ms=2
2026-07-14T15:42:05.441Z request-start method=GET path=/assets/root-6KkDpvle.js
2026-07-14T15:42:05.443Z request-finish method=GET path=/assets/root-6KkDpvle.js status=200 duration_ms=3
2026-07-14T15:42:05.444Z request-start method=GET path=/assets/not-found-vUEvrMid.js
2026-07-14T15:42:05.446Z request-finish method=GET path=/assets/not-found-vUEvrMid.js status=200 duration_ms=1
2026-07-14T15:42:05.447Z request-start method=GET path=/assets/page-primitives-DLjaOPmB.js
2026-07-14T15:42:05.449Z request-finish method=GET path=/assets/page-primitives-DLjaOPmB.js status=200 duration_ms=3
2026-07-14T15:42:05.450Z request-start method=GET path=/assets/cn-B5V-leUE.js
2026-07-14T15:42:05.452Z request-finish method=GET path=/assets/cn-B5V-leUE.js status=200 duration_ms=3
2026-07-14T15:42:05.453Z request-start method=GET path=/assets/design-system-BQrBcunQ.js
2026-07-14T15:42:05.455Z request-finish method=GET path=/assets/design-system-BQrBcunQ.js status=200 duration_ms=2
2026-07-14T15:42:05.497Z request-start method=GET path=/favicon.ico
2026-07-14T15:42:05.499Z request-finish method=GET path=/favicon.ico status=200 duration_ms=2
2026-07-14T15:42:05.528Z request-start method=GET path=/assets/app-layout-CM4x74mn.js
2026-07-14T15:42:05.531Z request-finish method=GET path=/assets/app-layout-CM4x74mn.js status=200 duration_ms=2
2026-07-14T15:42:05.532Z request-start method=GET path=/assets/dashboard-BUWF2FeY.js
2026-07-14T15:42:05.533Z request-finish method=GET path=/assets/dashboard-BUWF2FeY.js status=200 duration_ms=2
2026-07-14T15:42:05.551Z request-start method=GET path=/assets/telemetry-route-models-Bi2E_MSd.js
2026-07-14T15:42:05.554Z request-finish method=GET path=/assets/telemetry-route-models-Bi2E_MSd.js status=200 duration_ms=3
2026-07-14T15:42:05.555Z request-start method=GET path=/assets/live-refresh-DcaagJbF.js
2026-07-14T15:42:05.557Z request-finish method=GET path=/assets/live-refresh-DcaagJbF.js status=200 duration_ms=2
2026-07-14T15:42:05.558Z request-start method=GET path=/assets/runtime-api-Dqdl6jFE.js
2026-07-14T15:42:05.560Z request-finish method=GET path=/assets/runtime-api-Dqdl6jFE.js status=200 duration_ms=3
2026-07-14T15:42:05.561Z request-start method=GET path=/assets/shell-header-context-BBtNcHzJ.js
2026-07-14T15:42:05.564Z request-finish method=GET path=/assets/shell-header-context-BBtNcHzJ.js status=200 duration_ms=2
2026-07-14T15:42:05.565Z request-start method=GET path=/assets/view-models-FXotq8BI.js
2026-07-14T15:42:05.567Z request-finish method=GET path=/assets/view-models-FXotq8BI.js status=200 duration_ms=2
