(node:7836) ExperimentalWarning: SQLite is an experimental feature and might change at any time
(Use `node --trace-warnings ...` to show where the warning was created)
Γ£ö TB10-TEST-UNIT replays deterministically (5.7083ms)
Γ£ö TB10-TEST-CONTRACT binds evaluation group provenance (5.6475ms)
Γ£ö TB10-TEST-INTEGRATION derives shadow candidates (3.247ms)
Γ£ö TB10-TEST-REGRESSION never activates production (1.9799ms)
Γ£ö TB10-TEST-MUTATION activation guard is immutable (0.49ms)
Γ£ö TB10-TEST-FALSE-SUCCESS rejects holdout failure (1.7595ms)
Γ£ö TB10-TEST-ROLLBACK discards derived candidates (1.7186ms)
Γ£ö TB10-TEST-HEALTH operates without Verifiers (1.1042ms)
Γ£ö TB10-TEST-REPLAY-CORE-PACKAGE checkpoints cancellation (0.548ms)
Γ£ö TB10-TEST-EVALUATION-RUNNER-PACKAGE enforces no egress (1.5828ms)
Γ£ö TB10-TEST-TRAJECTORY-SIGNALS-PACKAGE emits bounded diagnostics (1.6206ms)
Γ£ö TB10-TEST-PROFILE-LEARNER-PACKAGE keeps attribution dimensions separate (2.3965ms)
Γ£ö TB10-TEST-KNOWLEDGE-WORKER-PACKAGE requires review and redaction (1.1878ms)
Γ£ö TB10-TEST-TRACK-A-EXCLUSION packages are reference-only learners (0.2979ms)
Γ£ö TB10-REVIEW-REPLAY shares immutable prefixes and binds source decision provenance (20.6008ms)
Γ£ö TB10-REVIEW-REPLAY cancellation resumes from a hash-bound checkpoint (0.8351ms)
Γ£ö TB10-REVIEW-EVAL runs through Evaluation Core with no external environment (2.3535ms)
Γ£ö TB10-REVIEW-SIGNALS are provenance-bound uncertain diagnostics, never labels (0.3071ms)
Γ£ö TB10-REVIEW-PROFILE preserves propensity, bias, confidence, promotion and rollback evidence (1.1966ms)
Γ£ö TB10-REVIEW-KNOWLEDGE requires comparable positive/negative groups and disjoint validation (2.4334ms)
Γ£ö TB10-REVIEW-SAFETY rejects caller-asserted knowledge and missing diagnostic provenance (1.3865ms)
Γ£ö TB10-REVIEW-SAFETY executes only trusted registered scorers (1.5201ms)
Γ£ö TB10-REVIEW-BOUNDARY accepts only finite declarative scorers and complete execution provenance (2.002ms)
Γ£ö TB10-REVIEW-RECEIPTS rejects forged profile and knowledge promotion gates (2.0713ms)
Γ£ö TB10-REVIEW-RECEIPTS bind nested evidence and model fields (0.7077ms)
Γ£ö TB10-REVIEW-REPLAY uses collision-safe prefix hashes and durable restart checkpoints (33.0501ms)
Γä╣ tests 26
Γä╣ suites 0
Γä╣ pass 26
Γä╣ fail 0
Γä╣ cancelled 0
Γä╣ skipped 0
Γä╣ todo 0
Γä╣ duration_ms 257.6645
