✔ A1: a unanimous source win weighs confidence * 1 (9.552ms)
✔ A1: confidence outside [0,1] is clamped (1.0896ms)
✔ A1: disagreement down-weights by the non-tie scorer share, clamped at 0.5 (1.2816ms)
✔ A1: a unanimous candidate win makes the source a loss (0.6609ms)
✔ A1: an extreme minority (clamp 0.5) still records the decided winner (0.7851ms)
✔ A1: a tie contributes 0 regardless of confidence or disagreement (0.6844ms)
✔ A1: tie outcomes never count as scorers (0.8824ms)
✔ A1: the LadderRecord schema accepts the aggregate input shape (0.3976ms)
✔ A1: the LadderRung schema only accepts available|unavailable status (5.2882ms)
✔ A2: rankScore is the signed sum of weighted verdicts (15.6049ms)
✔ A2: order desc by rankScore; ties keep the deterministic key order (4.3022ms)
✔ A2: the comparator is a total order on the full key tuple (33.0607ms)
✔ A2: head-to-head resolves a rankScore tie before losses/wins/count (2.6726ms)
✔ A2: 50 shuffles produce the identical ladder (74.2042ms)
✔ A2: the rung list carries { endpointId, rank, status } with rank from 1 (0.9277ms)
(node:33468) ExperimentalWarning: SQLite is an experimental feature and might change at any time
(Use `node --trace-warnings ...` to show where the warning was created)
✔ A3: a store created WITHOUT the column keeps its legacy shape on open; only a write adds it (225.6943ms)
✔ A3: the FINALIZED insert stamps created_at_ms from the core clock and never enters the bodies (240.6797ms)
✔ A3: the REJECTED insert stamps created_at_ms too (207.7745ms)
✔ A3: evaluation:list-groups exposes createdAtMs as a SIBLING of each row (224.7848ms)
✔ A4: a finalized, valid, effort-comparable comparison projects as a record (5.8074ms)
✔ A4: the join uses the own comparability roleId/taskTypeId, never taskRef (D4) (2.4136ms)
✔ A4: status other than finalized is excluded (0.4726ms)
✔ A4: a non-decisive outcome (insufficient/disagreement) is excluded (0.4033ms)
✔ A4: any validity issue excludes the record by name (0.5197ms)
✔ A4: a mismatched effortComparability entry excludes the record (0.4528ms)
✔ A4: effortComparability absent excludes; present-and-clean admits; mismatched excludes (0.6405ms)
✔ A4: a group with no comparability is unscoped_comparison (0.4399ms)
✔ A4: roleId or taskTypeId absent is incomplete_scope, never guessed (0.5191ms)
✔ A4: sortGroupsByCreatedAtMs is stable oldest-first (0.9342ms)
✔ A5: five final comparisons at mean 0.8 admit the endpoint (42.924ms)
✔ A5: an endpoint with 4 comparisons stays below the floor regardless of confidence (1.8464ms)
✔ A5: mean confidence below 0.7 fails the floor even with many comparisons (1.3846ms)
✔ A5: the mean counts only the endpoint OWN finalized comparisons (R9/D6) (0.9108ms)
✔ A5: custom minComparisons/minConfidence are honored (1.181ms)
✔ A5: a tie participates in the mean (its confidence is a judge confidence) (1.82ms)
✔ A5: an excluded comparison contributes to neither the count nor the mean (1.8578ms)
✔ A5: the floor and completeness schemas validate the derived shapes (25.5295ms)
(node:36296) ExperimentalWarning: SQLite is an experimental feature and might change at any time
(Use `node --trace-warnings ...` to show where the warning was created)
✔ Run105 E2 host authority: the real adapter operation materializes a finalized group into the real store (2366.9924ms)
✔ Run105 E2 paging repair: hasMore without nextCursor is refused, never a partial materialization (1719.3438ms)
✔ Run105 E2 paging repair: a repeated cursor is refused as a cycle (1920.7255ms)
✔ Run105 E2 paging repair: hasMore that never completes exhausts the budget and refuses (1896.9359ms)
✔ Run105 E2 defaults repair: a caller-supplied invalid defaults snapshot is refused, not ignored (1740.3229ms)
✖ Run105 E2 paging regression: a real store larger than one page materializes completely (3227.9925ms)
(node:38608) ExperimentalWarning: SQLite is an experimental feature and might change at any time
(Use `node --trace-warnings ...` to show where the warning was created)
✔ Run105 E5: the records readback carries the frozen ladder index beside intact records (39.0114ms)
✔ Run105 E5: a store that does not answer keeps records intact with ladders unavailable (4.8014ms)
✔ Run105 E5: scope-wide packs produce no ladder rows (7.0875ms)
✔ Run105 E5: a rolled-back ladder keeps its state, active false, and its rollback flag (4.7682ms)
✔ Run105 E5 design audit: the index row carries the FULL bounded rung list beside the top-3 (4.3497ms)
(node:12332) ExperimentalWarning: SQLite is an experimental feature and might change at any time
(Use `node --trace-warnings ...` to show where the warning was created)
✔ Run105 E5 repair: ON -> GET -> OFF -> GET lands the per-task flag, keeps rungs and reason, isolates the other task (161.6022ms)
✔ Run105 E5 repair: a legacy scope-wide body still reaches the legacy rollback unchanged (50.996ms)
✔ Run105 E5 repair: a malformed toggle body is refused instead of coerced (52.1968ms)
(node:34888) ExperimentalWarning: SQLite is an experimental feature and might change at any time
(Use `node --trace-warnings ...` to show where the warning was created)
✔ production: finalized authentic group fixtures become stored floor-filtered ladder without promotion (145.3648ms)
✔ production: repeated permuted duplicate evidence does not advance version or freshness (113.574ms)
✔ production: exact role/task isolates floors; all below-floor scope has no ladder (94.7274ms)
✔ production: removed admitted rungs survive unavailable and leave completeness denominator (119.512ms)
✔ production: rollback ON pauses rewrite; roll-forward reason/time survive later evidence (254.2706ms)
✔ production: stale evidence subsets and conflicting group ids never overwrite authoritative snapshot (157.7417ms)
✔ production: worker dispatcher refuses unauthenticated cross-worker file-path writes (7.2007ms)
✔ production: genuine EvaluationCore finalization reaches real store (501.4763ms)
✔ production: unknown evidence time stays unknown without fabricated freshness (96.8759ms)
✔ production: finalized evidence with another runtime's reference proofs is rejected (215.1146ms)
✔ production: result refers to actually stored content-addressed evidence document (134.9808ms)
✔ production: store CAS options preserve rollback and refused writes are never reported written (3.0072ms)
✔ safety resume: below-floor update retains authoritative ranks and measured effective admission (184.9773ms)
✔ safety resume: all-floor-empty recompute still applies USER removals (158.0628ms)
✔ safety resume: caller taxonomy never fabricates provenance on old or unknown evidence (169.456ms)
✔ safety resume: 65 historical admitted rungs produce explicit bounded refusal without deleting history (209.1806ms)
✔ safety resume: rejected floor evidence cannot refresh rank provenance or prior admission policy (118.993ms)
✔ safety resume: oversized evidence metadata refuses explicitly before writing rather than dropping provenance (120.5273ms)
(node:31336) ExperimentalWarning: SQLite is an experimental feature and might change at any time
(Use `node --trace-warnings ...` to show where the warning was created)
✔ run105 R1: activatePack without role/task keeps the legacy scope-wide key byte-identical (167.0453ms)
✔ run105 R1: activatePack with role+task keys per (role, task) and receipts the composite scope (151.1601ms)
✔ run105 C1/C7: both canonical schema copies gain $defs.routeLadderPack and the oneOf branch (10.5554ms)
✔ run105 R2-contract: the regenerated public module and the public JSON are byte-parity (4.9922ms)
✔ run105 R2-contract: the TS contracts declare the ladder interfaces and the union member (1.1063ms)
✔ run105 D10: legacy/scope seed mode reproduces the byte-identical frozen cohort buckets (11.0096ms)
✔ run105 D10: only role_task mode composes the composite seed; a missing component fails closed (4.2645ms)
✔ run105 D10: the cohort ladder and step machinery are untouched (frozen buckets stay frozen) (1.3577ms)
(node:34520) ExperimentalWarning: SQLite is an experimental feature and might change at any time
(Use `node --trace-warnings ...` to show where the warning was created)
✔ run105 R7/C6: a legacy store migrates in place without a SCHEMA_VERSION bump (additive marker) (212.8128ms)
✔ run105 R7: a fresh store has the ladder table and WAL from the first open (53.8776ms)
✔ run105 R8: the challenge walks top-down, one comparison per rung, bounded by the batch size (4.9516ms)
✔ run105 R8: a user-removed rung is skipped, and the new endpoint never challenges itself (3.2657ms)
✔ run105 R8: nextChallengeRung resumes the walk and reports exhaustion as null (1.1682ms)
✔ run105 R14/R8: completeness is admitted / currently-configured and derives the lifecycle state (0.7942ms)
(node:27192) ExperimentalWarning: SQLite is an experimental feature and might change at any time
(Use `node --trace-warnings ...` to show where the warning was created)
✔ run105 R10: the per-task rollback flag defaults OFF and toggles ON/OFF with the reason preserved (120.995ms)
✔ run105 R10: rolling back one task never disturbs another (92.6914ms)
(node:40212) ExperimentalWarning: SQLite is an experimental feature and might change at any time
(Use `node --trace-warnings ...` to show where the warning was created)
✔ run105 R10: the operator toggle is reversible, keeps the reason, and pauses replay while ON (91.2838ms)
✔ run105 R10: the toggle touches one task only (per-(role, task) isolation) (83.9424ms)
✔ run105 R10/D8: the toggle writes only the ladder row - no pack, no validation receipt (81.3986ms)
✔ run105 R8: mark-ladder-eligible recomputes nextEligibleAtMs without touching rungs or version (82.7077ms)
✔ run105 R8/E: list-route-ladders enumerates the scope rows E renders (72.2686ms)
✔ run105 R14: deriveLifecycleState covers the four stored states and derives active, never stores it (5.6939ms)
✔ run105 R1: the composite ladder scope key is roleId taskTypeId and rejects a NUL component (4.0644ms)
✔ run105 R7: normalizeRungs accepts the contract shape and rejects rank gaps and statuses (1.8726ms)
✔ run105 R2: applyRungRewrite applies a higher version and discards a stale lower one (1.5159ms)
(node:9072) ExperimentalWarning: SQLite is an experimental feature and might change at any time
(Use `node --trace-warnings ...` to show where the warning was created)
✔ REV-A1: a genuinely finalized group folds via members[].confidence and winnerTrialId (572.6878ms)
✔ REV-A2: the WINNING member confidence is used, never the loser's (1.7614ms)
✔ REV-A3: all-tie endpoints still rank (3.3587ms)
✔ REV-A4: head-to-head net is oriented by the CANONICAL pair, not by arm order (3.3951ms)
✔ REV-A5: h2h only breaks a PRIMARY-SCORE tie (net is evaluated within tie groups) (6.9891ms)
✔ REV-A6: duplicate group ids are counted once (1.7287ms)
✔ REV-A7: weightedCount is a confidence-WEIGHTED count, not a plain tally (2.5173ms)
✔ REV-A8: every permutation folds to the identical ladder (31.5271ms)
✔ REV-A9: the comparator is transitive and cycle-free (2.5512ms)
✔ REV-A10: the admission floor reads each endpoint's OWN member confidence (2.521ms)
✔ REV-A11: projection keeps the fail-closed exclusions on the authentic shape (0.8221ms)
✔ REV-A12: a member with NO own confidence is never admitted by borrowing the record's winner confidence (1.4759ms)
✔ REV-A13: a decisive winner missing its own member confidence cannot borrow the other member's mean (0.7401ms)
✔ REV-A14: a flat record with NO members keeps its explicit top-level confidence (1.3142ms)
✔ REV-A15: an effort entry with an unknown comparability value is excluded, not treated as clean (0.4295ms)
(node:38660) ExperimentalWarning: SQLite is an experimental feature and might change at any time
(Use `node --trace-warnings ...` to show where the warning was created)
✔ implicit adapter scope remains exact and never enumerates foreign ladders (153.1005ms)
✔ failed store enumeration keeps observed pair but never claims confirmed no_ladder (128.517ms)
✔ observed classified live task with no admitted ladder has a no_ladder row (118.5742ms)
✔ unclassified/replay excluded; one role keeps two genuinely observed tasks (180.7548ms)
✔ stored rows above 200 paginate with exact scope and current configured count (151.3754ms)
✔ runtime isolation: missing owned DB never borrows foreign DB or artifact refs (92.6613ms)
✔ census schema error is explicit unavailable, not fake no-observations (144.7683ms)
✔ unknown current endpoint authority stays null, not catalog or historical snapshot (126.5681ms)
✔ bounded page budget retains rows and explicitly reports incomplete enumeration (203.3526ms)
✔ observed union does not copy stored rollback flags to another task (171.0221ms)
(node:18324) ExperimentalWarning: SQLite is an experimental feature and might change at any time
(Use `node --trace-warnings ...` to show where the warning was created)
✔ scope mismatch refuses readRouteLadder without touching the row (86.5632ms)
✔ scope mismatch refuses routeLadderState without touching the row (60.2369ms)
✔ scope mismatch refuses readRouteLadderRollback without touching the row (60.2143ms)
✔ scope mismatch refuses setRouteLadderRollback without touching the row (63.6494ms)
✔ scope mismatch refuses landRouteLadderRollback without touching the row (52.6439ms)
✔ scope mismatch refuses markLadderEligible without touching the row (53.5467ms)
✔ same role/task cannot silently overwrite another runtime (65.0835ms)
✔ separate WAL connections discard stale expectedVersion even with a higher incoming version (73.0036ms)
✔ expectedVersion zero means absent rather than overwrite (57.8118ms)
✔ equal version conflicting evidence is refused and returns stored contents (60.3688ms)
✔ equal version identical evidence is idempotent, including canonical rung order (61.6392ms)
✔ rollback landed on another connection survives stale evidence JSON inside the write transaction (64.1401ms)
✔ evidence rewrite cannot erase roll-forward reason and timestamp, even without preservation option (59.7816ms)
✔ mark eligibility preserves evidence identity, version and rollback (70.037ms)
✔ legacy unscoped reads and toggles remain supported for existing callers (66.9986ms)
✔ capability facade fails closed for supplied runtime mismatch (64.7485ms)
(node:37144) ExperimentalWarning: SQLite is an experimental feature and might change at any time
(Use `node --trace-warnings ...` to show where the warning was created)
✔ real SQLite census reads 444 scope rows across bounded pages without duplicates or omissions (92.7569ms)
✔ cursor uses strict byte-binary role/task order and survives deletion of the cursor row (57.4134ms)
✔ hard maximum page is 200 even when the caller requests 1000 (53.9163ms)
✔ pagination keeps exact runtime filter on every continuation and empty scope reports no cursor (52.3368ms)
✔ invalid listing input fails closed: {"afterRoleId":"role:a"} (54.1367ms)
✔ invalid listing input fails closed: {"afterTaskTypeId":"task:a"} (62.8183ms)
✔ invalid listing input fails closed: {"afterRoleId":"","afterTaskTypeId":"task:a"} (53.7094ms)
✔ invalid listing input fails closed: {"afterRoleId":null,"afterTaskTypeId":"task:a"} (85.9252ms)
✔ invalid listing input fails closed: {"afterRoleId":"role:a\u0000","afterTaskTypeId":"task:a"} (51.5024ms)
✔ invalid listing input fails closed: {"afterRoleId":"xxxxxxxxxxxxxxxxxxxxxxxxxxxxxxxxxxxxxxxxxxxxxxxxxxxxxxxxxxxxxxxxxxxxxxxxxxxxxxxxxxxxxxxxxxxxxxxxxxxxxxxxxxxxxxxxxxxxxxxxxxxxxxxxxxxxxxxxxxxxxxxxxxxxxxxxxxxxxxxxxxxxxxxxxxxxxxxxxxxxxxxxxxxxxxxxxxxxxxxxxxxxxxxxxxxxxxxxxxxxxxxxxxxxxxxxxxxxxxxxxxxxxxxxxxxxxxxxx","afterTaskTypeId":"task:a"} (50.8834ms)
✔ invalid listing input fails closed: {"scopeId":""} (49.4324ms)
✔ invalid listing input fails closed: {"scopeId":null} (52.1068ms)
✔ invalid listing input fails closed: {"scopeId":12} (49.7214ms)
✔ invalid listing input fails closed: {"scopeId":"runtime:a\u0000"} (49.7962ms)
✔ invalid listing input fails closed: {"limit":0} (61.5932ms)
✔ invalid listing input fails closed: {"limit":-1} (76.9792ms)
✔ invalid listing input fails closed: {"limit":1.5} (61.2089ms)
✔ invalid listing input fails closed: {"limit":"2"} (65.8084ms)
✔ authenticated capability facade exposes continuation metadata and legacy no-scope enumeration stays bounded (198.1736ms)
(node:7804) ExperimentalWarning: SQLite is an experimental feature and might change at any time
(Use `node --trace-warnings ...` to show where the warning was created)
✔ run105 R2/R7: the ladder write/read round trips through one indexed (role, task) read (60.9487ms)
✔ run105 R1: the ladder is keyed by (role_id, task_type_id); same role or same task alone never collides (93.6153ms)
✔ run105 R2: a stale lower-version rewrite is discarded (75.3211ms)
ℹ tests 157
ℹ suites 0
ℹ pass 156
ℹ fail 1
ℹ cancelled 0
ℹ skipped 0
ℹ todo 0
ℹ duration_ms 34799.9415

✖ failing tests:

test at tests\track-b\run105-e2-host-materialization.test.mjs:400:1
✖ Run105 E2 paging regression: a real store larger than one page materializes completely (3227.9925ms)
  Error: extension evaluation-core failed: frame exceeds inline limit; use a channel-local transfer artifact
      at execute (file:///D:/DEV/role-model/.worktrees/00-direct-track-b-v1-1-implementation/packages/extension-host/index.mjs:373:18)
      at process.processTicksAndRejections (node:internal/process/task_queues:105:5) {
    [cause]: Error: frame exceeds inline limit; use a channel-local transfer artifact
        at Socket.<anonymous> (file:///D:/DEV/role-model/.worktrees/00-direct-track-b-v1-1-implementation/packages/extension-host/index.mjs:64:31)
        at Socket.emit (node:events:508:28)
        at addChunk (node:internal/streams/readable:559:12)
        at readableAddChunkPushByteMode (node:internal/streams/readable:510:3)
        at Readable.push (node:internal/streams/readable:390:5)
        at Pipe.onStreamRead (node:internal/stream_base_commons:189:23)
  }
