
[1m[46m RUN [49m[22m [36mv3.2.4 [39m[90mD:/DEV/role-model/.worktrees/47-runtime-persistence-rehydration-lifecycle/role-model-router/apps/runtime-host-bridge[39m

(node:23408) ExperimentalWarning: SQLite is an experimental feature and might change at any time
(Use `node --trace-warnings ...` to show where the warning was created)
(node:42140) ExperimentalWarning: SQLite is an experimental feature and might change at any time
(Use `node --trace-warnings ...` to show where the warning was created)
 [31mΓ¥»[39m test/session-readiness-api.test.ts [2m([22m[2m1 test[22m[2m | [22m[31m1 failed[39m[2m)[22m[33m 565[2mms[22m[39m
[31m   [31m├ù[31m session readiness API[2m > [22mexposes bootstrap, inventory, and readiness fields over HTTP[39m[33m 562[2mms[22m[39m
[31m     ΓåÆ expected undefined to be defined[39m
 [31mΓ¥»[39m test/restart-rehydration.test.ts [2m([22m[2m1 test[22m[2m | [22m[31m1 failed[39m[2m)[22m[33m 898[2mms[22m[39m
[31m   [31m├ù[31m restart rehydration[2m > [22mrestores activated endpoints and session readiness summary after backend restart[39m[33m 894[2mms[22m[39m
[31m     ΓåÆ expected undefined to be defined[39m

ΓÄ»ΓÄ»ΓÄ»ΓÄ»ΓÄ»ΓÄ»ΓÄ» Failed Tests 2 ΓÄ»ΓÄ»ΓÄ»ΓÄ»ΓÄ»ΓÄ»ΓÄ»

 FAIL  test/restart-rehydration.test.ts > restart rehydration > restores activated endpoints and session readiness summary after backend restart
AssertionError: expected undefined to be defined
 Γ¥» test/restart-rehydration.test.ts:107:27

    105|           }
    106|         ).credentialLifecycle;
    107|         expect(lifecycle).toBeDefined();
       |                           ^
    108|         expect(lifecycle?.counts.executionReady).toBe(1);
    109|         expect(lifecycle?.counts.connectedNoEndpoint).toBe(0);
[2m Test Files [22m [1m[31m2 failed[39m[22m[90m (2)[39m
[2m      Tests [22m [1m[31m2 failed[39m[22m[90m (2)[39m
[2m   Start at [22m 18:44:22
[2m   Duration [22m 4.21s[2m (transform 1.94s, setup 0ms, collect 3.89s, tests 1.46s, environment 1ms, prepare 730ms)[22m


ΓÄ»ΓÄ»ΓÄ»ΓÄ»ΓÄ»ΓÄ»ΓÄ»ΓÄ»ΓÄ»ΓÄ»ΓÄ»ΓÄ»ΓÄ»ΓÄ»ΓÄ»ΓÄ»ΓÄ»ΓÄ»ΓÄ»ΓÄ»ΓÄ»ΓÄ»ΓÄ»ΓÄ»[1/2]ΓÄ»

 FAIL  test/session-readiness-api.test.ts > session readiness API > exposes bootstrap, inventory, and readiness fields over HTTP
AssertionError: expected undefined to be defined
 Γ¥» test/session-readiness-api.test.ts:84:45
     82| 
     83|         expect(summary.readinessSummary).toBeDefined();
     84|         expect(summary.credentialLifecycle).toBeDefined();
       |                                             ^
     85|         expect(summary.credentialLifecycle?.authority.bootstrapStatus)ΓÇª
     86|           summary.sessionBootstrap.status,

ΓÄ»ΓÄ»ΓÄ»ΓÄ»ΓÄ»ΓÄ»ΓÄ»ΓÄ»ΓÄ»ΓÄ»ΓÄ»ΓÄ»ΓÄ»ΓÄ»ΓÄ»ΓÄ»ΓÄ»ΓÄ»ΓÄ»ΓÄ»ΓÄ»ΓÄ»ΓÄ»ΓÄ»[2/2]ΓÄ»

undefined
D:\DEV\role-model\.worktrees\47-runtime-persistence-rehydration-lifecycle\role-model-router\apps\runtime-host-bridge:
ΓÇëERR_PNPM_RECURSIVE_EXEC_FIRST_FAILΓÇë Command failed with exit code 1: vitest run test/session-readiness-api.test.ts test/restart-rehydration.test.ts
