
[1m[46m RUN [49m[22m [36mv3.2.4 [39m[90mD:/DEV/role-model/.worktrees/47-runtime-persistence-rehydration-lifecycle/role-model-router/apps/runtime-host-bridge[39m

(node:24412) ExperimentalWarning: SQLite is an experimental feature and might change at any time
(Use `node --trace-warnings ...` to show where the warning was created)
 [31mΓ¥»[39m test/restart-rehydration.test.ts [2m([22m[2m7 tests[22m[2m | [22m[31m2 failed[39m[2m)[22m[33m 4261[2mms[22m[39m
   [33m[2mΓ£ô[22m[39m restart rehydration[2m > [22mrestores activated endpoints and session readiness summary after backend restart [33m 622[2mms[22m[39m
   [33m[2mΓ£ô[22m[39m restart rehydration[2m > [22mdoes not count expired pending device authorization as an active readiness blocker after restart [33m 603[2mms[22m[39m
[31m   [31m├ù[31m restart rehydration[2m > [22marchives orphan pending authorizations and orphan credential files instead of counting them as active readiness[39m[33m 567[2mms[22m[39m
[31m     ΓåÆ expected 1 to be +0 // Object.is equality[39m
[31m   [31m├ù[31m restart rehydration[2m > [22marchives invalid persisted provider accounts instead of surfacing them as active lifecycle records[39m[33m 535[2mms[22m[39m
[31m     ΓåÆ expected 1 to be +0 // Object.is equality[39m
   [33m[2mΓ£ô[22m[39m restart rehydration[2m > [22msurfaces failed pending authorization polling in bootstrap stage details after restart [33m 543[2mms[22m[39m
   [33m[2mΓ£ô[22m[39m restart rehydration[2m > [22mclassifies failed startup OAuth refresh as expired auth after restart [33m 552[2mms[22m[39m
   [33m[2mΓ£ô[22m[39m restart rehydration[2m > [22mpolls the earliest-expiring pending authorizations first and surfaces deferred count [33m 835[2mms[22m[39m

ΓÄ»ΓÄ»ΓÄ»ΓÄ»ΓÄ»ΓÄ»ΓÄ» Failed Tests 2 ΓÄ»ΓÄ»ΓÄ»ΓÄ»ΓÄ»ΓÄ»ΓÄ»

 FAIL  test/restart-rehydration.test.ts > restart rehydration > archives orphan pending authorizations and orphan credential files instead of counting them as active readiness
AssertionError: expected 1 to be +0 // Object.is equality

- Expected
+ Received

- 0
+ 1

 Γ¥» test/restart-rehydration.test.ts:331:74

    329| 
    330|         const summary = await secondBackend.readRuntimeSummary();
    331|         expect(summary.readinessSummary.pendingDeviceAuthorizationCounΓÇª
       |                                                                          ^
    332|         expect(summary.credentialLifecycle.counts.pendingAuthorizationΓÇª
    333|         expect(summary.credentialLifecycle.archivedArtifacts).toEqual(
[2m Test Files [22m [1m[31m1 failed[39m[22m[90m (1)[39m
[2m      Tests [22m [1m[31m2 failed[39m[22m[2m | [22m[1m[32m5 passed[39m[22m[90m (7)[39m
[2m   Start at [22m 20:12:12
[2m   Duration [22m 6.61s[2m (transform 1.11s, setup 0ms, collect 1.56s, tests 4.26s, environment 0ms, prepare 313ms)[22m


ΓÄ»ΓÄ»ΓÄ»ΓÄ»ΓÄ»ΓÄ»ΓÄ»ΓÄ»ΓÄ»ΓÄ»ΓÄ»ΓÄ»ΓÄ»ΓÄ»ΓÄ»ΓÄ»ΓÄ»ΓÄ»ΓÄ»ΓÄ»ΓÄ»ΓÄ»ΓÄ»ΓÄ»[1/2]ΓÄ»

 FAIL  test/restart-rehydration.test.ts > restart rehydration > archives invalid persisted provider accounts instead of surfacing them as active lifecycle records
AssertionError: expected 1 to be +0 // Object.is equality

- Expected
+ Received

- 0
+ 1

 Γ¥» test/restart-rehydration.test.ts:428:38
    426| 
    427|         const summary = await secondBackend.readRuntimeSummary();
    428|         expect(summary.accountCount).toBe(0);
       |                                      ^
    429|         expect(summary.credentialLifecycle.accounts).not.toEqual(
    430|           expect.arrayContaining([

ΓÄ»ΓÄ»ΓÄ»ΓÄ»ΓÄ»ΓÄ»ΓÄ»ΓÄ»ΓÄ»ΓÄ»ΓÄ»ΓÄ»ΓÄ»ΓÄ»ΓÄ»ΓÄ»ΓÄ»ΓÄ»ΓÄ»ΓÄ»ΓÄ»ΓÄ»ΓÄ»ΓÄ»[2/2]ΓÄ»

undefined
D:\DEV\role-model\.worktrees\47-runtime-persistence-rehydration-lifecycle\role-model-router\apps\runtime-host-bridge:
ΓÇëERR_PNPM_RECURSIVE_EXEC_FIRST_FAILΓÇë Command failed with exit code 1: vitest run test/restart-rehydration.test.ts
