
[1m[46m RUN [49m[22m [36mv3.2.4 [39m[90mD:/DEV/role-model/.worktrees/47-runtime-persistence-rehydration-lifecycle/role-model-router/apps/runtime-host-bridge[39m

(node:38520) ExperimentalWarning: SQLite is an experimental feature and might change at any time
(Use `node --trace-warnings ...` to show where the warning was created)
 [31m❯[39m test/restart-rehydration.test.ts [2m([22m[2m7 tests[22m[2m | [22m[31m1 failed[39m[2m | [22m[33m6 skipped[39m[2m)[22m[33m 665[2mms[22m[39m
[31m   [31m×[31m restart rehydration[2m > [22mrestores activated endpoints and session readiness summary after backend restart[39m[33m 662[2mms[22m[39m
[31m     → expected [ { …(13) } ] to deeply equal ArrayContaining{…}[39m
   [2m[90m↓[39m[22m restart rehydration[2m > [22mdoes not count expired pending device authorization as an active readiness blocker after restart
   [2m[90m↓[39m[22m restart rehydration[2m > [22marchives orphan pending authorizations and orphan credential files instead of counting them as active readiness
   [2m[90m↓[39m[22m restart rehydration[2m > [22marchives invalid persisted provider accounts instead of surfacing them as active lifecycle records
   [2m[90m↓[39m[22m restart rehydration[2m > [22msurfaces failed pending authorization polling in bootstrap stage details after restart
   [2m[90m↓[39m[22m restart rehydration[2m > [22mclassifies failed startup OAuth refresh as expired auth after restart
   [2m[90m↓[39m[22m restart rehydration[2m > [22mpolls the earliest-expiring pending authorizations first and surfaces deferred count

⎯⎯⎯⎯⎯⎯⎯ Failed Tests 1 ⎯⎯⎯⎯⎯⎯⎯

 FAIL  test/restart-rehydration.test.ts > restart rehydration > restores activated endpoints and session readiness summary after backend restart
AssertionError: expected [ { …(13) } ] to deeply equal ArrayContaining{…}

- Expected
+ Received

- ArrayContaining [
-   ObjectContaining {
-     "availableActions": [
-       "update-api-key",
+ [
+   {
+     "activeEndpointIds": [
+       "moonshot.personal.primary.global.kimi-k2.5",
+     ],
+     "authMode": "api-key-static",
+     "availableActions": [],
+     "blocking": false,
+     "configuredModelIds": [
+       "moonshot/kimi-k2.5",
      ],
+     "credentialBackendCanonical": "env",
+     "credentialStorageMode": "env-ref",
      "lifecycleState": "execution-ready",
+     "logicalAccountId": "moonshot.personal.primary",
      "providerAccountId": "moonshot.personal.primary",
+     "providerId": "moonshot",
+     "reasonCode": "active-endpoint-present",
+     "sourceProvenance": [
+       "manual",
+     ],
    },
  ]

 ❯ test/restart-rehydration.test.ts:111:37
    109|         expect(lifecycle?.counts.executionReady).toBe(1);
    110|         expect(lifecycle?.counts.connectedNoEndpoint).toBe(0);
    111|         expect(lifecycle?.accounts).toEqual(
       |                                     ^
    112|           expect.arrayContaining([
    113|             expect.objectContaining({

⎯⎯⎯⎯⎯⎯⎯⎯⎯⎯⎯⎯⎯⎯⎯⎯⎯⎯⎯⎯⎯⎯⎯⎯[1/1]⎯


[2m Test Files [22m [1m[31m1 failed[39m[22m[90m (1)[39m
[2m      Tests [22m [1m[31m1 failed[39m[22m[2m | [22m[33m6 skipped[39m[90m (7)[39m
[2m   Start at [22m 22:25:55
[2m   Duration [22m 3.40s[2m (transform 1.24s, setup 0ms, collect 1.73s, tests 665ms, environment 0ms, prepare 294ms)[22m

undefined
 ERR_PNPM_RECURSIVE_EXEC_FIRST_FAIL  Command failed with exit code 1: vitest run test/restart-rehydration.test.ts -t restores activated endpoints and session readiness summary after backend restart
