
[1m[46m RUN [49m[22m [36mv3.2.4 [39m[90mD:/DEV/role-model/.worktrees/47-runtime-persistence-rehydration-lifecycle/role-model-router/apps/runtime-host-bridge[39m

(node:17928) ExperimentalWarning: SQLite is an experimental feature and might change at any time
(Use `node --trace-warnings ...` to show where the warning was created)
 [31mΓ¥»[39m test/restart-rehydration.test.ts [2m([22m[2m2 tests[22m[2m | [22m[31m1 failed[39m[2m | [22m[33m1 skipped[39m[2m)[22m[33m 863[2mms[22m[39m
   [2m[90mΓåô[39m[22m restart rehydration[2m > [22mrestores activated endpoints and session readiness summary after backend restart
[31m   [31m├ù[31m restart rehydration[2m > [22mdoes not count expired pending device authorization as an active readiness blocker after restart[39m[33m 861[2mms[22m[39m
[31m     ΓåÆ expected 1 to be +0 // Object.is equality[39m

ΓÄ»ΓÄ»ΓÄ»ΓÄ»ΓÄ»ΓÄ»ΓÄ» Failed Tests 1 ΓÄ»ΓÄ»ΓÄ»ΓÄ»ΓÄ»ΓÄ»ΓÄ»

 FAIL  test/restart-rehydration.test.ts > restart rehydration > does not count expired pending device authorization as an active readiness blocker after restart
AssertionError: expected 1 to be +0 // Object.is equality

- Expected
+ Received

- 0
+ 1

 Γ¥» test/restart-rehydration.test.ts:218:74
    216| 
    217|         const summary = await secondBackend.readRuntimeSummary();
    218|         expect(summary.readinessSummary.pendingDeviceAuthorizationCounΓÇª
       |                                                                          ^
    219|         expect(summary.credentialLifecycle.counts.pendingAuthorizationΓÇª
    220|         expect(summary.credentialLifecycle.archivedArtifacts).toEqual(

ΓÄ»ΓÄ»ΓÄ»ΓÄ»ΓÄ»ΓÄ»ΓÄ»ΓÄ»ΓÄ»ΓÄ»ΓÄ»ΓÄ»ΓÄ»ΓÄ»ΓÄ»ΓÄ»ΓÄ»ΓÄ»ΓÄ»ΓÄ»ΓÄ»ΓÄ»ΓÄ»ΓÄ»[1/1]ΓÄ»


[2m Test Files [22m [1m[31m1 failed[39m[22m[90m (1)[39m
[2m      Tests [22m [1m[31m1 failed[39m[22m[2m | [22m[33m1 skipped[39m[90m (2)[39m
[2m   Start at [22m 18:49:31
[2m   Duration [22m 4.28s[2m (transform 1.58s, setup 0ms, collect 2.14s, tests 863ms, environment 1ms, prepare 480ms)[22m

undefined
D:\DEV\role-model\.worktrees\47-runtime-persistence-rehydration-lifecycle\role-model-router\apps\runtime-host-bridge:
ΓÇëERR_PNPM_RECURSIVE_EXEC_FIRST_FAILΓÇë Command failed with exit code 1: vitest run test/restart-rehydration.test.ts -t does not count expired pending device authorization as an active readiness blocker after restart
