
[1m[46m RUN [49m[22m [36mv3.2.4 [39m[90mD:/DEV/role-model/.worktrees/57-role-model-taxonomy-v1-phase-1-4/packages/pi-role-model[39m

 [31m❯[39m test/taxonomy-classification.test.ts [2m([22m[2m7 tests[22m[2m | [22m[31m1 failed[39m[2m)[22m[32m 24[2mms[22m[39m
   [32m✓[39m compact taxonomy and progressive classification[2m > [22mloads a compact group-first taxonomy snapshot[32m 4[2mms[22m[39m
   [32m✓[39m compact taxonomy and progressive classification[2m > [22mclassifies Review this diff for security risks and likely regressions.[32m 1[2mms[22m[39m
[31m   [31m×[31m compact taxonomy and progressive classification[2m > [22mclassifies Implement this small bug fix and add a regression test.[39m[32m 14[2mms[22m[39m
[31m     → expected 'security' to be 'coder' // Object.is equality[39m
   [32m✓[39m compact taxonomy and progressive classification[2m > [22mclassifies Compare current public documentation for this API and cite differences.[32m 1[2mms[22m[39m
   [32m✓[39m compact taxonomy and progressive classification[2m > [22mclassifies Turn these support notes into a clear customer reply.[32m 1[2mms[22m[39m
   [32m✓[39m compact taxonomy and progressive classification[2m > [22mclassifies Inspect this schema and propose a migration plan.[32m 1[2mms[22m[39m
   [32m✓[39m compact taxonomy and progressive classification[2m > [22mclassifies Create product requirements and acceptance criteria for this workflow.[32m 1[2mms[22m[39m

⎯⎯⎯⎯⎯⎯⎯ Failed Tests 1 ⎯⎯⎯⎯⎯⎯⎯

 FAIL  test/taxonomy-classification.test.ts > compact taxonomy and progressive classification > classifies Implement this small bug fix and add a regression test.
AssertionError: expected 'security' to be 'coder' // Object.is equality

Expected: "coder"
Received: "security"

 ❯ test/taxonomy-classification.test.ts:40:55
     38|     const classification = classifyWithProgressiveDisclosure({ prompt …
     39| 
     40|     expect(classification.role_model.intent.role?.id).toBe(expectedRol…
       |                                                       ^
     41|     expect(classification.role_model.intent.task?.id).toBe(expectedTas…
     42|     expect(classification.role_model.intent.taxonomyVersion).toBe("1.0…

⎯⎯⎯⎯⎯⎯⎯⎯⎯⎯⎯⎯⎯⎯⎯⎯⎯⎯⎯⎯⎯⎯⎯⎯[1/1]⎯


[2m Test Files [22m [1m[31m1 failed[39m[22m[90m (1)[39m
[2m      Tests [22m [1m[31m1 failed[39m[22m[2m | [22m[1m[32m6 passed[39m[22m[90m (7)[39m
[2m   Start at [22m 12:19:52
[2m   Duration [22m 1.19s[2m (transform 129ms, setup 0ms, collect 149ms, tests 24ms, environment 0ms, prepare 277ms)[22m

undefined
D:\DEV\role-model\.worktrees\57-role-model-taxonomy-v1-phase-1-4\packages\pi-role-model:
 ERR_PNPM_RECURSIVE_EXEC_FIRST_FAIL  Command failed with exit code 1: vitest run test/taxonomy-classification.test.ts
