
> @role-model-router/tasks@0.0.0 test D:\DEV\role-model\.worktrees\57-role-model-taxonomy-v1-phase-1-4\role-model-router\packages\tasks
> vitest run "--" "test/default-tasks-taxonomy.test.ts"


[1m[46m RUN [49m[22m [36mv3.2.4 [39m[90mD:/DEV/role-model/.worktrees/57-role-model-taxonomy-v1-phase-1-4/role-model-router/packages/tasks[39m


⎯⎯⎯⎯⎯⎯ Failed Suites 1 ⎯⎯⎯⎯⎯⎯⎯

 FAIL  test/default-tasks-taxonomy.test.ts [ test/default-tasks-taxonomy.test.ts ]
Error: Cannot find package '@role-model-router/core' imported from 'D:/DEV/role-model/.worktrees/57-role-model-taxonomy-v1-phase-1-4/role-model-router/packages/tasks/src/index.ts'
 ❯ src/index.ts:1:1
      1| import { canonicalTaxonomy } from "@role-model-router/core";
       | ^
      2| 
      3| export const defaultTasks = canonicalTaxonomy.tasks.map((task) => task…

Caused by: Error: Failed to load url @role-model-router/core (resolved id: @role-model-router/core) in D:/DEV/role-model/.worktrees/57-role-model-taxonomy-v1-phase-1-4/role-model-router/packages/tasks/src/index.ts. Does the file exist?
 ❯ loadAndTransform ../../../node_modules/.pnpm/vite@7.3.2_@types+node@22.1_f7dc1826a0f6bcfe28ab74fd91d23836/node_modules/vite/dist/node/chunks/config.js:22663:33

⎯⎯⎯⎯⎯⎯⎯⎯⎯⎯⎯⎯⎯⎯⎯⎯⎯⎯⎯⎯⎯⎯⎯⎯[1/1]⎯


[2m Test Files [22m [1m[31m1 failed[39m[22m[90m (1)[39m
[2m      Tests [22m [2mno tests[22m
[2m   Start at [22m 12:08:02
[2m   Duration [22m 896ms[2m (transform 106ms, setup 0ms, collect 0ms, tests 0ms, environment 1ms, prepare 313ms)[22m

D:\DEV\role-model\.worktrees\57-role-model-taxonomy-v1-phase-1-4\role-model-router\packages\tasks:
 ERR_PNPM_RECURSIVE_RUN_FIRST_FAIL  @role-model-router/tasks@0.0.0 test: `vitest run "--" "test/default-tasks-taxonomy.test.ts"`
Exit status 1
