
[1m[46m RUN [49m[22m [36mv3.2.4 [39m[90mD:/DEV/role-model/.worktrees/57-role-model-taxonomy-v1-phase-1-4/role-model-router/apps/runtime-host-bridge[39m

(node:36712) ExperimentalWarning: SQLite is an experimental feature and might change at any time
(Use `node --trace-warnings ...` to show where the warning was created)
(node:49720) ExperimentalWarning: SQLite is an experimental feature and might change at any time
(Use `node --trace-warnings ...` to show where the warning was created)
(node:3112) ExperimentalWarning: SQLite is an experimental feature and might change at any time
(Use `node --trace-warnings ...` to show where the warning was created)
 [32m✓[39m test/account-repair.test.ts [2m([22m[2m4 tests[22m[2m | [22m[33m2 skipped[39m[2m)[22m[33m 975[2mms[22m[39m
   [33m[2m✓[22m[39m account repair mutations[2m > [22mupdate API key preserves account identity, bindings, and endpoint associations [33m 561[2mms[22m[39m
   [33m[2m✓[22m[39m account repair mutations[2m > [22mrejects overlapping repair mutations for the same account without partially mutating state [33m 410[2mms[22m[39m
 [32m✓[39m test/backend-unified-runtime-config.test.ts [2m([22m[2m23 tests[22m[2m | [22m[33m22 skipped[39m[2m)[22m[33m 1389[2mms[22m[39m
   [33m[2m✓[22m[39m runtime-host-bridge unified runtime backend[2m > [22mpreserves manual account authority and provenance on exact runtime-config account-id collision [33m 1386[2mms[22m[39m
 [32m✓[39m test/index.test.ts [2m([22m[2m155 tests[22m[2m | [22m[33m148 skipped[39m[2m)[22m[33m 2121[2mms[22m[39m
   [33m[2m✓[22m[39m runtime-host-bridge[2m > [22mgives controller routing enough output budget to avoid empty truncated guidance [33m 1251[2mms[22m[39m
   [33m[2m✓[22m[39m runtime-host-bridge[2m > [22mserves coherent live role and task policy over the HTTP control plane [33m 362[2mms[22m[39m
   [33m[2m✓[22m[39m runtime-host-bridge[2m > [22mpersists runtime-managed role policy and task allowlists across backend restart [33m 472[2mms[22m[39m

[2m Test Files [22m [1m[32m3 passed[39m[22m[90m (3)[39m
[2m      Tests [22m [1m[32m10 passed[39m[22m[2m | [22m[33m172 skipped[39m[90m (182)[39m
[2m   Start at [22m 21:34:29
[2m   Duration [22m 4.94s[2m (transform 1.84s, setup 0ms, collect 5.65s, tests 4.48s, environment 1ms, prepare 1.03s)[22m

