
[1m[46m RUN [49m[22m [36mv3.2.4 [39m[90mD:/DEV/role-model/.worktrees/47-runtime-persistence-rehydration-lifecycle/role-model-router/packages/sqlite-memory[39m

(node:57320) ExperimentalWarning: SQLite is an experimental feature and might change at any time
(Use `node --trace-warnings ...` to show where the warning was created)
 [31m❯[39m test/index.test.ts [2m([22m[2m23 tests[22m[2m | [22m[31m1 failed[39m[2m | [22m[33m22 skipped[39m[2m)[22m[33m 484[2mms[22m[39m
   [2m[90m↓[39m[22m initializeSqliteMemory[2m > [22mcreates the planned schema, WAL mode, and initial migration receipt under the runtime state root
   [2m[90m↓[39m[22m initializeSqliteMemory[2m > [22mpersists validated provider accounts by credential reference without storing raw secrets
   [2m[90m↓[39m[22m initializeSqliteMemory[2m > [22mupserts and lists provider accounts for runtime control-plane reads
   [2m[90m↓[39m[22m initializeSqliteMemory[2m > [22mpersists runtime-managed endpoint activations for dynamic registry materialization
   [2m[90m↓[39m[22m initializeSqliteMemory[2m > [22mpersists and reads the global controller assignment for the runtime control plane
   [2m[90m↓[39m[22m initializeSqliteMemory[2m > [22mpersists device-auth session state for runtime OAuth polling
   [2m[90m↓[39m[22m initializeSqliteMemory[2m > [22mrecords explicit maintenance defaults and idempotent migration behavior
   [2m[90m↓[39m[22m initializeSqliteMemory[2m > [22mpersists and reloads the continuity rows needed for bounded context assembly
   [2m[90m↓[39m[22m initializeSqliteMemory[2m > [22mpersists retrieval receipts for later routing diagnostics
   [2m[90m↓[39m[22m initializeSqliteMemory[2m > [22mpersists runtime observation bundles, profile snapshots, and maintenance-policy reads
   [2m[90m↓[39m[22m initializeSqliteMemory[2m > [22mstores and reads conversation-level difficulty classification cache entries
   [2m[90m↓[39m[22m initializeSqliteMemory[2m > [22mpersists and reads segmented observed samples and profiles by difficulty bucket
   [2m[90m↓[39m[22m initializeSqliteMemory[2m > [22mderives an advisory max-difficulty recommendation from bucketed observed profiles
   [2m[90m↓[39m[22m initializeSqliteMemory[2m > [22mreads the latest observed profiles for a set of endpoint ids
[31m   [31m×[31m initializeSqliteMemory[2m > [22mflattens persisted runtime observations into canonical telemetry summary, comparison, and request rows[39m[33m 480[2mms[22m[39m
[31m     → expected { requestCount: 2, …(11) } to deeply equal ObjectContaining{…}[39m
   [2m[90m↓[39m[22m initializeSqliteMemory[2m > [22mpersistRuntimeTelemetryFailure records latencyMs in telemetry summary average
   [2m[90m↓[39m[22m initializeSqliteMemory[2m > [22mexports persisted runtime state for operator drills
   [2m[90m↓[39m[22m initializeSqliteMemory[2m > [22mrestores runtime state from a backup after scoped deletion
   [2m[90m↓[39m[22m initializeSqliteMemory[2m > [22mpersists throughput penalty state and expires it after the penalty window
   [2m[90m↓[39m[22m clearAllObservedBenchmarkData[2m > [22mremoves all benchmark samples across endpoints and clears profiles
   [2m[90m↓[39m[22m persistObservedBenchmarkSample benchmark_mode[2m > [22mretains benchmark_mode on readback for quick benchmark samples
   [2m[90m↓[39m[22m clearObservedBenchmarkDataForEndpoint[2m > [22mremoves benchmark samples and clears the endpoint profile when no live samples remain
   [2m[90m↓[39m[22m runRuntimeStateValidation[2m > [22mvalidates provider accounts and initializes SQLite through the local validation path

⎯⎯⎯⎯⎯⎯⎯ Failed Tests 1 ⎯⎯⎯⎯⎯⎯⎯

 FAIL  test/index.test.ts > initializeSqliteMemory > flattens persisted runtime observations into canonical telemetry summary, comparison, and request rows
AssertionError: expected { requestCount: 2, …(11) } to deeply equal ObjectContaining{…}

- Expected
+ Received

- ObjectContaining {
+ {
    "averageLatencyMs": 1020,
    "cachedRequestCount": 1,
    "failureCount": 1,
    "lastSeenAtMs": 1781580691352,
    "p95LatencyMs": 1200,
    "requestCount": 2,
    "successCount": 1,
    "totalActualCostUsd": 0.0042,
-   "totalEffectiveCostUsd": 0.0053,
    "totalEstimatedCostUsd": 0.0053,
    "totalInputTokens": 152,
    "totalOutputTokens": 48,
    "totalTokens": 200,
  }

 ❯ test/index.test.ts:1599:7
    1597|         windowMs: 60_000,
    1598|       }),
    1599|     ).toEqual(
       |       ^
    1600|       expect.objectContaining({
    1601|         requestCount: 2,

⎯⎯⎯⎯⎯⎯⎯⎯⎯⎯⎯⎯⎯⎯⎯⎯⎯⎯⎯⎯⎯⎯⎯⎯[1/1]⎯


[2m Test Files [22m [1m[31m1 failed[39m[22m[90m (1)[39m
[2m      Tests [22m [1m[31m1 failed[39m[22m[2m | [22m[33m22 skipped[39m[90m (23)[39m
[2m   Start at [22m 05:31:28
[2m   Duration [22m 2.52s[2m (transform 789ms, setup 0ms, collect 848ms, tests 484ms, environment 0ms, prepare 581ms)[22m

