
> @role-model/docs-site@ docs:taxonomy-v1-check D:\DEV\role-model\.worktrees\57-role-model-taxonomy-v1-phase-1-4\apps\docs-site
> node ./scripts/check-taxonomy-v1-docs.mjs

content\docs\concepts\how-role-model-works.mdx contains stale taxonomy token `code.edit`
content\docs\concepts\protocol-overview.mdx contains stale taxonomy token `general.chat`
content\docs\concepts\protocol-overview.mdx contains stale taxonomy token `coder.patch`
content\docs\concepts\protocol-overview.mdx contains stale taxonomy token `code.edit`
content\docs\concepts\roles-tasks-and-capabilities.mdx contains stale taxonomy token `general.chat`
content\docs\concepts\roles-tasks-and-capabilities.mdx contains stale taxonomy token `coder.patch`
content\docs\concepts\roles-tasks-and-capabilities.mdx contains stale taxonomy token `tool.agent`
content\docs\concepts\roles-tasks-and-capabilities.mdx contains stale taxonomy token `code.edit`
content\docs\concepts\routing-overview.mdx contains stale taxonomy token `code.edit`
content\docs\core-vocabulary.mdx contains stale taxonomy token `code.edit`
content\docs\get-started\first-launch-and-connect-models.mdx contains stale taxonomy token `general.chat`
content\docs\get-started\first-launch-and-connect-models.mdx contains stale taxonomy token `coder.patch`
content\docs\get-started\first-launch-and-connect-models.mdx contains stale taxonomy token `tool.agent`
content\docs\index.mdx contains stale taxonomy token `general.chat`
content\docs\index.mdx contains stale taxonomy token `coder.patch`
content\docs\index.mdx contains stale taxonomy token `tool.agent`
content\docs\index.mdx contains stale taxonomy token `code.edit`
content\docs\protocol\capability-taxonomy.mdx contains stale taxonomy token `code.edit`
content\docs\protocol\roles-and-tasks.mdx contains stale taxonomy token `general.chat`
content\docs\protocol\roles-and-tasks.mdx contains stale taxonomy token `coder.patch`
content\docs\protocol\roles-and-tasks.mdx contains stale taxonomy token `tool.agent`
content\docs\protocol\roles-and-tasks.mdx contains stale taxonomy token `code.edit`
content\docs\router\candidate-selection-and-eligibility.mdx contains stale taxonomy token `coder.patch`
content\docs\runtime\models-and-role-activation.mdx contains stale taxonomy token `general.chat`
content\docs\runtime\models-and-role-activation.mdx contains stale taxonomy token `coder.patch`
content\docs\runtime\models-and-role-activation.mdx contains stale taxonomy token `tool.agent`
docs-site taxonomy V1 content is missing required token taxonomy V1
docs-site taxonomy V1 content is missing required token `engineering`
docs-site taxonomy V1 content is missing required token `product_design`
docs-site taxonomy V1 content is missing required token `governance_safety`
docs-site taxonomy V1 content is missing required token `coder.edit`
docs-site taxonomy V1 content is missing required token `security.audit`
docs-site taxonomy V1 content is missing required token `product.requirements`
docs-site taxonomy V1 content is missing required token `role_model.intent`
docs-site taxonomy V1 content is missing required token default to all roles
docs-site taxonomy V1 content is missing required token all/include/exclude
D:\DEV\role-model\.worktrees\57-role-model-taxonomy-v1-phase-1-4\apps\docs-site:
 ERR_PNPM_RECURSIVE_RUN_FIRST_FAIL  @role-model/docs-site@ docs:taxonomy-v1-check: `node ./scripts/check-taxonomy-v1-docs.mjs`
Exit status 1
