
[1m[46m RUN [49m[22m [36mv3.2.4 [39m[90mD:/DEV/role-model/.worktrees/57-role-model-taxonomy-v1-phase-1-4/role-model-router/packages/core[39m

 [31m❯[39m test/taxonomy-catalog.test.ts [2m([22m[2m8 tests[22m[2m | [22m[31m1 failed[39m[2m | [22m[33m7 skipped[39m[2m)[22m[32m 13[2mms[22m[39m
   [2m[90m↓[39m[22m canonical taxonomy catalog[2m > [22mdeclares approved taxonomy versions and counts
   [2m[90m↓[39m[22m canonical taxonomy catalog[2m > [22muses real manifest content hashes for canonical JSON files
   [2m[90m↓[39m[22m canonical taxonomy catalog[2m > [22mdeclares exact groups, roles, and role group membership
   [2m[90m↓[39m[22m canonical taxonomy catalog[2m > [22mgives every role at least ten native task types
   [2m[90m↓[39m[22m canonical taxonomy catalog[2m > [22mvalidates task naming, references, and classifier guidance
   [2m[90m↓[39m[22m canonical taxonomy catalog[2m > [22mreturns no structural validation diagnostics for the canonical catalog
[31m   [31m×[31m canonical taxonomy catalog[2m > [22mmatches the proposal-derived golden taxonomy fixture exactly[39m[32m 11[2mms[22m[39m
[31m     → ENOENT: no such file or directory, open 'D:\DEV\role-model\.worktrees\57-role-model-taxonomy-v1-phase-1-4\role-model-router\packages\core\testdata\taxonomy\proposal-v1-golden.json'[39m
   [2m[90m↓[39m[22m canonical taxonomy catalog[2m > [22mmatches proposal semantics for cross-role task routing examples

⎯⎯⎯⎯⎯⎯⎯ Failed Tests 1 ⎯⎯⎯⎯⎯⎯⎯

 FAIL  test/taxonomy-catalog.test.ts > canonical taxonomy catalog > matches the proposal-derived golden taxonomy fixture exactly
Error: ENOENT: no such file or directory, open 'D:\DEV\role-model\.worktrees\57-role-model-taxonomy-v1-phase-1-4\role-model-router\packages\core\testdata\taxonomy\proposal-v1-golden.json'
 ❯ test/taxonomy-catalog.test.ts:187:31
    185| 
    186|   test("matches the proposal-derived golden taxonomy fixture exactly",…
    187|     const golden = JSON.parse(readFileSync(goldenFixturePath, "utf8"));
       |                               ^
    188| 
    189|     expect({

⎯⎯⎯⎯⎯⎯⎯⎯⎯⎯⎯⎯⎯⎯⎯⎯⎯⎯⎯⎯⎯⎯⎯⎯[1/1]⎯


[2m Test Files [22m [1m[31m1 failed[39m[22m[90m (1)[39m
[2m      Tests [22m [1m[31m1 failed[39m[22m[2m | [22m[33m7 skipped[39m[90m (8)[39m
[2m   Start at [22m 20:49:44
[2m   Duration [22m 1.93s[2m (transform 296ms, setup 0ms, collect 302ms, tests 13ms, environment 0ms, prepare 720ms)[22m

undefined
D:\DEV\role-model\.worktrees\57-role-model-taxonomy-v1-phase-1-4\role-model-router\packages\core:
 ERR_PNPM_RECURSIVE_EXEC_FIRST_FAIL  Command failed with exit code 1: vitest run test/taxonomy-catalog.test.ts -t golden
