
[1m[46m RUN [49m[22m [36mv3.2.4 [39m[90mD:/DEV/role-model/.worktrees/57-role-model-taxonomy-v1-phase-1-4/packages/schema-tools[39m

 [31m❯[39m test/validate-schemas.test.ts [2m([22m[2m7 tests[22m[2m | [22m[31m1 failed[39m[2m | [22m[33m6 skipped[39m[2m)[22m[32m 26[2mms[22m[39m
   [2m[90m↓[39m[22m loadSchemas[2m > [22mrequires canonical schema source files to declare stable $id values matching their filenames
   [2m[90m↓[39m[22m loadSchemas[2m > [22mreturns the same canonical $id values declared in source
   [2m[90m↓[39m[22m loadSchemas[2m > [22mincludes role-model taxonomy schemas in the validation entrypoint
[31m   [31m×[31m loadSchemas[2m > [22mincludes routing-policy binding and constrains effective-taxonomy RBAC actions[39m[32m 24[2mms[22m[39m
[31m     → expected false to be true // Object.is equality[39m
   [2m[90m↓[39m[22m loadSchemas[2m > [22mdeclares manifest coverage for valid, invalid, minimal, and edge fixtures across in-scope families
   [2m[90m↓[39m[22m loadSchemas[2m > [22mtreats manifest expectations as authoritative for valid and invalid fixtures
   [2m[90m↓[39m[22m loadSchemas[2m > [22mvalidates the full fixture manifest through the schema-tool entrypoint

⎯⎯⎯⎯⎯⎯⎯ Failed Tests 1 ⎯⎯⎯⎯⎯⎯⎯

 FAIL  test/validate-schemas.test.ts > loadSchemas > includes routing-policy binding and constrains effective-taxonomy RBAC actions
AssertionError: expected false to be true // Object.is equality

- Expected
+ Received

- true
+ false

 ❯ test/validate-schemas.test.ts:106:7
    104|     expect(
    105|       loadedSchemaNames.has("schemas/role-model/taxonomy/routing-polic…
    106|     ).toBe(true);
       |       ^
    107| 
    108|     const effectiveSchema = loadedSchemas.find(

⎯⎯⎯⎯⎯⎯⎯⎯⎯⎯⎯⎯⎯⎯⎯⎯⎯⎯⎯⎯⎯⎯⎯⎯[1/1]⎯


[2m Test Files [22m [1m[31m1 failed[39m[22m[90m (1)[39m
[2m      Tests [22m [1m[31m1 failed[39m[22m[2m | [22m[33m6 skipped[39m[90m (7)[39m
[2m   Start at [22m 20:48:18
[2m   Duration [22m 1.53s[2m (transform 154ms, setup 0ms, collect 422ms, tests 26ms, environment 0ms, prepare 430ms)[22m

undefined
D:\DEV\role-model\.worktrees\57-role-model-taxonomy-v1-phase-1-4\packages\schema-tools:
 ERR_PNPM_RECURSIVE_EXEC_FIRST_FAIL  Command failed with exit code 1: vitest run test/validate-schemas.test.ts -t routing-policy binding
