
> @role-model-router/runtime-ui@ build D:\DEV\role-model\.worktrees\35-runtime-ui-connect-declutter\role-model-router\apps\runtime-ui
> react-router build && tsc --noEmit

vite v7.3.2 building client environment for production...
transforming...
Γ£ô 1722 modules transformed.
rendering chunks...
computing gzip size...
build/client/.vite/manifest.json                           18.02 kB Γöé gzip:  1.69 kB
build/client/assets/root-8IqfH-rW.css                      28.41 kB Γöé gzip:  5.94 kB
build/client/assets/index-D9YEhZOf.js                       0.15 kB Γöé gzip:  0.15 kB
build/client/assets/router-config-CGX7BrIJ.js               0.15 kB Γöé gzip:  0.16 kB
build/client/assets/local-matrix-Bwg2jkCQ.js                0.17 kB Γöé gzip:  0.17 kB
build/client/assets/shell-header-context-k5Z0xjQc.js        0.70 kB Γöé gzip:  0.38 kB
build/client/assets/legacy-redirect-CIoQ3YMy.js             0.80 kB Γöé gzip:  0.34 kB
build/client/assets/not-found-DKMYA0uM.js                   1.00 kB Γöé gzip:  0.54 kB
build/client/assets/routing-mode-CgPzO0mQ.js                1.13 kB Γöé gzip:  0.50 kB
build/client/assets/root-Xxf-sUmT.js                        1.71 kB Γöé gzip:  0.86 kB
build/client/assets/local-swap-BnydaCOG.js                  1.98 kB Γöé gzip:  0.91 kB
build/client/assets/requests-RQnakwu8.js                    2.11 kB Γöé gzip:  0.97 kB
build/client/assets/router-decisions-DwaQqtIc.js            2.50 kB Γöé gzip:  1.12 kB
build/client/assets/page-primitives-DQZKJiYJ.js             2.54 kB Γöé gzip:  0.93 kB
build/client/assets/control-runtime-config-BeE5yxyv.js      2.71 kB Γöé gzip:  1.32 kB
build/client/assets/dashboard-BbqFi17E.js                   2.88 kB Γöé gzip:  1.17 kB
build/client/assets/router-candidates-DR9KMZgv.js           2.90 kB Γöé gzip:  1.29 kB
build/client/assets/router-decision-detail-MzmVRNF3.js      2.93 kB Γöé gzip:  1.27 kB
build/client/assets/app-layout-C3eCtu7S.js                  3.14 kB Γöé gzip:  1.19 kB
build/client/assets/local-policy-C8BSi0rn.js                3.26 kB Γöé gzip:  1.35 kB
build/client/assets/integrations-downstream-Bhn6YQgx.js     3.56 kB Γöé gzip:  1.27 kB
build/client/assets/local-peers-0QZQgXz8.js                 3.83 kB Γöé gzip:  1.55 kB
build/client/assets/integrations-upstream-DDD10C0I.js       4.02 kB Γöé gzip:  1.52 kB
build/client/assets/local-logs-CFDqeUZz.js                  4.04 kB Γöé gzip:  1.51 kB
build/client/assets/runtime-BJG7ivPT.js                     4.31 kB Γöé gzip:  1.37 kB
build/client/assets/system-peers-ath2pv_v.js                4.34 kB Γöé gzip:  1.74 kB
build/client/assets/observe-logs-BpUe10Sd.js                4.43 kB Γöé gzip:  1.68 kB
build/client/assets/observe-activity-Dz_b3-kv.js            4.49 kB Γöé gzip:  1.55 kB
build/client/assets/control-controller-OACP-1Eg.js          4.55 kB Γöé gzip:  1.66 kB
build/client/assets/studio-rerank--HvICq1k.js               4.74 kB Γöé gzip:  1.90 kB
build/client/assets/router-ORbmXvGO.js                      5.24 kB Γöé gzip:  1.71 kB
build/client/assets/studio-images-BjyMrn66.js               5.37 kB Γöé gzip:  1.97 kB
build/client/assets/studio-advanced-C89qO67J.js             5.40 kB Γöé gzip:  2.11 kB
build/client/assets/endpoints-CluUORi9.js                   5.88 kB Γöé gzip:  1.63 kB
build/client/assets/runtime-api-IC08KMMY.js                 6.81 kB Γöé gzip:  1.73 kB
build/client/assets/studio-audio-B4RCWndA.js                6.87 kB Γöé gzip:  2.45 kB
build/client/assets/workbench-BeLHf-Lp.js                   8.01 kB Γöé gzip:  2.57 kB
build/client/assets/control-routing-strategy-CaFBNEPy.js    9.74 kB Γöé gzip:  2.82 kB
build/client/assets/local-models-GUXufRNS.js               10.44 kB Γöé gzip:  2.70 kB
build/client/assets/request-detail-DzkK3W-C.js             11.02 kB Γöé gzip:  3.59 kB
build/client/assets/control-models-CzrwJqLj.js             11.94 kB Γöé gzip:  3.49 kB
build/client/assets/control-roles-DbGwXLC_.js              12.25 kB Γöé gzip:  3.24 kB
build/client/assets/view-models-HuSMeQne.js                13.74 kB Γöé gzip:  4.63 kB
build/client/assets/providers-DWXrGQHJ.js                  16.45 kB Γöé gzip:  4.77 kB
build/client/assets/design-system-DfOAHQOg.js              45.58 kB Γöé gzip: 14.64 kB
build/client/assets/chunk-EVOBXE3Y-Nl2fzMWo.js            127.79 kB Γöé gzip: 43.05 kB
build/client/assets/entry.client-Dy6QV84X.js              190.57 kB Γöé gzip: 60.05 kB
Γ£ô built in 8.37s
vite v7.3.2 building ssr environment for production...
transforming...
Γ£ô 9 modules transformed.
rendering chunks...
build/server/.vite/manifest.json                0.23 kB
build/server/assets/server-build-C73tjgmv.css  39.34 kB
build/server/index.js                          52.52 kB

Γ£ô 1 asset cleaned from React Router server build.
build\server\assets\server-build-C73tjgmv.css

SPA Mode: Generated build\client\index.html
Removing the server build in D:\DEV\role-model\.worktrees\35-runtime-ui-connect-declutter\role-model-router\apps\runtime-ui\build\server due to ssr:false
Γ£ô built in 467ms
