Exit 1

 RUN  v3.2.4 D:/DEV/role-model/.worktrees/105-route-learning-matching-scope-activation/role-model-router/apps/runtime-host-bridge

 ❯ test/run105-review-dispatch.test.ts (13 tests | 2 failed) 435ms
   ✓ new endpoint records now and challenges future-idle ladder using the real rung source 38ms
   ✓ focus fill stays depth-first when another task becomes busier and gains a new endpoint 31ms
   ✓ terminal provider branches do not advance; finalized loss advances on next tick 33ms
   ✓ challengeBatchSize runs sequential finalized comparisons and bounds one dispatch 46ms
   ✓ finalized challenger win stops descent before ladder publication catches up 18ms
   ✓ rollback pauses and roll forward resumes the pending challenge 41ms
   ✓ stage census failure fails closed rather than replaying scope-wide 6ms
   ✓ absent finalized callback fails closed and reports required binding 3ms
   ✓ request-volume ties use most-unfilled and never dispatch other task captures 23ms
   × endpoint arrival marks partial tasks eligible without preempting an in-flight focus fill 82ms
     → expected [ { roleId: 'role', …(2) } ] to deep equally contain { roleId: 'role', …(2) }
   × concurrent queue claims never execute same task arms concurrently 56ms
     → expected undefined to be true // Object.is equality
   ✓ queue offer holds one rung and claimed worker executes the same narrowed pair 52ms
   ✓ missing challenged-rung capture never substitutes a different source pair 3ms

 Test Files  1 failed (1)
      Tests  2 failed | 11 passed (13)
   Start at  17:17:44
   Duration  5.52s (transform 2.34s, setup 0ms, collect 4.38s, tests 435ms, environment 0ms, prepare 260ms)


stderr | test/run105-review-dispatch.test.ts > new endpoint records now and challenges future-idle ladder using the real rung source
[run104-pending] captures=3 scoped=0 first=idle-a,idle-b,idle-c only=none pendingCount=n/a captureCount=n/a

stderr | test/run105-review-dispatch.test.ts > new endpoint records now and challenges future-idle ladder using the real rung source
[run104-pending] captures=3 scoped=1 first=idle-a,idle-b,idle-c only=none pendingCount=n/a captureCount=n/a

stderr | test/run105-review-dispatch.test.ts > focus fill stays depth-first when another task becomes busier and gains a new endpoint
[run104-pending] captures=2 scoped=1 first=fill-a,idle-a only=none pendingCount=n/a captureCount=n/a

stderr | test/run105-review-dispatch.test.ts > focus fill stays depth-first when another task becomes busier and gains a new endpoint
[run104-pending] captures=2 scoped=1 first=fill-a-next,idle-a only=none pendingCount=n/a captureCount=n/a

stderr | test/run105-review-dispatch.test.ts > terminal provider branches do not advance; finalized loss advances on next tick
[run104-pending] captures=3 scoped=1 first=idle-a,idle-b,idle-c only=none pendingCount=n/a captureCount=n/a

stderr | test/run105-review-dispatch.test.ts > terminal provider branches do not advance; finalized loss advances on next tick
[run104-pending] captures=3 scoped=0 first=idle-a,idle-b,idle-c only=none pendingCount=n/a captureCount=n/a

stderr | test/run105-review-dispatch.test.ts > terminal provider branches do not advance; finalized loss advances on next tick
[run104-pending] captures=3 scoped=1 first=idle-a,idle-b,idle-c only=none pendingCount=n/a captureCount=n/a

stderr | test/run105-review-dispatch.test.ts > challengeBatchSize runs sequential finalized comparisons and bounds one dispatch
[run104-pending] captures=3 scoped=1 first=idle-a,idle-b,idle-c only=none pendingCount=n/a captureCount=n/a

stderr | test/run105-review-dispatch.test.ts > challengeBatchSize runs sequential finalized comparisons and bounds one dispatch
[run104-pending] captures=3 scoped=1 first=idle-a,idle-b,idle-c only=none pendingCount=n/a captureCount=n/a

stderr | test/run105-review-dispatch.test.ts > finalized challenger win stops descent before ladder publication catches up
[run104-pending] captures=3 scoped=1 first=idle-a,idle-b,idle-c only=none pendingCount=n/a captureCount=n/a

stderr | test/run105-review-dispatch.test.ts > finalized challenger win stops descent before ladder publication catches up
[run104-pending] captures=3 scoped=0 first=idle-a,idle-b,idle-c only=none pendingCount=n/a captureCount=n/a

stderr | test/run105-review-dispatch.test.ts > rollback pauses and roll forward resumes the pending challenge
[run104-pending] captures=3 scoped=1 first=idle-a,idle-b,idle-c only=none pendingCount=n/a captureCount=n/a

stderr | test/run105-review-dispatch.test.ts > rollback pauses and roll forward resumes the pending challenge
[run104-pending] captures=3 scoped=0 first=idle-a,idle-b,idle-c only=none pendingCount=n/a captureCount=n/a

stderr | test/run105-review-dispatch.test.ts > rollback pauses and roll forward resumes the pending challenge
[run104-pending] captures=3 scoped=1 first=idle-a,idle-b,idle-c only=none pendingCount=n/a captureCount=n/a

stderr | test/run105-review-dispatch.test.ts > request-volume ties use most-unfilled and never dispatch other task captures
[run104-pending] captures=3 scoped=1 first=few-a,more-a,never-a only=none pendingCount=n/a captureCount=n/a

stderr | test/run105-review-dispatch.test.ts > endpoint arrival marks partial tasks eligible without preempting an in-flight focus fill
[run104-pending] captures=2 scoped=1 first=fill-a,idle-a only=none pendingCount=n/a captureCount=n/a

stderr | test/run105-review-dispatch.test.ts > endpoint arrival marks partial tasks eligible without preempting an in-flight focus fill
[run104-pending] captures=2 scoped=1 first=fill-a-next,idle-a only=none pendingCount=n/a captureCount=n/a

stderr | test/run105-review-dispatch.test.ts > concurrent queue claims never execute same task arms concurrently
[run104-pending] captures=3 scoped=1 first=idle-a,idle-b,idle-c only=idle-a pendingCount=n/a captureCount=n/a

stderr | test/run105-review-dispatch.test.ts > concurrent queue claims never execute same task arms concurrently
[run104-pending] captures=3 scoped=0 first=idle-a,idle-b,idle-c only=idle-a pendingCount=n/a captureCount=n/a

stderr | test/run105-review-dispatch.test.ts > queue offer holds one rung and claimed worker executes the same narrowed pair
[run104-pending] captures=3 scoped=1 first=idle-a,idle-b,idle-c only=none pendingCount=n/a captureCount=n/a

stderr | test/run105-review-dispatch.test.ts > queue offer holds one rung and claimed worker executes the same narrowed pair
[run104-pending] captures=3 scoped=0 first=idle-a,idle-b,idle-c only=none pendingCount=n/a captureCount=n/a

stderr | test/run105-review-dispatch.test.ts > queue offer holds one rung and claimed worker executes the same narrowed pair
[run104-pending] captures=3 scoped=1 first=idle-a,idle-b,idle-c only=idle-a pendingCount=n/a captureCount=n/a


⎯⎯⎯⎯⎯⎯⎯ Failed Tests 2 ⎯⎯⎯⎯⎯⎯⎯

 FAIL  test/run105-review-dispatch.test.ts > endpoint arrival marks partial tasks eligible without preempting an in-flight focus fill
AssertionError: expected [ { roleId: 'role', …(2) } ] to deep equally contain { roleId: 'role', …(2) }

- Expected: 
{
  "nextEligibleAtMs": 1000,
  "roleId": "role",
  "taskTypeId": "fill",
}

+ Received: 
[
  {
    "nextEligibleAtMs": 1000,
    "roleId": "role",
    "taskTypeId": "idle",
  },
]

 ❯ test/run105-review-dispatch.test.ts:132:20
    130|   h.pending([capture("fill", "a", "-next"), capture("idle", "a")]); aw…
    131|   expect(h.calls.map(x => x.captureRef)).toEqual(["fill-a", "fill-a-ne…
    132|   expect(h.marked).toContainEqual({ roleId: "role", taskTypeId: "fill"…
       |                    ^
    133| });
    134| test("concurrent queue claims never execute same task arms concurrentl…

⎯⎯⎯⎯⎯⎯⎯⎯⎯⎯⎯⎯⎯⎯⎯⎯⎯⎯⎯⎯⎯⎯⎯⎯[1/2]⎯

 FAIL  test/run105-review-dispatch.test.ts > concurrent queue claims never execute same task arms concurrently
AssertionError: expected undefined to be true // Object.is equality

- Expected: 
true

+ Received: 
undefined

 ❯ test/run105-review-dispatch.test.ts:143:65
    141|   const second = h.loop.dispatchCapture("idle-a");
    142|   release(); const [, secondResult] = await Promise.all([first, second…
    143|   expect(h.calls).toHaveLength(1); expect(secondResult.skipped).toBe(t…
       |                                                                 ^
    144| });
    145| test("queue offer holds one rung and claimed worker executes the same …

⎯⎯⎯⎯⎯⎯⎯⎯⎯⎯⎯⎯⎯⎯⎯⎯⎯⎯⎯⎯⎯⎯⎯⎯[2/2]⎯

