Baseline a3ca6663
Exit 1

 RUN  v3.2.4 D:/DEV/role-model/.worktrees/105-route-learning-matching-scope-activation/role-model-router/apps/runtime-host-bridge

 ❯ test/run105-review-dispatch.test.ts (42 tests | 2 failed) 658ms
   ✓ new endpoint records now and challenges future-idle ladder using the real rung source 40ms
   ✓ focus fill stays depth-first when another task becomes busier and gains a new endpoint 25ms
   ✓ terminal provider branches do not advance; finalized loss advances on next tick 28ms
   ✓ challengeBatchSize runs sequential finalized comparisons and bounds one dispatch 37ms
   ✓ finalized challenger win stops descent before ladder publication catches up 15ms
   ✓ rollback pauses and roll forward resumes the pending challenge 29ms
   ✓ stage census failure fails closed rather than replaying scope-wide 2ms
   ✓ absent finalized callback fails closed and reports required binding 1ms
   ✓ request-volume ties use most-unfilled and never dispatch other task captures 11ms
   ✓ endpoint arrival marks partial tasks eligible without preempting an in-flight focus fill 26ms
   ✓ concurrent queue claims never execute same task arms concurrently 15ms
   ✓ queue offer holds one rung and claimed worker executes the same narrowed pair 21ms
   ✓ finalization failure still settles the actual disposition write before tick returns 11ms
   ✓ expired complete ladder refreshes one pair and records a new window only after finalized comparison 20ms
   ✓ removed endpoint stale completeness never fabricates an endpoint arrival challenge 10ms
   ✓ multiple and later endpoint arrivals each start at the top after prior admission readback 26ms
   ✓ queue refusal clears pending rung for a genuine next-cycle offer retry 14ms
   ✓ unavailable challenged rung is skipped without waiting for its absent finalized verdict 25ms
   ✓ restart rebuilds top-down cursor from distinct durable finalized groups even when old capture is absent 11ms
   ✓ placed below-floor challenger replenishes distinct captures until K groups then waits genuine publication 53ms
   ✓ unavailable durable enumeration fails closed and never treats null as empty evidence 2ms
   ✓ historical replayable source seam retains exact task classification and actual source receipt 11ms
   ✓ restart preserves recorded challenge cutoff rather than rewriting now and hiding durable groups 24ms
   ✓ stale exact-pair finalized signal never advances a newly started challenge 13ms
   ✓ executor failure before any branches resets pending for a genuine bounded retry 22ms
   ✓ losing challenger's low own confidence cannot borrow high winning judge confidence for K floor 12ms
   ✓ restart recovers finalized complete refresh from durable group without redispatching absent old source 2ms
   ✓ restart queued durable pair is not offered again and claimed worker resumes exact source pair 13ms
   ✓ restart running or awaiting-evaluation durable pair never starts duplicate provider work 4ms
   ✓ restart awaiting-evaluation complete refresh waits real finalization then resets window 3ms
   ✓ real pre-replay queue identity recovers without inventing a replay job id 13ms
   ✓ same immutable historical capsule and pair create fresh bounded replay jobs for distinct finalized rounds 26ms
   ✓ explicit dispatch round id is stable on retries and changes only a completed round context 1ms
   ✓ repeat round cannot consume same old group again while new evaluation remains pending 31ms
   ✓ repeated capsule exact-finalization lookup excludes stable distinct previously consumed group ids 9ms
   ✓ claimed queue round resumes only its matching actual durable pair round 10ms
   ✓ foreign claimed round cannot relabel matching capsule or task to new provider work 2ms
   ✓ actual queue processing claim executes own persisted round while real replay running remains blocked 11ms
   × high-demand task with no replayable request is skipped so lower-demand task fills in same tick 16ms
     → expected [] to deeply equal [ 'quiet-a' ]
   × missing high-demand challenged-rung source skips task rather than starving lower eligible task 4ms
     → expected [] to deeply equal [ { captureRef: 'quiet-a', …(2) } ]
   ✓ unknown historical corpus availability fails closed and is not treated as a skippable empty task 2ms
   ✓ missing challenged-rung capture never substitutes a different source pair 1ms

 Test Files  1 failed (1)
      Tests  2 failed | 40 passed (42)
   Start at  20:15:02
   Duration  4.78s (transform 1.93s, setup 0ms, collect 3.57s, tests 658ms, environment 1ms, prepare 199ms)


stderr | test/run105-review-dispatch.test.ts > new endpoint records now and challenges future-idle ladder using the real rung source
[run104-pending] captures=3 scoped=0 first=idle-a,idle-b,idle-c only=none pendingCount=n/a captureCount=n/a

stderr | test/run105-review-dispatch.test.ts > new endpoint records now and challenges future-idle ladder using the real rung source
[run104-pending] captures=3 scoped=1 first=idle-a,idle-b,idle-c only=none pendingCount=n/a captureCount=n/a

stderr | test/run105-review-dispatch.test.ts > focus fill stays depth-first when another task becomes busier and gains a new endpoint
[run104-pending] captures=2 scoped=1 first=fill-a,idle-a only=none pendingCount=n/a captureCount=n/a

stderr | test/run105-review-dispatch.test.ts > focus fill stays depth-first when another task becomes busier and gains a new endpoint
[run104-pending] captures=2 scoped=1 first=fill-a-next,idle-a only=none pendingCount=n/a captureCount=n/a

stderr | test/run105-review-dispatch.test.ts > terminal provider branches do not advance; finalized loss advances on next tick
[run104-pending] captures=3 scoped=1 first=idle-a,idle-b,idle-c only=none pendingCount=n/a captureCount=n/a

stderr | test/run105-review-dispatch.test.ts > terminal provider branches do not advance; finalized loss advances on next tick
[run104-pending] captures=3 scoped=0 first=idle-a,idle-b,idle-c only=none pendingCount=n/a captureCount=n/a

stderr | test/run105-review-dispatch.test.ts > terminal provider branches do not advance; finalized loss advances on next tick
[run104-pending] captures=3 scoped=1 first=idle-a,idle-b,idle-c only=none pendingCount=n/a captureCount=n/a

stderr | test/run105-review-dispatch.test.ts > challengeBatchSize runs sequential finalized comparisons and bounds one dispatch
[run104-pending] captures=3 scoped=1 first=idle-a,idle-b,idle-c only=none pendingCount=n/a captureCount=n/a

stderr | test/run105-review-dispatch.test.ts > challengeBatchSize runs sequential finalized comparisons and bounds one dispatch
[run104-pending] captures=3 scoped=1 first=idle-a,idle-b,idle-c only=none pendingCount=n/a captureCount=n/a

stderr | test/run105-review-dispatch.test.ts > finalized challenger win stops descent before ladder publication catches up
[run104-pending] captures=3 scoped=1 first=idle-a,idle-b,idle-c only=none pendingCount=n/a captureCount=n/a

stderr | test/run105-review-dispatch.test.ts > finalized challenger win stops descent before ladder publication catches up
[run104-pending] captures=3 scoped=0 first=idle-a,idle-b,idle-c only=none pendingCount=n/a captureCount=n/a

stderr | test/run105-review-dispatch.test.ts > rollback pauses and roll forward resumes the pending challenge
[run104-pending] captures=3 scoped=1 first=idle-a,idle-b,idle-c only=none pendingCount=n/a captureCount=n/a

stderr | test/run105-review-dispatch.test.ts > rollback pauses and roll forward resumes the pending challenge
[run104-pending] captures=3 scoped=0 first=idle-a,idle-b,idle-c only=none pendingCount=n/a captureCount=n/a

stderr | test/run105-review-dispatch.test.ts > rollback pauses and roll forward resumes the pending challenge
[run104-pending] captures=3 scoped=1 first=idle-a,idle-b,idle-c only=none pendingCount=n/a captureCount=n/a

stderr | test/run105-review-dispatch.test.ts > request-volume ties use most-unfilled and never dispatch other task captures
[run104-pending] captures=3 scoped=1 first=few-a,more-a,never-a only=none pendingCount=n/a captureCount=n/a

stderr | test/run105-review-dispatch.test.ts > endpoint arrival marks partial tasks eligible without preempting an in-flight focus fill
[run104-pending] captures=2 scoped=1 first=fill-a,idle-a only=none pendingCount=n/a captureCount=n/a

stderr | test/run105-review-dispatch.test.ts > endpoint arrival marks partial tasks eligible without preempting an in-flight focus fill
[run104-pending] captures=2 scoped=1 first=fill-a-next,idle-a only=none pendingCount=n/a captureCount=n/a

stderr | test/run105-review-dispatch.test.ts > concurrent queue claims never execute same task arms concurrently
[run104-pending] captures=3 scoped=1 first=idle-a,idle-b,idle-c only=idle-a pendingCount=n/a captureCount=n/a

stderr | test/run105-review-dispatch.test.ts > queue offer holds one rung and claimed worker executes the same narrowed pair
[run104-pending] captures=3 scoped=1 first=idle-a,idle-b,idle-c only=none pendingCount=n/a captureCount=n/a

stderr | test/run105-review-dispatch.test.ts > queue offer holds one rung and claimed worker executes the same narrowed pair
[run104-pending] captures=3 scoped=0 first=idle-a,idle-b,idle-c only=none pendingCount=n/a captureCount=n/a

stderr | test/run105-review-dispatch.test.ts > queue offer holds one rung and claimed worker executes the same narrowed pair
[run104-pending] captures=3 scoped=1 first=idle-a,idle-b,idle-c only=idle-a pendingCount=n/a captureCount=n/a

stderr | test/run105-review-dispatch.test.ts > finalization failure still settles the actual disposition write before tick returns
[run104-pending] captures=3 scoped=1 first=idle-a,idle-b,idle-c only=none pendingCount=n/a captureCount=n/a

stderr | test/run105-review-dispatch.test.ts > expired complete ladder refreshes one pair and records a new window only after finalized comparison
[run104-pending] captures=3 scoped=1 first=idle-a,idle-b,idle-c only=none pendingCount=n/a captureCount=n/a

stderr | test/run105-review-dispatch.test.ts > expired complete ladder refreshes one pair and records a new window only after finalized comparison
[run104-pending] captures=3 scoped=0 first=idle-a,idle-b,idle-c only=none pendingCount=n/a captureCount=n/a

stderr | test/run105-review-dispatch.test.ts > expired complete ladder refreshes one pair and records a new window only after finalized comparison
[run104-pending] captures=3 scoped=0 first=idle-a,idle-b,idle-c only=none pendingCount=n/a captureCount=n/a

stderr | test/run105-review-dispatch.test.ts > expired complete ladder refreshes one pair and records a new window only after finalized comparison
[run104-pending] captures=3 scoped=0 first=idle-a,idle-b,idle-c only=none pendingCount=n/a captureCount=n/a

stderr | test/run105-review-dispatch.test.ts > removed endpoint stale completeness never fabricates an endpoint arrival challenge
[run104-pending] captures=3 scoped=1 first=idle-a,idle-b,idle-c only=none pendingCount=n/a captureCount=n/a

stderr | test/run105-review-dispatch.test.ts > multiple and later endpoint arrivals each start at the top after prior admission readback
[run104-pending] captures=3 scoped=1 first=idle-a,idle-b,idle-c only=none pendingCount=n/a captureCount=n/a

stderr | test/run105-review-dispatch.test.ts > multiple and later endpoint arrivals each start at the top after prior admission readback
[run104-pending] captures=1 scoped=1 first=idle-new-later only=none pendingCount=n/a captureCount=n/a

stderr | test/run105-review-dispatch.test.ts > queue refusal clears pending rung for a genuine next-cycle offer retry
[run104-pending] captures=3 scoped=1 first=idle-a,idle-b,idle-c only=none pendingCount=n/a captureCount=n/a

stderr | test/run105-review-dispatch.test.ts > queue refusal clears pending rung for a genuine next-cycle offer retry
[run104-pending] captures=3 scoped=1 first=idle-a,idle-b,idle-c only=none pendingCount=n/a captureCount=n/a

stderr | test/run105-review-dispatch.test.ts > unavailable challenged rung is skipped without waiting for its absent finalized verdict
[run104-pending] captures=3 scoped=1 first=idle-a,idle-b,idle-c only=none pendingCount=n/a captureCount=n/a

stderr | test/run105-review-dispatch.test.ts > unavailable challenged rung is skipped without waiting for its absent finalized verdict
[run104-pending] captures=3 scoped=1 first=idle-a,idle-b,idle-c only=none pendingCount=n/a captureCount=n/a

stderr | test/run105-review-dispatch.test.ts > restart rebuilds top-down cursor from distinct durable finalized groups even when old capture is absent
[run104-pending] captures=1 scoped=1 first=idle-b-fresh only=none pendingCount=n/a captureCount=n/a

stderr | test/run105-review-dispatch.test.ts > placed below-floor challenger replenishes distinct captures until K groups then waits genuine publication
[run104-pending] captures=2 scoped=1 first=idle-a-second,idle-a-third only=none pendingCount=n/a captureCount=n/a

stderr | test/run105-review-dispatch.test.ts > placed below-floor challenger replenishes distinct captures until K groups then waits genuine publication
[run104-pending] captures=2 scoped=1 first=idle-a-second,idle-a-third only=none pendingCount=n/a captureCount=n/a

stderr | test/run105-review-dispatch.test.ts > placed below-floor challenger replenishes distinct captures until K groups then waits genuine publication
[run104-pending] captures=2 scoped=0 first=idle-a-second,idle-a-third only=none pendingCount=n/a captureCount=n/a

stderr | test/run105-review-dispatch.test.ts > historical replayable source seam retains exact task classification and actual source receipt
[run104-pending] captures=1 scoped=1 first=idle-a-history only=none pendingCount=n/a captureCount=n/a

stderr | test/run105-review-dispatch.test.ts > restart preserves recorded challenge cutoff rather than rewriting now and hiding durable groups
[run104-pending] captures=3 scoped=1 first=idle-a,idle-b,idle-c only=none pendingCount=n/a captureCount=n/a

stderr | test/run105-review-dispatch.test.ts > stale exact-pair finalized signal never advances a newly started challenge
[run104-pending] captures=3 scoped=1 first=idle-a,idle-b,idle-c only=none pendingCount=n/a captureCount=n/a

stderr | test/run105-review-dispatch.test.ts > executor failure before any branches resets pending for a genuine bounded retry
[run104-pending] captures=3 scoped=1 first=idle-a,idle-b,idle-c only=none pendingCount=n/a captureCount=n/a

stderr | test/run105-review-dispatch.test.ts > executor failure before any branches resets pending for a genuine bounded retry
[run104-pending] captures=3 scoped=1 first=idle-a,idle-b,idle-c only=none pendingCount=n/a captureCount=n/a

stderr | test/run105-review-dispatch.test.ts > losing challenger's low own confidence cannot borrow high winning judge confidence for K floor
[run104-pending] captures=1 scoped=1 first=idle-c-replenish only=none pendingCount=n/a captureCount=n/a

stderr | test/run105-review-dispatch.test.ts > restart recovers finalized complete refresh from durable group without redispatching absent old source
[run104-pending] captures=0 scoped=0 first= only=none pendingCount=n/a captureCount=n/a

stderr | test/run105-review-dispatch.test.ts > restart queued durable pair is not offered again and claimed worker resumes exact source pair
[run104-pending] captures=3 scoped=0 first=idle-a,idle-b,idle-c only=none pendingCount=n/a captureCount=n/a

stderr | test/run105-review-dispatch.test.ts > restart queued durable pair is not offered again and claimed worker resumes exact source pair
[run104-pending] captures=3 scoped=1 first=idle-a,idle-b,idle-c only=idle-a pendingCount=n/a captureCount=n/a

stderr | test/run105-review-dispatch.test.ts > restart running or awaiting-evaluation durable pair never starts duplicate provider work
[run104-pending] captures=3 scoped=0 first=idle-a,idle-b,idle-c only=none pendingCount=n/a captureCount=n/a

stderr | test/run105-review-dispatch.test.ts > restart running or awaiting-evaluation durable pair never starts duplicate provider work
[run104-pending] captures=3 scoped=0 first=idle-a,idle-b,idle-c only=idle-a pendingCount=n/a captureCount=n/a

stderr | test/run105-review-dispatch.test.ts > restart running or awaiting-evaluation durable pair never starts duplicate provider work
[run104-pending] captures=3 scoped=0 first=idle-a,idle-b,idle-c only=none pendingCount=n/a captureCount=n/a

stderr | test/run105-review-dispatch.test.ts > restart running or awaiting-evaluation durable pair never starts duplicate provider work
[run104-pending] captures=3 scoped=0 first=idle-a,idle-b,idle-c only=idle-a pendingCount=n/a captureCount=n/a

stderr | test/run105-review-dispatch.test.ts > restart awaiting-evaluation complete refresh waits real finalization then resets window
[run104-pending] captures=0 scoped=0 first= only=none pendingCount=n/a captureCount=n/a

stderr | test/run105-review-dispatch.test.ts > restart awaiting-evaluation complete refresh waits real finalization then resets window
[run104-pending] captures=0 scoped=0 first= only=none pendingCount=n/a captureCount=n/a

stderr | test/run105-review-dispatch.test.ts > real pre-replay queue identity recovers without inventing a replay job id
[run104-pending] captures=3 scoped=0 first=idle-a,idle-b,idle-c only=none pendingCount=n/a captureCount=n/a

stderr | test/run105-review-dispatch.test.ts > real pre-replay queue identity recovers without inventing a replay job id
[run104-pending] captures=3 scoped=1 first=idle-a,idle-b,idle-c only=idle-a pendingCount=n/a captureCount=n/a

stderr | test/run105-review-dispatch.test.ts > same immutable historical capsule and pair create fresh bounded replay jobs for distinct finalized rounds
[run104-pending] captures=1 scoped=1 first=idle-a only=none pendingCount=n/a captureCount=n/a

stderr | test/run105-review-dispatch.test.ts > same immutable historical capsule and pair create fresh bounded replay jobs for distinct finalized rounds
[run104-pending] captures=1 scoped=1 first=idle-a only=none pendingCount=n/a captureCount=n/a

stderr | test/run105-review-dispatch.test.ts > same immutable historical capsule and pair create fresh bounded replay jobs for distinct finalized rounds
[run104-pending] captures=1 scoped=0 first=idle-a only=none pendingCount=n/a captureCount=n/a

stderr | test/run105-review-dispatch.test.ts > repeat round cannot consume same old group again while new evaluation remains pending
[run104-pending] captures=1 scoped=1 first=idle-a only=none pendingCount=n/a captureCount=n/a

stderr | test/run105-review-dispatch.test.ts > repeat round cannot consume same old group again while new evaluation remains pending
[run104-pending] captures=1 scoped=1 first=idle-a only=none pendingCount=n/a captureCount=n/a

stderr | test/run105-review-dispatch.test.ts > repeat round cannot consume same old group again while new evaluation remains pending
[run104-pending] captures=1 scoped=1 first=idle-a only=none pendingCount=n/a captureCount=n/a

stderr | test/run105-review-dispatch.test.ts > repeat round cannot consume same old group again while new evaluation remains pending
[run104-pending] captures=1 scoped=1 first=idle-a only=none pendingCount=n/a captureCount=n/a

stderr | test/run105-review-dispatch.test.ts > repeated capsule exact-finalization lookup excludes stable distinct previously consumed group ids
[run104-pending] captures=1 scoped=1 first=idle-a only=none pendingCount=n/a captureCount=n/a

stderr | test/run105-review-dispatch.test.ts > claimed queue round resumes only its matching actual durable pair round
[run104-pending] captures=3 scoped=1 first=idle-a,idle-b,idle-c only=idle-a pendingCount=n/a captureCount=n/a

stderr | test/run105-review-dispatch.test.ts > actual queue processing claim executes own persisted round while real replay running remains blocked
[run104-pending] captures=3 scoped=1 first=idle-a,idle-b,idle-c only=idle-a pendingCount=n/a captureCount=n/a


⎯⎯⎯⎯⎯⎯⎯ Failed Tests 2 ⎯⎯⎯⎯⎯⎯⎯

 FAIL  test/run105-review-dispatch.test.ts > high-demand task with no replayable request is skipped so lower-demand task fills in same tick
AssertionError: expected [] to deeply equal [ 'quiet-a' ]

- Expected
+ Received

- [
-   "quiet-a",
- ]
+ []

 ❯ test/run105-review-dispatch.test.ts:426:48
    424|   h.census([task("busy", 100, 1, 3), task("quiet", 5, 1, 3)]); h.pendi…
    425|   await h.loop.tick();
    426|   expect(h.calls.map(item => item.captureRef)).toEqual(["quiet-a"]);
       |                                                ^
    427|   expect(h.loop.health().focusTaskKey).toBe("role\u0000quiet");
    428|   h.pending([capture("quiet", "a", "-next")]); await h.loop.tick();

⎯⎯⎯⎯⎯⎯⎯⎯⎯⎯⎯⎯⎯⎯⎯⎯⎯⎯⎯⎯⎯⎯⎯⎯[1/2]⎯

 FAIL  test/run105-review-dispatch.test.ts > missing high-demand challenged-rung source skips task rather than starving lower eligible task
AssertionError: expected [] to deeply equal [ { captureRef: 'quiet-a', …(2) } ]

- Expected
+ Received

- [
-   {
-     "candidates": [
-       "b",
-     ],
-     "captureRef": "quiet-a",
-     "source": "a",
-   },
- ]
+ []

 ❯ test/run105-review-dispatch.test.ts:437:19
    435|   h.census([task("busy", 100, 3, 4), task("quiet", 5, 1, 4)]);
    436|   h.pending([capture("busy", "b"), capture("quiet", "a")]); await h.lo…
    437|   expect(h.calls).toEqual([{ captureRef: "quiet-a", source: "a", candi…
       |                   ^
    438|   expect(h.loop.health().focusTaskKey).toBe("role\u0000quiet");
    439| });

⎯⎯⎯⎯⎯⎯⎯⎯⎯⎯⎯⎯⎯⎯⎯⎯⎯⎯⎯⎯⎯⎯⎯⎯[2/2]⎯

