Exit 0

 RUN  v3.2.4 D:/DEV/role-model/.worktrees/105-route-learning-matching-scope-activation/role-model-router/apps/runtime-host-bridge

 ✓ test/run105-review-dispatch.test.ts (35 tests) 465ms

 Test Files  1 passed (1)
      Tests  35 passed (35)
   Start at  19:14:29
   Duration  4.02s (transform 1.65s, setup 0ms, collect 3.04s, tests 465ms, environment 0ms, prepare 190ms)


stderr | test/run105-review-dispatch.test.ts > new endpoint records now and challenges future-idle ladder using the real rung source
[run104-pending] captures=3 scoped=0 first=idle-a,idle-b,idle-c only=none pendingCount=n/a captureCount=n/a

stderr | test/run105-review-dispatch.test.ts > new endpoint records now and challenges future-idle ladder using the real rung source
[run104-pending] captures=3 scoped=1 first=idle-a,idle-b,idle-c only=none pendingCount=n/a captureCount=n/a

stderr | test/run105-review-dispatch.test.ts > focus fill stays depth-first when another task becomes busier and gains a new endpoint
[run104-pending] captures=2 scoped=1 first=fill-a,idle-a only=none pendingCount=n/a captureCount=n/a

stderr | test/run105-review-dispatch.test.ts > focus fill stays depth-first when another task becomes busier and gains a new endpoint
[run104-pending] captures=2 scoped=1 first=fill-a-next,idle-a only=none pendingCount=n/a captureCount=n/a

stderr | test/run105-review-dispatch.test.ts > terminal provider branches do not advance; finalized loss advances on next tick
[run104-pending] captures=3 scoped=1 first=idle-a,idle-b,idle-c only=none pendingCount=n/a captureCount=n/a

stderr | test/run105-review-dispatch.test.ts > terminal provider branches do not advance; finalized loss advances on next tick
[run104-pending] captures=3 scoped=0 first=idle-a,idle-b,idle-c only=none pendingCount=n/a captureCount=n/a

stderr | test/run105-review-dispatch.test.ts > terminal provider branches do not advance; finalized loss advances on next tick
[run104-pending] captures=3 scoped=1 first=idle-a,idle-b,idle-c only=none pendingCount=n/a captureCount=n/a

stderr | test/run105-review-dispatch.test.ts > challengeBatchSize runs sequential finalized comparisons and bounds one dispatch
[run104-pending] captures=3 scoped=1 first=idle-a,idle-b,idle-c only=none pendingCount=n/a captureCount=n/a

stderr | test/run105-review-dispatch.test.ts > challengeBatchSize runs sequential finalized comparisons and bounds one dispatch
[run104-pending] captures=3 scoped=1 first=idle-a,idle-b,idle-c only=none pendingCount=n/a captureCount=n/a

stderr | test/run105-review-dispatch.test.ts > finalized challenger win stops descent before ladder publication catches up
[run104-pending] captures=3 scoped=1 first=idle-a,idle-b,idle-c only=none pendingCount=n/a captureCount=n/a

stderr | test/run105-review-dispatch.test.ts > finalized challenger win stops descent before ladder publication catches up
[run104-pending] captures=3 scoped=0 first=idle-a,idle-b,idle-c only=none pendingCount=n/a captureCount=n/a

stderr | test/run105-review-dispatch.test.ts > rollback pauses and roll forward resumes the pending challenge
[run104-pending] captures=3 scoped=1 first=idle-a,idle-b,idle-c only=none pendingCount=n/a captureCount=n/a

stderr | test/run105-review-dispatch.test.ts > rollback pauses and roll forward resumes the pending challenge
[run104-pending] captures=3 scoped=0 first=idle-a,idle-b,idle-c only=none pendingCount=n/a captureCount=n/a

stderr | test/run105-review-dispatch.test.ts > rollback pauses and roll forward resumes the pending challenge
[run104-pending] captures=3 scoped=1 first=idle-a,idle-b,idle-c only=none pendingCount=n/a captureCount=n/a

stderr | test/run105-review-dispatch.test.ts > request-volume ties use most-unfilled and never dispatch other task captures
[run104-pending] captures=3 scoped=1 first=few-a,more-a,never-a only=none pendingCount=n/a captureCount=n/a

stderr | test/run105-review-dispatch.test.ts > endpoint arrival marks partial tasks eligible without preempting an in-flight focus fill
[run104-pending] captures=2 scoped=1 first=fill-a,idle-a only=none pendingCount=n/a captureCount=n/a

stderr | test/run105-review-dispatch.test.ts > endpoint arrival marks partial tasks eligible without preempting an in-flight focus fill
[run104-pending] captures=2 scoped=1 first=fill-a-next,idle-a only=none pendingCount=n/a captureCount=n/a

stderr | test/run105-review-dispatch.test.ts > concurrent queue claims never execute same task arms concurrently
[run104-pending] captures=3 scoped=1 first=idle-a,idle-b,idle-c only=idle-a pendingCount=n/a captureCount=n/a

stderr | test/run105-review-dispatch.test.ts > queue offer holds one rung and claimed worker executes the same narrowed pair
[run104-pending] captures=3 scoped=1 first=idle-a,idle-b,idle-c only=none pendingCount=n/a captureCount=n/a

stderr | test/run105-review-dispatch.test.ts > queue offer holds one rung and claimed worker executes the same narrowed pair
[run104-pending] captures=3 scoped=0 first=idle-a,idle-b,idle-c only=none pendingCount=n/a captureCount=n/a

stderr | test/run105-review-dispatch.test.ts > queue offer holds one rung and claimed worker executes the same narrowed pair
[run104-pending] captures=3 scoped=1 first=idle-a,idle-b,idle-c only=idle-a pendingCount=n/a captureCount=n/a

stderr | test/run105-review-dispatch.test.ts > finalization failure still settles the actual disposition write before tick returns
[run104-pending] captures=3 scoped=1 first=idle-a,idle-b,idle-c only=none pendingCount=n/a captureCount=n/a

stderr | test/run105-review-dispatch.test.ts > expired complete ladder refreshes one pair and records a new window only after finalized comparison
[run104-pending] captures=3 scoped=1 first=idle-a,idle-b,idle-c only=none pendingCount=n/a captureCount=n/a

stderr | test/run105-review-dispatch.test.ts > expired complete ladder refreshes one pair and records a new window only after finalized comparison
[run104-pending] captures=3 scoped=0 first=idle-a,idle-b,idle-c only=none pendingCount=n/a captureCount=n/a

stderr | test/run105-review-dispatch.test.ts > expired complete ladder refreshes one pair and records a new window only after finalized comparison
[run104-pending] captures=3 scoped=0 first=idle-a,idle-b,idle-c only=none pendingCount=n/a captureCount=n/a

stderr | test/run105-review-dispatch.test.ts > expired complete ladder refreshes one pair and records a new window only after finalized comparison
[run104-pending] captures=3 scoped=0 first=idle-a,idle-b,idle-c only=none pendingCount=n/a captureCount=n/a

stderr | test/run105-review-dispatch.test.ts > removed endpoint stale completeness never fabricates an endpoint arrival challenge
[run104-pending] captures=3 scoped=1 first=idle-a,idle-b,idle-c only=none pendingCount=n/a captureCount=n/a

stderr | test/run105-review-dispatch.test.ts > multiple and later endpoint arrivals each start at the top after prior admission readback
[run104-pending] captures=3 scoped=1 first=idle-a,idle-b,idle-c only=none pendingCount=n/a captureCount=n/a

stderr | test/run105-review-dispatch.test.ts > multiple and later endpoint arrivals each start at the top after prior admission readback
[run104-pending] captures=1 scoped=1 first=idle-new-later only=none pendingCount=n/a captureCount=n/a

stderr | test/run105-review-dispatch.test.ts > queue refusal clears pending rung for a genuine next-cycle offer retry
[run104-pending] captures=3 scoped=1 first=idle-a,idle-b,idle-c only=none pendingCount=n/a captureCount=n/a

stderr | test/run105-review-dispatch.test.ts > queue refusal clears pending rung for a genuine next-cycle offer retry
[run104-pending] captures=3 scoped=1 first=idle-a,idle-b,idle-c only=none pendingCount=n/a captureCount=n/a

stderr | test/run105-review-dispatch.test.ts > unavailable challenged rung is skipped without waiting for its absent finalized verdict
[run104-pending] captures=3 scoped=1 first=idle-a,idle-b,idle-c only=none pendingCount=n/a captureCount=n/a

stderr | test/run105-review-dispatch.test.ts > unavailable challenged rung is skipped without waiting for its absent finalized verdict
[run104-pending] captures=3 scoped=1 first=idle-a,idle-b,idle-c only=none pendingCount=n/a captureCount=n/a

stderr | test/run105-review-dispatch.test.ts > restart rebuilds top-down cursor from distinct durable finalized groups even when old capture is absent
[run104-pending] captures=1 scoped=1 first=idle-b-fresh only=none pendingCount=n/a captureCount=n/a

stderr | test/run105-review-dispatch.test.ts > placed below-floor challenger replenishes distinct captures until K groups then waits genuine publication
[run104-pending] captures=2 scoped=1 first=idle-a-second,idle-a-third only=none pendingCount=n/a captureCount=n/a

stderr | test/run105-review-dispatch.test.ts > placed below-floor challenger replenishes distinct captures until K groups then waits genuine publication
[run104-pending] captures=2 scoped=1 first=idle-a-second,idle-a-third only=none pendingCount=n/a captureCount=n/a

stderr | test/run105-review-dispatch.test.ts > placed below-floor challenger replenishes distinct captures until K groups then waits genuine publication
[run104-pending] captures=2 scoped=0 first=idle-a-second,idle-a-third only=none pendingCount=n/a captureCount=n/a

stderr | test/run105-review-dispatch.test.ts > historical replayable source seam retains exact task classification and actual source receipt
[run104-pending] captures=1 scoped=1 first=idle-a-history only=none pendingCount=n/a captureCount=n/a

stderr | test/run105-review-dispatch.test.ts > restart preserves recorded challenge cutoff rather than rewriting now and hiding durable groups
[run104-pending] captures=3 scoped=1 first=idle-a,idle-b,idle-c only=none pendingCount=n/a captureCount=n/a

stderr | test/run105-review-dispatch.test.ts > stale exact-pair finalized signal never advances a newly started challenge
[run104-pending] captures=3 scoped=1 first=idle-a,idle-b,idle-c only=none pendingCount=n/a captureCount=n/a

stderr | test/run105-review-dispatch.test.ts > executor failure before any branches resets pending for a genuine bounded retry
[run104-pending] captures=3 scoped=1 first=idle-a,idle-b,idle-c only=none pendingCount=n/a captureCount=n/a

stderr | test/run105-review-dispatch.test.ts > executor failure before any branches resets pending for a genuine bounded retry
[run104-pending] captures=3 scoped=1 first=idle-a,idle-b,idle-c only=none pendingCount=n/a captureCount=n/a

stderr | test/run105-review-dispatch.test.ts > losing challenger's low own confidence cannot borrow high winning judge confidence for K floor
[run104-pending] captures=1 scoped=1 first=idle-c-replenish only=none pendingCount=n/a captureCount=n/a

stderr | test/run105-review-dispatch.test.ts > restart recovers finalized complete refresh from durable group without redispatching absent old source
[run104-pending] captures=0 scoped=0 first= only=none pendingCount=n/a captureCount=n/a

stderr | test/run105-review-dispatch.test.ts > restart queued durable pair is not offered again and claimed worker resumes exact source pair
[run104-pending] captures=3 scoped=0 first=idle-a,idle-b,idle-c only=none pendingCount=n/a captureCount=n/a

stderr | test/run105-review-dispatch.test.ts > restart queued durable pair is not offered again and claimed worker resumes exact source pair
[run104-pending] captures=3 scoped=1 first=idle-a,idle-b,idle-c only=idle-a pendingCount=n/a captureCount=n/a

stderr | test/run105-review-dispatch.test.ts > restart running or awaiting-evaluation durable pair never starts duplicate provider work
[run104-pending] captures=3 scoped=0 first=idle-a,idle-b,idle-c only=none pendingCount=n/a captureCount=n/a

stderr | test/run105-review-dispatch.test.ts > restart running or awaiting-evaluation durable pair never starts duplicate provider work
[run104-pending] captures=3 scoped=0 first=idle-a,idle-b,idle-c only=idle-a pendingCount=n/a captureCount=n/a

stderr | test/run105-review-dispatch.test.ts > restart running or awaiting-evaluation durable pair never starts duplicate provider work
[run104-pending] captures=3 scoped=0 first=idle-a,idle-b,idle-c only=none pendingCount=n/a captureCount=n/a

stderr | test/run105-review-dispatch.test.ts > restart running or awaiting-evaluation durable pair never starts duplicate provider work
[run104-pending] captures=3 scoped=0 first=idle-a,idle-b,idle-c only=idle-a pendingCount=n/a captureCount=n/a

stderr | test/run105-review-dispatch.test.ts > restart awaiting-evaluation complete refresh waits real finalization then resets window
[run104-pending] captures=0 scoped=0 first= only=none pendingCount=n/a captureCount=n/a

stderr | test/run105-review-dispatch.test.ts > restart awaiting-evaluation complete refresh waits real finalization then resets window
[run104-pending] captures=0 scoped=0 first= only=none pendingCount=n/a captureCount=n/a

stderr | test/run105-review-dispatch.test.ts > real pre-replay queue identity recovers without inventing a replay job id
[run104-pending] captures=3 scoped=0 first=idle-a,idle-b,idle-c only=none pendingCount=n/a captureCount=n/a

stderr | test/run105-review-dispatch.test.ts > real pre-replay queue identity recovers without inventing a replay job id
[run104-pending] captures=3 scoped=1 first=idle-a,idle-b,idle-c only=idle-a pendingCount=n/a captureCount=n/a

stderr | test/run105-review-dispatch.test.ts > same immutable historical capsule and pair create fresh bounded replay jobs for distinct finalized rounds
[run104-pending] captures=1 scoped=1 first=idle-a only=none pendingCount=n/a captureCount=n/a

stderr | test/run105-review-dispatch.test.ts > same immutable historical capsule and pair create fresh bounded replay jobs for distinct finalized rounds
[run104-pending] captures=1 scoped=1 first=idle-a only=none pendingCount=n/a captureCount=n/a

stderr | test/run105-review-dispatch.test.ts > same immutable historical capsule and pair create fresh bounded replay jobs for distinct finalized rounds
[run104-pending] captures=1 scoped=0 first=idle-a only=none pendingCount=n/a captureCount=n/a

stderr | test/run105-review-dispatch.test.ts > repeat round cannot consume same old group again while new evaluation remains pending
[run104-pending] captures=1 scoped=1 first=idle-a only=none pendingCount=n/a captureCount=n/a

stderr | test/run105-review-dispatch.test.ts > repeat round cannot consume same old group again while new evaluation remains pending
[run104-pending] captures=1 scoped=1 first=idle-a only=none pendingCount=n/a captureCount=n/a

stderr | test/run105-review-dispatch.test.ts > repeat round cannot consume same old group again while new evaluation remains pending
[run104-pending] captures=1 scoped=1 first=idle-a only=none pendingCount=n/a captureCount=n/a

stderr | test/run105-review-dispatch.test.ts > repeat round cannot consume same old group again while new evaluation remains pending
[run104-pending] captures=1 scoped=1 first=idle-a only=none pendingCount=n/a captureCount=n/a

