Exit 1

 RUN  v3.2.4 D:/DEV/role-model/.worktrees/105-route-learning-matching-scope-activation/role-model-router/apps/runtime-host-bridge

 ❯ test/run105-review-dispatch.test.ts (38 tests | 2 failed) 731ms
   ✓ new endpoint records now and challenges future-idle ladder using the real rung source 52ms
   ✓ focus fill stays depth-first when another task becomes busier and gains a new endpoint 37ms
   ✓ terminal provider branches do not advance; finalized loss advances on next tick 38ms
   ✓ challengeBatchSize runs sequential finalized comparisons and bounds one dispatch 48ms
   ✓ finalized challenger win stops descent before ladder publication catches up 19ms
   ✓ rollback pauses and roll forward resumes the pending challenge 32ms
   ✓ stage census failure fails closed rather than replaying scope-wide 3ms
   ✓ absent finalized callback fails closed and reports required binding 2ms
   ✓ request-volume ties use most-unfilled and never dispatch other task captures 14ms
   ✓ endpoint arrival marks partial tasks eligible without preempting an in-flight focus fill 30ms
   ✓ concurrent queue claims never execute same task arms concurrently 15ms
   ✓ queue offer holds one rung and claimed worker executes the same narrowed pair 24ms
   ✓ finalization failure still settles the actual disposition write before tick returns 12ms
   ✓ expired complete ladder refreshes one pair and records a new window only after finalized comparison 22ms
   ✓ removed endpoint stale completeness never fabricates an endpoint arrival challenge 13ms
   ✓ multiple and later endpoint arrivals each start at the top after prior admission readback 29ms
   ✓ queue refusal clears pending rung for a genuine next-cycle offer retry 15ms
   ✓ unavailable challenged rung is skipped without waiting for its absent finalized verdict 26ms
   ✓ restart rebuilds top-down cursor from distinct durable finalized groups even when old capture is absent 12ms
   ✓ placed below-floor challenger replenishes distinct captures until K groups then waits genuine publication 53ms
   ✓ unavailable durable enumeration fails closed and never treats null as empty evidence 2ms
   ✓ historical replayable source seam retains exact task classification and actual source receipt 12ms
   ✓ restart preserves recorded challenge cutoff rather than rewriting now and hiding durable groups 12ms
   ✓ stale exact-pair finalized signal never advances a newly started challenge 14ms
   ✓ executor failure before any branches resets pending for a genuine bounded retry 24ms
   ✓ losing challenger's low own confidence cannot borrow high winning judge confidence for K floor 13ms
   ✓ restart recovers finalized complete refresh from durable group without redispatching absent old source 4ms
   ✓ restart queued durable pair is not offered again and claimed worker resumes exact source pair 13ms
   ✓ restart running or awaiting-evaluation durable pair never starts duplicate provider work 6ms
   ✓ restart awaiting-evaluation complete refresh waits real finalization then resets window 4ms
   ✓ real pre-replay queue identity recovers without inventing a replay job id 12ms
   ✓ same immutable historical capsule and pair create fresh bounded replay jobs for distinct finalized rounds 30ms
   ✓ explicit dispatch round id is stable on retries and changes only a completed round context 1ms
   ✓ repeat round cannot consume same old group again while new evaluation remains pending 37ms
   ✓ repeated capsule exact-finalization lookup excludes stable distinct previously consumed group ids 11ms
   × claimed queue round resumes only its matching actual durable pair round 23ms
     → expected [ Array(1) ] to deeply equal [ 'actual-persisted-round' ]
   × foreign claimed round cannot relabel matching capsule or task to new provider work 14ms
     → expected [ { captureRef: 'idle-a', …(2) } ] to deeply equal []
   ✓ missing challenged-rung capture never substitutes a different source pair 1ms

 Test Files  1 failed (1)
      Tests  2 failed | 36 passed (38)
   Start at  19:35:18
   Duration  6.90s (transform 2.91s, setup 0ms, collect 5.30s, tests 731ms, environment 0ms, prepare 278ms)


stderr | test/run105-review-dispatch.test.ts > new endpoint records now and challenges future-idle ladder using the real rung source
[run104-pending] captures=3 scoped=0 first=idle-a,idle-b,idle-c only=none pendingCount=n/a captureCount=n/a

stderr | test/run105-review-dispatch.test.ts > new endpoint records now and challenges future-idle ladder using the real rung source
[run104-pending] captures=3 scoped=1 first=idle-a,idle-b,idle-c only=none pendingCount=n/a captureCount=n/a

stderr | test/run105-review-dispatch.test.ts > focus fill stays depth-first when another task becomes busier and gains a new endpoint
[run104-pending] captures=2 scoped=1 first=fill-a,idle-a only=none pendingCount=n/a captureCount=n/a

stderr | test/run105-review-dispatch.test.ts > focus fill stays depth-first when another task becomes busier and gains a new endpoint
[run104-pending] captures=2 scoped=1 first=fill-a-next,idle-a only=none pendingCount=n/a captureCount=n/a

stderr | test/run105-review-dispatch.test.ts > terminal provider branches do not advance; finalized loss advances on next tick
[run104-pending] captures=3 scoped=1 first=idle-a,idle-b,idle-c only=none pendingCount=n/a captureCount=n/a

stderr | test/run105-review-dispatch.test.ts > terminal provider branches do not advance; finalized loss advances on next tick
[run104-pending] captures=3 scoped=0 first=idle-a,idle-b,idle-c only=none pendingCount=n/a captureCount=n/a

stderr | test/run105-review-dispatch.test.ts > terminal provider branches do not advance; finalized loss advances on next tick
[run104-pending] captures=3 scoped=1 first=idle-a,idle-b,idle-c only=none pendingCount=n/a captureCount=n/a

stderr | test/run105-review-dispatch.test.ts > challengeBatchSize runs sequential finalized comparisons and bounds one dispatch
[run104-pending] captures=3 scoped=1 first=idle-a,idle-b,idle-c only=none pendingCount=n/a captureCount=n/a

stderr | test/run105-review-dispatch.test.ts > challengeBatchSize runs sequential finalized comparisons and bounds one dispatch
[run104-pending] captures=3 scoped=1 first=idle-a,idle-b,idle-c only=none pendingCount=n/a captureCount=n/a

stderr | test/run105-review-dispatch.test.ts > finalized challenger win stops descent before ladder publication catches up
[run104-pending] captures=3 scoped=1 first=idle-a,idle-b,idle-c only=none pendingCount=n/a captureCount=n/a

stderr | test/run105-review-dispatch.test.ts > finalized challenger win stops descent before ladder publication catches up
[run104-pending] captures=3 scoped=0 first=idle-a,idle-b,idle-c only=none pendingCount=n/a captureCount=n/a

stderr | test/run105-review-dispatch.test.ts > rollback pauses and roll forward resumes the pending challenge
[run104-pending] captures=3 scoped=1 first=idle-a,idle-b,idle-c only=none pendingCount=n/a captureCount=n/a

stderr | test/run105-review-dispatch.test.ts > rollback pauses and roll forward resumes the pending challenge
[run104-pending] captures=3 scoped=0 first=idle-a,idle-b,idle-c only=none pendingCount=n/a captureCount=n/a

stderr | test/run105-review-dispatch.test.ts > rollback pauses and roll forward resumes the pending challenge
[run104-pending] captures=3 scoped=1 first=idle-a,idle-b,idle-c only=none pendingCount=n/a captureCount=n/a

stderr | test/run105-review-dispatch.test.ts > request-volume ties use most-unfilled and never dispatch other task captures
[run104-pending] captures=3 scoped=1 first=few-a,more-a,never-a only=none pendingCount=n/a captureCount=n/a

stderr | test/run105-review-dispatch.test.ts > endpoint arrival marks partial tasks eligible without preempting an in-flight focus fill
[run104-pending] captures=2 scoped=1 first=fill-a,idle-a only=none pendingCount=n/a captureCount=n/a

stderr | test/run105-review-dispatch.test.ts > endpoint arrival marks partial tasks eligible without preempting an in-flight focus fill
[run104-pending] captures=2 scoped=1 first=fill-a-next,idle-a only=none pendingCount=n/a captureCount=n/a

stderr | test/run105-review-dispatch.test.ts > concurrent queue claims never execute same task arms concurrently
[run104-pending] captures=3 scoped=1 first=idle-a,idle-b,idle-c only=idle-a pendingCount=n/a captureCount=n/a

stderr | test/run105-review-dispatch.test.ts > queue offer holds one rung and claimed worker executes the same narrowed pair
[run104-pending] captures=3 scoped=1 first=idle-a,idle-b,idle-c only=none pendingCount=n/a captureCount=n/a

stderr | test/run105-review-dispatch.test.ts > queue offer holds one rung and claimed worker executes the same narrowed pair
[run104-pending] captures=3 scoped=0 first=idle-a,idle-b,idle-c only=none pendingCount=n/a captureCount=n/a

stderr | test/run105-review-dispatch.test.ts > queue offer holds one rung and claimed worker executes the same narrowed pair
[run104-pending] captures=3 scoped=1 first=idle-a,idle-b,idle-c only=idle-a pendingCount=n/a captureCount=n/a

stderr | test/run105-review-dispatch.test.ts > finalization failure still settles the actual disposition write before tick returns
[run104-pending] captures=3 scoped=1 first=idle-a,idle-b,idle-c only=none pendingCount=n/a captureCount=n/a

stderr | test/run105-review-dispatch.test.ts > expired complete ladder refreshes one pair and records a new window only after finalized comparison
[run104-pending] captures=3 scoped=1 first=idle-a,idle-b,idle-c only=none pendingCount=n/a captureCount=n/a

stderr | test/run105-review-dispatch.test.ts > expired complete ladder refreshes one pair and records a new window only after finalized comparison
[run104-pending] captures=3 scoped=0 first=idle-a,idle-b,idle-c only=none pendingCount=n/a captureCount=n/a

stderr | test/run105-review-dispatch.test.ts > expired complete ladder refreshes one pair and records a new window only after finalized comparison
[run104-pending] captures=3 scoped=0 first=idle-a,idle-b,idle-c only=none pendingCount=n/a captureCount=n/a

stderr | test/run105-review-dispatch.test.ts > expired complete ladder refreshes one pair and records a new window only after finalized comparison
[run104-pending] captures=3 scoped=0 first=idle-a,idle-b,idle-c only=none pendingCount=n/a captureCount=n/a

stderr | test/run105-review-dispatch.test.ts > removed endpoint stale completeness never fabricates an endpoint arrival challenge
[run104-pending] captures=3 scoped=1 first=idle-a,idle-b,idle-c only=none pendingCount=n/a captureCount=n/a

stderr | test/run105-review-dispatch.test.ts > multiple and later endpoint arrivals each start at the top after prior admission readback
[run104-pending] captures=3 scoped=1 first=idle-a,idle-b,idle-c only=none pendingCount=n/a captureCount=n/a

stderr | test/run105-review-dispatch.test.ts > multiple and later endpoint arrivals each start at the top after prior admission readback
[run104-pending] captures=1 scoped=1 first=idle-new-later only=none pendingCount=n/a captureCount=n/a

stderr | test/run105-review-dispatch.test.ts > queue refusal clears pending rung for a genuine next-cycle offer retry
[run104-pending] captures=3 scoped=1 first=idle-a,idle-b,idle-c only=none pendingCount=n/a captureCount=n/a

stderr | test/run105-review-dispatch.test.ts > queue refusal clears pending rung for a genuine next-cycle offer retry
[run104-pending] captures=3 scoped=1 first=idle-a,idle-b,idle-c only=none pendingCount=n/a captureCount=n/a

stderr | test/run105-review-dispatch.test.ts > unavailable challenged rung is skipped without waiting for its absent finalized verdict
[run104-pending] captures=3 scoped=1 first=idle-a,idle-b,idle-c only=none pendingCount=n/a captureCount=n/a

stderr | test/run105-review-dispatch.test.ts > unavailable challenged rung is skipped without waiting for its absent finalized verdict
[run104-pending] captures=3 scoped=1 first=idle-a,idle-b,idle-c only=none pendingCount=n/a captureCount=n/a

stderr | test/run105-review-dispatch.test.ts > restart rebuilds top-down cursor from distinct durable finalized groups even when old capture is absent
[run104-pending] captures=1 scoped=1 first=idle-b-fresh only=none pendingCount=n/a captureCount=n/a

stderr | test/run105-review-dispatch.test.ts > placed below-floor challenger replenishes distinct captures until K groups then waits genuine publication
[run104-pending] captures=2 scoped=1 first=idle-a-second,idle-a-third only=none pendingCount=n/a captureCount=n/a

stderr | test/run105-review-dispatch.test.ts > placed below-floor challenger replenishes distinct captures until K groups then waits genuine publication
[run104-pending] captures=2 scoped=1 first=idle-a-second,idle-a-third only=none pendingCount=n/a captureCount=n/a

stderr | test/run105-review-dispatch.test.ts > placed below-floor challenger replenishes distinct captures until K groups then waits genuine publication
[run104-pending] captures=2 scoped=0 first=idle-a-second,idle-a-third only=none pendingCount=n/a captureCount=n/a

stderr | test/run105-review-dispatch.test.ts > historical replayable source seam retains exact task classification and actual source receipt
[run104-pending] captures=1 scoped=1 first=idle-a-history only=none pendingCount=n/a captureCount=n/a

stderr | test/run105-review-dispatch.test.ts > restart preserves recorded challenge cutoff rather than rewriting now and hiding durable groups
[run104-pending] captures=3 scoped=1 first=idle-a,idle-b,idle-c only=none pendingCount=n/a captureCount=n/a

stderr | test/run105-review-dispatch.test.ts > stale exact-pair finalized signal never advances a newly started challenge
[run104-pending] captures=3 scoped=1 first=idle-a,idle-b,idle-c only=none pendingCount=n/a captureCount=n/a

stderr | test/run105-review-dispatch.test.ts > executor failure before any branches resets pending for a genuine bounded retry
[run104-pending] captures=3 scoped=1 first=idle-a,idle-b,idle-c only=none pendingCount=n/a captureCount=n/a

stderr | test/run105-review-dispatch.test.ts > executor failure before any branches resets pending for a genuine bounded retry
[run104-pending] captures=3 scoped=1 first=idle-a,idle-b,idle-c only=none pendingCount=n/a captureCount=n/a

stderr | test/run105-review-dispatch.test.ts > losing challenger's low own confidence cannot borrow high winning judge confidence for K floor
[run104-pending] captures=1 scoped=1 first=idle-c-replenish only=none pendingCount=n/a captureCount=n/a

stderr | test/run105-review-dispatch.test.ts > restart recovers finalized complete refresh from durable group without redispatching absent old source
[run104-pending] captures=0 scoped=0 first= only=none pendingCount=n/a captureCount=n/a

stderr | test/run105-review-dispatch.test.ts > restart queued durable pair is not offered again and claimed worker resumes exact source pair
[run104-pending] captures=3 scoped=0 first=idle-a,idle-b,idle-c only=none pendingCount=n/a captureCount=n/a

stderr | test/run105-review-dispatch.test.ts > restart queued durable pair is not offered again and claimed worker resumes exact source pair
[run104-pending] captures=3 scoped=1 first=idle-a,idle-b,idle-c only=idle-a pendingCount=n/a captureCount=n/a

stderr | test/run105-review-dispatch.test.ts > restart running or awaiting-evaluation durable pair never starts duplicate provider work
[run104-pending] captures=3 scoped=0 first=idle-a,idle-b,idle-c only=none pendingCount=n/a captureCount=n/a

stderr | test/run105-review-dispatch.test.ts > restart running or awaiting-evaluation durable pair never starts duplicate provider work
[run104-pending] captures=3 scoped=0 first=idle-a,idle-b,idle-c only=idle-a pendingCount=n/a captureCount=n/a

stderr | test/run105-review-dispatch.test.ts > restart running or awaiting-evaluation durable pair never starts duplicate provider work
[run104-pending] captures=3 scoped=0 first=idle-a,idle-b,idle-c only=none pendingCount=n/a captureCount=n/a

stderr | test/run105-review-dispatch.test.ts > restart running or awaiting-evaluation durable pair never starts duplicate provider work
[run104-pending] captures=3 scoped=0 first=idle-a,idle-b,idle-c only=idle-a pendingCount=n/a captureCount=n/a

stderr | test/run105-review-dispatch.test.ts > restart awaiting-evaluation complete refresh waits real finalization then resets window
[run104-pending] captures=0 scoped=0 first= only=none pendingCount=n/a captureCount=n/a

stderr | test/run105-review-dispatch.test.ts > restart awaiting-evaluation complete refresh waits real finalization then resets window
[run104-pending] captures=0 scoped=0 first= only=none pendingCount=n/a captureCount=n/a

stderr | test/run105-review-dispatch.test.ts > real pre-replay queue identity recovers without inventing a replay job id
[run104-pending] captures=3 scoped=0 first=idle-a,idle-b,idle-c only=none pendingCount=n/a captureCount=n/a

stderr | test/run105-review-dispatch.test.ts > real pre-replay queue identity recovers without inventing a replay job id
[run104-pending] captures=3 scoped=1 first=idle-a,idle-b,idle-c only=idle-a pendingCount=n/a captureCount=n/a

stderr | test/run105-review-dispatch.test.ts > same immutable historical capsule and pair create fresh bounded replay jobs for distinct finalized rounds
[run104-pending] captures=1 scoped=1 first=idle-a only=none pendingCount=n/a captureCount=n/a

stderr | test/run105-review-dispatch.test.ts > same immutable historical capsule and pair create fresh bounded replay jobs for distinct finalized rounds
[run104-pending] captures=1 scoped=1 first=idle-a only=none pendingCount=n/a captureCount=n/a

stderr | test/run105-review-dispatch.test.ts > same immutable historical capsule and pair create fresh bounded replay jobs for distinct finalized rounds
[run104-pending] captures=1 scoped=0 first=idle-a only=none pendingCount=n/a captureCount=n/a

stderr | test/run105-review-dispatch.test.ts > repeat round cannot consume same old group again while new evaluation remains pending
[run104-pending] captures=1 scoped=1 first=idle-a only=none pendingCount=n/a captureCount=n/a

stderr | test/run105-review-dispatch.test.ts > repeat round cannot consume same old group again while new evaluation remains pending
[run104-pending] captures=1 scoped=1 first=idle-a only=none pendingCount=n/a captureCount=n/a

stderr | test/run105-review-dispatch.test.ts > repeat round cannot consume same old group again while new evaluation remains pending
[run104-pending] captures=1 scoped=1 first=idle-a only=none pendingCount=n/a captureCount=n/a

stderr | test/run105-review-dispatch.test.ts > repeat round cannot consume same old group again while new evaluation remains pending
[run104-pending] captures=1 scoped=1 first=idle-a only=none pendingCount=n/a captureCount=n/a

stderr | test/run105-review-dispatch.test.ts > repeated capsule exact-finalization lookup excludes stable distinct previously consumed group ids
[run104-pending] captures=1 scoped=1 first=idle-a only=none pendingCount=n/a captureCount=n/a

stderr | test/run105-review-dispatch.test.ts > claimed queue round resumes only its matching actual durable pair round
[run104-pending] captures=3 scoped=1 first=idle-a,idle-b,idle-c only=idle-a pendingCount=n/a captureCount=n/a

stderr | test/run105-review-dispatch.test.ts > foreign claimed round cannot relabel matching capsule or task to new provider work
[run104-pending] captures=3 scoped=1 first=idle-a,idle-b,idle-c only=idle-a pendingCount=n/a captureCount=n/a


⎯⎯⎯⎯⎯⎯⎯ Failed Tests 2 ⎯⎯⎯⎯⎯⎯⎯

 FAIL  test/run105-review-dispatch.test.ts > claimed queue round resumes only its matching actual durable pair round
AssertionError: expected [ Array(1) ] to deeply equal [ 'actual-persisted-round' ]

- Expected
+ Received

  [
-   "actual-persisted-round",
+   "4ff92f6c2f597f23a53961265e8fceae4051fa5d3206a483f7a54730fb1446e9",
  ]

 ❯ test/run105-review-dispatch.test.ts:400:20
    398|     executor: async request => { observed.push(request.dispatchRoundId…
    399|   cleanups.push(() => loop.stop()); await loop.dispatchCapture("idle-a…
    400|   expect(observed).toEqual(["actual-persisted-round"]);
       |                    ^
    401| });
    402| test("foreign claimed round cannot relabel matching capsule or task to…

⎯⎯⎯⎯⎯⎯⎯⎯⎯⎯⎯⎯⎯⎯⎯⎯⎯⎯⎯⎯⎯⎯⎯⎯[1/2]⎯

 FAIL  test/run105-review-dispatch.test.ts > foreign claimed round cannot relabel matching capsule or task to new provider work
AssertionError: expected [ { captureRef: 'idle-a', …(2) } ] to deeply equal []

- Expected
+ Received

- []
+ [
+   {
+     "candidates": [
+       "new",
+     ],
+     "captureRef": "idle-a",
+     "source": "a",
+   },
+ ]

 ❯ test/run105-review-dispatch.test.ts:409:19
    407|     createdAtMs: 950, state: "queued" as const, dispatchRoundId: "actu…
    408|   cleanups.push(() => loop.stop()); await loop.dispatchCapture("idle-a…
    409|   expect(h.calls).toEqual([]); expect(loop.health().lastError).toConta…
       |                   ^
    410| });
    411| test("missing challenged-rung capture never substitutes a different so…

⎯⎯⎯⎯⎯⎯⎯⎯⎯⎯⎯⎯⎯⎯⎯⎯⎯⎯⎯⎯⎯⎯⎯⎯[2/2]⎯

