
 RUN  v3.2.4 D:/DEV/role-model/.worktrees/85-kw-gated-router-prompt-inject/role-model-router/apps/runtime-host-bridge

(node:27868) ExperimentalWarning: SQLite is an experimental feature and might change at any time
(Use `node --trace-warnings ...` to show where the warning was created)
go: downloading github.com/klauspost/compress v1.18.5
go: downloading golang.org/x/text v0.31.0
go: downloading github.com/gabriel-vasile/mimetype v1.4.3
go: downloading github.com/go-playground/locales v0.14.1
go: downloading golang.org/x/sys v0.38.0
Γû▓ [WARNING] "import.meta" is not available with the "cjs" output format and will be empty [empty-import-meta]

    ../../packages/sqlite-memory/dist/legacy-migration.js:202:60:
      202 Γöé ...nput.routerRoot ?? path.resolve(import.meta.dirname, "../../..");
          Γò╡                                    ~~~~~~~~~~~

  You need to set the output format to "esm" for "import.meta" to work correctly.

Wrote single executable preparation blob to ./dist/sea-prep.blob
 Γ£ô test/packaged-standalone-restart.test.ts (1 test) 106213ms
   Γ£ô packaged runtime repairs stale standalone aliases after env-backed restart bootstrap  106211ms

 Test Files  1 passed (1)
      Tests  1 passed (1)
   Start at  05:15:10
   Duration  109.45s (transform 1.61s, setup 0ms, collect 2.42s, tests 106.21s, environment 0ms, prepare 266ms)

