
 RUN  v3.2.4 D:/DEV/role-model/.worktrees/59-observe-taxonomy-analytics-completion/role-model-router/packages/core

 ❯ test/routing-intent.test.ts (28 tests | 3 failed) 83ms
   ✓ routing intent metadata > uses hard role/task/capability intent as eligibility filters 11ms
   ✓ routing intent metadata > keeps advisory intent out of hard eligibility while still influencing preference 1ms
   ✓ routing intent metadata > uses advisory task metadata as task-fit scoring without hard filtering 2ms
   ✓ routing intent metadata > keeps stable Pi advisory capability and modality metadata out of hard eligibility 28ms
   ✓ routing intent metadata > getQualityMetric uses benchmark quality when live quality is unavailable 2ms
   × routing intent metadata > getQualityMetric prefers benchmark task score over live quality_score for benchmark-scoped requests 21ms
     → expected 'measured' to be 'benchmark' // Object.is equality
   × routing intent metadata > getQualityMetric prefers benchmark role score over judge_score for benchmark-scoped requests 3ms
     → expected 'measured' to be 'benchmark' // Object.is equality
   ✓ routing intent metadata > getQualityMetric falls back to default when no quality data exists 1ms
   ✓ routing intent metadata > multiple candidates with different benchmark scores get different quality metrics 1ms
   ✓ routing intent metadata > getQualityMetric blends task-specific score when taskScores available 1ms
   ✓ routing intent metadata > getQualityMetric falls back to overallScore when taskScores lacks requested task 1ms
   ✓ routing intent metadata > getQualityMetric includes benchmark_task_score in raw when task data exists 1ms
   ✓ routing intent metadata > getQualityMetric applies telemetry advisory penalty when failure rate is high 1ms
   ✓ routing intent metadata > getQualityMetric does not apply telemetry penalty when failure rate is low 0ms
   ✓ routing intent metadata > getQualityMetric floors telemetry-adjusted value at 0 0ms
   ✓ routing intent metadata > getQualityMetric uses custom blend weight from config 0ms
   ✓ routing intent metadata > getQualityMetric uses default blend weight when config absent 0ms
   ✓ routing intent metadata > getQualityMetric falls back to eligible benchmark role score when task score is absent 0ms
   ✓ routing intent metadata > getQualityMetric falls back to eligible benchmark group score when role score is absent 1ms
   ✓ routing intent metadata > getQualityMetric uses custom telemetry threshold from config 0ms
   ✓ routing intent metadata > getQualityMetric applies custom penalty when below custom threshold 0ms
   ✓ routing intent metadata > routeRequest prefers eligible benchmark role score over stronger fallback overall score 1ms
   × routing intent metadata > routeRequest prefers benchmark role evidence over stronger measured quality after eligibility 2ms
     → expected 'stronger-measured' to be 'benchmark-role' // Object.is equality
   ✓ extractTaxonomyDimensions > extracts taxonomy fields from a fully populated normalizedIntent 1ms
   ✓ extractTaxonomyDimensions > returns null for missing taxonomy fields 0ms
   ✓ extractTaxonomyDimensions > returns undefined when normalizedIntent is undefined 0ms
   ✓ extractTaxonomyDimensions > handles confidence as non-number gracefully 0ms
   ✓ extractTaxonomyDimensions > extracts partial data when role exists but task is missing 0ms

⎯⎯⎯⎯⎯⎯⎯ Failed Tests 3 ⎯⎯⎯⎯⎯⎯⎯

 FAIL  test/routing-intent.test.ts > routing intent metadata > getQualityMetric prefers benchmark task score over live quality_score for benchmark-scoped requests
AssertionError: expected 'measured' to be 'benchmark' // Object.is equality

Expected: "benchmark"
Received: "measured"

 ❯ test/routing-intent.test.ts:274:28
    272|     };
    273|     const quality = getQualityMetric(c, input);
    274|     expect(quality.source).toBe("benchmark");
       |                            ^
    275|     expect(quality.value).toBeCloseTo(0.778, 3);
    276|     expect(quality.raw.benchmark_task_score).toBe(0.96);

⎯⎯⎯⎯⎯⎯⎯⎯⎯⎯⎯⎯⎯⎯⎯⎯⎯⎯⎯⎯⎯⎯⎯⎯[1/3]⎯

 FAIL  test/routing-intent.test.ts > routing intent metadata > getQualityMetric prefers benchmark role score over judge_score for benchmark-scoped requests
AssertionError: expected 'measured' to be 'benchmark' // Object.is equality

Expected: "benchmark"
Received: "measured"

 ❯ test/routing-intent.test.ts:323:28
    321|     };
    322|     const quality = getQualityMetric(c, input);
    323|     expect(quality.source).toBe("benchmark");
       |                            ^
    324|     expect(quality.value).toBe(0.9);
    325|     expect(quality.raw.benchmark_role_score).toBe(0.9);

⎯⎯⎯⎯⎯⎯⎯⎯⎯⎯⎯⎯⎯⎯⎯⎯⎯⎯⎯⎯⎯⎯⎯⎯[2/3]⎯

 FAIL  test/routing-intent.test.ts > routing intent metadata > routeRequest prefers benchmark role evidence over stronger measured quality after eligibility
AssertionError: expected 'stronger-measured' to be 'benchmark-role' // Object.is equality

Expected: "benchmark-role"
Received: "stronger-measured"

 ❯ test/routing-intent.test.ts:823:41
    821|     });
    822| 
    823|     expect(decision.chosen_endpoint_id).toBe("benchmark-role");
       |                                         ^
    824|     expect(decision.selection_reasons).toContain("BENCHMARK_ROLE_SCORE…
    825|   });

⎯⎯⎯⎯⎯⎯⎯⎯⎯⎯⎯⎯⎯⎯⎯⎯⎯⎯⎯⎯⎯⎯⎯⎯[3/3]⎯


 Test Files  1 failed (1)
      Tests  3 failed | 25 passed (28)
   Start at  17:55:56
   Duration  2.03s (transform 305ms, setup 0ms, collect 402ms, tests 83ms, environment 0ms, prepare 534ms)

undefined
D:\DEV\role-model\.worktrees\59-observe-taxonomy-analytics-completion\role-model-router\packages\core:
 ERR_PNPM_RECURSIVE_EXEC_FIRST_FAIL  Command failed with exit code 1: vitest run test/routing-intent.test.ts
