
 RUN  v3.2.4 D:/DEV/role-model/.worktrees/59-observe-taxonomy-analytics-completion

 ❯ packages/protocol-types/test/taxonomy-dimensions.test.ts (1 test | 1 failed) 18ms
   × taxonomy analytics dimension authority > defines one canonical telemetry analytics registry with benchmark and UI views derived from it 16ms
     → expected undefined to deeply equal ArrayContaining{…}

⎯⎯⎯⎯⎯⎯⎯ Failed Tests 1 ⎯⎯⎯⎯⎯⎯⎯

 FAIL  packages/protocol-types/test/taxonomy-dimensions.test.ts > taxonomy analytics dimension authority > defines one canonical telemetry analytics registry with benchmark and UI views derived from it
AssertionError: expected undefined to deeply equal ArrayContaining{…}

- Expected: 
ArrayContaining [
  ObjectContaining {
    "id": "taxonomyGroupId",
    "telemetryAnalyticsCapable": true,
    "telemetryKey": "taxonomy_group_id",
    "uiFilterable": true,
    "valueMode": "single",
    "valueSource": "derived",
  },
  ObjectContaining {
    "benchmarkDimension": "byRole",
    "id": "taxonomyRoleId",
    "telemetryAnalyticsCapable": true,
    "telemetryKey": "taxonomy_role_id",
    "uiFilterable": true,
    "valueMode": "single",
    "valueSource": "normalized",
  },
  ObjectContaining {
    "benchmarkDimension": "byVariant",
    "id": "taxonomyTaskVariant",
    "telemetryAnalyticsCapable": true,
    "telemetryKey": "taxonomy_task_variant",
    "uiFilterable": true,
    "valueMode": "single",
  },
  ObjectContaining {
    "benchmarkDimension": "byCapability",
    "id": "taxonomyCapabilityId",
    "telemetryAnalyticsCapable": true,
    "telemetryKey": "taxonomy_capability_ids",
    "uiFilterable": true,
    "valueMode": "multi",
  },
  ObjectContaining {
    "id": "taxonomyClassificationSource",
    "telemetryAnalyticsCapable": false,
    "telemetryKey": "taxonomy_classification_source",
    "uiFilterable": false,
    "valueMode": "single",
    "valueSource": "original",
  },
]

+ Received: 
undefined

 ❯ packages/protocol-types/test/taxonomy-dimensions.test.ts:11:43
      9| describe("taxonomy analytics dimension authority", () => {
     10|   test("defines one canonical telemetry analytics registry with benchm…
     11|     expect(TAXONOMY_ANALYTICS_DIMENSIONS).toEqual(
       |                                           ^
     12|       expect.arrayContaining([
     13|         expect.objectContaining({

⎯⎯⎯⎯⎯⎯⎯⎯⎯⎯⎯⎯⎯⎯⎯⎯⎯⎯⎯⎯⎯⎯⎯⎯[1/1]⎯


 Test Files  1 failed (1)
      Tests  1 failed (1)
   Start at  08:37:36
   Duration  1.71s (transform 280ms, setup 0ms, collect 293ms, tests 18ms, environment 0ms, prepare 525ms)

