
[1m[46m RUN [49m[22m [36mv3.2.4 [39m[90mD:/DEV/role-model/.worktrees/45-observe-surface-realignment/role-model-router/apps/runtime-ui[39m

 [31mΓ¥»[39m app/lib/design-system.test.ts [2m([22m[2m24 tests[22m[2m | [22m[31m1 failed[39m[2m)[22m[32m 156[2mms[22m[39m
   [32mΓ£ô[39m runtime design system[2m > [22mdefines navigation groups and layout templates for every runtime route[32m 7[2mms[22m[39m
   [32mΓ£ô[39m runtime design system[2m > [22mkeeps the shell on restrained radii and explicit content widths[32m 1[2mms[22m[39m
   [32mΓ£ô[39m runtime design system[2m > [22mglobal shell chrome keeps legacy vendor ui out of the main runtime contract[32m 67[2mms[22m[39m
   [32mΓ£ô[39m runtime design system[2m > [22mstudio implementation targets render repo-owned workspace sections instead of placeholder blueprints[32m 17[2mms[22m[39m
   [32mΓ£ô[39m runtime design system[2m > [22mintegration and system implementation targets render live upstream and peer surfaces[32m 9[2mms[22m[39m
   [32mΓ£ô[39m runtime design system[2m > [22mrouter implementation targets render repo-owned routing explanation surfaces[32m 1[2mms[22m[39m
   [32mΓ£ô[39m runtime design system[2m > [22mrouter, connect registry, and remote surfaces expose alias/readiness ownership instead of generic filler[32m 1[2mms[22m[39m
   [32mΓ£ô[39m runtime design system[2m > [22mrouter routes preserve empty-state and observe-link affordances[32m 0[2mms[22m[39m
   [32mΓ£ô[39m runtime design system[2m > [22mmerged router overview stays observational while routing strategy owns editing controls[32m 1[2mms[22m[39m
   [32mΓ£ô[39m runtime design system[2m > [22mmeta-guidance panels stay removed from overview and observe routes[32m 1[2mms[22m[39m
   [32mΓ£ô[39m runtime design system[2m > [22mdesign system doc marks the converted pages as live routes[32m 1[2mms[22m[39m
   [32mΓ£ô[39m runtime design system[2m > [22mcontrol routes tolerate an unassigned controller before endpoint activation[32m 0[2mms[22m[39m
   [32mΓ£ô[39m runtime design system[2m > [22mapplies the swiss stone palette, ibm plex typography, and dual-scheme browser contract in shared app chrome[32m 1[2mms[22m[39m
   [32mΓ£ô[39m runtime design system[2m > [22mkeeps shared states on the stone plus single-accent palette[32m 1[2mms[22m[39m
   [32mΓ£ô[39m runtime design system[2m > [22mremote, models, router, and system runtime config routes are first-class pages in the retained taxonomy[32m 11[2mms[22m[39m
   [32mΓ£ô[39m runtime design system[2m > [22mlocal setup surfaces stay discoverable from navigation and empty registry states[32m 4[2mms[22m[39m
   [32mΓ£ô[39m runtime design system[2m > [22mobserve and local log surfaces render structured ledgers rather than raw iframe placeholders[32m 1[2mms[22m[39m
   [32mΓ£ô[39m runtime design system[2m > [22mobserve ownership keeps requests canonical and raw-host surfaces adjacent[32m 1[2mms[22m[39m
[31m   [31m├ù[31m runtime design system[2m > [22mrequests and request detail stay telemetry-first while exposing raw-host handoffs[39m[32m 25[2mms[22m[39m
[31m     ΓåÆ expected 'import { useEffect, useState } from "ΓÇª' to contain 'fetchTelemetryDashboard'[39m
   [32mΓ£ô[39m runtime design system[2m > [22mregistry and system layouts avoid redundant KPI strips and placeholder note panels[32m 1[2mms[22m[39m
   [32mΓ£ô[39m runtime design system[2m > [22mdashboard passes telemetry detail to FactCard for Latency[32m 0[2mms[22m[39m
   [32mΓ£ô[39m runtime design system[2m > [22mworkbench and observe routes expose routing controls and receipts in repo-owned UI surfaces[32m 0[2mms[22m[39m
   [32mΓ£ô[39m runtime design system[2m > [22mshell header owns route metadata and page actions without duplicate page headers[32m 2[2mms[22m[39m
   [32mΓ£ô[39m runtime design system[2m > [22mruntime route definitions stay slim and future scaffolds avoid duplicate header props[32m 1[2mms[22m[39m

ΓÄ»ΓÄ»ΓÄ»ΓÄ»ΓÄ»ΓÄ»ΓÄ» Failed Tests 1 ΓÄ»ΓÄ»ΓÄ»ΓÄ»ΓÄ»ΓÄ»ΓÄ»

 FAIL  app/lib/design-system.test.ts > runtime design system > requests and request detail stay telemetry-first while exposing raw-host handoffs
AssertionError: expected 'import { useEffect, useState } from "ΓÇª' to contain 'fetchTelemetryDashboard'

- Expected
+ Received

- fetchTelemetryDashboard
+ import { useEffect, useState } from "react";

+ import { Link } from "react-router";

+ 

+ import {

+   EmptyState,

+   ErrorState,

+   FactCard,

+   LoadingState,

+   SectionCard,

+ } from "../components/page-primitives";

+ import { listRowClassName } from "../lib/design-system";

+ import {

+   type RuntimeTelemetryRequestRecord,

+   fetchTelemetryRequests,

+   subscribeTelemetryStream,

+ } from "../lib/runtime-api";

+ import { buildTelemetryRequestRows } from "../lib/view-models";

+ 

+ export default function RequestsRoute() {

+   const [requests, setRequests] = useState<readonly RuntimeTelemetryRequestRecord[] | null>(null);

+   const [error, setError] = useState<string | null>(null);

+ 

+   useEffect(() => {

+     let disposed = false;

+     const load = async () => {

+       try {

+         const result = await fetchTelemetryRequests({ limit: 50 });

+         if (!disposed) {

+           setRequests(result);

+           setError(null);

+         }

+       } catch (value) {

+         if (!disposed) {

+           setError(value instanceof Error ? value.message : "Could not load telemetry ledger.");

+         }

+       }

+     };

+ 

+     void load();

+     const unsubscribe = subscribeTelemetryStream(() => {

+       void load();

+     });

+ 

+     return () => {

+       disposed = true;

+       unsubscribe();

+     };

+   }, []);

+ 

+   if (error) {

+     return <ErrorState label={error} />;

+   }

+   if (!requests) {

+     return <LoadingState label="Loading telemetry ledgerΓÇª" />;

+   }

+ 

+   const ledgerRows = buildTelemetryRequestRows(requests);

+   const requestsWithEndpoint = requests.filter((request) => request.endpointId).length;

+   const distinctEndpoints = new Set(requests.map((request) => request.endpointId).filter(Boolean))

+     .size;

+ 

+   return (

+     <div className="space-y-6">

+       <div className="grid gap-4 md:grid-cols-3">

+         <FactCard label="Requests" value={requests.length} emphasis />

+         <FactCard label="Endpoint-linked" value={requestsWithEndpoint} />

+         <FactCard label="Distinct endpoints" value={distinctEndpoints} />

+       </div>

+ 

+       <SectionCard title="Recent telemetry requests">

+         {ledgerRows.length === 0 ? (

+           <EmptyState label="No requests are available yet." />

+         ) : (

+           <div className="space-y-3">

+             {ledgerRows.map((request) => (

+               <div key={request.requestId} className={`${listRowClassName} md:items-center`}>

+                 <div>

+                   <p className="font-medium text-[var(--rm-fg)]">{request.requestId}</p>

+                   <p className="text-sm text-[var(--rm-secondary)]">{request.endpointId}</p>

+                   <p className="mt-2 text-sm text-[var(--rm-secondary)]">

+                     Routing decision ΓÇó {request.routingDecisionLabel}

+                   </p>

+                   <p className="mt-2 text-sm text-[var(--rm-secondary)]">

+                     {request.sourceLabel} ΓÇó {request.statusLabel} ΓÇó {request.latencyLabel} ΓÇó{" "}

+                     {request.tokenLabel} ΓÇó {request.costLabel}

+                   </p>

+                 </div>

+                 <div className="text-right">

+                   <p className="text-xs uppercase tracking-[0.24em] text-[var(--rm-muted)]">

+                     {request.createdAtLabel}

+                   </p>

+                   <Link

+                     className="mt-2 inline-block text-sm font-medium text-[var(--rm-accent)]"

+                     to={`/app/observe/requests/${request.requestId}`}

+                   >

+                     Inspect

+                   </Link>

+                 </div>

+               </div>

+             ))}

+           </div>

+         )}

+       </SectionCard>

+     </div>

+   );

+ }

+

 Γ¥» app/lib/design-system.test.ts:695:33
    693| 
    694|   test("requests and request detail stay telemetry-first while exposinΓÇª
    695|     expect(requestsRouteSource).toContain("fetchTelemetryDashboard");
       |                                 ^
    696|     expect(requestsRouteSource).toContain("summarizeTelemetryStats");
    697|     expect(requestsRouteSource).toContain("/app/observe/activity");

ΓÄ»ΓÄ»ΓÄ»ΓÄ»ΓÄ»ΓÄ»ΓÄ»ΓÄ»ΓÄ»ΓÄ»ΓÄ»ΓÄ»ΓÄ»ΓÄ»ΓÄ»ΓÄ»ΓÄ»ΓÄ»ΓÄ»ΓÄ»ΓÄ»ΓÄ»ΓÄ»ΓÄ»[1/1]ΓÄ»


[2m Test Files [22m [1m[31m1 failed[39m[22m[90m (1)[39m
[2m      Tests [22m [1m[31m1 failed[39m[22m[2m | [22m[1m[32m23 passed[39m[22m[90m (24)[39m
[2m   Start at [22m 09:39:36
[2m   Duration [22m 2.63s[2m (transform 896ms, setup 0ms, collect 1.43s, tests 156ms, environment 0ms, prepare 410ms)[22m

