
[1m[46m RUN [49m[22m [36mv3.2.4 [39m[90mD:/DEV/role-model/.worktrees/45-observe-surface-realignment/role-model-router/apps/runtime-ui[39m

 [31mΓ¥»[39m app/lib/design-system.test.ts [2m([22m[2m26 tests[22m[2m | [22m[31m1 failed[39m[2m)[22m[32m 142[2mms[22m[39m
   [32mΓ£ô[39m runtime design system[2m > [22mdefines navigation groups and layout templates for every runtime route[32m 6[2mms[22m[39m
   [32mΓ£ô[39m runtime design system[2m > [22mkeeps the shell on restrained radii and explicit content widths[32m 1[2mms[22m[39m
   [32mΓ£ô[39m runtime design system[2m > [22mglobal shell chrome keeps legacy vendor ui out of the main runtime contract[32m 61[2mms[22m[39m
   [32mΓ£ô[39m runtime design system[2m > [22mstudio implementation targets render repo-owned workspace sections instead of placeholder blueprints[32m 15[2mms[22m[39m
   [32mΓ£ô[39m runtime design system[2m > [22mintegration and system implementation targets render live upstream and peer surfaces[32m 8[2mms[22m[39m
   [32mΓ£ô[39m runtime design system[2m > [22mrouter implementation targets render repo-owned routing explanation surfaces[32m 1[2mms[22m[39m
   [32mΓ£ô[39m runtime design system[2m > [22mrouter, connect registry, and remote surfaces expose alias/readiness ownership instead of generic filler[32m 1[2mms[22m[39m
   [32mΓ£ô[39m runtime design system[2m > [22mrouter routes preserve empty-state and observe-link affordances[32m 0[2mms[22m[39m
   [32mΓ£ô[39m runtime design system[2m > [22mmerged router overview stays observational while routing strategy owns editing controls[32m 1[2mms[22m[39m
   [32mΓ£ô[39m runtime design system[2m > [22mmeta-guidance panels stay removed from overview and observe routes[32m 1[2mms[22m[39m
   [32mΓ£ô[39m runtime design system[2m > [22mdesign system doc marks the converted pages as live routes[32m 1[2mms[22m[39m
   [32mΓ£ô[39m runtime design system[2m > [22mcontrol routes tolerate an unassigned controller before endpoint activation[32m 0[2mms[22m[39m
   [32mΓ£ô[39m runtime design system[2m > [22mapplies the swiss stone palette, ibm plex typography, and dual-scheme browser contract in shared app chrome[32m 1[2mms[22m[39m
   [32mΓ£ô[39m runtime design system[2m > [22mkeeps shared states on the stone plus single-accent palette[32m 0[2mms[22m[39m
   [32mΓ£ô[39m runtime design system[2m > [22mremote, models, router, and system runtime config routes are first-class pages in the retained taxonomy[32m 11[2mms[22m[39m
   [32mΓ£ô[39m runtime design system[2m > [22mlocal setup surfaces stay discoverable from navigation and empty registry states[32m 1[2mms[22m[39m
   [32mΓ£ô[39m runtime design system[2m > [22mobserve and local log surfaces render structured ledgers rather than raw iframe placeholders[32m 0[2mms[22m[39m
   [32mΓ£ô[39m runtime design system[2m > [22mobserve ownership keeps requests canonical and raw-host surfaces adjacent[32m 0[2mms[22m[39m
   [32mΓ£ô[39m runtime design system[2m > [22mrequests and request detail stay telemetry-first while exposing raw-host handoffs[32m 0[2mms[22m[39m
   [32mΓ£ô[39m runtime design system[2m > [22mactivity route frames raw-host metrics as adjacent to canonical telemetry[32m 0[2mms[22m[39m
[31m   [31m├ù[31m runtime design system[2m > [22mlogs route exposes request-detail handoffs while preserving raw-host framing[39m[32m 25[2mms[22m[39m
[31m     ΓåÆ expected 'import { useEffect, useMemo, useStateΓÇª' to contain '/app/observe/requests/'[39m
   [32mΓ£ô[39m runtime design system[2m > [22mregistry and system layouts avoid redundant KPI strips and placeholder note panels[32m 0[2mms[22m[39m
   [32mΓ£ô[39m runtime design system[2m > [22mdashboard passes telemetry detail to FactCard for Latency[32m 0[2mms[22m[39m
   [32mΓ£ô[39m runtime design system[2m > [22mworkbench and observe routes expose routing controls and receipts in repo-owned UI surfaces[32m 0[2mms[22m[39m
   [32mΓ£ô[39m runtime design system[2m > [22mshell header owns route metadata and page actions without duplicate page headers[32m 2[2mms[22m[39m
   [32mΓ£ô[39m runtime design system[2m > [22mruntime route definitions stay slim and future scaffolds avoid duplicate header props[32m 1[2mms[22m[39m

ΓÄ»ΓÄ»ΓÄ»ΓÄ»ΓÄ»ΓÄ»ΓÄ» Failed Tests 1 ΓÄ»ΓÄ»ΓÄ»ΓÄ»ΓÄ»ΓÄ»ΓÄ»

 FAIL  app/lib/design-system.test.ts > runtime design system > logs route exposes request-detail handoffs while preserving raw-host framing
AssertionError: expected 'import { useEffect, useMemo, useStateΓÇª' to contain '/app/observe/requests/'

- Expected
+ Received

- /app/observe/requests/
+ import { useEffect, useMemo, useState } from "react";

+ 

+ import {

+   EmptyState,

+   ErrorState,

+   FactCard,

+   LoadingState,

+   SectionCard,

+   StatusPill,

+ } from "../components/page-primitives";

+ import { secondaryButtonClassName } from "../lib/design-system";

+ import { usePageActions } from "../lib/shell-header-context";

+ import { fetchTextLogs } from "../lib/runtime-api";

+ import { buildStructuredLogRows } from "../lib/view-models";

+ 

+ export default function ObserveLogsRoute() {

+   const [combinedLogs, setCombinedLogs] = useState<string | null>(null);

+   const [error, setError] = useState<string | null>(null);

+   const [sourceFilter, setSourceFilter] = useState<string>("all");

+ 

+   useEffect(() => {

+     void fetchTextLogs("/logs")

+       .then(setCombinedLogs)

+       .catch((value: unknown) =>

+         setError(value instanceof Error ? value.message : "Could not load preserved logs."),

+       );

+   }, []);

+ 

+   const rows = useMemo(

+     () => buildStructuredLogRows(combinedLogs ?? "", "combined"),

+     [combinedLogs],

+   );

+   const sourceOptions = useMemo(

+     () => ["all", ...new Set(rows.map((row) => row.sourceClass).filter(Boolean))],

+     [rows],

+   );

+   const filteredRows = useMemo(

+     () => (sourceFilter === "all" ? rows : rows.filter((row) => row.sourceClass === sourceFilter)),

+     [rows, sourceFilter],

+   );

+   const correlatedCount = rows.filter((row) => row.requestId).length;

+   const sourceCount = new Set(rows.map((row) => row.sourceClass)).size;

+ 

+   usePageActions(

+     <>

+       <a className={secondaryButtonClassName} href="/logs">

+         Combined log

+       </a>

+       <a className={secondaryButtonClassName} href="/logs/stream/proxy">

+         Proxy stream

+       </a>

+       <a className={secondaryButtonClassName} href="/logs/stream/upstream">

+         Upstream stream

+       </a>

+     </>,

+     [],

+   );

+ 

+   if (error) {

+     return <ErrorState label={error} />;

+   }

+   if (combinedLogs === null) {

+     return <LoadingState label="Loading preserved logsΓÇª" />;

+   }

+ 

+   return (

+     <div className="space-y-6">

+       <div className="grid gap-4 md:grid-cols-3">

+         <FactCard

+           label="Structured log history"

+           value={String(filteredRows.length)}

+           detail={`Parsed rows currently visible from the combined host log${sourceFilter === "all" ? "." : ` for source ${sourceFilter}.`}`}

+           emphasis

+         />

+         <FactCard

+           label="Sources"

+           value={String(sourceCount)}

+           detail="Distinct source labels detected in the combined log."

+         />

+         <FactCard

+           label="Correlated requests"

+           value={String(correlatedCount)}

+           detail="Rows that include a request identifier you can match to Observe receipts."

+         />

+       </div>

+ 

+       <SectionCard

+         title="Source filter"

+         description="Filter preserved-host log lines by source class before drilling into raw lines or correlated request entries."

+       >

+         <div className="flex flex-wrap gap-3">

+           {sourceOptions.map((option) => {

+             const active = sourceFilter === option;

+             return (

+               <button

+                 key={option}

+                 type="button"

+                 className={secondaryButtonClassName}

+                 aria-pressed={active}

+                 onClick={() => setSourceFilter(option)}

+               >

+                 {option === "all" ? "All sources" : option}

+               </button>

+             );

+           })}

+         </div>

+       </SectionCard>

+ 

+       <SectionCard

+         title="Structured log history"

+         description="Rows are parsed into Timestamp, Source, Severity, Request, and message fields so they can be scanned without leaving the shell."

+       >

+         {filteredRows.length === 0 ? (

+           <EmptyState label="No logs recorded yet." />

+         ) : (

+           <div className="overflow-x-auto">

+             <table className="min-w-full text-left text-sm">

+               <thead className="text-[var(--rm-muted)]">

+                 <tr>

+                   <th className="pb-3 font-medium">Timestamp</th>

+                   <th className="pb-3 font-medium">Source</th>

+                   <th className="pb-3 font-medium">Severity</th>

+                   <th className="pb-3 font-medium">Request</th>

+                   <th className="pb-3 font-medium">Entry</th>

+                 </tr>

+               </thead>

+               <tbody>

+                 {filteredRows.map((row) => (

+                   <tr key={row.key} className="border-t border-[var(--rm-border)] align-top">

+                     <td className="py-3 text-[var(--rm-secondary)]">{row.timestamp ?? "ΓÇö"}</td>

+                     <td className="py-3 text-[var(--rm-secondary)]">{row.sourceClass}</td>

+                     <td className="py-3">

+                       {row.severity ? (

+                         <StatusPill

+                           tone={

+                             row.severity === "error"

+                               ? "warning"

+                               : row.severity === "warn"

+                                 ? "warning"

+                                 : row.severity === "info"

+                                   ? "accent"

+                                   : "neutral"

+                           }

+                         >

+                           {row.severity}

+                         </StatusPill>

+                       ) : (

+                         <span className="text-[var(--rm-muted)]">ΓÇö</span>

+                       )}

+                     </td>

+                     <td className="py-3 text-[var(--rm-secondary)]">{row.requestId ?? "ΓÇö"}</td>

+                     <td className="py-3 text-[var(--rm-secondary)]">{row.message}</td>

+                   </tr>

+                 ))}

+               </tbody>

+             </table>

+           </div>

+         )}

+       </SectionCard>

+ 

+       <SectionCard

+         title="Raw lines"

+         description="Preserved-host output stays visible as raw lines so operators can compare the filtered ledger against the original capture."

+       >

+         {filteredRows.length === 0 ? (

+           <EmptyState label="No raw lines match the current source filter." />

+         ) : (

+           <pre className="max-h-96 overflow-auto whitespace-pre-wrap border border-[var(--rm-border)] bg-[var(--rm-panel)] p-4 font-mono text-xs text-[var(--rm-secondary)]">

+             {filteredRows.map((row) => row.rawLine).join("\n")}

+           </pre>

+         )}

+       </SectionCard>

+ 

+       <SectionCard

+         title="Raw stream endpoints"

+         description="Use the preserved raw stream endpoints when you need unparsed tail output for proxy or upstream processes."

+       >

+         <div className="flex flex-wrap gap-3">

+           <a className={secondaryButtonClassName} href="/logs/stream/proxy">

+             Open raw proxy stream

+           </a>

+           <a className={secondaryButtonClassName} href="/logs/stream/upstream">

+             Open raw upstream stream

+           </a>

+         </div>

+       </SectionCard>

+     </div>

+   );

+ }

+

 Γ¥» app/lib/design-system.test.ts:710:31
    708| 
    709|   test("logs route exposes request-detail handoffs while preserving raΓÇª
    710|     expect(observeLogsSource).toContain("/app/observe/requests/");
       |                               ^
    711|     expect(observeLogsSource).toContain("canonical telemetry");
    712|     expect(observeLogsSource).toContain("Open raw proxy stream");
ΓÄ»ΓÄ»ΓÄ»ΓÄ»ΓÄ»ΓÄ»ΓÄ»ΓÄ»ΓÄ»ΓÄ»ΓÄ»ΓÄ»ΓÄ»ΓÄ»ΓÄ»ΓÄ»ΓÄ»ΓÄ»ΓÄ»ΓÄ»ΓÄ»ΓÄ»ΓÄ»ΓÄ»[1/1]ΓÄ»


[2m Test Files [22m [1m[31m1 failed[39m[22m[90m (1)[39m
[2m      Tests [22m [1m[31m1 failed[39m[22m[2m | [22m[1m[32m25 passed[39m[22m[90m (26)[39m
[2m   Start at [22m 09:41:09
[2m   Duration [22m 2.61s[2m (transform 855ms, setup 0ms, collect 1.35s, tests 142ms, environment 0ms, prepare 287ms)[22m

