
[1m[46m RUN [49m[22m [36mv3.2.4 [39m[90mD:/DEV/role-model/.worktrees/45-observe-surface-realignment/role-model-router/apps/runtime-ui[39m

 [31mΓ¥»[39m app/lib/design-system.test.ts [2m([22m[2m25 tests[22m[2m | [22m[31m1 failed[39m[2m)[22m[32m 183[2mms[22m[39m
   [32mΓ£ô[39m runtime design system[2m > [22mdefines navigation groups and layout templates for every runtime route[32m 7[2mms[22m[39m
   [32mΓ£ô[39m runtime design system[2m > [22mkeeps the shell on restrained radii and explicit content widths[32m 1[2mms[22m[39m
   [32mΓ£ô[39m runtime design system[2m > [22mglobal shell chrome keeps legacy vendor ui out of the main runtime contract[32m 84[2mms[22m[39m
   [32mΓ£ô[39m runtime design system[2m > [22mstudio implementation targets render repo-owned workspace sections instead of placeholder blueprints[32m 19[2mms[22m[39m
   [32mΓ£ô[39m runtime design system[2m > [22mintegration and system implementation targets render live upstream and peer surfaces[32m 12[2mms[22m[39m
   [32mΓ£ô[39m runtime design system[2m > [22mrouter implementation targets render repo-owned routing explanation surfaces[32m 1[2mms[22m[39m
   [32mΓ£ô[39m runtime design system[2m > [22mrouter, connect registry, and remote surfaces expose alias/readiness ownership instead of generic filler[32m 1[2mms[22m[39m
   [32mΓ£ô[39m runtime design system[2m > [22mrouter routes preserve empty-state and observe-link affordances[32m 0[2mms[22m[39m
   [32mΓ£ô[39m runtime design system[2m > [22mmerged router overview stays observational while routing strategy owns editing controls[32m 2[2mms[22m[39m
   [32mΓ£ô[39m runtime design system[2m > [22mmeta-guidance panels stay removed from overview and observe routes[32m 1[2mms[22m[39m
   [32mΓ£ô[39m runtime design system[2m > [22mdesign system doc marks the converted pages as live routes[32m 1[2mms[22m[39m
   [32mΓ£ô[39m runtime design system[2m > [22mcontrol routes tolerate an unassigned controller before endpoint activation[32m 0[2mms[22m[39m
   [32mΓ£ô[39m runtime design system[2m > [22mapplies the swiss stone palette, ibm plex typography, and dual-scheme browser contract in shared app chrome[32m 1[2mms[22m[39m
   [32mΓ£ô[39m runtime design system[2m > [22mkeeps shared states on the stone plus single-accent palette[32m 1[2mms[22m[39m
   [32mΓ£ô[39m runtime design system[2m > [22mremote, models, router, and system runtime config routes are first-class pages in the retained taxonomy[32m 12[2mms[22m[39m
   [32mΓ£ô[39m runtime design system[2m > [22mlocal setup surfaces stay discoverable from navigation and empty registry states[32m 1[2mms[22m[39m
   [32mΓ£ô[39m runtime design system[2m > [22mobserve and local log surfaces render structured ledgers rather than raw iframe placeholders[32m 1[2mms[22m[39m
   [32mΓ£ô[39m runtime design system[2m > [22mobserve ownership keeps requests canonical and raw-host surfaces adjacent[32m 0[2mms[22m[39m
   [32mΓ£ô[39m runtime design system[2m > [22mrequests and request detail stay telemetry-first while exposing raw-host handoffs[32m 0[2mms[22m[39m
[31m   [31m├ù[31m runtime design system[2m > [22mactivity route frames raw-host metrics as adjacent to canonical telemetry[39m[32m 30[2mms[22m[39m
[31m     ΓåÆ expected 'import { useEffect, useState } from "ΓÇª' to contain '/app/observe/requests'[39m
   [32mΓ£ô[39m runtime design system[2m > [22mregistry and system layouts avoid redundant KPI strips and placeholder note panels[32m 1[2mms[22m[39m
   [32mΓ£ô[39m runtime design system[2m > [22mdashboard passes telemetry detail to FactCard for Latency[32m 1[2mms[22m[39m
   [32mΓ£ô[39m runtime design system[2m > [22mworkbench and observe routes expose routing controls and receipts in repo-owned UI surfaces[32m 1[2mms[22m[39m
   [32mΓ£ô[39m runtime design system[2m > [22mshell header owns route metadata and page actions without duplicate page headers[32m 2[2mms[22m[39m
   [32mΓ£ô[39m runtime design system[2m > [22mruntime route definitions stay slim and future scaffolds avoid duplicate header props[32m 1[2mms[22m[39m

ΓÄ»ΓÄ»ΓÄ»ΓÄ»ΓÄ»ΓÄ»ΓÄ» Failed Tests 1 ΓÄ»ΓÄ»ΓÄ»ΓÄ»ΓÄ»ΓÄ»ΓÄ»

 FAIL  app/lib/design-system.test.ts > runtime design system > activity route frames raw-host metrics as adjacent to canonical telemetry
AssertionError: expected 'import { useEffect, useState } from "ΓÇª' to contain '/app/observe/requests'

- Expected
+ Received

- /app/observe/requests
+ import { useEffect, useState } from "react";

+ 

+ import {

+   CodeBlock,

+   EmptyState,

+   ErrorState,

+   FactCard,

+   LoadingState,

+   SectionCard,

+   StatusPill,

+ } from "../components/page-primitives";

+ import {

+   listRowClassName,

+   mutedPanelClassName,

+   secondaryButtonClassName,

+ } from "../lib/design-system";

+ import { usePageActions } from "../lib/shell-header-context";

+ import {

+   type RuntimeActivityCapture,

+   type RuntimeActivityLogEntry,

+   fetchActivityCapture,

+   fetchActivityMetrics,

+ } from "../lib/runtime-api";

+ import { buildActivitySummary } from "../lib/view-models";

+ 

+ function decodeCaptureBody(encoded: string): string {

+   try {

+     return typeof globalThis.atob === "function" ? globalThis.atob(encoded) : encoded;

+   } catch {

+     return encoded;

+   }

+ }

+ 

+ export default function ObserveActivityRoute() {

+   const [metrics, setMetrics] = useState<RuntimeActivityLogEntry[] | null>(null);

+   const [selectedCaptureId, setSelectedCaptureId] = useState<number | null>(null);

+   const [selectedCapture, setSelectedCapture] = useState<RuntimeActivityCapture | null>(null);

+   const [error, setError] = useState<string | null>(null);

+   const [captureError, setCaptureError] = useState<string | null>(null);

+   const [captureLoading, setCaptureLoading] = useState(false);

+ 

+   useEffect(() => {

+     void fetchActivityMetrics()

+       .then((value) => {

+         setMetrics(value);

+         setSelectedCaptureId(

+           (current) => current ?? value.find((entry) => entry.has_capture)?.id ?? null,

+         );

+       })

+       .catch((value: unknown) =>

+         setError(value instanceof Error ? value.message : "Could not load activity metrics."),

+       );

+   }, []);

+ 

+   useEffect(() => {

+     if (selectedCaptureId === null) {

+       setSelectedCapture(null);

+       setCaptureError(null);

+       setCaptureLoading(false);

+       return;

+     }

+ 

+     setCaptureLoading(true);

+     setCaptureError(null);

+     void fetchActivityCapture(selectedCaptureId)

+       .then((value) => {

+         setSelectedCapture(value);

+         if (!value) {

+           setCaptureError(`Capture ${selectedCaptureId} is no longer available.`);

+         }

+       })

+       .catch((value: unknown) =>

+         setCaptureError(

+           value instanceof Error ? value.message : `Could not load capture ${selectedCaptureId}.`,

+         ),

+       )

+       .finally(() => setCaptureLoading(false));

+   }, [selectedCaptureId]);

+ 

+   usePageActions(

+     <>

+       <a className={secondaryButtonClassName} href="/api/metrics">

+         Raw metrics

+       </a>

+       <a className={secondaryButtonClassName} href="/api/events">

+         Event stream

+       </a>

+     </>,

+     [],

+   );

+ 

+   if (error) {

+     return <ErrorState label={error} />;

+   }

+   if (!metrics) {

+     return <LoadingState label="Loading activity ledgerΓÇª" />;

+   }

+ 

+   const summary = buildActivitySummary(metrics);

+ 

+   return (

+     <div className="space-y-6">

+       <div className="grid gap-4 md:grid-cols-2 xl:grid-cols-4">

+         {summary.facts.map((fact) => (

+           <FactCard

+             key={fact.label}

+             label={fact.label}

+             value={fact.value}

+             detail={fact.detail}

+             emphasis={fact.label === "Entries"}

+           />

+         ))}

+       </div>

+ 

+       <div className="grid grid-cols-12 gap-4">

+         <SectionCard className="col-span-12 xl:col-span-8" title="Recent host activity">

+           {summary.rows.length === 0 ? (

+             <EmptyState label="No host activity is available yet." />

+           ) : (

+             <div className="space-y-3">

+               {summary.rows.map((row) => (

+                 <div key={row.id} className={listRowClassName}>

+                   <div className="space-y-2">

+                     <div className="flex flex-wrap items-center gap-2">

+                       <p className="font-medium text-[var(--rm-fg)]">{row.model}</p>

+                       <StatusPill tone={Number(row.status) >= 400 ? "warning" : "success"}>

+                         {row.status}

+                       </StatusPill>

+                     </div>

+                     <p className="text-sm text-[var(--rm-secondary)]">{row.path}</p>

+                     <div className="flex flex-wrap gap-x-4 gap-y-2 text-xs uppercase tracking-[0.16em] text-[var(--rm-muted)]">

+                       <span>Id {row.id}</span>

+                       <span>{row.durationLabel}</span>

+                       <span>{row.inputTokens} input</span>

+                       <span>{row.outputTokens} output</span>

+                       <span>{row.cacheTokens} cached</span>

+                     </div>

+                   </div>

+                   <div className="flex flex-col items-start gap-2 md:items-end">

+                     <p className="text-xs uppercase tracking-[0.16em] text-[var(--rm-muted)]">

+                       {new Date(row.timestamp).toLocaleString()}

+                     </p>

+                     {row.hasCapture ? (

+                       <button

+                         className="text-sm font-medium text-[var(--rm-accent)]"

+                         onClick={() => setSelectedCaptureId(row.id)}

+                         type="button"

+                       >

+                         Inspect capture

+                       </button>

+                     ) : (

+                       <span className="text-sm text-[var(--rm-secondary)]">{row.captureLabel}</span>

+                     )}

+                   </div>

+                 </div>

+               ))}

+             </div>

+           )}

+         </SectionCard>

+ 

+         <SectionCard className="col-span-12 xl:col-span-4" title="Capture inspector">

+           <div className="space-y-3">

+             {selectedCaptureId === null ? (

+               <EmptyState label="Choose a ledger row with a capture to inspect raw request and response bodies." />

+             ) : captureLoading ? (

+               <LoadingState label={`Loading capture ${selectedCaptureId}ΓÇª`} />

+             ) : captureError ? (

+               <ErrorState label={captureError} />

+             ) : !selectedCapture ? (

+               <EmptyState label={`Capture ${selectedCaptureId} is not available.`} />

+             ) : (

+               <>

+                 <div className={`${mutedPanelClassName} p-4 text-sm text-[var(--rm-secondary)]`}>

+                   <p className="font-medium text-[var(--rm-fg)]">{selectedCapture.req_path}</p>

+                   <p className="mt-2">Capture {selectedCapture.id}</p>

+                 </div>

+                 <div>

+                   <p className="mb-2 text-xs font-medium uppercase tracking-[0.18em] text-[var(--rm-muted)]">

+                     Request headers

+                   </p>

+                   <CodeBlock>{JSON.stringify(selectedCapture.req_headers, null, 2)}</CodeBlock>

+                 </div>

+                 <div>

+                   <p className="mb-2 text-xs font-medium uppercase tracking-[0.18em] text-[var(--rm-muted)]">

+                     Request body

+                   </p>

+                   <CodeBlock>{decodeCaptureBody(selectedCapture.req_body) || "(empty)"}</CodeBlock>

+                 </div>

+                 <div>

+                   <p className="mb-2 text-xs font-medium uppercase tracking-[0.18em] text-[var(--rm-muted)]">

+                     Response headers

+                   </p>

+                   <CodeBlock>{JSON.stringify(selectedCapture.resp_headers, null, 2)}</CodeBlock>

+                 </div>

+                 <div>

+                   <p className="mb-2 text-xs font-medium uppercase tracking-[0.18em] text-[var(--rm-muted)]">

+                     Response body

+                   </p>

+                   <CodeBlock>{decodeCaptureBody(selectedCapture.resp_body) || "(empty)"}</CodeBlock>

+                 </div>

+               </>

+             )}

+           </div>

+         </SectionCard>

+       </div>

+     </div>

+   );

+ }

+

 Γ¥» app/lib/design-system.test.ts:704:40
    702| 
    703|   test("activity route frames raw-host metrics as adjacent to canonicaΓÇª
    704|     expect(observeActivityRouteSource).toContain("/app/observe/requestΓÇª
       |                                        ^
    705|     expect(observeActivityRouteSource).toContain("canonical structuredΓÇª
    706|     expect(observeActivityRouteSource).toContain("Raw metrics");

ΓÄ»ΓÄ»ΓÄ»ΓÄ»ΓÄ»ΓÄ»ΓÄ»ΓÄ»ΓÄ»ΓÄ»ΓÄ»ΓÄ»ΓÄ»ΓÄ»ΓÄ»ΓÄ»ΓÄ»ΓÄ»ΓÄ»ΓÄ»ΓÄ»ΓÄ»ΓÄ»ΓÄ»[1/1]ΓÄ»


[2m Test Files [22m [1m[31m1 failed[39m[22m[90m (1)[39m
[2m      Tests [22m [1m[31m1 failed[39m[22m[2m | [22m[1m[32m24 passed[39m[22m[90m (25)[39m
[2m   Start at [22m 09:40:34
[2m   Duration [22m 2.75s[2m (transform 1.02s, setup 0ms, collect 1.57s, tests 183ms, environment 0ms, prepare 249ms)[22m

