(node:46608) [DEP0190] DeprecationWarning: Passing args to a child process with shell option true can lead to security vulnerabilities, as the arguments are not escaped, only concatenated.
(Use `node --trace-deprecation ...` to show where the warning was created)

## /role-model setup
{"id":"prompt","type":"response","command":"prompt","success":true}
{"type":"agent_start"}
{"type":"turn_start"}
{"type":"message_start","message":{"role":"user","content":[{"type":"text","text":"/role-model setup"}],"timestamp":1782213237081}}
{"type":"message_end","message":{"role":"user","content":[{"type":"text","text":"/role-model setup"}],"timestamp":1782213237081}}
RPC_EXIT_CODE=null
RPC_SIGNAL=SIGTERM

## /role-model status
{"id":"prompt","type":"response","command":"prompt","success":true}
{"type":"agent_start"}
{"type":"turn_start"}
{"type":"message_start","message":{"role":"user","content":[{"type":"text","text":"/role-model status"}],"timestamp":1782213240588}}
{"type":"message_end","message":{"role":"user","content":[{"type":"text","text":"/role-model status"}],"timestamp":1782213240588}}
RPC_EXIT_CODE=null
RPC_SIGNAL=SIGTERM

## /role-model doctor
{"id":"prompt","type":"response","command":"prompt","success":true}
{"type":"agent_start"}
{"type":"turn_start"}
{"type":"message_start","message":{"role":"user","content":[{"type":"text","text":"/role-model doctor"}],"timestamp":1782213244327}}
{"type":"message_end","message":{"role":"user","content":[{"type":"text","text":"/role-model doctor"}],"timestamp":1782213244327}}
RPC_EXIT_CODE=null
RPC_SIGNAL=SIGTERM

## /role-model ui
{"id":"prompt","type":"response","command":"prompt","success":true}
{"type":"agent_start"}
{"type":"turn_start"}
{"type":"message_start","message":{"role":"user","content":[{"type":"text","text":"/role-model ui"}],"timestamp":1782213247874}}
{"type":"message_end","message":{"role":"user","content":[{"type":"text","text":"/role-model ui"}],"timestamp":1782213247874}}
RPC_EXIT_CODE=null
RPC_SIGNAL=SIGTERM

## /role-model alias list
{"id":"prompt","type":"response","command":"prompt","success":true}
{"type":"agent_start"}
{"type":"turn_start"}
{"type":"message_start","message":{"role":"user","content":[{"type":"text","text":"/role-model alias list"}],"timestamp":1782213251366}}
{"type":"message_end","message":{"role":"user","content":[{"type":"text","text":"/role-model alias list"}],"timestamp":1782213251366}}
RPC_EXIT_CODE=null
RPC_SIGNAL=SIGTERM

## /role-model alias recommended
{"id":"prompt","type":"response","command":"prompt","success":true}
{"type":"agent_start"}
{"type":"turn_start"}
{"type":"message_start","message":{"role":"user","content":[{"type":"text","text":"/role-model alias recommended"}],"timestamp":1782213255100}}
{"type":"message_end","message":{"role":"user","content":[{"type":"text","text":"/role-model alias recommended"}],"timestamp":1782213255100}}
RPC_EXIT_CODE=null
RPC_SIGNAL=SIGTERM

## /role-model alias use default.decision-only
{"id":"prompt","type":"response","command":"prompt","success":true}
{"type":"agent_start"}
{"type":"turn_start"}
{"type":"message_start","message":{"role":"user","content":[{"type":"text","text":"/role-model alias use default.decision-only"}],"timestamp":1782213258705}}
{"type":"message_end","message":{"role":"user","content":[{"type":"text","text":"/role-model alias use default.decision-only"}],"timestamp":1782213258705}}
RPC_EXIT_CODE=null
RPC_SIGNAL=SIGTERM

## /role-model alias refresh
{"id":"prompt","type":"response","command":"prompt","success":true}
{"type":"agent_start"}
{"type":"turn_start"}
{"type":"message_start","message":{"role":"user","content":[{"type":"text","text":"/role-model alias refresh"}],"timestamp":1782213262230}}
{"type":"message_end","message":{"role":"user","content":[{"type":"text","text":"/role-model alias refresh"}],"timestamp":1782213262230}}
RPC_EXIT_CODE=null
RPC_SIGNAL=SIGTERM

## /role-model alias current
{"id":"prompt","type":"response","command":"prompt","success":true}
{"type":"agent_start"}
{"type":"turn_start"}
{"type":"message_start","message":{"role":"user","content":[{"type":"text","text":"/role-model alias current"}],"timestamp":1782213265910}}
{"type":"message_end","message":{"role":"user","content":[{"type":"text","text":"/role-model alias current"}],"timestamp":1782213265910}}
RPC_EXIT_CODE=null
RPC_SIGNAL=SIGTERM
