
> @role-model-router/sqlite-memory@0.0.0 test D:\DEV\role-model\.worktrees\73-telemetry-surface-integrity-contract-fix\role-model-router\packages\sqlite-memory
> vitest run test/index.test.ts


 RUN  v3.2.4 D:/DEV/role-model/.worktrees/73-telemetry-surface-integrity-contract-fix/role-model-router/packages/sqlite-memory

(node:28428) ExperimentalWarning: SQLite is an experimental feature and might change at any time
(Use `node --trace-warnings ...` to show where the warning was created)
 ✓ test/index.test.ts (39 tests) 9778ms
   ✓ initializeSqliteMemory > persists runtime observation bundles, profile snapshots, and maintenance-policy reads  349ms
   ✓ initializeSqliteMemory > flattens persisted runtime observations into canonical telemetry summary, comparison, and request rows  535ms
   ✓ initializeSqliteMemory > exports persisted runtime state for operator drills  304ms
   ✓ persistObservedBenchmarkSample benchmark_mode > retries through a transient sqlite write lock when persisting benchmark samples  541ms
   ✓ persistObservedBenchmarkSample benchmark_mode > retries through a transient sqlite write lock when persisting runtime observation bundles  701ms
   ✓ persistObservedBenchmarkSample benchmark_mode > waits through a transient sqlite lock when reading difficulty classification cache  437ms
   ✓ persistObservedBenchmarkSample benchmark_mode > retries through a transient sqlite write lock when persisting difficulty classification cache  437ms
   ✓ persistObservedBenchmarkSample benchmark_mode > waits through a transient sqlite lock when reading advisory max difficulty recommendations  435ms
   ✓ persistObservedBenchmarkSample benchmark_mode > waits through a transient sqlite lock when listing runtime telemetry records  578ms
   ✓ persistObservedBenchmarkSample benchmark_mode > waits through a transient sqlite lock when reading batched observation telemetry columns  558ms

 Test Files  1 passed (1)
      Tests  39 passed (39)
   Start at  04:24:04
   Duration  13.50s (transform 1.08s, setup 0ms, collect 1.26s, tests 9.78s, environment 0ms, prepare 725ms)

