✔ A1: a unanimous source win weighs confidence * 1 (8.8352ms)
✔ A1: confidence outside [0,1] is clamped (0.9952ms)
✔ A1: disagreement down-weights by the non-tie scorer share, clamped at 0.5 (1.684ms)
✔ A1: a unanimous candidate win makes the source a loss (0.6819ms)
✔ A1: an extreme minority (clamp 0.5) still records the decided winner (0.7525ms)
✔ A1: a tie contributes 0 regardless of confidence or disagreement (0.5711ms)
✔ A1: tie outcomes never count as scorers (0.6395ms)
✔ A1: the LadderRecord schema accepts the aggregate input shape (0.4272ms)
✔ A1: the LadderRung schema only accepts available|unavailable status (4.779ms)
✔ A2: rankScore is the signed sum of weighted verdicts (16.7163ms)
✔ A2: order desc by rankScore; ties keep the deterministic key order (3.7659ms)
✔ A2: the comparator is a total order on the full key tuple (27.5191ms)
✔ A2: head-to-head resolves a rankScore tie before losses/wins/count (1.6628ms)
✔ A2: 50 shuffles produce the identical ladder (55.5066ms)
✔ A2: the rung list carries { endpointId, rank, status } with rank from 1 (1.0353ms)
(node:27820) ExperimentalWarning: SQLite is an experimental feature and might change at any time
(Use `node --trace-warnings ...` to show where the warning was created)
✔ A3: a store created WITHOUT the column keeps its legacy shape on open; only a write adds it (214.5341ms)
✔ A3: the FINALIZED insert stamps created_at_ms from the core clock and never enters the bodies (254.8785ms)
✔ A3: the REJECTED insert stamps created_at_ms too (211.4255ms)
✔ A3: evaluation:list-groups exposes createdAtMs as a SIBLING of each row (218.9595ms)
✔ A4: a finalized, valid, effort-comparable comparison projects as a record (4.6523ms)
✔ A4: the join uses the own comparability roleId/taskTypeId, never taskRef (D4) (2.5717ms)
✔ A4: status other than finalized is excluded (0.5959ms)
✔ A4: a non-decisive outcome (insufficient/disagreement) is excluded (0.4992ms)
✔ A4: any validity issue excludes the record by name (0.6362ms)
✔ A4: a mismatched effortComparability entry excludes the record (0.599ms)
✔ A4: effortComparability absent excludes; present-and-clean admits; mismatched excludes (0.6413ms)
✔ A4: a group with no comparability is unscoped_comparison (0.5004ms)
✔ A4: roleId or taskTypeId absent is incomplete_scope, never guessed (0.5372ms)
✔ A4: sortGroupsByCreatedAtMs is stable oldest-first (1.0979ms)
✔ A5: five final comparisons at mean 0.8 admit the endpoint (33.3673ms)
✔ A5: an endpoint with 4 comparisons stays below the floor regardless of confidence (1.1706ms)
✔ A5: mean confidence below 0.7 fails the floor even with many comparisons (0.91ms)
✔ A5: the mean counts only the endpoint OWN finalized comparisons (R9/D6) (0.8133ms)
✔ A5: custom minComparisons/minConfidence are honored (0.7833ms)
✔ A5: a tie participates in the mean (its confidence is a judge confidence) (5.553ms)
✔ A5: an excluded comparison contributes to neither the count nor the mean (1.7944ms)
✔ A5: the floor and completeness schemas validate the derived shapes (11.9056ms)
(node:11868) ExperimentalWarning: SQLite is an experimental feature and might change at any time
(Use `node --trace-warnings ...` to show where the warning was created)
✔ Run105 E2 host authority: the real adapter operation materializes a finalized group into the real store (2228.0876ms)
✔ Run105 E2 paging repair: hasMore without nextCursor is refused, never a partial materialization (2445.8274ms)
✔ Run105 E2 paging repair: a repeated cursor is refused as a cycle (2814.013ms)
✔ Run105 E2 paging repair: hasMore that never completes exhausts the budget and refuses (3069.5334ms)
✔ Run105 E2 defaults repair: a caller-supplied invalid defaults snapshot is refused, not ignored (4486.9982ms)
[e2-paging] materialization entries: 71 written: 71
✔ Run105 E2 paging regression: a real store larger than one page materializes completely (22399.9778ms)
(node:8776) ExperimentalWarning: SQLite is an experimental feature and might change at any time
(Use `node --trace-warnings ...` to show where the warning was created)
✔ Run105 E5: the records readback carries the frozen ladder index beside intact records (148.8986ms)
✔ Run105 E5: a store that does not answer keeps records intact with ladders unavailable (15.3197ms)
✔ Run105 E5: scope-wide packs produce no ladder rows (17.3779ms)
✔ Run105 E5: a rolled-back ladder keeps its state, active false, and its rollback flag (82.3235ms)
✔ Run105 E5 design audit: the index row carries the FULL bounded rung list beside the top-3 (26.1159ms)
(node:22568) ExperimentalWarning: SQLite is an experimental feature and might change at any time
(Use `node --trace-warnings ...` to show where the warning was created)
✔ Run105 E5 repair: ON -> GET -> OFF -> GET lands the per-task flag, keeps rungs and reason, isolates the other task (264.3865ms)
✔ Run105 E5 repair: a legacy scope-wide body still reaches the legacy rollback unchanged (160.478ms)
✔ Run105 E5 repair: a malformed toggle body is refused instead of coerced (98.6208ms)
✔ run105 every canonical extension package exactly matches runtime capabilities and protocol (141.8712ms)
(node:33084) ExperimentalWarning: SQLite is an experimental feature and might change at any time
(Use `node --trace-warnings ...` to show where the warning was created)
✔ production: finalized authentic group fixtures become stored floor-filtered ladder without promotion (336.7751ms)
✔ production: repeated permuted duplicate evidence does not advance version or freshness (219.7516ms)
✔ production: exact role/task isolates floors; all below-floor scope has no ladder (179.6736ms)
✔ production: removed admitted rungs survive unavailable and leave completeness denominator (205.2282ms)
✔ production: rollback ON pauses rewrite; roll-forward reason/time survive later evidence (318.524ms)
✔ production: stale evidence subsets and conflicting group ids never overwrite authoritative snapshot (176.633ms)
✔ production: worker dispatcher refuses unauthenticated cross-worker file-path writes (16.3514ms)
✔ production: genuine EvaluationCore finalization reaches real store (761.0079ms)
✔ production: unknown evidence time stays unknown without fabricated freshness (200.4891ms)
✔ production: finalized evidence with another runtime's reference proofs is rejected (82.088ms)
✔ production: result refers to actually stored content-addressed evidence document (155.6654ms)
✔ production: store CAS options preserve rollback and refused writes are never reported written (4.3887ms)
✔ safety resume: below-floor update retains authoritative ranks and measured effective admission (206.8372ms)
✔ safety: mixed policy regression freezes prior snapshot and defers new admissions (181.8013ms)
✔ safety resume: all-floor-empty recompute still applies USER removals (206.1898ms)
✔ safety resume: caller taxonomy never fabricates provenance on old or unknown evidence (239.6199ms)
✔ safety resume: 65 historical admitted rungs produce explicit bounded refusal without deleting history (360.9925ms)
✔ safety resume: rejected floor evidence cannot refresh rank provenance or prior admission policy (218.038ms)
✔ safety resume: oversized evidence metadata refuses explicitly before writing rather than dropping provenance (221.8578ms)
(node:32008) ExperimentalWarning: SQLite is an experimental feature and might change at any time
(Use `node --trace-warnings ...` to show where the warning was created)
✔ run105 R1: activatePack without role/task keeps the legacy scope-wide key byte-identical (218.665ms)
✔ run105 R1: activatePack with role+task keys per (role, task) and receipts the composite scope (166.7376ms)
✔ run105 C1/C7: both canonical schema copies gain $defs.routeLadderPack and the oneOf branch (6.813ms)
✔ run105 R2-contract: the regenerated public module and the public JSON are byte-parity (8.7631ms)
✔ run105 R2-contract: the TS contracts declare the ladder interfaces and the union member (2.219ms)
✔ run105 D10: legacy/scope seed mode reproduces the byte-identical frozen cohort buckets (8.4111ms)
✔ run105 D10: only role_task mode composes the composite seed; a missing component fails closed (5.2849ms)
✔ run105 D10: the cohort ladder and step machinery are untouched (frozen buckets stay frozen) (1.632ms)
(node:36268) ExperimentalWarning: SQLite is an experimental feature and might change at any time
(Use `node --trace-warnings ...` to show where the warning was created)
✔ run105 R7/C6: a legacy store migrates in place without a SCHEMA_VERSION bump (additive marker) (198.0108ms)
✔ run105 R7: a fresh store has the ladder table and WAL from the first open (60.0716ms)
✔ run105 R8: the challenge walks top-down, one comparison per rung, bounded by the batch size (6.0684ms)
✔ run105 R8: a user-removed rung is skipped, and the new endpoint never challenges itself (2.821ms)
✔ run105 R8: nextChallengeRung resumes the walk and reports exhaustion as null (0.9278ms)
✔ run105 R14/R8: completeness is admitted / currently-configured and derives the lifecycle state (0.8013ms)
(node:36660) ExperimentalWarning: SQLite is an experimental feature and might change at any time
(Use `node --trace-warnings ...` to show where the warning was created)
✔ run105 R10: the per-task rollback flag defaults OFF and toggles ON/OFF with the reason preserved (124.6973ms)
✔ run105 R10: rolling back one task never disturbs another (132.6624ms)
(node:25772) ExperimentalWarning: SQLite is an experimental feature and might change at any time
(Use `node --trace-warnings ...` to show where the warning was created)
✔ run105 R10: the operator toggle is reversible, keeps the reason, and pauses replay while ON (232.101ms)
✔ run105 R10: the toggle touches one task only (per-(role, task) isolation) (156.1007ms)
✔ run105 R10/D8: the toggle writes only the ladder row - no pack, no validation receipt (221.5449ms)
✔ run105 R8: mark-ladder-eligible recomputes nextEligibleAtMs without touching rungs or version (110.8733ms)
✔ run105 R8/E: list-route-ladders enumerates the scope rows E renders (115.7335ms)
✔ run105 R14: deriveLifecycleState covers the four stored states and derives active, never stores it (8.6ms)
✔ run105 R1: the composite ladder scope key is roleId taskTypeId and rejects a NUL component (4.8529ms)
✔ run105 R7: normalizeRungs accepts the contract shape and rejects rank gaps and statuses (1.797ms)
✔ run105 R2: applyRungRewrite applies a higher version and discards a stale lower one (1.9423ms)
(node:39236) ExperimentalWarning: SQLite is an experimental feature and might change at any time
(Use `node --trace-warnings ...` to show where the warning was created)
✔ REV-A1: a genuinely finalized group folds via members[].confidence and winnerTrialId (540.2431ms)
✔ REV-A2: the WINNING member confidence is used, never the loser's (2.2282ms)
✔ REV-A3: all-tie endpoints still rank (3.7066ms)
✔ REV-A4: head-to-head net is oriented by the CANONICAL pair, not by arm order (2.9754ms)
✔ REV-A5: h2h only breaks a PRIMARY-SCORE tie (net is evaluated within tie groups) (5.9406ms)
✔ REV-A6: duplicate group ids are counted once (1.824ms)
✔ REV-A7: weightedCount is a confidence-WEIGHTED count, not a plain tally (1.8594ms)
✔ REV-A8: every permutation folds to the identical ladder (35.3689ms)
✔ REV-A9: the comparator is transitive and cycle-free (2.6104ms)
✔ REV-A10: the admission floor reads each endpoint's OWN member confidence (2.3728ms)
✔ REV-A11: projection keeps the fail-closed exclusions on the authentic shape (0.7919ms)
✔ REV-A12: a member with NO own confidence is never admitted by borrowing the record's winner confidence (1.5716ms)
✔ REV-A13: a decisive winner missing its own member confidence cannot borrow the other member's mean (0.7851ms)
✔ REV-A14: a flat record with NO members keeps its explicit top-level confidence (1.3103ms)
✔ REV-A15: an effort entry with an unknown comparability value is excluded, not treated as clean (0.457ms)
(node:18388) ExperimentalWarning: SQLite is an experimental feature and might change at any time
(Use `node --trace-warnings ...` to show where the warning was created)
✔ implicit adapter scope remains exact and never enumerates foreign ladders (265.9246ms)
✔ failed store enumeration keeps observed pair but never claims confirmed no_ladder (146.927ms)
✔ observed classified live task with no admitted ladder has a no_ladder row (199.9555ms)
✔ unclassified/replay excluded; one role keeps two genuinely observed tasks (273.46ms)
✔ stored rows above 200 paginate with exact scope and current configured count (179.6376ms)
✔ runtime isolation: missing owned DB never borrows foreign DB or artifact refs (103.3731ms)
✔ census schema error is explicit unavailable, not fake no-observations (166.6407ms)
✔ unknown current endpoint authority stays null, not catalog or historical snapshot (111.5573ms)
✔ bounded page budget retains rows and explicitly reports incomplete enumeration (397.6116ms)
✔ observed union does not copy stored rollback flags to another task (248.1879ms)
(node:33092) ExperimentalWarning: SQLite is an experimental feature and might change at any time
(Use `node --trace-warnings ...` to show where the warning was created)
✔ scope mismatch refuses readRouteLadder without touching the row (251.542ms)
✔ scope mismatch refuses routeLadderState without touching the row (68.3385ms)
✔ scope mismatch refuses readRouteLadderRollback without touching the row (69.2697ms)
✔ scope mismatch refuses setRouteLadderRollback without touching the row (87.3725ms)
✔ scope mismatch refuses landRouteLadderRollback without touching the row (137.2257ms)
✔ scope mismatch refuses markLadderEligible without touching the row (71.3342ms)
✔ same role/task cannot silently overwrite another runtime (69.3404ms)
✔ separate WAL connections discard stale expectedVersion even with a higher incoming version (74.3243ms)
✔ expectedVersion zero means absent rather than overwrite (66.8574ms)
✔ equal version conflicting evidence is refused and returns stored contents (68.1064ms)
✔ equal version identical evidence is idempotent, including canonical rung order (78.0103ms)
✔ rollback landed on another connection survives stale evidence JSON inside the write transaction (72.1843ms)
✔ evidence rewrite cannot erase roll-forward reason and timestamp, even without preservation option (77.8217ms)
✔ mark eligibility preserves evidence identity, version and rollback (71.606ms)
✔ legacy unscoped reads and toggles remain supported for existing callers (78.6595ms)
✔ capability facade fails closed for supplied runtime mismatch (81.0552ms)
(node:38096) ExperimentalWarning: SQLite is an experimental feature and might change at any time
(Use `node --trace-warnings ...` to show where the warning was created)
✔ real SQLite census reads 444 scope rows across bounded pages without duplicates or omissions (158.7981ms)
✔ cursor uses strict byte-binary role/task order and survives deletion of the cursor row (88.1713ms)
✔ hard maximum page is 200 even when the caller requests 1000 (81.3281ms)
✔ pagination keeps exact runtime filter on every continuation and empty scope reports no cursor (72.0583ms)
✔ invalid listing input fails closed: {"afterRoleId":"role:a"} (76.7331ms)
✔ invalid listing input fails closed: {"afterTaskTypeId":"task:a"} (71.8972ms)
✔ invalid listing input fails closed: {"afterRoleId":"","afterTaskTypeId":"task:a"} (74.2541ms)
✔ invalid listing input fails closed: {"afterRoleId":null,"afterTaskTypeId":"task:a"} (71.7899ms)
✔ invalid listing input fails closed: {"afterRoleId":"role:a\u0000","afterTaskTypeId":"task:a"} (80.6139ms)
✔ invalid listing input fails closed: {"afterRoleId":"xxxxxxxxxxxxxxxxxxxxxxxxxxxxxxxxxxxxxxxxxxxxxxxxxxxxxxxxxxxxxxxxxxxxxxxxxxxxxxxxxxxxxxxxxxxxxxxxxxxxxxxxxxxxxxxxxxxxxxxxxxxxxxxxxxxxxxxxxxxxxxxxxxxxxxxxxxxxxxxxxxxxxxxxxxxxxxxxxxxxxxxxxxxxxxxxxxxxxxxxxxxxxxxxxxxxxxxxxxxxxxxxxxxxxxxxxxxxxxxxxxxxxxxxxxxxxxxxx","afterTaskTypeId":"task:a"} (71.665ms)
✔ invalid listing input fails closed: {"scopeId":""} (66.9303ms)
✔ invalid listing input fails closed: {"scopeId":null} (68.0551ms)
✔ invalid listing input fails closed: {"scopeId":12} (69.3129ms)
✔ invalid listing input fails closed: {"scopeId":"runtime:a\u0000"} (68.2215ms)
✔ invalid listing input fails closed: {"limit":0} (74.5689ms)
✔ invalid listing input fails closed: {"limit":-1} (66.4154ms)
✔ invalid listing input fails closed: {"limit":1.5} (71.0069ms)
✔ invalid listing input fails closed: {"limit":"2"} (70.3717ms)
✔ authenticated capability facade exposes continuation metadata and legacy no-scope enumeration stays bounded (130.3837ms)
(node:33532) ExperimentalWarning: SQLite is an experimental feature and might change at any time
(Use `node --trace-warnings ...` to show where the warning was created)
✔ run105 R2/R7: the ladder write/read round trips through one indexed (role, task) read (155.6387ms)
✔ run105 R1: the ladder is keyed by (role_id, task_type_id); same role or same task alone never collides (133.0548ms)
✔ run105 R2: a stale lower-version rewrite is discarded (95.2228ms)
ℹ tests 159
ℹ suites 0
ℹ pass 159
ℹ fail 0
ℹ cancelled 0
ℹ skipped 0
ℹ todo 0
ℹ duration_ms 69852.5388
