✔ A1: a unanimous source win weighs confidence * 1 (22.1211ms)
✔ A1: confidence outside [0,1] is clamped (1.3029ms)
✔ A1: disagreement down-weights by the non-tie scorer share, clamped at 0.5 (2.1202ms)
✔ A1: a unanimous candidate win makes the source a loss (0.7416ms)
✔ A1: an extreme minority (clamp 0.5) still records the decided winner (0.9267ms)
✔ A1: a tie contributes 0 regardless of confidence or disagreement (0.644ms)
✔ A1: tie outcomes never count as scorers (1.1073ms)
✔ A1: the LadderRecord schema accepts the aggregate input shape (0.5808ms)
✔ A1: the LadderRung schema only accepts available|unavailable status (10.6968ms)
✔ A2: rankScore is the signed sum of weighted verdicts (15.7692ms)
✔ A2: order desc by rankScore; ties keep the deterministic key order (3.7464ms)
✔ A2: the comparator is a total order on the full key tuple (28.3086ms)
✔ A2: head-to-head resolves a rankScore tie before losses/wins/count (1.9009ms)
✔ A2: 50 shuffles produce the identical ladder (65.1197ms)
✔ A2: the rung list carries { endpointId, rank, status } with rank from 1 (1.1229ms)
(node:36600) ExperimentalWarning: SQLite is an experimental feature and might change at any time
(Use `node --trace-warnings ...` to show where the warning was created)
✔ A3: a store created WITHOUT the column keeps its legacy shape on open; only a write adds it (209.8481ms)
✔ A3: the FINALIZED insert stamps created_at_ms from the core clock and never enters the bodies (245.8519ms)
✔ A3: the REJECTED insert stamps created_at_ms too (227.3216ms)
✔ A3: evaluation:list-groups exposes createdAtMs as a SIBLING of each row (238.8577ms)
✔ A4: a finalized, valid, effort-comparable comparison projects as a record (3.7177ms)
✔ A4: the join uses the own comparability roleId/taskTypeId, never taskRef (D4) (1.5798ms)
✔ A4: status other than finalized is excluded (0.4225ms)
✔ A4: a non-decisive outcome (insufficient/disagreement) is excluded (0.3855ms)
✔ A4: any validity issue excludes the record by name (0.5121ms)
✔ A4: a mismatched effortComparability entry excludes the record (0.3735ms)
✔ A4: effortComparability absent excludes; present-and-clean admits; mismatched excludes (0.5957ms)
✔ A4: a group with no comparability is unscoped_comparison (0.4481ms)
✔ A4: roleId or taskTypeId absent is incomplete_scope, never guessed (0.433ms)
✔ A4: sortGroupsByCreatedAtMs is stable oldest-first (0.7693ms)
✔ A5: five final comparisons at mean 0.8 admit the endpoint (33.9729ms)
✔ A5: an endpoint with 4 comparisons stays below the floor regardless of confidence (1.1789ms)
✔ A5: mean confidence below 0.7 fails the floor even with many comparisons (0.927ms)
✔ A5: the mean counts only the endpoint OWN finalized comparisons (R9/D6) (0.8306ms)
✔ A5: custom minComparisons/minConfidence are honored (1.0301ms)
✔ A5: a tie participates in the mean (its confidence is a judge confidence) (1.0855ms)
✔ A5: an excluded comparison contributes to neither the count nor the mean (1.0203ms)
✔ A5: the floor and completeness schemas validate the derived shapes (14.5018ms)
(node:31928) ExperimentalWarning: SQLite is an experimental feature and might change at any time
(Use `node --trace-warnings ...` to show where the warning was created)
✔ Run105 E2 host authority: the real adapter operation materializes a finalized group into the real store (4039.2214ms)
✔ Run105 E2 paging repair: hasMore without nextCursor is refused, never a partial materialization (3091.4288ms)
✔ Run105 E2 paging repair: a repeated cursor is refused as a cycle (3532.2547ms)
✔ Run105 E2 paging repair: hasMore that never completes exhausts the budget and refuses (4629.5817ms)
✔ Run105 E2 defaults repair: a caller-supplied invalid defaults snapshot is refused, not ignored (4908.6234ms)
✖ Run105 E2 paging regression: a real store larger than one page materializes completely (10525.6268ms)
(node:23332) ExperimentalWarning: SQLite is an experimental feature and might change at any time
(Use `node --trace-warnings ...` to show where the warning was created)
✔ Run105 E5: the records readback carries the frozen ladder index beside intact records (45.1642ms)
✔ Run105 E5: a store that does not answer keeps records intact with ladders unavailable (6.1872ms)
✔ Run105 E5: scope-wide packs produce no ladder rows (15.8412ms)
✔ Run105 E5: a rolled-back ladder keeps its state, active false, and its rollback flag (14.3485ms)
✔ Run105 E5 design audit: the index row carries the FULL bounded rung list beside the top-3 (15.1882ms)
(node:10088) ExperimentalWarning: SQLite is an experimental feature and might change at any time
(Use `node --trace-warnings ...` to show where the warning was created)
✔ Run105 E5 repair: ON -> GET -> OFF -> GET lands the per-task flag, keeps rungs and reason, isolates the other task (180.2757ms)
✔ Run105 E5 repair: a legacy scope-wide body still reaches the legacy rollback unchanged (64.4287ms)
✔ Run105 E5 repair: a malformed toggle body is refused instead of coerced (54.8973ms)
✔ run105 every canonical extension package exactly matches runtime capabilities and protocol (28.7901ms)
(node:40648) ExperimentalWarning: SQLite is an experimental feature and might change at any time
(Use `node --trace-warnings ...` to show where the warning was created)
✔ production: finalized authentic group fixtures become stored floor-filtered ladder without promotion (218.7776ms)
✔ production: repeated permuted duplicate evidence does not advance version or freshness (102.7585ms)
✔ production: exact role/task isolates floors; all below-floor scope has no ladder (96.7337ms)
✔ production: removed admitted rungs survive unavailable and leave completeness denominator (135.1253ms)
✔ production: rollback ON pauses rewrite; roll-forward reason/time survive later evidence (176.7551ms)
✔ production: stale evidence subsets and conflicting group ids never overwrite authoritative snapshot (104.1401ms)
✔ production: worker dispatcher refuses unauthenticated cross-worker file-path writes (5.6826ms)
✔ production: genuine EvaluationCore finalization reaches real store (476.4548ms)
✔ production: unknown evidence time stays unknown without fabricated freshness (94.4369ms)
✔ production: finalized evidence with another runtime's reference proofs is rejected (55.7831ms)
✔ production: result refers to actually stored content-addressed evidence document (107.8579ms)
✔ production: store CAS options preserve rollback and refused writes are never reported written (2.8391ms)
✔ safety resume: below-floor update retains authoritative ranks and measured effective admission (195.5241ms)
✔ safety resume: all-floor-empty recompute still applies USER removals (124.5633ms)
✔ safety resume: caller taxonomy never fabricates provenance on old or unknown evidence (262.8833ms)
✔ safety resume: 65 historical admitted rungs produce explicit bounded refusal without deleting history (207.4088ms)
✔ safety resume: rejected floor evidence cannot refresh rank provenance or prior admission policy (151.5369ms)
✔ safety resume: oversized evidence metadata refuses explicitly before writing rather than dropping provenance (142.5724ms)
(node:19300) ExperimentalWarning: SQLite is an experimental feature and might change at any time
(Use `node --trace-warnings ...` to show where the warning was created)
✔ run105 R1: activatePack without role/task keeps the legacy scope-wide key byte-identical (177.6474ms)
✔ run105 R1: activatePack with role+task keys per (role, task) and receipts the composite scope (176.0863ms)
✔ run105 C1/C7: both canonical schema copies gain $defs.routeLadderPack and the oneOf branch (4.9472ms)
✔ run105 R2-contract: the regenerated public module and the public JSON are byte-parity (5.6602ms)
✔ run105 R2-contract: the TS contracts declare the ladder interfaces and the union member (1.3775ms)
✔ run105 D10: legacy/scope seed mode reproduces the byte-identical frozen cohort buckets (5.1082ms)
✔ run105 D10: only role_task mode composes the composite seed; a missing component fails closed (3.0134ms)
✔ run105 D10: the cohort ladder and step machinery are untouched (frozen buckets stay frozen) (0.7238ms)
(node:4644) ExperimentalWarning: SQLite is an experimental feature and might change at any time
(Use `node --trace-warnings ...` to show where the warning was created)
✔ run105 R7/C6: a legacy store migrates in place without a SCHEMA_VERSION bump (additive marker) (147.5984ms)
✔ run105 R7: a fresh store has the ladder table and WAL from the first open (46.6383ms)
✔ run105 R8: the challenge walks top-down, one comparison per rung, bounded by the batch size (4.1275ms)
✔ run105 R8: a user-removed rung is skipped, and the new endpoint never challenges itself (2.2073ms)
✔ run105 R8: nextChallengeRung resumes the walk and reports exhaustion as null (0.7568ms)
✔ run105 R14/R8: completeness is admitted / currently-configured and derives the lifecycle state (0.464ms)
(node:19552) ExperimentalWarning: SQLite is an experimental feature and might change at any time
(Use `node --trace-warnings ...` to show where the warning was created)
✔ run105 R10: the per-task rollback flag defaults OFF and toggles ON/OFF with the reason preserved (94.4994ms)
✔ run105 R10: rolling back one task never disturbs another (74.6727ms)
(node:32316) ExperimentalWarning: SQLite is an experimental feature and might change at any time
(Use `node --trace-warnings ...` to show where the warning was created)
✔ run105 R10: the operator toggle is reversible, keeps the reason, and pauses replay while ON (94.538ms)
✔ run105 R10: the toggle touches one task only (per-(role, task) isolation) (80.4235ms)
✔ run105 R10/D8: the toggle writes only the ladder row - no pack, no validation receipt (61.055ms)
✔ run105 R8: mark-ladder-eligible recomputes nextEligibleAtMs without touching rungs or version (62.0154ms)
✔ run105 R8/E: list-route-ladders enumerates the scope rows E renders (65.0533ms)
✔ run105 R14: deriveLifecycleState covers the four stored states and derives active, never stores it (4.1992ms)
✔ run105 R1: the composite ladder scope key is roleId taskTypeId and rejects a NUL component (2.8986ms)
✔ run105 R7: normalizeRungs accepts the contract shape and rejects rank gaps and statuses (1.0608ms)
✔ run105 R2: applyRungRewrite applies a higher version and discards a stale lower one (1.3103ms)
(node:34868) ExperimentalWarning: SQLite is an experimental feature and might change at any time
(Use `node --trace-warnings ...` to show where the warning was created)
✔ REV-A1: a genuinely finalized group folds via members[].confidence and winnerTrialId (455.4233ms)
✔ REV-A2: the WINNING member confidence is used, never the loser's (4.2634ms)
✔ REV-A3: all-tie endpoints still rank (18.9142ms)
✔ REV-A4: head-to-head net is oriented by the CANONICAL pair, not by arm order (14.0088ms)
✔ REV-A5: h2h only breaks a PRIMARY-SCORE tie (net is evaluated within tie groups) (15.9691ms)
✔ REV-A6: duplicate group ids are counted once (1.7609ms)
✔ REV-A7: weightedCount is a confidence-WEIGHTED count, not a plain tally (1.6453ms)
✔ REV-A8: every permutation folds to the identical ladder (47.3451ms)
✔ REV-A9: the comparator is transitive and cycle-free (2.933ms)
✔ REV-A10: the admission floor reads each endpoint's OWN member confidence (2.2096ms)
✔ REV-A11: projection keeps the fail-closed exclusions on the authentic shape (0.7739ms)
✔ REV-A12: a member with NO own confidence is never admitted by borrowing the record's winner confidence (1.6295ms)
✔ REV-A13: a decisive winner missing its own member confidence cannot borrow the other member's mean (4.3688ms)
✔ REV-A14: a flat record with NO members keeps its explicit top-level confidence (1.4649ms)
✔ REV-A15: an effort entry with an unknown comparability value is excluded, not treated as clean (0.4468ms)
(node:6904) ExperimentalWarning: SQLite is an experimental feature and might change at any time
(Use `node --trace-warnings ...` to show where the warning was created)
✔ implicit adapter scope remains exact and never enumerates foreign ladders (157.5772ms)
✔ failed store enumeration keeps observed pair but never claims confirmed no_ladder (98.6839ms)
✔ observed classified live task with no admitted ladder has a no_ladder row (105.3002ms)
✔ unclassified/replay excluded; one role keeps two genuinely observed tasks (181.4726ms)
✔ stored rows above 200 paginate with exact scope and current configured count (117.5304ms)
✔ runtime isolation: missing owned DB never borrows foreign DB or artifact refs (70.428ms)
✔ census schema error is explicit unavailable, not fake no-observations (95.8883ms)
✔ unknown current endpoint authority stays null, not catalog or historical snapshot (72.5434ms)
✔ bounded page budget retains rows and explicitly reports incomplete enumeration (193.031ms)
✔ observed union does not copy stored rollback flags to another task (110.9161ms)
(node:38692) ExperimentalWarning: SQLite is an experimental feature and might change at any time
(Use `node --trace-warnings ...` to show where the warning was created)
✔ scope mismatch refuses readRouteLadder without touching the row (117.6889ms)
✔ scope mismatch refuses routeLadderState without touching the row (59.9992ms)
✔ scope mismatch refuses readRouteLadderRollback without touching the row (52.6547ms)
✔ scope mismatch refuses setRouteLadderRollback without touching the row (55.2838ms)
✔ scope mismatch refuses landRouteLadderRollback without touching the row (52.9484ms)
✔ scope mismatch refuses markLadderEligible without touching the row (53.0715ms)
✔ same role/task cannot silently overwrite another runtime (51.5752ms)
✔ separate WAL connections discard stale expectedVersion even with a higher incoming version (53.7484ms)
✔ expectedVersion zero means absent rather than overwrite (55.1189ms)
✔ equal version conflicting evidence is refused and returns stored contents (56.1976ms)
✔ equal version identical evidence is idempotent, including canonical rung order (55.1827ms)
✔ rollback landed on another connection survives stale evidence JSON inside the write transaction (53.0094ms)
✔ evidence rewrite cannot erase roll-forward reason and timestamp, even without preservation option (52.74ms)
✔ mark eligibility preserves evidence identity, version and rollback (51.2473ms)
✔ legacy unscoped reads and toggles remain supported for existing callers (50.9497ms)
✔ capability facade fails closed for supplied runtime mismatch (56.4628ms)
(node:39476) ExperimentalWarning: SQLite is an experimental feature and might change at any time
(Use `node --trace-warnings ...` to show where the warning was created)
✔ real SQLite census reads 444 scope rows across bounded pages without duplicates or omissions (92.1655ms)
✔ cursor uses strict byte-binary role/task order and survives deletion of the cursor row (56.4768ms)
✔ hard maximum page is 200 even when the caller requests 1000 (53.9985ms)
✔ pagination keeps exact runtime filter on every continuation and empty scope reports no cursor (63.2493ms)
✔ invalid listing input fails closed: {"afterRoleId":"role:a"} (87.352ms)
✔ invalid listing input fails closed: {"afterTaskTypeId":"task:a"} (56.7697ms)
✔ invalid listing input fails closed: {"afterRoleId":"","afterTaskTypeId":"task:a"} (55.6598ms)
✔ invalid listing input fails closed: {"afterRoleId":null,"afterTaskTypeId":"task:a"} (59.9775ms)
✔ invalid listing input fails closed: {"afterRoleId":"role:a\u0000","afterTaskTypeId":"task:a"} (55.0309ms)
✔ invalid listing input fails closed: {"afterRoleId":"xxxxxxxxxxxxxxxxxxxxxxxxxxxxxxxxxxxxxxxxxxxxxxxxxxxxxxxxxxxxxxxxxxxxxxxxxxxxxxxxxxxxxxxxxxxxxxxxxxxxxxxxxxxxxxxxxxxxxxxxxxxxxxxxxxxxxxxxxxxxxxxxxxxxxxxxxxxxxxxxxxxxxxxxxxxxxxxxxxxxxxxxxxxxxxxxxxxxxxxxxxxxxxxxxxxxxxxxxxxxxxxxxxxxxxxxxxxxxxxxxxxxxxxxxxxxxxxxx","afterTaskTypeId":"task:a"} (53.0289ms)
✔ invalid listing input fails closed: {"scopeId":""} (54.5058ms)
✔ invalid listing input fails closed: {"scopeId":null} (54.8221ms)
✔ invalid listing input fails closed: {"scopeId":12} (54.1829ms)
✔ invalid listing input fails closed: {"scopeId":"runtime:a\u0000"} (51.5803ms)
✔ invalid listing input fails closed: {"limit":0} (56.8948ms)
✔ invalid listing input fails closed: {"limit":-1} (54.4899ms)
✔ invalid listing input fails closed: {"limit":1.5} (51.9552ms)
✔ invalid listing input fails closed: {"limit":"2"} (55.0017ms)
✔ authenticated capability facade exposes continuation metadata and legacy no-scope enumeration stays bounded (82.2752ms)
(node:36032) ExperimentalWarning: SQLite is an experimental feature and might change at any time
(Use `node --trace-warnings ...` to show where the warning was created)
✔ run105 R2/R7: the ladder write/read round trips through one indexed (role, task) read (72.1401ms)
✔ run105 R1: the ladder is keyed by (role_id, task_type_id); same role or same task alone never collides (113.9431ms)
✔ run105 R2: a stale lower-version rewrite is discarded (65.2052ms)
ℹ tests 158
ℹ suites 0
ℹ pass 157
ℹ fail 1
ℹ cancelled 0
ℹ skipped 0
ℹ todo 0
ℹ duration_ms 53413.3626

✖ failing tests:

test at tests\track-b\run105-e2-host-materialization.test.mjs:400:1
✖ Run105 E2 paging regression: a real store larger than one page materializes completely (10525.6268ms)
  Error: extension evaluation-core failed: frame exceeds inline limit; use a channel-local transfer artifact
      at execute (file:///D:/DEV/role-model/.worktrees/00-direct-track-b-v1-1-implementation/packages/extension-host/index.mjs:373:18)
      at process.processTicksAndRejections (node:internal/process/task_queues:105:5) {
    [cause]: Error: frame exceeds inline limit; use a channel-local transfer artifact
        at Socket.<anonymous> (file:///D:/DEV/role-model/.worktrees/00-direct-track-b-v1-1-implementation/packages/extension-host/index.mjs:64:31)
        at Socket.emit (node:events:508:28)
        at addChunk (node:internal/streams/readable:559:12)
        at readableAddChunkPushByteMode (node:internal/streams/readable:510:3)
        at Readable.push (node:internal/streams/readable:390:5)
        at Pipe.onStreamRead (node:internal/stream_base_commons:189:23)
  }
