✔ A1: a unanimous source win weighs confidence * 1 (13.8588ms)
✔ A1: confidence outside [0,1] is clamped (1.326ms)
✔ A1: disagreement down-weights by the non-tie scorer share, clamped at 0.5 (1.9505ms)
✔ A1: a unanimous candidate win makes the source a loss (0.852ms)
✔ A1: an extreme minority (clamp 0.5) still records the decided winner (1.0408ms)
✔ A1: a tie contributes 0 regardless of confidence or disagreement (0.7801ms)
✔ A1: tie outcomes never count as scorers (0.6636ms)
✔ A1: the LadderRecord schema accepts the aggregate input shape (0.4025ms)
✔ A1: the LadderRung schema only accepts available|unavailable status (5.7953ms)
✔ A2: rankScore is the signed sum of weighted verdicts (22.4297ms)
✔ A2: order desc by rankScore; ties keep the deterministic key order (3.4822ms)
✔ A2: the comparator is a total order on the full key tuple (30.1716ms)
✔ A2: head-to-head resolves a rankScore tie before losses/wins/count (1.792ms)
✔ A2: 50 shuffles produce the identical ladder (56.0695ms)
✔ A2: the rung list carries { endpointId, rank, status } with rank from 1 (0.8551ms)
(node:31432) ExperimentalWarning: SQLite is an experimental feature and might change at any time
(Use `node --trace-warnings ...` to show where the warning was created)
✔ A3: a store created WITHOUT the column keeps its legacy shape on open; only a write adds it (252.2875ms)
✔ A3: the FINALIZED insert stamps created_at_ms from the core clock and never enters the bodies (245.4375ms)
✔ A3: the REJECTED insert stamps created_at_ms too (228.9923ms)
✔ A3: evaluation:list-groups exposes createdAtMs as a SIBLING of each row (411.6188ms)
✔ A4: a finalized, valid, effort-comparable comparison projects as a record (3.225ms)
✔ A4: the join uses the own comparability roleId/taskTypeId, never taskRef (D4) (1.5599ms)
✔ A4: status other than finalized is excluded (0.2942ms)
✔ A4: a non-decisive outcome (insufficient/disagreement) is excluded (0.2892ms)
✔ A4: any validity issue excludes the record by name (0.3445ms)
✔ A4: a mismatched effortComparability entry excludes the record (0.268ms)
✔ A4: effortComparability absent excludes; present-and-clean admits; mismatched excludes (0.439ms)
✔ A4: a group with no comparability is unscoped_comparison (0.3359ms)
✔ A4: roleId or taskTypeId absent is incomplete_scope, never guessed (0.4741ms)
✔ A4: sortGroupsByCreatedAtMs is stable oldest-first (0.7139ms)
✔ A5: five final comparisons at mean 0.8 admit the endpoint (28.501ms)
✔ A5: an endpoint with 4 comparisons stays below the floor regardless of confidence (0.9094ms)
✔ A5: mean confidence below 0.7 fails the floor even with many comparisons (0.7971ms)
✔ A5: the mean counts only the endpoint OWN finalized comparisons (R9/D6) (0.9582ms)
✔ A5: custom minComparisons/minConfidence are honored (1.1134ms)
✔ A5: a tie participates in the mean (its confidence is a judge confidence) (0.7381ms)
✔ A5: an excluded comparison contributes to neither the count nor the mean (0.6463ms)
✔ A5: the floor and completeness schemas validate the derived shapes (9.6557ms)
(node:28144) ExperimentalWarning: SQLite is an experimental feature and might change at any time
(Use `node --trace-warnings ...` to show where the warning was created)
✔ Run105 E2 host authority: the real adapter operation materializes a finalized group into the real store (2533.9571ms)
✔ Run105 E2 paging repair: hasMore without nextCursor is refused, never a partial materialization (1808.868ms)
✔ Run105 E2 paging repair: a repeated cursor is refused as a cycle (1378.6757ms)
✔ Run105 E2 paging repair: hasMore that never completes exhausts the budget and refuses (1729.4692ms)
✔ Run105 E2 defaults repair: a caller-supplied invalid defaults snapshot is refused, not ignored (1607.1419ms)
[e2-paging] materialization entries: 71 written: 71
✔ Run105 E2 paging regression: a real store larger than one page materializes completely (5922.549ms)
(node:27240) ExperimentalWarning: SQLite is an experimental feature and might change at any time
(Use `node --trace-warnings ...` to show where the warning was created)
✔ Run105 E5: the records readback carries the frozen ladder index beside intact records (42.3809ms)
✔ Run105 E5: a store that does not answer keeps records intact with ladders unavailable (4.8861ms)
✔ Run105 E5: scope-wide packs produce no ladder rows (4.5154ms)
✔ Run105 E5: a rolled-back ladder keeps its state, active false, and its rollback flag (4.2326ms)
✔ Run105 E5 design audit: the index row carries the FULL bounded rung list beside the top-3 (3.3161ms)
(node:8036) ExperimentalWarning: SQLite is an experimental feature and might change at any time
(Use `node --trace-warnings ...` to show where the warning was created)
✔ Run105 E5 repair: ON -> GET -> OFF -> GET lands the per-task flag, keeps rungs and reason, isolates the other task (132.2998ms)
✔ Run105 E5 repair: a legacy scope-wide body still reaches the legacy rollback unchanged (51.1582ms)
✔ Run105 E5 repair: a malformed toggle body is refused instead of coerced (50.432ms)
✔ run105 every canonical extension package exactly matches runtime capabilities and protocol (22.5043ms)
(node:36404) ExperimentalWarning: SQLite is an experimental feature and might change at any time
(Use `node --trace-warnings ...` to show where the warning was created)
✔ production: finalized authentic group fixtures become stored floor-filtered ladder without promotion (133.6317ms)
✔ production: repeated permuted duplicate evidence does not advance version or freshness (99.3156ms)
✔ production: exact role/task isolates floors; all below-floor scope has no ladder (141.2799ms)
✔ production: removed admitted rungs survive unavailable and leave completeness denominator (116.0562ms)
✔ production: rollback ON pauses rewrite; roll-forward reason/time survive later evidence (174.2329ms)
✔ production: stale evidence subsets and conflicting group ids never overwrite authoritative snapshot (117.5132ms)
✔ production: worker dispatcher refuses unauthenticated cross-worker file-path writes (6.0025ms)
✔ production: genuine EvaluationCore finalization reaches real store (565.3335ms)
✔ production: unknown evidence time stays unknown without fabricated freshness (90.2988ms)
✔ production: finalized evidence with another runtime's reference proofs is rejected (54.009ms)
✔ production: result refers to actually stored content-addressed evidence document (77.9259ms)
✔ production: store CAS options preserve rollback and refused writes are never reported written (1.6754ms)
✔ safety resume: below-floor update retains authoritative ranks and measured effective admission (122.4127ms)
✔ safety: mixed policy regression freezes prior snapshot and defers new admissions (121.5237ms)
✔ safety resume: all-floor-empty recompute still applies USER removals (105.4534ms)
✔ safety resume: caller taxonomy never fabricates provenance on old or unknown evidence (121.6573ms)
✔ safety resume: 65 historical admitted rungs produce explicit bounded refusal without deleting history (151.5344ms)
✔ safety resume: rejected floor evidence cannot refresh rank provenance or prior admission policy (103.1298ms)
✔ safety resume: oversized evidence metadata refuses explicitly before writing rather than dropping provenance (110.791ms)
(node:31352) ExperimentalWarning: SQLite is an experimental feature and might change at any time
(Use `node --trace-warnings ...` to show where the warning was created)
✔ run105 R1: activatePack without role/task keeps the legacy scope-wide key byte-identical (148.2721ms)
✔ run105 R1: activatePack with role+task keys per (role, task) and receipts the composite scope (127.4443ms)
✔ run105 C1/C7: both canonical schema copies gain $defs.routeLadderPack and the oneOf branch (2.7844ms)
✔ run105 R2-contract: the regenerated public module and the public JSON are byte-parity (2.9595ms)
✔ run105 R2-contract: the TS contracts declare the ladder interfaces and the union member (0.7018ms)
✔ run105 D10: legacy/scope seed mode reproduces the byte-identical frozen cohort buckets (4.0248ms)
✔ run105 D10: only role_task mode composes the composite seed; a missing component fails closed (2.2739ms)
✔ run105 D10: the cohort ladder and step machinery are untouched (frozen buckets stay frozen) (0.7051ms)
(node:31920) ExperimentalWarning: SQLite is an experimental feature and might change at any time
(Use `node --trace-warnings ...` to show where the warning was created)
✔ run105 R7/C6: a legacy store migrates in place without a SCHEMA_VERSION bump (additive marker) (114.0141ms)
✔ run105 R7: a fresh store has the ladder table and WAL from the first open (42.4352ms)
✔ run105 R8: the challenge walks top-down, one comparison per rung, bounded by the batch size (2.7087ms)
✔ run105 R8: a user-removed rung is skipped, and the new endpoint never challenges itself (1.3807ms)
✔ run105 R8: nextChallengeRung resumes the walk and reports exhaustion as null (0.5242ms)
✔ run105 R14/R8: completeness is admitted / currently-configured and derives the lifecycle state (0.5401ms)
(node:39668) ExperimentalWarning: SQLite is an experimental feature and might change at any time
(Use `node --trace-warnings ...` to show where the warning was created)
✔ run105 R10: the per-task rollback flag defaults OFF and toggles ON/OFF with the reason preserved (85.2178ms)
✔ run105 R10: rolling back one task never disturbs another (67.2729ms)
(node:23408) ExperimentalWarning: SQLite is an experimental feature and might change at any time
(Use `node --trace-warnings ...` to show where the warning was created)
✔ run105 R10: the operator toggle is reversible, keeps the reason, and pauses replay while ON (71.1412ms)
✔ run105 R10: the toggle touches one task only (per-(role, task) isolation) (76.7461ms)
✔ run105 R10/D8: the toggle writes only the ladder row - no pack, no validation receipt (73.1831ms)
✔ run105 R8: mark-ladder-eligible recomputes nextEligibleAtMs without touching rungs or version (88.9477ms)
✔ run105 R8/E: list-route-ladders enumerates the scope rows E renders (56.184ms)
✔ run105 R14: deriveLifecycleState covers the four stored states and derives active, never stores it (3.2213ms)
✔ run105 R1: the composite ladder scope key is roleId taskTypeId and rejects a NUL component (2.3297ms)
✔ run105 R7: normalizeRungs accepts the contract shape and rejects rank gaps and statuses (1.1579ms)
✔ run105 R2: applyRungRewrite applies a higher version and discards a stale lower one (1.0703ms)
(node:34596) ExperimentalWarning: SQLite is an experimental feature and might change at any time
(Use `node --trace-warnings ...` to show where the warning was created)
✔ REV-A1: a genuinely finalized group folds via members[].confidence and winnerTrialId (315.1861ms)
✔ REV-A2: the WINNING member confidence is used, never the loser's (1.1562ms)
✔ REV-A3: all-tie endpoints still rank (1.6916ms)
✔ REV-A4: head-to-head net is oriented by the CANONICAL pair, not by arm order (1.5421ms)
✔ REV-A5: h2h only breaks a PRIMARY-SCORE tie (net is evaluated within tie groups) (2.8661ms)
✔ REV-A6: duplicate group ids are counted once (0.8656ms)
✔ REV-A7: weightedCount is a confidence-WEIGHTED count, not a plain tally (0.8922ms)
✔ REV-A8: every permutation folds to the identical ladder (16.5038ms)
✔ REV-A9: the comparator is transitive and cycle-free (1.1472ms)
✔ REV-A10: the admission floor reads each endpoint's OWN member confidence (1.0925ms)
✔ REV-A11: projection keeps the fail-closed exclusions on the authentic shape (0.4304ms)
✔ REV-A12: a member with NO own confidence is never admitted by borrowing the record's winner confidence (0.8746ms)
✔ REV-A13: a decisive winner missing its own member confidence cannot borrow the other member's mean (0.4319ms)
✔ REV-A14: a flat record with NO members keeps its explicit top-level confidence (0.622ms)
✔ REV-A15: an effort entry with an unknown comparability value is excluded, not treated as clean (0.2758ms)
(node:40412) ExperimentalWarning: SQLite is an experimental feature and might change at any time
(Use `node --trace-warnings ...` to show where the warning was created)
✔ implicit adapter scope remains exact and never enumerates foreign ladders (123.3066ms)
✔ failed store enumeration keeps observed pair but never claims confirmed no_ladder (80.2923ms)
✔ observed classified live task with no admitted ladder has a no_ladder row (83.7735ms)
✔ unclassified/replay excluded; one role keeps two genuinely observed tasks (137.829ms)
✔ stored rows above 200 paginate with exact scope and current configured count (269.6555ms)
✔ runtime isolation: missing owned DB never borrows foreign DB or artifact refs (78.3393ms)
✔ census schema error is explicit unavailable, not fake no-observations (89.3597ms)
✔ unknown current endpoint authority stays null, not catalog or historical snapshot (64.3046ms)
✔ bounded page budget retains rows and explicitly reports incomplete enumeration (149.9242ms)
✔ observed union does not copy stored rollback flags to another task (129.4586ms)
(node:28972) ExperimentalWarning: SQLite is an experimental feature and might change at any time
(Use `node --trace-warnings ...` to show where the warning was created)
✔ scope mismatch refuses readRouteLadder without touching the row (60.4307ms)
✔ scope mismatch refuses routeLadderState without touching the row (44.646ms)
✔ scope mismatch refuses readRouteLadderRollback without touching the row (45.9084ms)
✔ scope mismatch refuses setRouteLadderRollback without touching the row (47.1085ms)
✔ scope mismatch refuses landRouteLadderRollback without touching the row (44.1402ms)
✔ scope mismatch refuses markLadderEligible without touching the row (46.4217ms)
✔ same role/task cannot silently overwrite another runtime (42.778ms)
✔ separate WAL connections discard stale expectedVersion even with a higher incoming version (58.5455ms)
✔ expectedVersion zero means absent rather than overwrite (43.4145ms)
✔ equal version conflicting evidence is refused and returns stored contents (62.2013ms)
✔ equal version identical evidence is idempotent, including canonical rung order (61.124ms)
✔ rollback landed on another connection survives stale evidence JSON inside the write transaction (65.8639ms)
✔ evidence rewrite cannot erase roll-forward reason and timestamp, even without preservation option (57.6521ms)
✔ mark eligibility preserves evidence identity, version and rollback (46.8328ms)
✔ legacy unscoped reads and toggles remain supported for existing callers (51.4036ms)
✔ capability facade fails closed for supplied runtime mismatch (47.7697ms)
(node:21640) ExperimentalWarning: SQLite is an experimental feature and might change at any time
(Use `node --trace-warnings ...` to show where the warning was created)
✔ real SQLite census reads 444 scope rows across bounded pages without duplicates or omissions (91.6285ms)
✔ cursor uses strict byte-binary role/task order and survives deletion of the cursor row (51.1631ms)
✔ hard maximum page is 200 even when the caller requests 1000 (50.0959ms)
✔ pagination keeps exact runtime filter on every continuation and empty scope reports no cursor (45.991ms)
✔ invalid listing input fails closed: {"afterRoleId":"role:a"} (48.2583ms)
✔ invalid listing input fails closed: {"afterTaskTypeId":"task:a"} (47.6157ms)
✔ invalid listing input fails closed: {"afterRoleId":"","afterTaskTypeId":"task:a"} (46.4937ms)
✔ invalid listing input fails closed: {"afterRoleId":null,"afterTaskTypeId":"task:a"} (45.4572ms)
✔ invalid listing input fails closed: {"afterRoleId":"role:a\u0000","afterTaskTypeId":"task:a"} (47.412ms)
✔ invalid listing input fails closed: {"afterRoleId":"xxxxxxxxxxxxxxxxxxxxxxxxxxxxxxxxxxxxxxxxxxxxxxxxxxxxxxxxxxxxxxxxxxxxxxxxxxxxxxxxxxxxxxxxxxxxxxxxxxxxxxxxxxxxxxxxxxxxxxxxxxxxxxxxxxxxxxxxxxxxxxxxxxxxxxxxxxxxxxxxxxxxxxxxxxxxxxxxxxxxxxxxxxxxxxxxxxxxxxxxxxxxxxxxxxxxxxxxxxxxxxxxxxxxxxxxxxxxxxxxxxxxxxxxxxxxxxxxx","afterTaskTypeId":"task:a"} (47.7226ms)
✔ invalid listing input fails closed: {"scopeId":""} (42.619ms)
✔ invalid listing input fails closed: {"scopeId":null} (43.085ms)
✔ invalid listing input fails closed: {"scopeId":12} (43.5407ms)
✔ invalid listing input fails closed: {"scopeId":"runtime:a\u0000"} (42.7048ms)
✔ invalid listing input fails closed: {"limit":0} (46.0558ms)
✔ invalid listing input fails closed: {"limit":-1} (49.051ms)
✔ invalid listing input fails closed: {"limit":1.5} (43.2503ms)
✔ invalid listing input fails closed: {"limit":"2"} (44.1657ms)
✔ authenticated capability facade exposes continuation metadata and legacy no-scope enumeration stays bounded (69.4704ms)
(node:36784) ExperimentalWarning: SQLite is an experimental feature and might change at any time
(Use `node --trace-warnings ...` to show where the warning was created)
✔ run105 R2/R7: the ladder write/read round trips through one indexed (role, task) read (56.6166ms)
✔ run105 R1: the ladder is keyed by (role_id, task_type_id); same role or same task alone never collides (85.9319ms)
✔ run105 R2: a stale lower-version rewrite is discarded (68.8356ms)
ℹ tests 159
ℹ suites 0
ℹ pass 159
ℹ fail 0
ℹ cancelled 0
ℹ skipped 0
ℹ todo 0
ℹ duration_ms 33812.3763
