
[1m[46m RUN [49m[22m [36mv3.2.4 [39m[90mD:/DEV/role-model/.worktrees/57-role-model-taxonomy-v1-phase-1-4/packages/pi-role-model[39m

 [31m❯[39m test/taxonomy-data-files.test.ts [2m([22m[2m2 tests[22m[2m | [22m[31m1 failed[39m[2m)[22m[32m 29[2mms[22m[39m
[31m   [31m×[31m packaged compact taxonomy data files[2m > [22mships compact taxonomy files for offline progressive disclosure[39m[32m 25[2mms[22m[39m
[31m     → expected undefined to deeply equal { groups: 'compact-groups.json', …(3) }[39m
   [32m✓[39m packaged compact taxonomy data files[2m > [22mincludes compact taxonomy data in the published package files[32m 1[2mms[22m[39m

⎯⎯⎯⎯⎯⎯⎯ Failed Tests 1 ⎯⎯⎯⎯⎯⎯⎯

 FAIL  test/taxonomy-data-files.test.ts > packaged compact taxonomy data files > ships compact taxonomy files for offline progressive disclosure
AssertionError: expected undefined to deeply equal { groups: 'compact-groups.json', …(3) }

- Expected: 
{
  "classificationGuide": "compact-classification-guide.json",
  "groups": "compact-groups.json",
  "roleSummaries": "compact-role-summaries.json",
  "roleTaskIndex": "compact-role-task-index.json",
}

+ Received: 
undefined

 ❯ test/taxonomy-data-files.test.ts:26:42
     24|     );
     25|     expect(existsSync(path.join(dataRoot, "compact-classification-guid…
     26|     expect(taxonomy.manifest.entryFiles).toEqual({
       |                                          ^
     27|       groups: "compact-groups.json",
     28|       roleSummaries: "compact-role-summaries.json",

⎯⎯⎯⎯⎯⎯⎯⎯⎯⎯⎯⎯⎯⎯⎯⎯⎯⎯⎯⎯⎯⎯⎯⎯[1/1]⎯


[2m Test Files [22m [1m[31m1 failed[39m[22m[90m (1)[39m
[2m      Tests [22m [1m[31m1 failed[39m[22m[2m | [22m[1m[32m1 passed[39m[22m[90m (2)[39m
[2m   Start at [22m 17:31:17
[2m   Duration [22m 1.15s[2m (transform 145ms, setup 0ms, collect 163ms, tests 29ms, environment 0ms, prepare 441ms)[22m

undefined
D:\DEV\role-model\.worktrees\57-role-model-taxonomy-v1-phase-1-4\packages\pi-role-model:
 ERR_PNPM_RECURSIVE_EXEC_FIRST_FAIL  Command failed with exit code 1: vitest run test/taxonomy-data-files.test.ts
