
[1m[46m RUN [49m[22m [36mv3.2.4 [39m[90mD:/DEV/role-model/.worktrees/57-role-model-taxonomy-v1-phase-1-4/role-model-router/packages/core[39m

 [31m❯[39m test/routing-intent.test.ts [2m([22m[2m3 tests[22m[2m | [22m[31m1 failed[39m[2m | [22m[33m2 skipped[39m[2m)[22m[32m 39[2mms[22m[39m
   [2m[90m↓[39m[22m routing intent metadata[2m > [22muses hard role/task/capability intent as eligibility filters
   [2m[90m↓[39m[22m routing intent metadata[2m > [22mkeeps advisory intent out of hard eligibility while still influencing preference
[31m   [31m×[31m routing intent metadata[2m > [22muses advisory task metadata as task-fit scoring without hard filtering[39m[32m 37[2mms[22m[39m
[31m     → the given combination of arguments (undefined and string) is invalid for this assertion. You can use an array, a map, an object, a set, a string, or a weakset instead of a string[39m

⎯⎯⎯⎯⎯⎯⎯ Failed Tests 1 ⎯⎯⎯⎯⎯⎯⎯

 FAIL  test/routing-intent.test.ts > routing intent metadata > uses advisory task metadata as task-fit scoring without hard filtering
AssertionError: the given combination of arguments (undefined and string) is invalid for this assertion. You can use an array, a map, an object, a set, a string, or a weakset instead of a string
 ❯ test/routing-intent.test.ts:160:7
    158|       decision.scored_candidates.find((candidate) => candidate.endpoin…
    159|         ?.selectionReasons,
    160|     ).toContain("TASK_POLICY_APPLIED");
       |       ^
    161|   });
    162| });

⎯⎯⎯⎯⎯⎯⎯⎯⎯⎯⎯⎯⎯⎯⎯⎯⎯⎯⎯⎯⎯⎯⎯⎯[1/1]⎯


[2m Test Files [22m [1m[31m1 failed[39m[22m[90m (1)[39m
[2m      Tests [22m [1m[31m1 failed[39m[22m[2m | [22m[33m2 skipped[39m[90m (3)[39m
[2m   Start at [22m 17:37:30
[2m   Duration [22m 1.22s[2m (transform 316ms, setup 0ms, collect 320ms, tests 39ms, environment 0ms, prepare 310ms)[22m

undefined
D:\DEV\role-model\.worktrees\57-role-model-taxonomy-v1-phase-1-4\role-model-router\packages\core:
 ERR_PNPM_RECURSIVE_EXEC_FIRST_FAIL  Command failed with exit code 1: vitest run test/routing-intent.test.ts -t advisory task metadata
