[WebServer] ../../packages/ui/src/sidebar.tsx (1:0): Error when using sourcemap for reporting an error: Can't resolve original location of error.
[WebServer] ../../packages/ui/src/segmented-control.tsx (1:0): Error when using sourcemap for reporting an error: Can't resolve original location of error.
[WebServer] ../../packages/ui/src/metric-strip.tsx (1:0): Error when using sourcemap for reporting an error: Can't resolve original location of error.
[WebServer] ../../packages/ui/src/observe-activity.tsx (1:0): Error when using sourcemap for reporting an error: Can't resolve original location of error.
[WebServer] ../../packages/ui/src/chart-ranking.tsx (1:0): Error when using sourcemap for reporting an error: Can't resolve original location of error.
[WebServer] ../../packages/ui/src/observe-routing.tsx (1:0): Error when using sourcemap for reporting an error: Can't resolve original location of error.
[WebServer] ../../packages/ui/src/observe-logs.tsx (1:0): Error when using sourcemap for reporting an error: Can't resolve original location of error.
[WebServer] ../../packages/ui/src/observe-shared.tsx (1:0): Error when using sourcemap for reporting an error: Can't resolve original location of error.
[WebServer] ../../packages/ui/src/page-shell.tsx (1:0): Error when using sourcemap for reporting an error: Can't resolve original location of error.
[WebServer] ../../packages/ui/src/page-filters.tsx (1:0): Error when using sourcemap for reporting an error: Can't resolve original location of error.
[WebServer] ../../packages/ui/src/chart-composition.tsx (1:0): Error when using sourcemap for reporting an error: Can't resolve original location of error.
[WebServer] ../../packages/ui/src/observe-requests.tsx (1:0): Error when using sourcemap for reporting an error: Can't resolve original location of error.
[WebServer] ../../packages/ui/src/runtime-overview.tsx (1:0): Error when using sourcemap for reporting an error: Can't resolve original location of error.
[WebServer] (node:41988) ExperimentalWarning: SQLite is an experimental feature and might change at any time
[WebServer] (Use `node --trace-warnings ...` to show where the warning was created)

Running 8 tests using 4 workers

(node:36312) Warning: The 'NO_COLOR' env is ignored due to the 'FORCE_COLOR' env being set.
(Use `node --trace-warnings ...` to show where the warning was created)
(node:16616) Warning: The 'NO_COLOR' env is ignored due to the 'FORCE_COLOR' env being set.
(Use `node --trace-warnings ...` to show where the warning was created)
(node:35188) Warning: The 'NO_COLOR' env is ignored due to the 'FORCE_COLOR' env being set.
(Use `node --trace-warnings ...` to show where the warning was created)
(node:20380) Warning: The 'NO_COLOR' env is ignored due to the 'FORCE_COLOR' env being set.
(Use `node --trace-warnings ...` to show where the warning was created)
{"modelsEssentialMs":3247,"candidatePayloadBytes":5185,"mutationResponseMs":248,"buttonPendingMs":299,"convergenceAfterResponseMs":51,"mutationModelPaths":["/api/role-model/accounts"],"healthMs":299,"summaryMs":293,"benchmarkEssentialMs":1070,"malformedModelStatus":400}
  ok 3 e2e\recursive-77-catalog-json-size-and-ui-freeze.sp8.runtime-responsiveness.spec.ts:4:1 ΓÇ║ @smoke @recursive:77-catalog-json-size-and-ui-freeze @sp8 keeps Models and Benchmark responsive without the rich request route (4.3s)
  ok 1 e2e\runtime-shell.spec.ts:3:1 ΓÇ║ keeps provider maintenance absent while showing configured connections (4.7s)
  ok 2 e2e\shared-surface-regression.spec.ts:68:1 ΓÇ║ keeps shared typography and tokenized controls aligned on seeded QA routes (5.3s)
  ok 4 e2e\track-b-operations.spec.ts:3:1 ΓÇ║ operates disclosure, opt-out, retention, recommendations, and failure isolation (5.4s)
  ok 5 e2e\shared-surface-regression.spec.ts:103:1 ΓÇ║ supports filter changes, query-param restoration, and request-list narrowing on the request analytics surface (1.5s)
  ok 6 e2e\shared-surface-regression.spec.ts:136:1 ΓÇ║ supports request inspection drill-in from request analytics (1.3s)
  x  7 e2e\shared-surface-regression.spec.ts:153:1 ΓÇ║ renders shared time-series charts without clipped axes and with inset legends (1.1s)
(node:34372) Warning: The 'NO_COLOR' env is ignored due to the 'FORCE_COLOR' env being set.
(Use `node --trace-warnings ...` to show where the warning was created)
  ok 8 e2e\shared-surface-regression.spec.ts:170:1 ΓÇ║ renders deterministic request-detail token and cache provenance (1.3s)


  1) e2e\shared-surface-regression.spec.ts:153:1 ΓÇ║ renders shared time-series charts without clipped axes and with inset legends 

    Error: expect(received).toBeGreaterThan(expected)

    Expected: > 0
    Received:   0

      35 |   expect(plotBox.height).toBeGreaterThanOrEqual(120);
      36 |   const tickLabels = plot.locator("text");
    > 37 |   expect(await tickLabels.count()).toBeGreaterThan(0);
         |                                    ^
      38 |   for (let index = 0; index < Math.min(await tickLabels.count(), 12); index += 1) {
      39 |     const tickBox = await tickLabels.nth(index).boundingBox();
      40 |     if (!tickBox) {
        at assertTimeSeriesGeometry (D:\DEV\role-model\.worktrees\86-runtime-ui-rm3-design-system-frontend\role-model-router\apps\runtime-ui\e2e\shared-surface-regression.spec.ts:37:36)
        at D:\DEV\role-model\.worktrees\86-runtime-ui-rm3-design-system-frontend\role-model-router\apps\runtime-ui\e2e\shared-surface-regression.spec.ts:158:3

    attachment #1: screenshot (image/png) ΓöÇΓöÇΓöÇΓöÇΓöÇΓöÇΓöÇΓöÇΓöÇΓöÇΓöÇΓöÇΓöÇΓöÇΓöÇΓöÇΓöÇΓöÇΓöÇΓöÇΓöÇΓöÇΓöÇΓöÇΓöÇΓöÇΓöÇΓöÇΓöÇΓöÇΓöÇΓöÇΓöÇΓöÇΓöÇΓöÇΓöÇΓöÇΓöÇΓöÇΓöÇΓöÇΓöÇΓöÇΓöÇΓöÇΓöÇΓöÇΓöÇΓöÇΓöÇΓöÇΓöÇΓöÇΓöÇΓöÇΓöÇΓöÇ
    test-results\shared-surface-regression--7707a-axes-and-with-inset-legends\test-failed-1.png
    ΓöÇΓöÇΓöÇΓöÇΓöÇΓöÇΓöÇΓöÇΓöÇΓöÇΓöÇΓöÇΓöÇΓöÇΓöÇΓöÇΓöÇΓöÇΓöÇΓöÇΓöÇΓöÇΓöÇΓöÇΓöÇΓöÇΓöÇΓöÇΓöÇΓöÇΓöÇΓöÇΓöÇΓöÇΓöÇΓöÇΓöÇΓöÇΓöÇΓöÇΓöÇΓöÇΓöÇΓöÇΓöÇΓöÇΓöÇΓöÇΓöÇΓöÇΓöÇΓöÇΓöÇΓöÇΓöÇΓöÇΓöÇΓöÇΓöÇΓöÇΓöÇΓöÇΓöÇΓöÇΓöÇΓöÇΓöÇΓöÇΓöÇΓöÇΓöÇΓöÇΓöÇΓöÇΓöÇΓöÇΓöÇΓöÇΓöÇΓöÇΓöÇΓöÇΓöÇΓöÇΓöÇΓöÇΓöÇΓöÇΓöÇΓöÇΓöÇΓöÇΓöÇΓöÇΓöÇΓöÇ

    attachment #2: video (video/webm) ΓöÇΓöÇΓöÇΓöÇΓöÇΓöÇΓöÇΓöÇΓöÇΓöÇΓöÇΓöÇΓöÇΓöÇΓöÇΓöÇΓöÇΓöÇΓöÇΓöÇΓöÇΓöÇΓöÇΓöÇΓöÇΓöÇΓöÇΓöÇΓöÇΓöÇΓöÇΓöÇΓöÇΓöÇΓöÇΓöÇΓöÇΓöÇΓöÇΓöÇΓöÇΓöÇΓöÇΓöÇΓöÇΓöÇΓöÇΓöÇΓöÇΓöÇΓöÇΓöÇΓöÇΓöÇΓöÇΓöÇΓöÇΓöÇΓöÇΓöÇΓöÇΓöÇ
    test-results\shared-surface-regression--7707a-axes-and-with-inset-legends\video.webm
    ΓöÇΓöÇΓöÇΓöÇΓöÇΓöÇΓöÇΓöÇΓöÇΓöÇΓöÇΓöÇΓöÇΓöÇΓöÇΓöÇΓöÇΓöÇΓöÇΓöÇΓöÇΓöÇΓöÇΓöÇΓöÇΓöÇΓöÇΓöÇΓöÇΓöÇΓöÇΓöÇΓöÇΓöÇΓöÇΓöÇΓöÇΓöÇΓöÇΓöÇΓöÇΓöÇΓöÇΓöÇΓöÇΓöÇΓöÇΓöÇΓöÇΓöÇΓöÇΓöÇΓöÇΓöÇΓöÇΓöÇΓöÇΓöÇΓöÇΓöÇΓöÇΓöÇΓöÇΓöÇΓöÇΓöÇΓöÇΓöÇΓöÇΓöÇΓöÇΓöÇΓöÇΓöÇΓöÇΓöÇΓöÇΓöÇΓöÇΓöÇΓöÇΓöÇΓöÇΓöÇΓöÇΓöÇΓöÇΓöÇΓöÇΓöÇΓöÇΓöÇΓöÇΓöÇΓöÇΓöÇ

    Error Context: test-results\shared-surface-regression--7707a-axes-and-with-inset-legends\error-context.md

  1 failed
    e2e\shared-surface-regression.spec.ts:153:1 ΓÇ║ renders shared time-series charts without clipped axes and with inset legends 
  7 passed (47.5s)
undefined
D:\DEV\role-model\.worktrees\86-runtime-ui-rm3-design-system-frontend\role-model-router\apps\runtime-ui:
ΓÇëERR_PNPM_RECURSIVE_EXEC_FIRST_FAILΓÇë Command "playwright" not found
