(node:16172) ExperimentalWarning: SQLite is an experimental feature and might change at any time
(Use `node --trace-warnings ...` to show where the warning was created)
Γ£ö TB10-TEST-UNIT replays deterministically (5.4162ms)
Γ£ö TB10-TEST-CONTRACT binds evaluation group provenance (4.4677ms)
Γ£ö TB10-TEST-INTEGRATION derives shadow candidates (2.9512ms)
Γ£ö TB10-TEST-REGRESSION never activates production (2.0379ms)
Γ£ö TB10-TEST-MUTATION activation guard is immutable (2.1219ms)
Γ£ö TB10-TEST-ACTIVATION-POLICY activates only with valid v1 policy (5.3764ms)
Γ£ö TB10-TEST-ACTIVATION-CAPABILITY forwards policy through run() (2.8562ms)
Γ£ö TB10-TEST-FALSE-SUCCESS rejects holdout failure (1.3362ms)
Γ£ö TB10-TEST-ROLLBACK discards derived candidates (1.5367ms)
Γ£ö TB10-TEST-HEALTH operates without Verifiers (1.2367ms)
Γ£ö TB10-TEST-REPLAY-CORE-PACKAGE checkpoints cancellation (0.7677ms)
Γ£ö TB10-TEST-EVALUATION-RUNNER-PACKAGE enforces no egress (1.3285ms)
Γ£ö TB10-TEST-TRAJECTORY-SIGNALS-PACKAGE emits bounded diagnostics (1.4346ms)
Γ£ö TB10-TEST-PROFILE-LEARNER-PACKAGE keeps attribution dimensions separate (2.1074ms)
Γ£ö TB10-TEST-KNOWLEDGE-WORKER-PACKAGE requires review and redaction (1.224ms)
Γ£ö TB10-TEST-TRACK-A-EXCLUSION packages are reference-only learners (0.3271ms)
Γ£ö TB10-REVIEW-REPLAY shares immutable prefixes and binds source decision provenance (24.3918ms)
Γ£ö TB10-REVIEW-REPLAY cancellation resumes from a hash-bound checkpoint (0.8569ms)
Γ£ö TB10-REVIEW-EVAL runs through Evaluation Core with no external environment (1.7531ms)
Γ£ö TB10-REVIEW-SIGNALS are provenance-bound uncertain diagnostics, never labels (0.318ms)
Γ£ö TB10-REVIEW-PROFILE preserves propensity, bias, confidence, promotion and rollback evidence (1.3477ms)
Γ£ö TB10-REVIEW-KNOWLEDGE requires comparable positive/negative groups and disjoint validation (2.2608ms)
Γ£ö TB10-REVIEW-SAFETY rejects caller-asserted knowledge and missing diagnostic provenance (1.229ms)
Γ£ö TB10-REVIEW-SAFETY executes only trusted registered scorers (1.1858ms)
Γ£ö TB10-REVIEW-BOUNDARY accepts only finite declarative scorers and complete execution provenance (2.7074ms)
Γ£ö TB10-REVIEW-RECEIPTS rejects forged profile and knowledge promotion gates (1.9116ms)
Γ£ö TB10-REVIEW-RECEIPTS bind nested evidence and model fields (2.6824ms)
Γ£ö TB10-REVIEW-REPLAY uses collision-safe prefix hashes and durable restart checkpoints (33.683ms)
Γä╣ tests 28
Γä╣ suites 0
Γä╣ pass 28
Γä╣ fail 0
Γä╣ cancelled 0
Γä╣ skipped 0
Γä╣ todo 0
Γä╣ duration_ms 292.9134
