
[1m[46m RUN [49m[22m [36mv3.2.4 [39m[90mD:/DEV/role-model/.worktrees/57-role-model-taxonomy-v1-phase-1-4/role-model-router/apps/runtime-host-bridge[39m

(node:9064) ExperimentalWarning: SQLite is an experimental feature and might change at any time
(Use `node --trace-warnings ...` to show where the warning was created)
 [31m❯[39m test/taxonomy-discovery.test.ts [2m([22m[2m1 test[22m[2m | [22m[31m1 failed[39m[2m)[22m[32m 82[2mms[22m[39m
[31m   [31m×[31m taxonomy discovery API[2m > [22mexposes manifest, compact groups, role task chunks, and validation diagnostics[39m[32m 80[2mms[22m[39m
[31m     → expected false to be true // Object.is equality[39m

⎯⎯⎯⎯⎯⎯⎯ Failed Tests 1 ⎯⎯⎯⎯⎯⎯⎯

 FAIL  test/taxonomy-discovery.test.ts > taxonomy discovery API > exposes manifest, compact groups, role task chunks, and validation diagnostics
AssertionError: expected false to be true // Object.is equality

- Expected
+ Received

- true
+ false

 ❯ test/taxonomy-discovery.test.ts:32:37
     30| 
     31|         const manifestResponse = await fetch(`${baseUrl}/api/role-mode…
     32|         expect(manifestResponse.ok).toBe(true);
       |                                     ^
     33|         const manifest = (await manifestResponse.json()) as {
     34|           taxonomyVersion: string;

⎯⎯⎯⎯⎯⎯⎯⎯⎯⎯⎯⎯⎯⎯⎯⎯⎯⎯⎯⎯⎯⎯⎯⎯[1/1]⎯


[2m Test Files [22m [1m[31m1 failed[39m[22m[90m (1)[39m
[2m      Tests [22m [1m[31m1 failed[39m[22m[90m (1)[39m
[2m   Start at [22m 12:12:06
[2m   Duration [22m 2.79s[2m (transform 1.23s, setup 0ms, collect 1.74s, tests 82ms, environment 0ms, prepare 346ms)[22m

undefined
D:\DEV\role-model\.worktrees\57-role-model-taxonomy-v1-phase-1-4\role-model-router\apps\runtime-host-bridge:
 ERR_PNPM_RECURSIVE_EXEC_FIRST_FAIL  Command failed with exit code 1: vitest run test/taxonomy-discovery.test.ts
