
> @role-model-router/roles@0.0.0 test D:\DEV\role-model\.worktrees\57-role-model-taxonomy-v1-phase-1-4\role-model-router\packages\roles
> vitest run "--" "test/default-roles-taxonomy.test.ts"


[1m[46m RUN [49m[22m [36mv3.2.4 [39m[90mD:/DEV/role-model/.worktrees/57-role-model-taxonomy-v1-phase-1-4/role-model-router/packages/roles[39m

 [31m❯[39m test/default-roles-taxonomy.test.ts [2m([22m[2m1 test[22m[2m | [22m[31m1 failed[39m[2m)[22m[32m 22[2mms[22m[39m
[31m   [31m×[31m default runtime roles[2m > [22muse the taxonomy V1 role catalog[39m[32m 19[2mms[22m[39m
[31m     → expected [ …(7) ] to have a length of 28 but got 7[39m

⎯⎯⎯⎯⎯⎯⎯ Failed Tests 1 ⎯⎯⎯⎯⎯⎯⎯

 FAIL  test/default-roles-taxonomy.test.ts > default runtime roles > use the taxonomy V1 role catalog
AssertionError: expected [ …(7) ] to have a length of 28 but got 7

- Expected
+ Received

- 28
+ 7

 ❯ test/default-roles-taxonomy.test.ts:7:26
      5| describe("default runtime roles", () => {
      6|   test("use the taxonomy V1 role catalog", () => {
      7|     expect(defaultRoles).toHaveLength(28);
       |                          ^
      8|     expect(defaultRoles.map((role) => role.role_id)).toEqual(
      9|       expect.arrayContaining(["coder", "architect", "security", "resea…

⎯⎯⎯⎯⎯⎯⎯⎯⎯⎯⎯⎯⎯⎯⎯⎯⎯⎯⎯⎯⎯⎯⎯⎯[1/1]⎯


[2m Test Files [22m [1m[31m1 failed[39m[22m[90m (1)[39m
[2m      Tests [22m [1m[31m1 failed[39m[22m[90m (1)[39m
[2m   Start at [22m 12:07:30
[2m   Duration [22m 1.04s[2m (transform 108ms, setup 0ms, collect 102ms, tests 22ms, environment 0ms, prepare 335ms)[22m

D:\DEV\role-model\.worktrees\57-role-model-taxonomy-v1-phase-1-4\role-model-router\packages\roles:
 ERR_PNPM_RECURSIVE_RUN_FIRST_FAIL  @role-model-router/roles@0.0.0 test: `vitest run "--" "test/default-roles-taxonomy.test.ts"`
Exit status 1
