Γ£ö TB11-TEST-UNIT reconciles every TB00-TB11 phase exactly once (14.5228ms)
Γ£ö TB11-TEST-CONTRACT binds the complete locked contract closure (5.7529ms)
Γ£ö TB11-TEST-INTEGRATION covers twelve cumulative cross-repository scenarios (2.3782ms)
Γ£ö TB11-TEST-REGRESSION proves generated views reproduce immutable sources (1.9102ms)
Γ£ö TB11-REVIEW-SCENARIO-ROLLBACK binds proof to the registered rollback test and execution (6.7884ms)
Γ£ö TB11-TEST-E2E proves the paired release is ready only after every gate (35.1461ms)
Γ£ö TB11-TEST-FALSE-SUCCESS rejects a missing predecessor or skipped command (4.5009ms)
Γ£ö TB11-TEST-ROLLBACK executes finite rollback and preserves receipts (1.4038ms)
Γ£ö TB11-TEST-HEALTH meets declared disaster recovery objectives (1.4639ms)
Γ£ö TB11-TEST-COMMAND-04 validates all phase receipt signatures (1.7133ms)
Γ£ö TB11-TEST-COMMAND-05 validates proof identity and semantic examples (2.7443ms)
Γ£ö TB11-TEST-COMMAND-06 records bounded capacity results (1.625ms)
Γ£ö TB11-REVIEW-CAPACITY measures bounded local and cloud paths from the pinned contract (69876.8998ms)
Γ£ö TB11-REVIEW-CAPACITY fails closed on a contradictory pinned-contract constraint (138.1699ms)
Γ£ö TB11-REVIEW-CAPACITY records local reproducibility limits without unsupported claims (2.3365ms)
Γ£ö TB11-TEST-PACKAGE-COVERAGE reconciles thirteen extensions and two auxiliaries (1.9952ms)
Γ£ö TB11-TEST-TRACK-A-EXCLUSION aggregates twelve nonempty zero-finding gates (1.4254ms)
Γ£ö TB11-REVIEW-FALSE-SUCCESS rejects declared scenarios without executable receipts (2.9458ms)
Γ£ö TB11-REVIEW-FALSE-SUCCESS rejects shallow dual-platform interoperability receipts (0.8537ms)
Γ£ö TB11-REVIEW-ROLLBACK requires measured rollback and DR receipts (2.8184ms)
(node:3716) ExperimentalWarning: SQLite is an experimental feature and might change at any time
(Use `node --trace-warnings ...` to show where the warning was created)
Γ£ö TB11-REVIEW-RUNTIME-BRIDGE publishes executed canonical probes and a real retention plan (62.7251ms)
Γ£ö TB11-REGRESSION release validation requires durable live Pi, local, cloud, correlation, browser, and clean-checkout proof (2.5038ms)
Γ£ö TB11-REGRESSION live E2E proof is rejected when build and clean-checkout revisions drift from the source lock (16.0185ms)
Γ£ö TB11-REGRESSION proof-only commits may follow a pinned product revision but product drift is rejected (2069.015ms)
Γ£ö TB11-REGRESSION phase receipts accept proof-only commits but reject product drift (1513.9381ms)
Γ£ö TB11-REGRESSION release source hashes ignore empty directories Git cannot reconstruct (18.6037ms)
Γä╣ tests 26
Γä╣ suites 0
Γä╣ pass 26
Γä╣ fail 0
Γä╣ cancelled 0
Γä╣ skipped 0
Γä╣ todo 0
Γä╣ duration_ms 73982.88
