
[1m[46m RUN [49m[22m [36mv3.2.4 [39m[90mD:/DEV/role-model/.worktrees/57-role-model-taxonomy-v1-phase-1-4/role-model-router/packages/core[39m

 [31m❯[39m test/taxonomy-docs.test.ts [2m([22m[2m1 test[22m[2m | [22m[31m1 failed[39m[2m)[22m[32m 11[2mms[22m[39m
[31m   [31m×[31m taxonomy documentation[2m > [22mdocuments taxonomy V1 concepts, discovery, Pi classification, and future phases[39m[32m 9[2mms[22m[39m
[31m     → ENOENT: no such file or directory, open 'D:\DEV\role-model\.worktrees\57-role-model-taxonomy-v1-phase-1-4\docs\protocol\taxonomy-v1.md'[39m

⎯⎯⎯⎯⎯⎯⎯ Failed Tests 1 ⎯⎯⎯⎯⎯⎯⎯

 FAIL  test/taxonomy-docs.test.ts > taxonomy documentation > documents taxonomy V1 concepts, discovery, Pi classification, and future phases
Error: ENOENT: no such file or directory, open 'D:\DEV\role-model\.worktrees\57-role-model-taxonomy-v1-phase-1-4\docs\protocol\taxonomy-v1.md'
 ❯ test/taxonomy-docs.test.ts:10:17
      8| describe("taxonomy documentation", () => {
      9|   test("documents taxonomy V1 concepts, discovery, Pi classification, …
     10|     const doc = readFileSync(path.join(repoRoot, "docs/protocol/taxono…
       |                 ^
     11|     const readme = readFileSync(path.join(repoRoot, "README.md"), "utf…
     12| 

⎯⎯⎯⎯⎯⎯⎯⎯⎯⎯⎯⎯⎯⎯⎯⎯⎯⎯⎯⎯⎯⎯⎯⎯[1/1]⎯


[2m Test Files [22m [1m[31m1 failed[39m[22m[90m (1)[39m
[2m      Tests [22m [1m[31m1 failed[39m[22m[90m (1)[39m
[2m   Start at [22m 12:48:56
[2m   Duration [22m 1.27s[2m (transform 195ms, setup 0ms, collect 183ms, tests 11ms, environment 0ms, prepare 432ms)[22m

undefined
D:\DEV\role-model\.worktrees\57-role-model-taxonomy-v1-phase-1-4\role-model-router\packages\core:
 ERR_PNPM_RECURSIVE_EXEC_FIRST_FAIL  Command failed with exit code 1: vitest run test/taxonomy-docs.test.ts
