
[1m[46m RUN [49m[22m [36mv3.2.4 [39m[90mD:/DEV/role-model/.worktrees/57-role-model-taxonomy-v1-phase-1-4/role-model-router/apps/runtime-host-bridge[39m

(node:53976) ExperimentalWarning: SQLite is an experimental feature and might change at any time
(Use `node --trace-warnings ...` to show where the warning was created)
 [31m❯[39m test/taxonomy-discovery.test.ts [2m([22m[2m2 tests[22m[2m | [22m[31m1 failed[39m[2m)[22m[32m 122[2mms[22m[39m
[31m   [31m×[31m taxonomy discovery API[2m > [22mexposes the proposal taxonomy discovery route family[39m[32m 76[2mms[22m[39m
[31m     → /api/role-model/taxonomy: expected false to be true // Object.is equality[39m
   [32m✓[39m taxonomy discovery API[2m > [22mexposes manifest, compact groups, role task chunks, and validation diagnostics[32m 44[2mms[22m[39m

⎯⎯⎯⎯⎯⎯⎯ Failed Tests 1 ⎯⎯⎯⎯⎯⎯⎯

 FAIL  test/taxonomy-discovery.test.ts > taxonomy discovery API > exposes the proposal taxonomy discovery route family
AssertionError: /api/role-model/taxonomy: expected false to be true // Object.is equality

- Expected
+ Received

- true
+ false

 ❯ test/taxonomy-discovery.test.ts:50:36
     48|       ]) {
     49|         const response = await fetch(`${baseUrl}${route}`);
     50|         expect(response.ok, route).toBe(true);
       |                                    ^
     51|         const body = (await response.json()) as {
     52|           taxonomyVersion?: string;

⎯⎯⎯⎯⎯⎯⎯⎯⎯⎯⎯⎯⎯⎯⎯⎯⎯⎯⎯⎯⎯⎯⎯⎯[1/1]⎯


[2m Test Files [22m [1m[31m1 failed[39m[22m[90m (1)[39m
[2m      Tests [22m [1m[31m1 failed[39m[22m[2m | [22m[1m[32m1 passed[39m[22m[90m (2)[39m
[2m   Start at [22m 12:53:36
[2m   Duration [22m 2.96s[2m (transform 1.30s, setup 0ms, collect 1.84s, tests 122ms, environment 0ms, prepare 352ms)[22m

undefined
D:\DEV\role-model\.worktrees\57-role-model-taxonomy-v1-phase-1-4\role-model-router\apps\runtime-host-bridge:
 ERR_PNPM_RECURSIVE_EXEC_FIRST_FAIL  Command failed with exit code 1: vitest run test/taxonomy-discovery.test.ts
