
[1m[46m RUN [49m[22m [36mv3.2.4 [39m[90mD:/DEV/role-model/.worktrees/57-role-model-taxonomy-v1-phase-1-4/packages/pi-role-model[39m

 [31m❯[39m test/taxonomy-data-files.test.ts [2m([22m[2m2 tests[22m[2m | [22m[31m1 failed[39m[2m)[22m[32m 48[2mms[22m[39m
   [32m✓[39m packaged compact taxonomy data files[2m > [22mships compact taxonomy files for offline progressive disclosure[32m 32[2mms[22m[39m
[31m   [31m×[31m packaged compact taxonomy data files[2m > [22mincludes compact taxonomy data in the published package files[39m[32m 15[2mms[22m[39m
[31m     → expected [ 'extensions', 'skills', 'src' ] to include 'data'[39m

⎯⎯⎯⎯⎯⎯⎯ Failed Tests 1 ⎯⎯⎯⎯⎯⎯⎯

 FAIL  test/taxonomy-data-files.test.ts > packaged compact taxonomy data files > includes compact taxonomy data in the published package files
AssertionError: expected [ 'extensions', 'skills', 'src' ] to include 'data'
 ❯ test/taxonomy-data-files.test.ts:37:31
     35| 
     36|   test("includes compact taxonomy data in the published package files"…
     37|     expect(packageJson.files).toContain("data");
       |                               ^
     38|   });
     39| });

⎯⎯⎯⎯⎯⎯⎯⎯⎯⎯⎯⎯⎯⎯⎯⎯⎯⎯⎯⎯⎯⎯⎯⎯[1/1]⎯


[2m Test Files [22m [1m[31m1 failed[39m[22m[90m (1)[39m
[2m      Tests [22m [1m[31m1 failed[39m[22m[2m | [22m[1m[32m1 passed[39m[22m[90m (2)[39m
[2m   Start at [22m 12:35:43
[2m   Duration [22m 1.09s[2m (transform 137ms, setup 0ms, collect 145ms, tests 48ms, environment 0ms, prepare 366ms)[22m

undefined
D:\DEV\role-model\.worktrees\57-role-model-taxonomy-v1-phase-1-4\packages\pi-role-model:
 ERR_PNPM_RECURSIVE_EXEC_FIRST_FAIL  Command failed with exit code 1: vitest run test/taxonomy-data-files.test.ts
