
[1m[46m RUN [49m[22m [36mv3.2.4 [39m[90mD:/DEV/role-model/.worktrees/57-role-model-taxonomy-v1-phase-1-4/packages/pi-role-model[39m

 [31m❯[39m test/taxonomy-data-files.test.ts [2m([22m[2m1 test[22m[2m | [22m[31m1 failed[39m[2m)[22m[32m 13[2mms[22m[39m
[31m   [31m×[31m packaged compact taxonomy data files[2m > [22mships compact taxonomy files for offline progressive disclosure[39m[32m 10[2mms[22m[39m
[31m     → ENOENT: no such file or directory, open 'D:\DEV\role-model\.worktrees\57-role-model-taxonomy-v1-phase-1-4\packages\pi-role-model\data\taxonomy\compact-manifest.json'[39m

⎯⎯⎯⎯⎯⎯⎯ Failed Tests 1 ⎯⎯⎯⎯⎯⎯⎯

 FAIL  test/taxonomy-data-files.test.ts > packaged compact taxonomy data files > ships compact taxonomy files for offline progressive disclosure
Error: ENOENT: no such file or directory, open 'D:\DEV\role-model\.worktrees\57-role-model-taxonomy-v1-phase-1-4\packages\pi-role-model\data\taxonomy\compact-manifest.json'
 ❯ readJson test/taxonomy-data-files.test.ts:9:57
      7| 
      8| const dataRoot = path.resolve(process.cwd(), "data", "taxonomy");
      9| const readJson = <T>(filePath: string): T => JSON.parse(readFileSync(f…
       |                                                         ^
     10| 
     11| describe("packaged compact taxonomy data files", () => {
 ❯ test/taxonomy-data-files.test.ts:15:12

⎯⎯⎯⎯⎯⎯⎯⎯⎯⎯⎯⎯⎯⎯⎯⎯⎯⎯⎯⎯⎯⎯⎯⎯[1/1]⎯


[2m Test Files [22m [1m[31m1 failed[39m[22m[90m (1)[39m
[2m      Tests [22m [1m[31m1 failed[39m[22m[90m (1)[39m
[2m   Start at [22m 12:34:17
[2m   Duration [22m 1.68s[2m (transform 139ms, setup 0ms, collect 141ms, tests 13ms, environment 0ms, prepare 429ms)[22m

undefined
D:\DEV\role-model\.worktrees\57-role-model-taxonomy-v1-phase-1-4\packages\pi-role-model:
 ERR_PNPM_RECURSIVE_EXEC_FIRST_FAIL  Command failed with exit code 1: vitest run test/taxonomy-data-files.test.ts
