(node:8084) ExperimentalWarning: SQLite is an experimental feature and might change at any time
(Use `node --trace-warnings ...` to show where the warning was created)
Γ£ö TB10-TEST-UNIT replays deterministically (5.4055ms)
Γ£ö TB10-TEST-CONTRACT binds evaluation group provenance (4.8039ms)
Γ£ö TB10-TEST-INTEGRATION derives shadow candidates (2.9648ms)
Γ£ö TB10-TEST-REGRESSION never activates production (1.8288ms)
Γ£ö TB10-TEST-MUTATION activation guard is immutable (1.3069ms)
Γ£ö TB10-TEST-ACTIVATION-POLICY activates only with valid v1 policy (3.5654ms)
Γ£ö TB10-TEST-ACTIVATION-CAPABILITY forwards policy through run() (2.8666ms)
Γ£ö TB10-TEST-FALSE-SUCCESS rejects holdout failure (1.3286ms)
Γ£ö TB10-TEST-ROLLBACK discards derived candidates (1.4179ms)
Γ£ö TB10-TEST-HEALTH operates without Verifiers (1.2408ms)
Γ£ö TB10-TEST-REPLAY-CORE-PACKAGE checkpoints cancellation (0.5634ms)
Γ£ö TB10-TEST-EVALUATION-RUNNER-PACKAGE enforces no egress (0.9573ms)
Γ£ö TB10-TEST-TRAJECTORY-SIGNALS-PACKAGE emits bounded diagnostics (1.2982ms)
Γ£ö TB10-TEST-PROFILE-LEARNER-PACKAGE keeps attribution dimensions separate (1.9761ms)
Γ£ö TB10-TEST-KNOWLEDGE-WORKER-PACKAGE requires review and redaction (1.1745ms)
Γ£ö TB10-TEST-TRACK-A-EXCLUSION packages are reference-only learners (0.3085ms)
Γ£ö TB10-REVIEW-REPLAY shares immutable prefixes and binds source decision provenance (20.2451ms)
Γ£ö TB10-REVIEW-REPLAY cancellation resumes from a hash-bound checkpoint (0.7817ms)
Γ£ö TB10-REVIEW-EVAL runs through Evaluation Core with no external environment (1.7024ms)
Γ£ö TB10-REVIEW-SIGNALS are provenance-bound uncertain diagnostics, never labels (0.2949ms)
Γ£ö TB10-REVIEW-PROFILE preserves propensity, bias, confidence, promotion and rollback evidence (1.1636ms)
Γ£ö TB10-REVIEW-KNOWLEDGE requires comparable positive/negative groups and disjoint validation (2.2474ms)
Γ£ö TB10-REVIEW-SAFETY rejects caller-asserted knowledge and missing diagnostic provenance (1.192ms)
Γ£ö TB10-REVIEW-SAFETY executes only trusted registered scorers (1.1011ms)
Γ£ö TB10-REVIEW-BOUNDARY accepts only finite declarative scorers and complete execution provenance (1.6285ms)
Γ£ö TB10-REVIEW-RECEIPTS rejects forged profile and knowledge promotion gates (1.9614ms)
Γ£ö TB10-REVIEW-RECEIPTS bind nested evidence and model fields (2.5461ms)
Γ£ö TB10-REVIEW-REPLAY uses collision-safe prefix hashes and durable restart checkpoints (30.9397ms)
Γä╣ tests 28
Γä╣ suites 0
Γä╣ pass 28
Γä╣ fail 0
Γä╣ cancelled 0
Γä╣ skipped 0
Γä╣ todo 0
Γä╣ duration_ms 234.4085
