(node:7364) ExperimentalWarning: SQLite is an experimental feature and might change at any time
(Use `node --trace-warnings ...` to show where the warning was created)
Γ£ö TB10-TEST-UNIT replays deterministically (5.9025ms)
Γ£ö TB10-TEST-CONTRACT binds evaluation group provenance (6.9045ms)
Γ£ö TB10-TEST-INTEGRATION derives shadow candidates (3.1877ms)
Γ£ö TB10-TEST-REGRESSION never activates production (2.0651ms)
Γ£ö TB10-TEST-MUTATION activation guard is immutable (1.2723ms)
Γ£ö TB10-TEST-ACTIVATION-POLICY activates only with valid v1 policy (3.8903ms)
Γ£ö TB10-TEST-ACTIVATION-CAPABILITY forwards policy through run() (3.9713ms)
Γ£ö TB10-TEST-ACTIVATION-DIGEST-BIND requires receipt digest match to shadow candidate (2.0949ms)
Γ£û TB10-TEST-SHADOW-READY-BOOTSTRAP seeds shadow candidate without production (1.5304ms)
Γ£û TB10-TEST-SOFT-DEACTIVATE returns to shadow-ready (1.6232ms)
Γ£û TB10-TEST-DEACTIVATE-CAPABILITY soft-offs through run() (1.4214ms)
Γ£ö TB10-TEST-FALSE-SUCCESS rejects holdout failure (1.3427ms)
Γ£ö TB10-TEST-ROLLBACK discards derived candidates (1.4501ms)
Γ£ö TB10-TEST-HEALTH operates without Verifiers (1.0543ms)
Γ£ö TB10-TEST-REPLAY-CORE-PACKAGE checkpoints cancellation (0.4506ms)
Γ£ö TB10-TEST-EVALUATION-RUNNER-PACKAGE enforces no egress (1.3139ms)
Γ£ö TB10-TEST-TRAJECTORY-SIGNALS-PACKAGE emits bounded diagnostics (2.9092ms)
Γ£ö TB10-TEST-PROFILE-LEARNER-PACKAGE keeps attribution dimensions separate (3.1362ms)
Γ£ö TB10-TEST-KNOWLEDGE-WORKER-PACKAGE requires review and redaction (1.238ms)
Γ£ö TB10-TEST-TRACK-A-EXCLUSION packages are reference-only learners (0.279ms)
Γ£ö TB10-REVIEW-REPLAY shares immutable prefixes and binds source decision provenance (20.7356ms)
Γ£ö TB10-REVIEW-REPLAY cancellation resumes from a hash-bound checkpoint (0.9657ms)
Γ£ö TB10-REVIEW-EVAL runs through Evaluation Core with no external environment (2.2801ms)
Γ£ö TB10-REVIEW-SIGNALS are provenance-bound uncertain diagnostics, never labels (0.4448ms)
Γ£ö TB10-REVIEW-PROFILE preserves propensity, bias, confidence, promotion and rollback evidence (1.7222ms)
Γ£ö TB10-REVIEW-KNOWLEDGE requires comparable positive/negative groups and disjoint validation (2.9892ms)
Γ£ö TB10-REVIEW-SAFETY rejects caller-asserted knowledge and missing diagnostic provenance (3.2972ms)
Γ£ö TB10-REVIEW-SAFETY executes only trusted registered scorers (1.2134ms)
Γ£ö TB10-REVIEW-BOUNDARY accepts only finite declarative scorers and complete execution provenance (1.7742ms)
Γ£ö TB10-REVIEW-RECEIPTS rejects forged profile and knowledge promotion gates (1.8768ms)
Γ£ö TB10-REVIEW-RECEIPTS bind nested evidence and model fields (0.5605ms)
Γ£ö TB10-REVIEW-REPLAY uses collision-safe prefix hashes and durable restart checkpoints (45.3616ms)
Γä╣ tests 32
Γä╣ suites 0
Γä╣ pass 29
Γä╣ fail 3
Γä╣ cancelled 0
Γä╣ skipped 0
Γä╣ todo 0
Γä╣ duration_ms 281.2374

Γ£û failing tests:

test at tests\track-b\tb10.test.mjs:29:1
Γ£û TB10-TEST-SHADOW-READY-BOOTSTRAP seeds shadow candidate without production (1.5304ms)
  TypeError: w.bootstrapShadowReady is not a function
      at TestContext.<anonymous> (file:///D:/DEV/.wt/83-kw/tests/track-b/tb10.test.mjs:34:24)
      at async Test.run (node:internal/test_runner/test:1113:7)
      at async Test.processPendingSubtests (node:internal/test_runner/test:788:7)

test at tests\track-b\tb10.test.mjs:45:1
Γ£û TB10-TEST-SOFT-DEACTIVATE returns to shadow-ready (1.6232ms)
  TypeError: w.bootstrapShadowReady is not a function
      at TestContext.<anonymous> (file:///D:/DEV/.wt/83-kw/tests/track-b/tb10.test.mjs:49:5)
      at async Test.run (node:internal/test_runner/test:1113:7)
      at async Test.processPendingSubtests (node:internal/test_runner/test:788:7)

test at tests\track-b\tb10.test.mjs:65:1
Γ£û TB10-TEST-DEACTIVATE-CAPABILITY soft-offs through run() (1.4214ms)
  Error: unsupported knowledge-worker capability: knowledge:deactivate
      at Module.run (file:///D:/DEV/.wt/83-kw/extensions/knowledge-worker/index.mjs:100:11)
      at TestContext.<anonymous> (file:///D:/DEV/.wt/83-kw/tests/track-b/tb10.test.mjs:68:26)
      at async Test.run (node:internal/test_runner/test:1113:7)
      at async Test.processPendingSubtests (node:internal/test_runner/test:788:7)
