=== Run 43 full + dual display QA ===
[2026-06-14T19:17:33.7176775+02:00] SEA context: scope run43-verify on :3456
[2026-06-14T19:17:33.8624685+02:00] pre-full quick runId=b9fba560-fbe1-4d7b-8acf-aa94af06c20c full runId=
[2026-06-14T19:17:33.9045694+02:00] Q3-full start runId=1820b2d1-840b-4e6a-9a05-71e3aa44a659 totalSteps=
[2026-06-14T19:17:43.9501323+02:00] poll 1820b2d1-840b-4e6a-9a05-71e3aa44a659 4/275 running
[2026-06-14T19:18:44.0266912+02:00] poll 1820b2d1-840b-4e6a-9a05-71e3aa44a659 16/275 running
[2026-06-14T19:19:44.1120935+02:00] poll 1820b2d1-840b-4e6a-9a05-71e3aa44a659 24/275 running
[2026-06-14T19:20:44.1795842+02:00] poll 1820b2d1-840b-4e6a-9a05-71e3aa44a659 24/275 running
[2026-06-14T19:21:44.2672666+02:00] poll 1820b2d1-840b-4e6a-9a05-71e3aa44a659 25/275 running
[2026-06-14T19:22:44.3120030+02:00] poll 1820b2d1-840b-4e6a-9a05-71e3aa44a659 35/275 running
[2026-06-14T19:23:44.3830879+02:00] poll 1820b2d1-840b-4e6a-9a05-71e3aa44a659 41/275 running
[2026-06-14T19:24:44.4510635+02:00] poll 1820b2d1-840b-4e6a-9a05-71e3aa44a659 48/275 running
[2026-06-14T19:25:44.5359125+02:00] poll 1820b2d1-840b-4e6a-9a05-71e3aa44a659 64/275 running
[2026-06-14T19:26:44.6335056+02:00] poll 1820b2d1-840b-4e6a-9a05-71e3aa44a659 77/275 running
[2026-06-14T19:27:44.6906851+02:00] poll 1820b2d1-840b-4e6a-9a05-71e3aa44a659 80/275 running
[2026-06-14T19:28:44.7895677+02:00] poll 1820b2d1-840b-4e6a-9a05-71e3aa44a659 88/275 running
[2026-06-14T19:29:44.8599295+02:00] poll 1820b2d1-840b-4e6a-9a05-71e3aa44a659 102/275 running
[2026-06-14T19:30:44.9153904+02:00] poll 1820b2d1-840b-4e6a-9a05-71e3aa44a659 113/275 running
[2026-06-14T19:31:45.0124103+02:00] poll 1820b2d1-840b-4e6a-9a05-71e3aa44a659 121/275 running
[2026-06-14T19:32:45.1209483+02:00] poll 1820b2d1-840b-4e6a-9a05-71e3aa44a659 129/275 running
[2026-06-14T19:33:45.2122033+02:00] poll 1820b2d1-840b-4e6a-9a05-71e3aa44a659 135/275 running
[2026-06-14T19:34:45.2966589+02:00] poll 1820b2d1-840b-4e6a-9a05-71e3aa44a659 142/275 running
[2026-06-14T19:35:45.3988078+02:00] poll 1820b2d1-840b-4e6a-9a05-71e3aa44a659 151/275 running
[2026-06-14T19:36:45.4741636+02:00] poll 1820b2d1-840b-4e6a-9a05-71e3aa44a659 156/275 running
[2026-06-14T19:37:45.5620161+02:00] poll 1820b2d1-840b-4e6a-9a05-71e3aa44a659 160/275 running
[2026-06-14T19:38:45.6488825+02:00] poll 1820b2d1-840b-4e6a-9a05-71e3aa44a659 165/275 running
[2026-06-14T19:39:45.7503696+02:00] poll 1820b2d1-840b-4e6a-9a05-71e3aa44a659 174/275 running
[2026-06-14T19:40:45.8356287+02:00] poll 1820b2d1-840b-4e6a-9a05-71e3aa44a659 183/275 running
[2026-06-14T19:41:45.9345894+02:00] poll 1820b2d1-840b-4e6a-9a05-71e3aa44a659 189/275 running
[2026-06-14T19:42:46.0400965+02:00] poll 1820b2d1-840b-4e6a-9a05-71e3aa44a659 196/275 running
[2026-06-14T19:43:46.1214186+02:00] poll 1820b2d1-840b-4e6a-9a05-71e3aa44a659 205/275 running
[2026-06-14T19:44:46.2026163+02:00] poll 1820b2d1-840b-4e6a-9a05-71e3aa44a659 214/275 running
[2026-06-14T19:45:46.2453134+02:00] poll 1820b2d1-840b-4e6a-9a05-71e3aa44a659 220/275 running
[2026-06-14T19:46:46.3256270+02:00] poll 1820b2d1-840b-4e6a-9a05-71e3aa44a659 229/275 running
[2026-06-14T19:47:46.3974240+02:00] poll 1820b2d1-840b-4e6a-9a05-71e3aa44a659 236/275 running
[2026-06-14T19:48:46.4706285+02:00] poll 1820b2d1-840b-4e6a-9a05-71e3aa44a659 240/275 running
[2026-06-14T19:49:46.5471646+02:00] poll 1820b2d1-840b-4e6a-9a05-71e3aa44a659 244/275 running
[2026-06-14T19:50:46.6295309+02:00] poll 1820b2d1-840b-4e6a-9a05-71e3aa44a659 250/275 running
[2026-06-14T19:51:46.6948182+02:00] poll 1820b2d1-840b-4e6a-9a05-71e3aa44a659 258/275 running
[2026-06-14T19:52:46.7742052+02:00] poll 1820b2d1-840b-4e6a-9a05-71e3aa44a659 264/275 running
[2026-06-14T19:53:46.8485900+02:00] poll 1820b2d1-840b-4e6a-9a05-71e3aa44a659 266/275 running
[2026-06-14T19:54:46.9427932+02:00] poll 1820b2d1-840b-4e6a-9a05-71e3aa44a659 270/275 running
[2026-06-14T19:55:47.0312283+02:00] poll 1820b2d1-840b-4e6a-9a05-71e3aa44a659 273/275 running
[2026-06-14T19:55:57.0804801+02:00] Q3-full status=completed steps=275/275
[2026-06-14T19:58:19.7370537+02:00] VERIFICATION COMPLETE
[2026-06-14T19:58:19.7387423+02:00] full runId=1820b2d1-840b-4e6a-9a05-71e3aa44a659 mode=full subjects=2 caseCount=55 status=completed 275/275
[2026-06-14T19:58:19.7388490+02:00] quick runId=b9fba560-fbe1-4d7b-8acf-aa94af06c20c mode=quick subjects=2 caseCount=12
[2026-06-14T19:58:19.7389205+02:00] R1 dual panels PASS: both runIds distinct and populated in by-mode API
[2026-06-14T19:58:19.7389897+02:00] UI snapshot: Last full run 65.5%/63.6% + Last quick run 50%/25% on /app/models/benchmark
[2026-06-14T19:58:19.7390562+02:00] run history count=2 modes=full,quick
[2026-06-14T19:58:19.7391220+02:00] validate full: INVALID (non_trivial_rationale gate only; judge parse 110/110)
[2026-06-14T19:58:19.7392027+02:00] validate quick: INVALID (non_trivial_rationale gate only; compare 12/12 PASS)
[2026-06-14T19:58:19.7392746+02:00] global summary latest=full (1820b2d1) quick panel preserved via by-mode
[2026-06-14T19:58:19.7393411+02:00] screenshot evidence/screenshots/phase5-dual-run-panels.png
[2026-06-14T19:58:19.7394073+02:00] PASS full+quick coexist per run 43 R1
