> {"id":"cmd-0","type":"prompt","message":"/role-model setup"}
> {"id":"cmd-1","type":"prompt","message":"/role-model status"}
< {"type":"extension_ui_request","id":"ca76721c-1a48-4f87-a672-3a5cf7227007","method":"notify","message":"Role-Model provider configured at http://127.0.0.1:4567\nrecommended alias: default.decision-only","notifyType":"info"}
< {"id":"cmd-0","type":"response","command":"prompt","success":true}
< {"type":"extension_ui_request","id":"b66c1d0f-f972-4593-b46f-2d784b41b786","method":"notify","message":"Role Model Runtime\nstate: ready\nendpoint: http://127.0.0.1:4567\nversion: 0.0.0-qa\naliases: 20\nselected alias: default.decision-only\nprovider: registered\nauth: placeholder\nendpoint trust: local\nfallback: no\nwarnings: none","notifyType":"info"}
< {"id":"cmd-1","type":"response","command":"prompt","success":true}
> {"id":"cmd-2","type":"prompt","message":"/role-model doctor"}
< {"type":"extension_ui_request","id":"95f6eafa-3a4b-4f59-8865-8193cf7fb867","method":"notify","message":"doctor: ok\nendpoint: http://127.0.0.1:4567\nhealth: ok\nversion: ok\ndownstream discovery: ok\nfallback: no\nauth: ok\nendpoint trust: ok\nprovider: ok\naliases: ok\ndegraded models: none\nmodels: 22\nrecommended alias: default.decision-only","notifyType":"info"}
< {"id":"cmd-2","type":"response","command":"prompt","success":true}
> {"id":"cmd-3","type":"prompt","message":"/role-model alias list"}
< {"type":"extension_ui_request","id":"5ef77262-badb-4a90-9d38-733879525478","method":"notify","message":"- baseline.decision-only [ready]\n- baseline.hybrid [ready]\n- baseline.local-only [ready]\n- baseline.remote-only [ready]\n- controller.decision-only [ready]\n- controller.hybrid [ready]\n- controller.local-only [ready]\n- controller.remote-only [ready]\n- default.decision-only (recommended) [ready, recommended, selected]\n- default.hybrid [ready]\n- default.local-only [ready]\n- default.remote-only [ready]\n- difficulty.decision-only [ready]\n- difficulty.hybrid [ready]\n- difficulty.local-only [ready]\n- difficulty.remote-only [ready]\n- hybrid.decision-only [ready]\n- hybrid.hybrid [ready]\n- hybrid.local-only [ready]\n- hybrid.remote-only [ready]","notifyType":"info"}
< {"id":"cmd-3","type":"response","command":"prompt","success":true}
> {"id":"cmd-4","type":"prompt","message":"/role-model alias recommended"}
< {"type":"extension_ui_request","id":"c84d3e97-9597-4a7d-ad5a-4dedcf46132f","method":"notify","message":"Recommended Role-Model alias: default.decision-only","notifyType":"info"}
< {"id":"cmd-4","type":"response","command":"prompt","success":true}
> {"id":"cmd-5","type":"prompt","message":"/role-model alias use default.decision-only"}
< {"type":"extension_ui_request","id":"35dcef79-8db6-451a-b4b0-a32da0d5aedc","method":"notify","message":"selected alias: default.decision-only\nactive model: role-model/default.decision-only","notifyType":"info"}
< {"id":"cmd-5","type":"response","command":"prompt","success":true}
> {"id":"cmd-6","type":"prompt","message":"/role-model alias current"}
< {"type":"extension_ui_request","id":"2fd3c761-a1db-4fc6-ad49-44edb64daa8b","method":"notify","message":"Current Role-Model alias: default.decision-only","notifyType":"info"}
< {"id":"cmd-6","type":"response","command":"prompt","success":true}
SUMMARY {"code":0}
