(node:26444) ExperimentalWarning: SQLite is an experimental feature and might change at any time
(Use `node --trace-warnings ...` to show where the warning was created)
Γ£ö TB10-TEST-UNIT replays deterministically (5.6411ms)
Γ£ö TB10-TEST-CONTRACT binds evaluation group provenance (4.637ms)
Γ£ö TB10-TEST-INTEGRATION derives shadow candidates (2.9312ms)
Γ£ö TB10-TEST-REGRESSION never activates production (1.7974ms)
Γ£ö TB10-TEST-MUTATION activation guard is immutable (1.3706ms)
Γ£ö TB10-TEST-ACTIVATION-POLICY activates only with valid v1 policy (3.6609ms)
Γ£ö TB10-TEST-ACTIVATION-CAPABILITY forwards policy through run() (3.1093ms)
Γ£ö TB10-TEST-ACTIVATION-DIGEST-BIND requires receipt digest match to shadow candidate (2.0865ms)
Γ£ö TB10-TEST-FALSE-SUCCESS rejects holdout failure (1.5922ms)
Γ£ö TB10-TEST-ROLLBACK discards derived candidates (1.7059ms)
Γ£ö TB10-TEST-HEALTH operates without Verifiers (1.1796ms)
Γ£ö TB10-TEST-REPLAY-CORE-PACKAGE checkpoints cancellation (0.468ms)
Γ£ö TB10-TEST-EVALUATION-RUNNER-PACKAGE enforces no egress (1.1145ms)
Γ£ö TB10-TEST-TRAJECTORY-SIGNALS-PACKAGE emits bounded diagnostics (1.5245ms)
Γ£ö TB10-TEST-PROFILE-LEARNER-PACKAGE keeps attribution dimensions separate (2.0132ms)
Γ£ö TB10-TEST-KNOWLEDGE-WORKER-PACKAGE requires review and redaction (1.3447ms)
Γ£ö TB10-TEST-TRACK-A-EXCLUSION packages are reference-only learners (0.3642ms)
Γ£ö TB10-REVIEW-REPLAY shares immutable prefixes and binds source decision provenance (19.4658ms)
Γ£ö TB10-REVIEW-REPLAY cancellation resumes from a hash-bound checkpoint (0.7928ms)
Γ£ö TB10-REVIEW-EVAL runs through Evaluation Core with no external environment (1.8961ms)
Γ£ö TB10-REVIEW-SIGNALS are provenance-bound uncertain diagnostics, never labels (0.4ms)
Γ£ö TB10-REVIEW-PROFILE preserves propensity, bias, confidence, promotion and rollback evidence (1.1322ms)
Γ£ö TB10-REVIEW-KNOWLEDGE requires comparable positive/negative groups and disjoint validation (2.6985ms)
Γ£ö TB10-REVIEW-SAFETY rejects caller-asserted knowledge and missing diagnostic provenance (1.1856ms)
Γ£ö TB10-REVIEW-SAFETY executes only trusted registered scorers (1.1914ms)
Γ£ö TB10-REVIEW-BOUNDARY accepts only finite declarative scorers and complete execution provenance (1.707ms)
Γ£ö TB10-REVIEW-RECEIPTS rejects forged profile and knowledge promotion gates (3.8843ms)
Γ£ö TB10-REVIEW-RECEIPTS bind nested evidence and model fields (0.5805ms)
Γ£ö TB10-REVIEW-REPLAY uses collision-safe prefix hashes and durable restart checkpoints (33.7489ms)
Γä╣ tests 29
Γä╣ suites 0
Γä╣ pass 29
Γä╣ fail 0
Γä╣ cancelled 0
Γä╣ skipped 0
Γä╣ todo 0
Γä╣ duration_ms 248.6167
