
 RUN  v3.2.4 D:/DEV/role-model/.worktrees/60-runtime-ui-paper-linear-review-alignment/role-model-router

 ❯ apps/runtime-ui/app/lib/observe-mock-data.test.ts (4 tests | 1 failed | 3 skipped) 12ms
   × observe mock preview data > overview preview returns seeded latest requests and populated dashboard charts 10ms
     → (0 , buildMockOverviewPreview) is not a function
   ↓ observe mock preview data > requests preview returns seeded ledger rows and populated dashboard charts
   ↓ observe mock preview data > routing preview returns seeded dashboard charts and role-demand ranking
   ↓ observe mock preview data > request detail preview returns a populated telemetry-first inspector payload

⎯⎯⎯⎯⎯⎯⎯ Failed Tests 1 ⎯⎯⎯⎯⎯⎯⎯

 FAIL  apps/runtime-ui/app/lib/observe-mock-data.test.ts > observe mock preview data > overview preview returns seeded latest requests and populated dashboard charts
TypeError: (0 , buildMockOverviewPreview) is not a function
 ❯ apps/runtime-ui/app/lib/observe-mock-data.test.ts:23:21
     21|     });
     22| 
     23|     const preview = buildMockOverviewPreview(definitions);
       |                     ^
     24| 
     25|     expect(preview.requests.length).toBeGreaterThan(5);

⎯⎯⎯⎯⎯⎯⎯⎯⎯⎯⎯⎯⎯⎯⎯⎯⎯⎯⎯⎯⎯⎯⎯⎯[1/1]⎯


 Test Files  1 failed (1)
      Tests  1 failed | 3 skipped (4)
   Start at  18:38:00
   Duration  1.22s (transform 212ms, setup 0ms, collect 282ms, tests 12ms, environment 0ms, prepare 262ms)

