No projects matched the filters "D:\dev\role-model\.worktrees\74-kimi-k3-kimi-code-oauth-support" in "D:\DEV\role-model\.worktrees\74-kimi-k3-kimi-code-oauth-support"

> @role-model-router/catalog@0.0.0 test D:\DEV\role-model\.worktrees\74-kimi-k3-kimi-code-oauth-support\role-model-router\packages\catalog
> vitest run test


[1m[46m RUN [49m[22m [36mv3.2.4 [39m[90mD:/DEV/role-model/.worktrees/74-kimi-k3-kimi-code-oauth-support/role-model-router/packages/catalog[39m

 [31m❯[39m test/token-economics.test.ts [2m([22m[2m6 tests[22m[2m | [22m[31m1 failed[39m[2m)[22m[32m 265[2mms[22m[39m
   [32m✓[39m token-economics[2m > [22mmaps operator Kimi model id to models.dev pricing row[32m 80[2mms[22m[39m
[31m   [31m×[31m token-economics[2m > [22mmaps operator Kimi K3 model id to models.dev pricing row[39m[32m 77[2mms[22m[39m
[31m     → expected 'unknown' to be 'catalog' // Object.is equality[39m
   [32m✓[39m token-economics[2m > [22mmaps operator Kimi K2.7 Code model id to models.dev pricing row[32m 55[2mms[22m[39m
   [32m✓[39m token-economics[2m > [22muses local-free economics for local endpoints[32m 1[2mms[22m[39m
   [32m✓[39m token-economics[2m > [22mderives catalog-based routing estimates and ranks local below Kimi[32m 49[2mms[22m[39m
   [32m✓[39m token-economics[2m > [22mhides moonshotai from operator provider surfaces[32m 0[2mms[22m[39m
 [32m✓[39m test/index.test.ts [2m([22m[2m13 tests[22m[2m)[22m[33m 884[2mms[22m[39m

[31m⎯⎯⎯⎯⎯⎯⎯[39m[1m[41m Failed Tests 1 [49m[22m[31m⎯⎯⎯⎯⎯⎯⎯[39m

[41m[1m FAIL [22m[49m test/token-economics.test.ts[2m > [22mtoken-economics[2m > [22mmaps operator Kimi K3 model id to models.dev pricing row
[31m[1mAssertionError[22m: expected 'unknown' to be 'catalog' // Object.is equality[39m

Expected: [32m"catalog"[39m
Received: [31m"unknown"[39m

[36m [2m❯[22m test/token-economics.test.ts:[2m59:30[22m[39m
    [90m 57| [39m    })[33m;[39m
    [90m 58| [39m
    [90m 59| [39m    [34mexpect[39m(economics[33m.[39msource)[33m.[39m[34mtoBe[39m([32m"catalog"[39m)[33m;[39m
    [90m   | [39m                             [31m^[39m
    [90m 60| [39m    [34mexpect[39m(economics[33m.[39minputPer1M)[33m.[39m[34mtoBe[39m([34m1.9[39m)[33m;[39m
    [90m 61| [39m    [34mexpect[39m(economics[33m.[39moutputPer1M)[33m.[39m[34mtoBe[39m([34m8[39m)[33m;[39m

[31m[2m⎯⎯⎯⎯⎯⎯⎯⎯⎯⎯⎯⎯⎯⎯⎯⎯⎯⎯⎯⎯⎯⎯⎯⎯[1/1]⎯[22m[39m


[2m Test Files [22m [1m[31m1 failed[39m[22m[2m | [22m[1m[32m1 passed[39m[22m[90m (2)[39m
[2m      Tests [22m [1m[31m1 failed[39m[22m[2m | [22m[1m[32m18 passed[39m[22m[90m (19)[39m
[2m   Start at [22m 06:08:11
[2m   Duration [22m 2.20s[2m (transform 308ms, setup 0ms, collect 409ms, tests 1.15s, environment 1ms, prepare 599ms)[22m

D:\DEV\role-model\.worktrees\74-kimi-k3-kimi-code-oauth-support\role-model-router\packages\catalog:
 ERR_PNPM_RECURSIVE_RUN_FIRST_FAIL  @role-model-router/catalog@0.0.0 test: `vitest run test`
Exit status 1
