
> @role-model-router/runtime-observability@0.0.0 test D:\DEV\role-model\.worktrees\73-telemetry-surface-integrity-contract-fix\role-model-router\packages\runtime-observability
> vitest run


 RUN  v3.2.4 D:/DEV/role-model/.worktrees/73-telemetry-surface-integrity-contract-fix/role-model-router/packages/runtime-observability

(node:27916) ExperimentalWarning: SQLite is an experimental feature and might change at any time
(Use `node --trace-warnings ...` to show where the warning was created)
(node:23576) ExperimentalWarning: SQLite is an experimental feature and might change at any time
(Use `node --trace-warnings ...` to show where the warning was created)
 ✓ test/otel.test.ts (1 test) 384ms
   ✓ runtime-observability otel mapping > derives a deterministic OpenTelemetry export from canonical role-model artifacts  382ms
 ❯ test/index.test.ts (6 tests | 1 failed) 1173ms
   × runtime-observability > creates a redacted runtime observation bundle with diagnostics and profile updates 425ms
     → expected { …(21) } to match object { …(9) }
(92 matching properties omitted from actual)
   ✓ runtime-observability > tags live-request samples with the classified difficulty bucket when difficulty routing is present 252ms
   ✓ runtime-observability > captures execution semantics receipts and per-tool side-effect state 245ms
   ✓ runtime-observability > derives routing cache affinity from continuity diagnostics instead of generic routing-model state 246ms
   ✓ extractTaxonomyFields > extracts all fields from a fully populated normalizedIntent 2ms
   ✓ extractTaxonomyFields > returns null for missing fields 2ms

⎯⎯⎯⎯⎯⎯⎯ Failed Tests 1 ⎯⎯⎯⎯⎯⎯⎯

 FAIL  test/index.test.ts > runtime-observability > creates a redacted runtime observation bundle with diagnostics and profile updates
AssertionError: expected { …(21) } to match object { …(9) }
(92 matching properties omitted from actual)

- Expected
+ Received

@@ -1,8 +1,7 @@
  {
    "cacheObservability": {
-     "promptCacheRequestSource": "synthesized",
      "promptCacheRequested": true,
      "promptCacheUsed": false,
    },
    "capturePolicy": {
      "rawCaptureAvailable": true,

 ❯ test/index.test.ts:109:22
    107|       });
    108| 
    109|       expect(bundle).toMatchObject({
       |                      ^
    110|         requestId: validation.decision.request_id,
    111|         routingDecisionId: validation.decision.routing_decision_id,

⎯⎯⎯⎯⎯⎯⎯⎯⎯⎯⎯⎯⎯⎯⎯⎯⎯⎯⎯⎯⎯⎯⎯⎯[1/1]⎯


 Test Files  1 failed | 1 passed (2)
      Tests  1 failed | 6 passed (7)
   Start at  03:56:32
   Duration  2.92s (transform 642ms, setup 0ms, collect 1.42s, tests 1.56s, environment 1ms, prepare 605ms)

D:\DEV\role-model\.worktrees\73-telemetry-surface-integrity-contract-fix\role-model-router\packages\runtime-observability:
 ERR_PNPM_RECURSIVE_RUN_FIRST_FAIL  @role-model-router/runtime-observability@0.0.0 test: `vitest run`
Exit status 1
