
> role-model@0.0.0 schemas:validate D:\DEV\role-model\.worktrees\73-telemetry-surface-integrity-contract-fix
> corepack pnpm --filter @role-model/schema-tools exec tsx src/validate-schemas.ts validate

Validated 37 schema file(s).
D:\DEV\role-model\.worktrees\73-telemetry-surface-integrity-contract-fix\packages\schema-tools\src\validate-schemas.ts:406
    throw new Error(
          ^

Error: Fixture D:\DEV\role-model\.worktrees\73-telemetry-surface-integrity-contract-fix\protocol\fixtures\example-usage-event.json failed validation:
[
  {
    "instancePath": "",
    "schemaPath": "#/additionalProperties",
    "keyword": "additionalProperties",
    "params": {
      "additionalProperty": "tokens_in_source"
    },
    "message": "must NOT have additional properties"
  },
  {
    "instancePath": "",
    "schemaPath": "#/additionalProperties",
    "keyword": "additionalProperties",
    "params": {
      "additionalProperty": "tokens_in_available"
    },
    "message": "must NOT have additional properties"
  },
  {
    "instancePath": "",
    "schemaPath": "#/additionalProperties",
    "keyword": "additionalProperties",
    "params": {
      "additionalProperty": "tokens_out_source"
    },
    "message": "must NOT have additional properties"
  },
  {
    "instancePath": "",
    "schemaPath": "#/additionalProperties",
    "keyword": "additionalProperties",
    "params": {
      "additionalProperty": "tokens_out_available"
    },
    "message": "must NOT have additional properties"
  }
]
    at assertFixtureValid (D:\DEV\role-model\.worktrees\73-telemetry-surface-integrity-contract-fix\packages\schema-tools\src\validate-schemas.ts:406:11)
    at validateFixtures (D:\DEV\role-model\.worktrees\73-telemetry-surface-integrity-contract-fix\packages\schema-tools\src\validate-schemas.ts:434:7)
    at async validateSchemas (D:\DEV\role-model\.worktrees\73-telemetry-surface-integrity-contract-fix\packages\schema-tools\src\validate-schemas.ts:456:24)
    at async main (D:\DEV\role-model\.worktrees\73-telemetry-surface-integrity-contract-fix\packages\schema-tools\src\validate-schemas.ts:557:5)
    at async <anonymous> (D:\DEV\role-model\.worktrees\73-telemetry-surface-integrity-contract-fix\packages\schema-tools\src\validate-schemas.ts:570:3)

Node.js v24.11.0
undefined
D:\DEV\role-model\.worktrees\73-telemetry-surface-integrity-contract-fix\packages\schema-tools:
 ERR_PNPM_RECURSIVE_EXEC_FIRST_FAIL  Command failed with exit code 1: tsx src/validate-schemas.ts validate
 ELIFECYCLE  Command failed with exit code 1.
