(node:772) ExperimentalWarning: SQLite is an experimental feature and might change at any time
(Use `node --trace-warnings ...` to show where the warning was created)
Γ£ö TB10-TEST-UNIT replays deterministically (8.2978ms)
Γ£ö TB10-TEST-CONTRACT binds evaluation group provenance (5.9714ms)
Γ£ö TB10-TEST-INTEGRATION derives shadow candidates (3.1528ms)
Γ£ö TB10-TEST-REGRESSION never activates production (1.9636ms)
Γ£ö TB10-TEST-MUTATION activation guard is immutable (1.2965ms)
Γ£ö TB10-TEST-ACTIVATION-POLICY activates only with valid v1 policy (3.5571ms)
Γ£ö TB10-TEST-ACTIVATION-CAPABILITY forwards policy through run() (3.088ms)
Γ£ö TB10-TEST-ACTIVATION-DIGEST-BIND requires receipt digest match to shadow candidate (3.2548ms)
Γ£ö TB10-TEST-SHADOW-READY-BOOTSTRAP seeds shadow candidate without production (2.4761ms)
Γ£ö TB10-TEST-SOFT-DEACTIVATE returns to shadow-ready (2.0168ms)
Γ£ö TB10-TEST-DEACTIVATE-CAPABILITY soft-offs through run() (1.6541ms)
Γ£ö TB10-TEST-FALSE-SUCCESS rejects holdout failure (1.3245ms)
Γ£ö TB10-TEST-ROLLBACK discards derived candidates (1.2216ms)
Γ£ö TB10-TEST-HEALTH operates without Verifiers (1.037ms)
Γ£ö TB10-TEST-REPLAY-CORE-PACKAGE checkpoints cancellation (0.4686ms)
Γ£ö TB10-TEST-EVALUATION-RUNNER-PACKAGE enforces no egress (0.9884ms)
Γ£ö TB10-TEST-TRAJECTORY-SIGNALS-PACKAGE emits bounded diagnostics (2.3374ms)
Γ£ö TB10-TEST-PROFILE-LEARNER-PACKAGE keeps attribution dimensions separate (2.7215ms)
Γ£ö TB10-TEST-KNOWLEDGE-WORKER-PACKAGE requires review and redaction (1.2222ms)
Γ£ö TB10-TEST-TRACK-A-EXCLUSION packages are reference-only learners (0.2597ms)
Γ£ö TB10-REVIEW-REPLAY shares immutable prefixes and binds source decision provenance (19.5218ms)
Γ£ö TB10-REVIEW-REPLAY cancellation resumes from a hash-bound checkpoint (0.8977ms)
Γ£ö TB10-REVIEW-EVAL runs through Evaluation Core with no external environment (1.7972ms)
Γ£ö TB10-REVIEW-SIGNALS are provenance-bound uncertain diagnostics, never labels (0.281ms)
Γ£ö TB10-REVIEW-PROFILE preserves propensity, bias, confidence, promotion and rollback evidence (1.0401ms)
Γ£ö TB10-REVIEW-KNOWLEDGE requires comparable positive/negative groups and disjoint validation (4.7739ms)
Γ£ö TB10-REVIEW-SAFETY rejects caller-asserted knowledge and missing diagnostic provenance (1.2665ms)
Γ£ö TB10-REVIEW-SAFETY executes only trusted registered scorers (1.2061ms)
Γ£ö TB10-REVIEW-BOUNDARY accepts only finite declarative scorers and complete execution provenance (1.7169ms)
Γ£ö TB10-REVIEW-RECEIPTS rejects forged profile and knowledge promotion gates (1.8929ms)
Γ£ö TB10-REVIEW-RECEIPTS bind nested evidence and model fields (0.5418ms)
Γ£ö TB10-REVIEW-REPLAY uses collision-safe prefix hashes and durable restart checkpoints (39.0661ms)
Γä╣ tests 32
Γä╣ suites 0
Γä╣ pass 32
Γä╣ fail 0
Γä╣ cancelled 0
Γä╣ skipped 0
Γä╣ todo 0
Γä╣ duration_ms 304.2672
