
> @role-model-router/runtime-ui@ test D:\DEV\role-model\.worktrees\49-runtime-telemetry-analytics-charts\role-model-router\apps\runtime-ui
> vitest run app/lib/runtime-api.test.ts app/lib/view-models.test.ts app/lib/device-authorization.test.ts app/lib/design-system.test.ts app/lib/provider-account-state.test.ts app/lib/router-candidate-labels.test.ts app/lib/benchmark-latency.test.ts app/lib/benchmark-model-cards.test.ts app/lib/telemetry-analytics.test.ts app/lib/telemetry-route-models.test.ts app/components/telemetry-charts.test.tsx "--" "app/lib/design-system.test.ts"


[1m[46m RUN [49m[22m [36mv3.2.4 [39m[90mD:/DEV/role-model/.worktrees/49-runtime-telemetry-analytics-charts/role-model-router/apps/runtime-ui[39m

 [32m✓[39m app/lib/router-candidate-labels.test.ts [2m([22m[2m3 tests[22m[2m)[22m[32m 13[2mms[22m[39m
 [32m✓[39m app/lib/benchmark-latency.test.ts [2m([22m[2m2 tests[22m[2m)[22m[32m 13[2mms[22m[39m
 [32m✓[39m app/lib/provider-account-state.test.ts [2m([22m[2m2 tests[22m[2m)[22m[32m 17[2mms[22m[39m
 [32m✓[39m app/lib/device-authorization.test.ts [2m([22m[2m11 tests[22m[2m)[22m[32m 40[2mms[22m[39m
 [32m✓[39m app/lib/benchmark-model-cards.test.ts [2m([22m[2m4 tests[22m[2m)[22m[32m 18[2mms[22m[39m
 [32m✓[39m app/lib/runtime-api.test.ts [2m([22m[2m40 tests[22m[2m)[22m[32m 182[2mms[22m[39m
 [32m✓[39m app/lib/view-models.test.ts [2m([22m[2m32 tests[22m[2m)[22m[32m 176[2mms[22m[39m
 [32m✓[39m app/lib/telemetry-route-models.test.ts [2m([22m[2m3 tests[22m[2m)[22m[32m 28[2mms[22m[39m
 [32m✓[39m app/lib/telemetry-analytics.test.ts [2m([22m[2m5 tests[22m[2m)[22m[32m 66[2mms[22m[39m
 [32m✓[39m app/components/telemetry-charts.test.tsx [2m([22m[2m2 tests[22m[2m)[22m[32m 93[2mms[22m[39m
 [31m❯[39m app/lib/design-system.test.ts [2m([22m[2m46 tests[22m[2m | [22m[31m1 failed[39m[2m)[22m[33m 340[2mms[22m[39m
   [32m✓[39m runtime design system[2m > [22mdefines navigation groups and layout templates for every runtime route[32m 11[2mms[22m[39m
   [32m✓[39m runtime design system[2m > [22muses analytics charts as the primary Observe entry point[32m 4[2mms[22m[39m
   [32m✓[39m runtime design system[2m > [22mkeeps the shell on the Apple baseline with explicit chart tokens[32m 2[2mms[22m[39m
   [32m✓[39m runtime design system[2m > [22mglobal shell chrome keeps legacy vendor ui out of the main runtime contract[32m 103[2mms[22m[39m
   [32m✓[39m runtime design system[2m > [22mstudio implementation targets render repo-owned workspace sections instead of placeholder blueprints[32m 33[2mms[22m[39m
   [32m✓[39m runtime design system[2m > [22mintegration and system implementation targets render live upstream and peer surfaces[32m 16[2mms[22m[39m
   [32m✓[39m runtime design system[2m > [22mrouter implementation targets render repo-owned routing explanation surfaces[32m 1[2mms[22m[39m
   [32m✓[39m runtime design system[2m > [22mrouter, connect registry, and remote surfaces expose alias/readiness ownership instead of generic filler[32m 2[2mms[22m[39m
   [32m✓[39m runtime design system[2m > [22mproviders surface exposes explicit in-place maintenance actions for saved remote accounts[32m 1[2mms[22m[39m
   [32m✓[39m runtime design system[2m > [22mproviders surface uses an explicit save-cancel modal for api-key maintenance[32m 1[2mms[22m[39m
   [32m✓[39m runtime design system[2m > [22mproviders surface keeps oauth reconnect as a one-click saved-account action[32m 0[2mms[22m[39m
   [32m✓[39m runtime design system[2m > [22mproviders maintenance flows call explicit repair APIs instead of generic account writes[32m 0[2mms[22m[39m
   [32m✓[39m runtime design system[2m > [22mproviders saved-account cards use canonical lifecycle rows and bounded archived diagnostics[32m 4[2mms[22m[39m
   [32m✓[39m runtime design system[2m > [22mruntime, session readiness, workbench, and advanced surfaces use canonical lifecycle diagnostics[32m 8[2mms[22m[39m
   [32m✓[39m runtime design system[2m > [22mrouter routes preserve empty-state and observe-link affordances[32m 3[2mms[22m[39m
   [32m✓[39m runtime design system[2m > [22mmerged router overview stays observational while routing strategy owns editing controls[32m 2[2mms[22m[39m
   [32m✓[39m runtime design system[2m > [22mmeta-guidance panels stay removed from overview and observe routes[32m 1[2mms[22m[39m
   [32m✓[39m runtime design system[2m > [22mdesign system doc marks the converted pages as live routes[32m 4[2mms[22m[39m
   [32m✓[39m runtime design system[2m > [22mcontrol routes tolerate an unassigned controller before endpoint activation[32m 1[2mms[22m[39m
   [32m✓[39m runtime design system[2m > [22mapplies the Apple palette, SF Pro / Inter typography, and explicit theme contract in shared app chrome[32m 1[2mms[22m[39m
   [32m✓[39m runtime design system[2m > [22mshared panels and provider selectors are owned by Apple-theme primitives[32m 1[2mms[22m[39m
   [32m✓[39m runtime design system[2m > [22mrouter strategy execution mode uses the themed select primitive[32m 1[2mms[22m[39m
   [32m✓[39m runtime design system[2m > [22mproduction UI dropdowns use themed select primitives instead of native selects[32m 3[2mms[22m[39m
   [32m✓[39m runtime design system[2m > [22mshared route effects avoid action identity loops and peer refresh feedback[32m 1[2mms[22m[39m
   [32m✓[39m runtime design system[2m > [22mkeeps shared states calm: transparent status pills and no section divider chrome[32m 1[2mms[22m[39m
   [32m✓[39m runtime design system[2m > [22mremote, models, router, and system runtime config routes are first-class pages in the retained taxonomy[32m 18[2mms[22m[39m
   [32m✓[39m runtime design system[2m > [22mlocal setup surfaces stay discoverable from navigation and empty registry states[32m 2[2mms[22m[39m
   [32m✓[39m runtime design system[2m > [22mobserve and local log surfaces render structured ledgers rather than raw iframe placeholders[32m 1[2mms[22m[39m
   [32m✓[39m runtime design system[2m > [22mobserve ownership keeps requests canonical and raw-host surfaces adjacent[32m 1[2mms[22m[39m
   [32m✓[39m runtime design system[2m > [22mrequests and request detail stay telemetry-first while exposing raw-host handoffs[32m 1[2mms[22m[39m
   [32m✓[39m runtime design system[2m > [22mactivity route frames raw-host metrics as adjacent to canonical telemetry[32m 0[2mms[22m[39m
   [32m✓[39m runtime design system[2m > [22mlogs route exposes request-detail handoffs while preserving raw-host framing[32m 1[2mms[22m[39m
[31m   [31m×[31m runtime design system[2m > [22mregistry and system layouts avoid redundant KPI strips and placeholder note panels[39m[32m 71[2mms[22m[39m
[31m     → expected 'import { useEffect, useState } from "…' not to contain 'Preserved host surfaces'[39m
   [32m✓[39m runtime design system[2m > [22mdashboard is chart-led and keeps routing analytics as a first-class handoff[32m 1[2mms[22m[39m
   [32m✓[39m runtime design system[2m > [22moverview metadata and design doc describe a telemetry-first summary with an interaction rail[32m 1[2mms[22m[39m
   [32m✓[39m runtime design system[2m > [22mworkbench and observe routes expose routing controls and receipts in repo-owned UI surfaces[32m 1[2mms[22m[39m
   [32m✓[39m runtime design system[2m > [22mrequest detail route renders authoritative stored cost metadata[32m 1[2mms[22m[39m
   [32m✓[39m runtime design system[2m > [22mshell header owns route metadata and page actions without duplicate page headers[32m 3[2mms[22m[39m
   [32m✓[39m runtime design system[2m > [22mshell headers do not render section eyebrow labels[32m 0[2mms[22m[39m
   [32m✓[39m runtime design system[2m > [22mroutes do not register refresh controls as shell header actions[32m 1[2mms[22m[39m
   [32m✓[39m runtime design system[2m > [22mlong fact-card values use compact text roles instead of display value typography[32m 0[2mms[22m[39m
   [32m✓[39m runtime design system[2m > [22mproduction UI sources do not bypass Apple theme token primitives[32m 12[2mms[22m[39m
   [32m✓[39m runtime design system[2m > [22mproduction UI sources keep the approved Apple radius grammar[32m 4[2mms[22m[39m
   [32m✓[39m runtime design system[2m > [22mproduction UI sources avoid unsupported Apple typography weight 500[32m 1[2mms[22m[39m
   [32m✓[39m runtime design system[2m > [22mchart primitives use shared design-system geometry and type tokens[32m 1[2mms[22m[39m
   [32m✓[39m runtime design system[2m > [22mruntime route definitions stay slim and future scaffolds avoid duplicate header props[32m 2[2mms[22m[39m

⎯⎯⎯⎯⎯⎯⎯ Failed Tests 1 ⎯⎯⎯⎯⎯⎯⎯

 FAIL  app/lib/design-system.test.ts > runtime design system > registry and system layouts avoid redundant KPI strips and placeholder note panels
AssertionError: expected 'import { useEffect, useState } from "…' not to contain 'Preserved host surfaces'

- Expected
+ Received

- Preserved host surfaces
+ import { useEffect, useState } from "react";
+ import { Link } from "react-router";
+
+ import {
+   EmptyState,
+   ErrorState,
+   LoadingState,
+   SectionCard,
+   StatusPill,
+ } from "../components/page-primitives";
+ import { mutedPanelClassName, secondaryButtonClassName } from "../lib/design-system";
+ import {
+   type RuntimeControllerAssignment,
+   type RuntimeSnapshot,
+   type RuntimeVersionInfo,
+   fetchControllerAssignment,
+   fetchRuntimeSnapshot,
+   fetchVersionInfo,
+ } from "../lib/runtime-api";
+ import { usePageActions } from "../lib/shell-header-context";
+ import { buildCredentialLifecycleBanner } from "../lib/view-models";
+
+ export default function RuntimeRoute() {
+   const [snapshot, setSnapshot] = useState<RuntimeSnapshot | null>(null);
+   const [controller, setController] = useState<RuntimeControllerAssignment | null>(null);
+   const [controllerLoaded, setControllerLoaded] = useState(false);
+   const [version, setVersion] = useState<RuntimeVersionInfo | null>(null);
+   const [error, setError] = useState<string | null>(null);
+
+   useEffect(() => {
+     void Promise.all([fetchRuntimeSnapshot(), fetchControllerAssignment(), fetchVersionInfo()])
+       .then(([nextSnapshot, nextController, nextVersion]) => {
+         setSnapshot(nextSnapshot);
+         setController(nextController);
+         setControllerLoaded(true);
+         setVersion(nextVersion);
+       })
+       .catch((value: unknown) =>
+         setError(value instanceof Error ? value.message : "Could not load runtime summary."),
+       );
+   }, []);
+
+   usePageActions(
+     <>
+       <a className={secondaryButtonClassName} href="/api/role-model/runtime/summary">
+         Runtime JSON
+       </a>
+       <a className={secondaryButtonClassName} href="/api/role-model/controller">
+         Controller JSON
+       </a>
+     </>,
+     [],
+   );
+
+   if (error) {
+     return <ErrorState label={error} />;
+   }
+   if (!snapshot || !controllerLoaded || !version) {
+     return <LoadingState label="Loading runtime summary…" />;
+   }
+
+   const lifecycleBanner = buildCredentialLifecycleBanner(snapshot.summary);
+
+   return (
+     <div className="space-y-6">
+       <SectionCard title="Session readiness">
+         <p className="text-sm text-[var(--rm-secondary)]">
+           Bootstrap receipts, routable inventory, and alias drift warnings live on the dedicated
+           session readiness surface.
+         </p>
+         <div className="mt-4">
+           <Link className={secondaryButtonClassName} to="/app/system/session-readiness">
+             Open session readiness
+           </Link>
+         </div>
+       </SectionCard>
+
+       <SectionCard title="Lifecycle summary">
+         <div className="flex flex-wrap gap-3">
+           <StatusPill tone="success">
+             Active {snapshot.summary.lifecycleSummary?.active ?? 0}
+           </StatusPill>
+           <StatusPill tone="warning">
+             Degraded {snapshot.summary.lifecycleSummary?.degraded ?? 0}
+           </StatusPill>
+           <StatusPill tone="neutral">
+             Offline {snapshot.summary.lifecycleSummary?.offline ?? 0}
+           </StatusPill>
+         </div>
+       </SectionCard>
+
+       <SectionCard title="Execution readiness">
+         <div className="mb-4 flex flex-wrap gap-3">
+           {lifecycleBanner ? (
+             <>
+               <StatusPill tone={lifecycleBanner.authorityTone}>
+                 {lifecycleBanner.authorityLabel}
+               </StatusPill>
+               {lifecycleBanner.archivedStaleCount > 0 ? (
+                 <StatusPill tone="neutral">
+                   Archived stale {lifecycleBanner.archivedStaleCount}
+                 </StatusPill>
+               ) : null}
+             </>
+           ) : (
+             <StatusPill tone="neutral">Lifecycle contract unavailable</StatusPill>
+           )}
+         </div>
+         {lifecycleBanner ? (
+           <p className="mb-4 text-sm text-[var(--rm-secondary)]">{lifecycleBanner.detail}</p>
+         ) : null}
+         <div className="flex flex-wrap gap-3">
+           {!lifecycleBanner || lifecycleBanner.blockingRows.length === 0 ? (
+             <StatusPill tone="neutral">No blocking credential lifecycle rows</StatusPill>
+           ) : (
+             lifecycleBanner.blockingRows.map((row) => (
+               <StatusPill key={row.key} tone={row.tone}>
+                 {row.label} {row.value}
+               </StatusPill>
+             ))
+           )}
+         </div>
+       </SectionCard>
+
+       <SectionCard title="Controller posture">
+         {controller ? (
+           <div className="grid gap-3 md:grid-cols-3">
+             <div className={`${mutedPanelClassName} p-4`}>
+               <p className="text-xs font-normal uppercase tracking-[0.2em] text-[var(--rm-muted)]">
+                 Endpoint
+               </p>
+               <p className="mt-2 break-all text-sm font-semibold text-[var(--rm-fg)]">
+                 {controller.endpointId}
+               </p>
+             </div>
+             <div className={`${mutedPanelClassName} p-4`}>
+               <p className="text-xs font-normal uppercase tracking-[0.2em] text-[var(--rm-muted)]">
+                 Model
+               </p>
+               <p className="mt-2 text-sm font-semibold text-[var(--rm-fg)]">{controller.modelId}</p>
+             </div>
+             <div className={`${mutedPanelClassName} p-4`}>
+               <p className="text-xs font-normal uppercase tracking-[0.2em] text-[var(--rm-muted)]">
+                 Source
+               </p>
+               <div className="mt-2">
+                 <StatusPill tone={controller.sourceType === "local" ? "accent" : "neutral"}>
+                   {controller.sourceType}
+                 </StatusPill>
+               </div>
+             </div>
+           </div>
+         ) : (
+           <EmptyState label="No controller assigned yet. Activate a local or remote endpoint before pinning a controller." />
+         )}
+       </SectionCard>
+
+       <SectionCard title="Version and boundary facts">
+         <div className="grid gap-3 md:grid-cols-2">
+           <div className={`${mutedPanelClassName} p-4 text-sm text-[var(--rm-secondary)]`}>
+             <p className="font-semibold text-[var(--rm-fg)]">Vendor host version</p>
+             <p className="mt-2 text-base text-[var(--rm-fg)]">{version.version}</p>
+             <p className="mt-2 break-all">Commit {version.commit}</p>
+             <p className="mt-1">Built {version.build_date}</p>
+           </div>
+           <a
+             className={`${mutedPanelClassName} p-4 text-sm text-[var(--rm-secondary)]`}
+             href="/api/role-model/runtime/summary"
+           >
+             <span className="block font-semibold text-[var(--rm-fg)]">
+               /api/role-model/runtime/summary
+             </span>
+             Repo-owned runtime topology and lifecycle summary
+           </a>
+         </div>
+       </SectionCard>
+
+       <SectionCard title="Preserved host surfaces">
+         <div className="grid gap-3 md:grid-cols-2">
+           <a
+             className={`${mutedPanelClassName} p-4 text-sm text-[var(--rm-secondary)]`}
+             href="/logs"
+           >
+             <span className="block font-semibold text-[var(--rm-fg)]">/logs</span>
+             Raw host log output
+           </a>
+           <a
+             className={`${mutedPanelClassName} p-4 text-sm text-[var(--rm-secondary)]`}
+             href="/api/metrics"
+           >
+             <span className="block font-semibold text-[var(--rm-fg)]">/api/metrics</span>
+             Vendor metrics and capture ids
+           </a>
+           <a
+             className={`${mutedPanelClassName} p-4 text-sm text-[var(--rm-secondary)]`}
+             href="/health"
+           >
+             <span className="block font-semibold text-[var(--rm-fg)]">/health</span>
+             Raw host health endpoint for route-local diagnostics
+           </a>
+         </div>
+       </SectionCard>
+     </div>
+   );
+ }
+

 ❯ app/lib/design-system.test.ts:997:36
    995|     expect(runtimeRouteSource).not.toContain("Runtime contract notes");
    996|     expect(runtimeRouteSource).not.toContain("Health posture");
    997|     expect(runtimeRouteSource).not.toContain("Preserved host surfaces"…
       |                                    ^
    998|     expect(runtimeRouteSource).not.toContain("Raw host log output");
    999|     expect(runtimeRouteSource).not.toContain("Vendor metrics and captu…

⎯⎯⎯⎯⎯⎯⎯⎯⎯⎯⎯⎯⎯⎯⎯⎯⎯⎯⎯⎯⎯⎯⎯⎯[1/1]⎯


[2m Test Files [22m [1m[31m1 failed[39m[22m[2m | [22m[1m[32m10 passed[39m[22m[90m (11)[39m
[2m      Tests [22m [1m[31m1 failed[39m[22m[2m | [22m[1m[32m149 passed[39m[22m[90m (150)[39m
[2m   Start at [22m 21:02:16
[2m   Duration [22m 7.40s[2m (transform 9.08s, setup 0ms, collect 20.35s, tests 987ms, environment 6ms, prepare 7.30s)[22m

D:\DEV\role-model\.worktrees\49-runtime-telemetry-analytics-charts\role-model-router\apps\runtime-ui:
 ERR_PNPM_RECURSIVE_RUN_FIRST_FAIL  @role-model-router/runtime-ui@ test: `vitest run app/lib/runtime-api.test.ts app/lib/view-models.test.ts app/lib/device-authorization.test.ts app/lib/design-system.test.ts app/lib/provider-account-state.test.ts app/lib/router-candidate-labels.test.ts app/lib/benchmark-latency.test.ts app/lib/benchmark-model-cards.test.ts app/lib/telemetry-analytics.test.ts app/lib/telemetry-route-models.test.ts app/components/telemetry-charts.test.tsx "--" "app/lib/design-system.test.ts"`
Exit status 1
