
[1m[46m RUN [49m[22m [36mv3.2.4 [39m[90mD:/DEV/role-model/.worktrees/49-runtime-telemetry-analytics-charts/role-model-router/apps/runtime-ui[39m

 [2m[90m↓[39m[22m app/lib/design-system.test.ts[2m > [22mruntime design system[2m > [22mdefines navigation groups and layout templates for every runtime route
 [2m[90m↓[39m[22m app/lib/design-system.test.ts[2m > [22mruntime design system[2m > [22muses analytics charts as the primary Observe entry point
 [2m[90m↓[39m[22m app/lib/design-system.test.ts[2m > [22mruntime design system[2m > [22mkeeps the shell on the Apple baseline with explicit chart tokens
 [2m[90m↓[39m[22m app/lib/design-system.test.ts[2m > [22mruntime design system[2m > [22mchart tokens used together resolve to distinct visual colors in each theme
 [2m[90m↓[39m[22m app/lib/design-system.test.ts[2m > [22mruntime design system[2m > [22mglobal shell chrome keeps legacy vendor ui out of the main runtime contract
 [2m[90m↓[39m[22m app/lib/design-system.test.ts[2m > [22mruntime design system[2m > [22mstudio implementation targets render repo-owned workspace sections instead of placeholder blueprints
 [2m[90m↓[39m[22m app/lib/design-system.test.ts[2m > [22mruntime design system[2m > [22mintegration and system implementation targets render live upstream and peer surfaces
 [2m[90m↓[39m[22m app/lib/design-system.test.ts[2m > [22mruntime design system[2m > [22mrouter implementation targets render repo-owned routing explanation surfaces
 [2m[90m↓[39m[22m app/lib/design-system.test.ts[2m > [22mruntime design system[2m > [22mrouter, connect registry, and remote surfaces expose alias/readiness ownership instead of generic filler
 [2m[90m↓[39m[22m app/lib/design-system.test.ts[2m > [22mruntime design system[2m > [22mproviders surface exposes explicit in-place maintenance actions for saved remote accounts
 [2m[90m↓[39m[22m app/lib/design-system.test.ts[2m > [22mruntime design system[2m > [22mproviders surface uses an explicit save-cancel modal for api-key maintenance
 [2m[90m↓[39m[22m app/lib/design-system.test.ts[2m > [22mruntime design system[2m > [22mproviders surface keeps oauth reconnect as a one-click saved-account action
 [2m[90m↓[39m[22m app/lib/design-system.test.ts[2m > [22mruntime design system[2m > [22mproviders maintenance flows call explicit repair APIs instead of generic account writes
 [2m[90m↓[39m[22m app/lib/design-system.test.ts[2m > [22mruntime design system[2m > [22mproviders saved-account cards use canonical lifecycle rows and bounded archived diagnostics
 [2m[90m↓[39m[22m app/lib/design-system.test.ts[2m > [22mruntime design system[2m > [22mruntime, session readiness, workbench, and advanced surfaces use canonical lifecycle diagnostics
 [2m[90m↓[39m[22m app/lib/design-system.test.ts[2m > [22mruntime design system[2m > [22mrouter routes preserve empty-state and observe-link affordances
 [2m[90m↓[39m[22m app/lib/design-system.test.ts[2m > [22mruntime design system[2m > [22mmerged router overview stays observational while routing strategy owns editing controls
 [2m[90m↓[39m[22m app/lib/design-system.test.ts[2m > [22mruntime design system[2m > [22mrouter overview presents runtime-config posture as source of truth
 [2m[90m↓[39m[22m app/lib/design-system.test.ts[2m > [22mruntime design system[2m > [22mrouter overview lists the concrete candidate endpoints behind routing posture
 [2m[90m↓[39m[22m app/lib/design-system.test.ts[2m > [22mruntime design system[2m > [22mrouting strategy benchmark advisory does not leak JSX control flow as page text
 [2m[90m↓[39m[22m app/lib/design-system.test.ts[2m > [22mruntime design system[2m > [22mrouting strategy settings separate saved posture from draft edits and refresh derived state after save
 [2m[90m↓[39m[22m app/lib/design-system.test.ts[2m > [22mruntime design system[2m > [22mmeta-guidance panels stay removed from overview and observe routes
 [2m[90m↓[39m[22m app/lib/design-system.test.ts[2m > [22mruntime design system[2m > [22mdesign system doc marks the converted pages as live routes
 [2m[90m↓[39m[22m app/lib/design-system.test.ts[2m > [22mruntime design system[2m > [22mcontrol routes tolerate an unassigned controller before endpoint activation
 [2m[90m↓[39m[22m app/lib/design-system.test.ts[2m > [22mruntime design system[2m > [22mapplies the Apple palette, SF Pro / Inter typography, and explicit theme contract in shared app chrome
 [2m[90m↓[39m[22m app/lib/design-system.test.ts[2m > [22mruntime design system[2m > [22mshared panels and provider selectors are owned by Apple-theme primitives
 [2m[90m↓[39m[22m app/lib/design-system.test.ts[2m > [22mruntime design system[2m > [22mrouter strategy execution mode uses the themed select primitive
 [2m[90m↓[39m[22m app/lib/design-system.test.ts[2m > [22mruntime design system[2m > [22mproduction UI dropdowns use themed select primitives instead of native selects
 [2m[90m↓[39m[22m app/lib/design-system.test.ts[2m > [22mruntime design system[2m > [22mshared route effects avoid action identity loops and peer refresh feedback
 [2m[90m↓[39m[22m app/lib/design-system.test.ts[2m > [22mruntime design system[2m > [22mkeeps shared states calm: transparent status pills and no section divider chrome
 [2m[90m↓[39m[22m app/lib/design-system.test.ts[2m > [22mruntime design system[2m > [22mremote, models, router, and system runtime config routes are first-class pages in the retained taxonomy
 [2m[90m↓[39m[22m app/lib/design-system.test.ts[2m > [22mruntime design system[2m > [22mlocal setup surfaces stay discoverable from navigation and empty registry states
 [2m[90m↓[39m[22m app/lib/design-system.test.ts[2m > [22mruntime design system[2m > [22mobserve and local log surfaces render structured ledgers rather than raw iframe placeholders
 [2m[90m↓[39m[22m app/lib/design-system.test.ts[2m > [22mruntime design system[2m > [22mobserve ownership keeps requests canonical and raw-host surfaces adjacent
 [2m[90m↓[39m[22m app/lib/design-system.test.ts[2m > [22mruntime design system[2m > [22mrequests and request detail stay telemetry-first while exposing raw-host handoffs
 [2m[90m↓[39m[22m app/lib/design-system.test.ts[2m > [22mruntime design system[2m > [22mactivity route frames raw-host metrics as adjacent to canonical telemetry
 [2m[90m↓[39m[22m app/lib/design-system.test.ts[2m > [22mruntime design system[2m > [22mlogs route exposes request-detail handoffs while preserving raw-host framing
 [2m[90m↓[39m[22m app/lib/design-system.test.ts[2m > [22mruntime design system[2m > [22mregistry and system layouts avoid redundant KPI strips and placeholder note panels
 [2m[90m↓[39m[22m app/lib/design-system.test.ts[2m > [22mruntime design system[2m > [22mdashboard is chart-led and keeps routing analytics as a first-class handoff
 [31m×[39m app/lib/design-system.test.ts[2m > [22mruntime design system[2m > [22moverview metadata and design doc describe a telemetry-first summary with an interaction rail[32m 30[2mms[22m[39m
[31m   → expected 'import { useEffect, useMemo, useState…' to contain 'justify-between'[39m
 [2m[90m↓[39m[22m app/lib/design-system.test.ts[2m > [22mruntime design system[2m > [22mworkbench and observe routes expose routing controls and receipts in repo-owned UI surfaces
 [2m[90m↓[39m[22m app/lib/design-system.test.ts[2m > [22mruntime design system[2m > [22mrequest detail route renders authoritative stored cost metadata
 [2m[90m↓[39m[22m app/lib/design-system.test.ts[2m > [22mruntime design system[2m > [22mshell header owns route metadata and page actions without duplicate page headers
 [2m[90m↓[39m[22m app/lib/design-system.test.ts[2m > [22mruntime design system[2m > [22mshell headers do not render section eyebrow labels
 [2m[90m↓[39m[22m app/lib/design-system.test.ts[2m > [22mruntime design system[2m > [22mroutes do not register refresh controls as shell header actions
 [2m[90m↓[39m[22m app/lib/design-system.test.ts[2m > [22mruntime design system[2m > [22mlong fact-card values use compact text roles instead of display value typography
 [2m[90m↓[39m[22m app/lib/design-system.test.ts[2m > [22mruntime design system[2m > [22mproduction UI sources do not bypass Apple theme token primitives
 [2m[90m↓[39m[22m app/lib/design-system.test.ts[2m > [22mruntime design system[2m > [22mproduction UI sources keep the approved Apple radius grammar
 [2m[90m↓[39m[22m app/lib/design-system.test.ts[2m > [22mruntime design system[2m > [22mproduction UI sources avoid unsupported Apple typography weight 500
 [2m[90m↓[39m[22m app/lib/design-system.test.ts[2m > [22mruntime design system[2m > [22mchart primitives use shared design-system geometry and type tokens
 [2m[90m↓[39m[22m app/lib/design-system.test.ts[2m > [22mruntime design system[2m > [22mruntime route definitions stay slim and future scaffolds avoid duplicate header props

⎯⎯⎯⎯⎯⎯⎯ Failed Tests 1 ⎯⎯⎯⎯⎯⎯⎯

 FAIL  app/lib/design-system.test.ts > runtime design system > overview metadata and design doc describe a telemetry-first summary with an interaction rail
AssertionError: expected 'import { useEffect, useMemo, useState…' to contain 'justify-between'

- Expected
+ Received

- justify-between
+ import { useEffect, useMemo, useState } from "react";
+ import { Link } from "react-router";
+
+ import {
+   EmptyState,
+   ErrorState,
+   LoadingState,
+   SectionCard,
+   StatusPill,
+ } from "../components/page-primitives";
+ import {
+   TelemetryAnalyticsChartCard,
+ } from "../components/telemetry-charts";
+ import {
+   TelemetrySelectField,
+   TelemetryTimeRangeControl,
+ } from "../components/telemetry-controls";
+ import { listRowClassName, mutedPanelClassName, secondaryButtonClassName } from "../lib/design-system";
+ import type {
+   RuntimeSnapshot,
+   RuntimeTelemetryAnalyticsDimension,
+   RuntimeTelemetryAnalyticsResponse,
+   RuntimeTelemetryRequestRecord,
+ } from "../lib/runtime-api";
+ import {
+   fetchRuntimeSnapshot,
+   fetchTelemetryAnalytics,
+   fetchTelemetryRequests,
+   subscribeTelemetryStream,
+ } from "../lib/runtime-api";
+ import {
+   type TelemetryRouteChartDefinition,
+   type TelemetryTimeRangeValue,
+   buildOverviewChartDefinitions,
+ } from "../lib/telemetry-route-models";
+ import { telemetryTimeRangeOptions } from "../lib/telemetry-chart-config";
+ import {
+   buildDashboardLatestRequestRows,
+   buildEndpointCatalogRows,
+ } from "../lib/view-models";
+ import { usePageActions } from "../lib/shell-header-context";
+
+ const overviewBreakdownOptions: Array<{
+   label: string;
+   value: "" | RuntimeTelemetryAnalyticsDimension;
+ }> = [
+   { label: "Total", value: "" },
+   { label: "By source", value: "sourceType" },
+   { label: "By endpoint", value: "endpointId" },
+   { label: "By model", value: "modelId" },
+   { label: "By provider", value: "providerId" },
+ ];
+
+ function getWindowMs(timeRange: TelemetryTimeRangeValue): number {
+   return telemetryTimeRangeOptions.find((option) => option.value === timeRange)?.windowMs ?? 0;
+ }
+
+ type OverviewChartRecord = {
+   readonly definition: TelemetryRouteChartDefinition;
+   readonly response: RuntimeTelemetryAnalyticsResponse;
+ };
+
+ export default function DashboardRoute() {
+   const [snapshot, setSnapshot] = useState<RuntimeSnapshot | null>(null);
+   const [requests, setRequests] = useState<readonly RuntimeTelemetryRequestRecord[]>([]);
+   const [charts, setCharts] = useState<readonly OverviewChartRecord[]>([]);
+   const [timeRange, setTimeRange] = useState<TelemetryTimeRangeValue>("week");
+   const [breakdownValue, setBreakdownValue] = useState<"" | RuntimeTelemetryAnalyticsDimension>("");
+   const [sourceFilter, setSourceFilter] = useState<"all" | "local" | "remote">("all");
+   const [error, setError] = useState<string | null>(null);
+   const [loading, setLoading] = useState(true);
+   const [refreshing, setRefreshing] = useState(false);
+
+   const sourceTypes = sourceFilter === "all" ? [] : ([sourceFilter] as const);
+   const breakdown = breakdownValue === "" ? null : breakdownValue;
+
+   useEffect(() => {
+     let disposed = false;
+
+     const load = async (background = false) => {
+       const hasExisting = snapshot !== null || charts.length > 0 || requests.length > 0;
+       if (!background && !hasExisting) {
+         setLoading(true);
+       } else {
+         setRefreshing(true);
+       }
+
+       try {
+         const definitions = buildOverviewChartDefinitions({
+           timeRange,
+           sourceTypes,
+           breakdown,
+         });
+         const [nextSnapshot, nextRequests, ...responses] = await Promise.all([
+           fetchRuntimeSnapshot(),
+           fetchTelemetryRequests({
+             limit: 60,
+             windowMs: getWindowMs(timeRange),
+           }),
+           ...definitions.map((definition) => fetchTelemetryAnalytics(definition.query)),
+         ]);
+
+         if (disposed) {
+           return;
+         }
+
+         setSnapshot(nextSnapshot);
+         setRequests(nextRequests);
+         setCharts(
+           definitions.map((definition, index) => ({
+             definition,
+             response: responses[index] as RuntimeTelemetryAnalyticsResponse,
+           })),
+         );
+         setError(null);
+       } catch (value) {
+         if (!disposed) {
+           setError(value instanceof Error ? value.message : "Could not load runtime overview.");
+         }
+       } finally {
+         if (!disposed) {
+           setLoading(false);
+           setRefreshing(false);
+         }
+       }
+     };
+
+     void load();
+     const unsubscribe = subscribeTelemetryStream(() => {
+       void load(true);
+     });
+
+     return () => {
+       disposed = true;
+       unsubscribe();
+     };
+   }, [breakdown, sourceFilter, timeRange]);
+
+   const endpointRows = useMemo(
+     () =>
+       snapshot
+         ? buildEndpointCatalogRows(snapshot.endpoints).filter((row) =>
+             sourceFilter === "all"
+               ? true
+               : sourceFilter === "local"
+                 ? row.sourceLabel === "Local"
+                 : row.sourceLabel === "Remote",
+           )
+         : [],
+     [snapshot, sourceFilter],
+   );
+   const requestRows = useMemo(() => buildDashboardLatestRequestRows(requests), [requests]);
+
+   usePageActions(
+     <div
+       aria-label="Overview telemetry filters"
+       className="grid w-full gap-3 lg:grid-cols-[minmax(0,auto)_minmax(180px,220px)_minmax(180px,220px)] lg:items-end xl:w-[min(820px,58vw)]"
+     >
+       <div className="min-w-0">
+         <TelemetryTimeRangeControl onChange={setTimeRange} value={timeRange} />
+       </div>
+       <TelemetrySelectField
+         className="min-w-0"
+         label="Breakdown"
+         onChange={(value) => setBreakdownValue(value as "" | RuntimeTelemetryAnalyticsDimension)}
+         options={overviewBreakdownOptions}
+         value={breakdownValue}
+       />
+       <TelemetrySelectField
+         className="min-w-0"
+         label="Source filter"
+         onChange={(value) => setSourceFilter(value as "all" | "local" | "remote")}
+         options={[
+           { label: "All sources", value: "all" },
+           { label: "Local only", value: "local" },
+           { label: "Remote only", value: "remote" },
+         ]}
+         value={sourceFilter}
+       />
+     </div>,
+     [breakdownValue, sourceFilter, timeRange],
+   );
+
+   if (error) {
+     return <ErrorState label={error} />;
+   }
+   if (loading && !snapshot && charts.length === 0) {
+     return <LoadingState label="Loading runtime overview…" />;
+   }
+
+   return (
+     <div className="space-y-6">
+       <div className="grid grid-cols-12 gap-4">
+         {charts.map((chart) => (
+           <div key={chart.definition.title} className={chart.definition.className ?? "col-span-12"}>
+             <TelemetryAnalyticsChartCard
+               definition={chart.definition}
+               refreshing={refreshing}
+               response={chart.response}
+             />
+           </div>
+         ))}
+       </div>
+
+       <div className="grid grid-cols-12 gap-4">
+         <SectionCard className="col-span-12 xl:col-span-8" title="Current endpoint inventory">
+           {endpointRows.length === 0 ? (
+             <EmptyState label="No routable endpoints are available for the current source filter." />
+           ) : (
+             <div className="space-y-3">
+               {endpointRows.map((row) => (
+                 <div key={row.endpointId} className={`${listRowClassName} md:items-center`}>
+                   <div>
+                     <div className="flex flex-wrap items-center gap-2">
+                       <p className="font-semibold text-[var(--rm-fg)]">{row.modelId}</p>
+                       <StatusPill tone={row.sourceLabel === "Remote" ? "accent" : "neutral"}>
+                         {row.sourceLabel}
+                       </StatusPill>
+                       <StatusPill
+                         tone={
+                           row.healthStatus === "healthy" || row.status === "active"
+                             ? "success"
+                             : "warning"
+                         }
+                       >
+                         {row.healthStatus}
+                       </StatusPill>
+                     </div>
+                     <p className="text-sm text-[var(--rm-secondary)]">{row.endpointId}</p>
+                     <p className="mt-2 text-sm text-[var(--rm-secondary)]">
+                       {row.providerLabel} • {row.endpointKind} • {row.servingSource}
+                     </p>
+                   </div>
+                   <p className="text-right text-sm text-[var(--rm-secondary)]">{row.status}</p>
+                 </div>
+               ))}
+             </div>
+           )}
+         </SectionCard>
+
+         <div className="col-span-12 space-y-4 xl:col-span-4">
+           <SectionCard title="Latest requests">
+             {requestRows.length === 0 ? (
+               <EmptyState label="No recent requests exist for the selected historical window." />
+             ) : (
+               <div className="space-y-2">
+                 {requestRows.map((request) => (
+                   <div
+                     key={request.requestId}
+                     className={`${mutedPanelClassName} flex flex-col gap-2 p-3 text-sm`}
+                   >
+                     <span className="font-semibold text-[var(--rm-fg)]">{request.primaryLabel}</span>
+                     {request.secondaryLabel ? (
+                       <span className="text-[var(--rm-secondary)]">{request.secondaryLabel}</span>
+                     ) : null}
+                     <span className="text-[var(--rm-secondary)]">{request.endpointLabel}</span>
+                     <span className="text-[var(--rm-secondary)]">
+                       {request.statusLabel} • {request.latencyLabel} • {request.tokenLabel}
+                     </span>
+                   </div>
+                 ))}
+               </div>
+             )}
+             <div className="mt-4 flex flex-wrap gap-3">
+               <Link className={secondaryButtonClassName} to="/app/observe/requests">
+                 Open request analytics
+               </Link>
+               <Link className={secondaryButtonClassName} to="/app/observe/routing">
+                 Open routing analytics
+               </Link>
+             </div>
+           </SectionCard>
+         </div>
+       </div>
+     </div>
+   );
+ }
+

 ❯ app/lib/design-system.test.ts:1098:34
    1096|     expect(dashboardRouteSource).not.toContain(">Summary<");
    1097|     expect(dashboardRouteSource).toContain('aria-label="Overview telem…
    1098|     expect(dashboardRouteSource).toContain("justify-between");
       |                                  ^
    1099|     expect(dashboardRouteSource).toContain("xl:ml-auto");
    1100|     expect(dashboardRouteSource).toContain("xl:justify-end");

⎯⎯⎯⎯⎯⎯⎯⎯⎯⎯⎯⎯⎯⎯⎯⎯⎯⎯⎯⎯⎯⎯⎯⎯[1/1]⎯


[2m Test Files [22m [1m[31m1 failed[39m[22m[90m (1)[39m
[2m      Tests [22m [1m[31m1 failed[39m[22m[2m | [22m[33m50 skipped[39m[90m (51)[39m
[2m   Start at [22m 08:13:32
[2m   Duration [22m 2.21s[2m (transform 847ms, setup 0ms, collect 1.30s, tests 32ms, environment 0ms, prepare 232ms)[22m

undefined
D:\DEV\role-model\.worktrees\49-runtime-telemetry-analytics-charts\role-model-router\apps\runtime-ui:
 ERR_PNPM_RECURSIVE_EXEC_FIRST_FAIL  Command failed with exit code 1: vitest run app/lib/design-system.test.ts -t overview metadata --reporter=verbose
