
> @role-model-router/runtime-ui@ test D:\DEV\role-model\.worktrees\49-runtime-telemetry-analytics-charts\role-model-router\apps\runtime-ui
> vitest run app/lib/runtime-api.test.ts app/lib/view-models.test.ts app/lib/device-authorization.test.ts app/lib/design-system.test.ts app/lib/provider-account-state.test.ts app/lib/router-candidate-labels.test.ts app/lib/benchmark-latency.test.ts app/lib/benchmark-model-cards.test.ts app/lib/telemetry-analytics.test.ts app/lib/telemetry-route-models.test.ts app/components/telemetry-charts.test.tsx "--" "app/lib/design-system.test.ts"


[1m[46m RUN [49m[22m [36mv3.2.4 [39m[90mD:/DEV/role-model/.worktrees/49-runtime-telemetry-analytics-charts/role-model-router/apps/runtime-ui[39m

 [32m✓[39m app/lib/benchmark-model-cards.test.ts [2m([22m[2m4 tests[22m[2m)[22m[32m 16[2mms[22m[39m
 [32m✓[39m app/lib/provider-account-state.test.ts [2m([22m[2m2 tests[22m[2m)[22m[32m 14[2mms[22m[39m
 [32m✓[39m app/lib/benchmark-latency.test.ts [2m([22m[2m2 tests[22m[2m)[22m[32m 20[2mms[22m[39m
 [32m✓[39m app/lib/router-candidate-labels.test.ts [2m([22m[2m3 tests[22m[2m)[22m[32m 13[2mms[22m[39m
 [32m✓[39m app/lib/device-authorization.test.ts [2m([22m[2m11 tests[22m[2m)[22m[32m 30[2mms[22m[39m
 [32m✓[39m app/lib/telemetry-analytics.test.ts [2m([22m[2m5 tests[22m[2m)[22m[32m 38[2mms[22m[39m
 [32m✓[39m app/lib/view-models.test.ts [2m([22m[2m32 tests[22m[2m)[22m[32m 166[2mms[22m[39m
 [32m✓[39m app/lib/runtime-api.test.ts [2m([22m[2m40 tests[22m[2m)[22m[33m 339[2mms[22m[39m
 [32m✓[39m app/lib/telemetry-route-models.test.ts [2m([22m[2m3 tests[22m[2m)[22m[32m 87[2mms[22m[39m
 [32m✓[39m app/components/telemetry-charts.test.tsx [2m([22m[2m2 tests[22m[2m)[22m[32m 93[2mms[22m[39m
 [31m❯[39m app/lib/design-system.test.ts [2m([22m[2m46 tests[22m[2m | [22m[31m1 failed[39m[2m)[22m[33m 424[2mms[22m[39m
   [32m✓[39m runtime design system[2m > [22mdefines navigation groups and layout templates for every runtime route[32m 14[2mms[22m[39m
   [32m✓[39m runtime design system[2m > [22muses analytics charts as the primary Observe entry point[32m 4[2mms[22m[39m
   [32m✓[39m runtime design system[2m > [22mkeeps the shell on the Apple baseline with explicit chart tokens[32m 3[2mms[22m[39m
   [32m✓[39m runtime design system[2m > [22mglobal shell chrome keeps legacy vendor ui out of the main runtime contract[32m 152[2mms[22m[39m
   [32m✓[39m runtime design system[2m > [22mstudio implementation targets render repo-owned workspace sections instead of placeholder blueprints[32m 40[2mms[22m[39m
[31m   [31m×[31m runtime design system[2m > [22mintegration and system implementation targets render live upstream and peer surfaces[39m[32m 83[2mms[22m[39m
[31m     → expected '<div class="space-y-6"><div class="gr…' not to contain 'Runtime policy boundary'[39m
   [32m✓[39m runtime design system[2m > [22mrouter implementation targets render repo-owned routing explanation surfaces[32m 7[2mms[22m[39m
   [32m✓[39m runtime design system[2m > [22mrouter, connect registry, and remote surfaces expose alias/readiness ownership instead of generic filler[32m 2[2mms[22m[39m
   [32m✓[39m runtime design system[2m > [22mproviders surface exposes explicit in-place maintenance actions for saved remote accounts[32m 1[2mms[22m[39m
   [32m✓[39m runtime design system[2m > [22mproviders surface uses an explicit save-cancel modal for api-key maintenance[32m 1[2mms[22m[39m
   [32m✓[39m runtime design system[2m > [22mproviders surface keeps oauth reconnect as a one-click saved-account action[32m 1[2mms[22m[39m
   [32m✓[39m runtime design system[2m > [22mproviders maintenance flows call explicit repair APIs instead of generic account writes[32m 0[2mms[22m[39m
   [32m✓[39m runtime design system[2m > [22mproviders saved-account cards use canonical lifecycle rows and bounded archived diagnostics[32m 1[2mms[22m[39m
   [32m✓[39m runtime design system[2m > [22mruntime, session readiness, workbench, and advanced surfaces use canonical lifecycle diagnostics[32m 1[2mms[22m[39m
   [32m✓[39m runtime design system[2m > [22mrouter routes preserve empty-state and observe-link affordances[32m 1[2mms[22m[39m
   [32m✓[39m runtime design system[2m > [22mmerged router overview stays observational while routing strategy owns editing controls[32m 2[2mms[22m[39m
   [32m✓[39m runtime design system[2m > [22mmeta-guidance panels stay removed from overview and observe routes[32m 1[2mms[22m[39m
   [32m✓[39m runtime design system[2m > [22mdesign system doc marks the converted pages as live routes[32m 15[2mms[22m[39m
   [32m✓[39m runtime design system[2m > [22mcontrol routes tolerate an unassigned controller before endpoint activation[32m 1[2mms[22m[39m
   [32m✓[39m runtime design system[2m > [22mapplies the Apple palette, SF Pro / Inter typography, and explicit theme contract in shared app chrome[32m 2[2mms[22m[39m
   [32m✓[39m runtime design system[2m > [22mshared panels and provider selectors are owned by Apple-theme primitives[32m 1[2mms[22m[39m
   [32m✓[39m runtime design system[2m > [22mrouter strategy execution mode uses the themed select primitive[32m 1[2mms[22m[39m
   [32m✓[39m runtime design system[2m > [22mproduction UI dropdowns use themed select primitives instead of native selects[32m 4[2mms[22m[39m
   [32m✓[39m runtime design system[2m > [22mshared route effects avoid action identity loops and peer refresh feedback[32m 1[2mms[22m[39m
   [32m✓[39m runtime design system[2m > [22mkeeps shared states calm: transparent status pills and no section divider chrome[32m 1[2mms[22m[39m
   [32m✓[39m runtime design system[2m > [22mremote, models, router, and system runtime config routes are first-class pages in the retained taxonomy[32m 43[2mms[22m[39m
   [32m✓[39m runtime design system[2m > [22mlocal setup surfaces stay discoverable from navigation and empty registry states[32m 1[2mms[22m[39m
   [32m✓[39m runtime design system[2m > [22mobserve and local log surfaces render structured ledgers rather than raw iframe placeholders[32m 1[2mms[22m[39m
   [32m✓[39m runtime design system[2m > [22mobserve ownership keeps requests canonical and raw-host surfaces adjacent[32m 5[2mms[22m[39m
   [32m✓[39m runtime design system[2m > [22mrequests and request detail stay telemetry-first while exposing raw-host handoffs[32m 4[2mms[22m[39m
   [32m✓[39m runtime design system[2m > [22mactivity route frames raw-host metrics as adjacent to canonical telemetry[32m 1[2mms[22m[39m
   [32m✓[39m runtime design system[2m > [22mlogs route exposes request-detail handoffs while preserving raw-host framing[32m 0[2mms[22m[39m
   [32m✓[39m runtime design system[2m > [22mregistry and system layouts avoid redundant KPI strips and placeholder note panels[32m 2[2mms[22m[39m
   [32m✓[39m runtime design system[2m > [22mdashboard is chart-led and keeps routing analytics as a first-class handoff[32m 1[2mms[22m[39m
   [32m✓[39m runtime design system[2m > [22moverview metadata and design doc describe a telemetry-first summary with an interaction rail[32m 2[2mms[22m[39m
   [32m✓[39m runtime design system[2m > [22mworkbench and observe routes expose routing controls and receipts in repo-owned UI surfaces[32m 1[2mms[22m[39m
   [32m✓[39m runtime design system[2m > [22mrequest detail route renders authoritative stored cost metadata[32m 1[2mms[22m[39m
   [32m✓[39m runtime design system[2m > [22mshell header owns route metadata and page actions without duplicate page headers[32m 2[2mms[22m[39m
   [32m✓[39m runtime design system[2m > [22mshell headers do not render section eyebrow labels[32m 0[2mms[22m[39m
   [32m✓[39m runtime design system[2m > [22mroutes do not register refresh controls as shell header actions[32m 0[2mms[22m[39m
   [32m✓[39m runtime design system[2m > [22mlong fact-card values use compact text roles instead of display value typography[32m 0[2mms[22m[39m
   [32m✓[39m runtime design system[2m > [22mproduction UI sources do not bypass Apple theme token primitives[32m 4[2mms[22m[39m
   [32m✓[39m runtime design system[2m > [22mproduction UI sources keep the approved Apple radius grammar[32m 1[2mms[22m[39m
   [32m✓[39m runtime design system[2m > [22mproduction UI sources avoid unsupported Apple typography weight 500[32m 1[2mms[22m[39m
   [32m✓[39m runtime design system[2m > [22mchart primitives use shared design-system geometry and type tokens[32m 1[2mms[22m[39m
   [32m✓[39m runtime design system[2m > [22mruntime route definitions stay slim and future scaffolds avoid duplicate header props[32m 2[2mms[22m[39m

⎯⎯⎯⎯⎯⎯⎯ Failed Tests 1 ⎯⎯⎯⎯⎯⎯⎯

 FAIL  app/lib/design-system.test.ts > runtime design system > integration and system implementation targets render live upstream and peer surfaces
AssertionError: expected '<div class="space-y-6"><div class="gr…' not to contain 'Runtime policy boundary'

Expected: "Runtime policy boundary"
Received: "<div class="space-y-6"><div class="grid gap-4 md:grid-cols-2 xl:grid-cols-3"><div class="rounded-[var(--rm-radius-panel)] border border-[var(--rm-border)] bg-[var(--rm-surface-strong)] p-4 md:p-5"><p class="text-[11px] font-normal uppercase tracking-[0.24em] text-[var(--rm-muted)]">Configured peers</p><p class="mt-3 break-words tabular-nums text-[var(--rm-fg)] [font-family:var(--rm-font-display)] text-[28px] font-normal leading-8 tracking-[0.007em] md:text-[34px] md:leading-[40px] md:tracking-[-0.022em]">0</p><p class="mt-2 max-w-[28ch] text-[17px] font-normal leading-[25px] tracking-[-0.022em] text-[var(--rm-secondary)]">Peer groups observed in the current runtime model list.</p></div><div class="rounded-[var(--rm-radius-panel)] border border-[var(--rm-border)] bg-[var(--rm-panel)] p-4 md:p-5"><p class="text-[11px] font-normal uppercase tracking-[0.24em] text-[var(--rm-muted)]">Peer models</p><p class="mt-3 break-words tabular-nums text-[var(--rm-fg)] [font-family:var(--rm-font-display)] text-[28px] font-normal leading-8 tracking-[0.007em] md:text-[34px] md:leading-[40px] md:tracking-[-0.022em]">0</p><p class="mt-2 max-w-[28ch] text-[17px] font-normal leading-[25px] tracking-[-0.022em] text-[var(--rm-secondary)]">Models currently attributed to a peer source in the runtime listing.</p></div><div class="rounded-[var(--rm-radius-panel)] border border-[var(--rm-border)] bg-[var(--rm-panel)] p-4 md:p-5"><p class="text-[11px] font-normal uppercase tracking-[0.24em] text-[var(--rm-muted)]">Runtime models</p><p class="mt-3 break-words tabular-nums text-[var(--rm-fg)] [font-family:var(--rm-font-display)] text-[28px] font-normal leading-8 tracking-[0.007em] md:text-[34px] md:leading-[40px] md:tracking-[-0.022em]">0</p><p class="mt-2 max-w-[28ch] text-[17px] font-normal leading-[25px] tracking-[-0.022em] text-[var(--rm-secondary)]">Total runtime-visible model count used as context for peer posture.</p></div></div><div class="grid gap-4 xl:grid-cols-[0.95fr_1.05fr]"><section class="rounded-[var(--rm-radius-panel)] border border-[var(--rm-border)] bg-[var(--rm-surface)] shadow-[var(--rm-shadow-card)] px-5 py-5 md:px-6 md:py-6"><div class="mb-5"><h2 class="text-[var(--rm-fg)] [font-family:var(--rm-font-display)] text-[21px] font-semibold leading-[25px] tracking-[0.011em]">Peer inventory</h2><p class="mt-2 max-w-[60ch] text-[17px] font-normal leading-[25px] tracking-[-0.022em] text-[var(--rm-secondary)]">Inventory first: show explicit peer-backed model groups when they exist, otherwise keep the empty state explicit.</p></div><p class="rounded-[var(--rm-radius-panel)] border border-[var(--rm-border)] bg-[var(--rm-panel)] border-dashed p-6 text-sm text-[var(--rm-secondary)]">Loading peer inventory…</p></section><section class="rounded-[var(--rm-radius-panel)] border border-[var(--rm-border)] bg-[var(--rm-surface)] shadow-[var(--rm-shadow-card)] px-5 py-5 md:px-6 md:py-6"><div class="mb-5"><h2 class="text-[var(--rm-fg)] [font-family:var(--rm-font-display)] text-[21px] font-semibold leading-[25px] tracking-[0.011em]">Peer contract fields</h2><p class="mt-2 max-w-[60ch] text-[17px] font-normal leading-[25px] tracking-[-0.022em] text-[var(--rm-secondary)]">These fields come from the vendored host contract and define how a peer is wired into the runtime boundary.</p></div><div class="grid gap-3 md:grid-cols-2"><div class="rounded-[var(--rm-radius-panel)] border border-[var(--rm-border)] bg-[var(--rm-panel)] p-4 text-sm text-[var(--rm-secondary)]"><p class="font-semibold text-[var(--rm-fg)]">proxy</p><p class="mt-2">Base URL to proxy peer requests through.</p></div><div class="rounded-[var(--rm-radius-panel)] border border-[var(--rm-border)] bg-[var(--rm-panel)] p-4 text-sm text-[var(--rm-secondary)]"><p class="font-semibold text-[var(--rm-fg)]">apiKey</p><p class="mt-2">Optional peer-specific auth token passed to the remote target.</p></div><div class="rounded-[var(--rm-radius-panel)] border border-[var(--rm-border)] bg-[var(--rm-panel)] p-4 text-sm text-[var(--rm-secondary)]"><p class="font-semibold text-[var(--rm-fg)]">models</p><p class="mt-2">The models served by that peer and exposed to the runtime.</p></div><div class="rounded-[var(--rm-radius-panel)] border border-[var(--rm-border)] bg-[var(--rm-panel)] p-4 text-sm text-[var(--rm-secondary)]"><p class="font-semibold text-[var(--rm-fg)]">filters</p><p class="mt-2">Peer-local request filters or strip rules.</p></div><div class="rounded-[var(--rm-radius-panel)] border border-[var(--rm-border)] bg-[var(--rm-panel)] p-4 text-sm text-[var(--rm-secondary)]"><p class="font-semibold text-[var(--rm-fg)]">timeouts</p><p class="mt-2">Proxy timeout settings applied to peer traffic.</p></div></div></section></div><section class="rounded-[var(--rm-radius-panel)] border border-[var(--rm-border)] bg-[var(--rm-surface)] shadow-[var(--rm-shadow-card)] px-5 py-5 md:px-6 md:py-6"><div class="mb-5"><h2 class="text-[var(--rm-fg)] [font-family:var(--rm-font-display)] text-[21px] font-semibold leading-[25px] tracking-[0.011em]">Runtime policy boundary</h2><p class="mt-2 max-w-[60ch] text-[17px] font-normal leading-[25px] tracking-[-0.022em] text-[var(--rm-secondary)]">Peer topology should stay explicit without duplicating the broader runtime health surface.</p></div><div class="grid gap-4 md:grid-cols-3"><div class="rounded-[var(--rm-radius-panel)] border border-[var(--rm-border)] bg-[var(--rm-panel)] p-4 text-sm text-[var(--rm-secondary)]"><p class="font-semibold text-[var(--rm-fg)]">Groups and matrix</p><p class="mt-2">Peer posture belongs beside group and matrix policy notes so operators can reason about eviction, exclusivity, and remote sourcing together.</p></div><div class="rounded-[var(--rm-radius-panel)] border border-[var(--rm-border)] bg-[var(--rm-panel)] p-4 text-sm text-[var(--rm-secondary)]"><p class="font-semibold text-[var(--rm-fg)]">Empty-state rule</p><p class="mt-2">When the host has no peers configured, the page still stays live by showing the explicit empty inventory plus the supported peer contract fields.</p></div><div class="rounded-[var(--rm-radius-panel)] border border-[var(--rm-border)] bg-[var(--rm-panel)] p-4 text-sm text-[var(--rm-secondary)]"><p class="font-semibold text-[var(--rm-fg)]">Raw diagnostics</p><p class="mt-2">Route-local diagnostics belong on Runtime and Observe; this page stays focused on topology and contract posture.</p></div></div></section></div>"

 ❯ app/lib/design-system.test.ts:645:29
    643|     expect(peersMarkup).toContain("Peer inventory");
    644|     expect(peersMarkup).toContain("Peer contract fields");
    645|     expect(peersMarkup).not.toContain("Runtime policy boundary");
       |                             ^
    646|     expect(peersMarkup).not.toContain("Groups and matrix");
    647|     expect(peersMarkup).not.toContain("Empty-state rule");

⎯⎯⎯⎯⎯⎯⎯⎯⎯⎯⎯⎯⎯⎯⎯⎯⎯⎯⎯⎯⎯⎯⎯⎯[1/1]⎯


[2m Test Files [22m [1m[31m1 failed[39m[22m[2m | [22m[1m[32m10 passed[39m[22m[90m (11)[39m
[2m      Tests [22m [1m[31m1 failed[39m[22m[2m | [22m[1m[32m149 passed[39m[22m[90m (150)[39m
[2m   Start at [22m 21:06:33
[2m   Duration [22m 10.98s[2m (transform 14.42s, setup 0ms, collect 27.55s, tests 1.24s, environment 7ms, prepare 15.74s)[22m

D:\DEV\role-model\.worktrees\49-runtime-telemetry-analytics-charts\role-model-router\apps\runtime-ui:
 ERR_PNPM_RECURSIVE_RUN_FIRST_FAIL  @role-model-router/runtime-ui@ test: `vitest run app/lib/runtime-api.test.ts app/lib/view-models.test.ts app/lib/device-authorization.test.ts app/lib/design-system.test.ts app/lib/provider-account-state.test.ts app/lib/router-candidate-labels.test.ts app/lib/benchmark-latency.test.ts app/lib/benchmark-model-cards.test.ts app/lib/telemetry-analytics.test.ts app/lib/telemetry-route-models.test.ts app/components/telemetry-charts.test.tsx "--" "app/lib/design-system.test.ts"`
Exit status 1
