
> @role-model-router/runtime-ui@ test D:\DEV\role-model\.worktrees\49-runtime-telemetry-analytics-charts\role-model-router\apps\runtime-ui
> vitest run app/lib/runtime-api.test.ts app/lib/view-models.test.ts app/lib/device-authorization.test.ts app/lib/design-system.test.ts app/lib/provider-account-state.test.ts app/lib/router-candidate-labels.test.ts app/lib/benchmark-latency.test.ts app/lib/benchmark-model-cards.test.ts app/lib/telemetry-analytics.test.ts app/lib/telemetry-route-models.test.ts app/components/telemetry-charts.test.tsx "--" "app/lib/design-system.test.ts"


[1m[46m RUN [49m[22m [36mv3.2.4 [39m[90mD:/DEV/role-model/.worktrees/49-runtime-telemetry-analytics-charts/role-model-router/apps/runtime-ui[39m

 [32m✓[39m app/lib/benchmark-model-cards.test.ts [2m([22m[2m4 tests[22m[2m)[22m[32m 10[2mms[22m[39m
 [32m✓[39m app/lib/provider-account-state.test.ts [2m([22m[2m2 tests[22m[2m)[22m[32m 9[2mms[22m[39m
 [32m✓[39m app/lib/benchmark-latency.test.ts [2m([22m[2m2 tests[22m[2m)[22m[32m 8[2mms[22m[39m
 [32m✓[39m app/lib/device-authorization.test.ts [2m([22m[2m11 tests[22m[2m)[22m[32m 20[2mms[22m[39m
 [32m✓[39m app/lib/router-candidate-labels.test.ts [2m([22m[2m3 tests[22m[2m)[22m[32m 8[2mms[22m[39m
 [32m✓[39m app/lib/telemetry-route-models.test.ts [2m([22m[2m3 tests[22m[2m)[22m[32m 13[2mms[22m[39m
 [32m✓[39m app/lib/telemetry-analytics.test.ts [2m([22m[2m5 tests[22m[2m)[22m[32m 15[2mms[22m[39m
 [32m✓[39m app/lib/runtime-api.test.ts [2m([22m[2m40 tests[22m[2m)[22m[32m 122[2mms[22m[39m
 [32m✓[39m app/lib/view-models.test.ts [2m([22m[2m32 tests[22m[2m)[22m[32m 106[2mms[22m[39m
 [32m✓[39m app/components/telemetry-charts.test.tsx [2m([22m[2m2 tests[22m[2m)[22m[32m 40[2mms[22m[39m
 [31m❯[39m app/lib/design-system.test.ts [2m([22m[2m36 tests[22m[2m | [22m[31m1 failed[39m[2m)[22m[32m 197[2mms[22m[39m
   [32m✓[39m runtime design system[2m > [22mdefines navigation groups and layout templates for every runtime route[32m 8[2mms[22m[39m
   [32m✓[39m runtime design system[2m > [22mkeeps the shell on the Apple baseline with explicit chart tokens[32m 2[2mms[22m[39m
   [32m✓[39m runtime design system[2m > [22mglobal shell chrome keeps legacy vendor ui out of the main runtime contract[32m 79[2mms[22m[39m
   [32m✓[39m runtime design system[2m > [22mstudio implementation targets render repo-owned workspace sections instead of placeholder blueprints[32m 27[2mms[22m[39m
   [32m✓[39m runtime design system[2m > [22mintegration and system implementation targets render live upstream and peer surfaces[32m 13[2mms[22m[39m
   [32m✓[39m runtime design system[2m > [22mrouter implementation targets render repo-owned routing explanation surfaces[32m 1[2mms[22m[39m
   [32m✓[39m runtime design system[2m > [22mrouter, connect registry, and remote surfaces expose alias/readiness ownership instead of generic filler[32m 1[2mms[22m[39m
   [32m✓[39m runtime design system[2m > [22mproviders surface exposes explicit in-place maintenance actions for saved remote accounts[32m 0[2mms[22m[39m
   [32m✓[39m runtime design system[2m > [22mproviders surface uses an explicit save-cancel modal for api-key maintenance[32m 0[2mms[22m[39m
   [32m✓[39m runtime design system[2m > [22mproviders surface keeps oauth reconnect as a one-click saved-account action[32m 1[2mms[22m[39m
   [32m✓[39m runtime design system[2m > [22mproviders maintenance flows call explicit repair APIs instead of generic account writes[32m 0[2mms[22m[39m
   [32m✓[39m runtime design system[2m > [22mproviders saved-account cards use canonical lifecycle rows and bounded archived diagnostics[32m 0[2mms[22m[39m
   [32m✓[39m runtime design system[2m > [22mruntime, session readiness, workbench, and advanced surfaces use canonical lifecycle diagnostics[32m 0[2mms[22m[39m
   [32m✓[39m runtime design system[2m > [22mrouter routes preserve empty-state and observe-link affordances[32m 0[2mms[22m[39m
   [32m✓[39m runtime design system[2m > [22mmerged router overview stays observational while routing strategy owns editing controls[32m 1[2mms[22m[39m
   [32m✓[39m runtime design system[2m > [22mmeta-guidance panels stay removed from overview and observe routes[32m 0[2mms[22m[39m
   [32m✓[39m runtime design system[2m > [22mdesign system doc marks the converted pages as live routes[32m 2[2mms[22m[39m
   [32m✓[39m runtime design system[2m > [22mcontrol routes tolerate an unassigned controller before endpoint activation[32m 0[2mms[22m[39m
   [32m✓[39m runtime design system[2m > [22mapplies the Apple palette, SF Pro / Inter typography, and explicit theme contract in shared app chrome[32m 1[2mms[22m[39m
   [32m✓[39m runtime design system[2m > [22mshared panels and provider selectors are owned by Apple-theme primitives[32m 0[2mms[22m[39m
   [32m✓[39m runtime design system[2m > [22mshared route effects avoid action identity loops and peer refresh feedback[32m 0[2mms[22m[39m
   [32m✓[39m runtime design system[2m > [22mkeeps shared states calm: transparent status pills and no section divider chrome[32m 0[2mms[22m[39m
   [32m✓[39m runtime design system[2m > [22mremote, models, router, and system runtime config routes are first-class pages in the retained taxonomy[32m 11[2mms[22m[39m
   [32m✓[39m runtime design system[2m > [22mlocal setup surfaces stay discoverable from navigation and empty registry states[32m 1[2mms[22m[39m
   [32m✓[39m runtime design system[2m > [22mobserve and local log surfaces render structured ledgers rather than raw iframe placeholders[32m 1[2mms[22m[39m
   [32m✓[39m runtime design system[2m > [22mobserve ownership keeps requests canonical and raw-host surfaces adjacent[32m 1[2mms[22m[39m
   [32m✓[39m runtime design system[2m > [22mrequests and request detail stay telemetry-first while exposing raw-host handoffs[32m 1[2mms[22m[39m
   [32m✓[39m runtime design system[2m > [22mactivity route frames raw-host metrics as adjacent to canonical telemetry[32m 0[2mms[22m[39m
   [32m✓[39m runtime design system[2m > [22mlogs route exposes request-detail handoffs while preserving raw-host framing[32m 0[2mms[22m[39m
   [32m✓[39m runtime design system[2m > [22mregistry and system layouts avoid redundant KPI strips and placeholder note panels[32m 1[2mms[22m[39m
   [32m✓[39m runtime design system[2m > [22mdashboard is chart-led and keeps routing analytics as a first-class handoff[32m 0[2mms[22m[39m
   [32m✓[39m runtime design system[2m > [22moverview metadata and design doc describe a telemetry-first summary with an interaction rail[32m 1[2mms[22m[39m
   [32m✓[39m runtime design system[2m > [22mworkbench and observe routes expose routing controls and receipts in repo-owned UI surfaces[32m 0[2mms[22m[39m
   [32m✓[39m runtime design system[2m > [22mshell header owns route metadata and page actions without duplicate page headers[32m 2[2mms[22m[39m
[31m   [31m×[31m runtime design system[2m > [22mshell headers do not render section eyebrow labels[39m[32m 34[2mms[22m[39m
[31m     → expected 'import type { ReactNode } from "react…' not to contain '{route?.section ?? "Overview"}'[39m
   [32m✓[39m runtime design system[2m > [22mruntime route definitions stay slim and future scaffolds avoid duplicate header props[32m 2[2mms[22m[39m

⎯⎯⎯⎯⎯⎯⎯ Failed Tests 1 ⎯⎯⎯⎯⎯⎯⎯

 FAIL  app/lib/design-system.test.ts > runtime design system > shell headers do not render section eyebrow labels
AssertionError: expected 'import type { ReactNode } from "react…' not to contain '{route?.section ?? "Overview"}'

- Expected
+ Received

- {route?.section ?? "Overview"}
+ import type { ReactNode } from "react";
+ import { NavLink, useLocation } from "react-router";
+
+ import { cn } from "../lib/cn";
+ import {
+   bodyTextClassName,
+   cardClassName,
+   displayTitleClassName,
+   getRuntimeRouteDefinition,
+   navLabelClassName,
+   runtimeNavigationSections,
+   sectionTitleClassName,
+ } from "../lib/design-system";
+ import { useShellHeaderState } from "../lib/shell-header-context";
+ import { ThemeToggle } from "./theme-toggle";
+
+ function primarySectionLinkClass(isActive: boolean): string {
+   return cn(
+     `flex min-h-[52px] items-center justify-between gap-3 rounded-[var(--rm-radius-panel)] border px-4 py-3 transition-colors ${navLabelClassName}`,
+     isActive
+       ? "border-[var(--rm-border-strong)] bg-[var(--rm-surface-strong)] text-[var(--rm-fg)]"
+       : "border-transparent text-[var(--rm-secondary)] hover:border-[var(--rm-border)] hover:bg-[var(--rm-panel)] hover:text-[var(--rm-fg)]",
+   );
+ }
+
+ function secondaryNavLinkClass(isActive: boolean): string {
+   return cn(
+     `inline-flex min-h-[44px] items-center gap-2 rounded-[var(--rm-radius-pill)] border px-3 py-2 ${navLabelClassName} transition-colors`,
+     isActive
+       ? "border-[var(--rm-border-strong)] bg-[var(--rm-surface-strong)] text-[var(--rm-fg)]"
+       : "border-[var(--rm-border)] bg-[var(--rm-panel)] text-[var(--rm-secondary)] hover:border-[var(--rm-border-strong)] hover:text-[var(--rm-fg)]",
+   );
+ }
+
+ export function AppShell({ children }: { children: ReactNode }) {
+   const location = useLocation();
+   const { actions, override } = useShellHeaderState();
+   const route = getRuntimeRouteDefinition(location.pathname) ?? getRuntimeRouteDefinition("/app");
+   const activeSection =
+     runtimeNavigationSections.find((section) => section.title === route?.section) ??
+     runtimeNavigationSections[0];
+   const title = override?.title ?? route?.title ?? "Runtime overview";
+   const description =
+     override?.description ??
+     route?.description ??
+     "Runtime, provider onboarding, endpoint visibility, and request inspection in one shell.";
+
+   return (
+     <div className="min-h-screen bg-[var(--rm-bg)] text-[var(--rm-fg)]">
+       <div className="mx-auto grid min-h-screen max-w-[var(--rm-shell-width)] gap-5 px-4 py-4 lg:grid-cols-[220px_minmax(0,1fr)]">
+         <aside
+           className={`${cardClassName} flex flex-col p-5 lg:sticky lg:top-4 lg:self-start lg:min-h-[calc(100vh-2rem)]`}
+         >
+           <div>
+             <h1 className={`text-[var(--rm-fg)] ${sectionTitleClassName}`}>role-model</h1>
+           </div>
+           <div className="mt-5 space-y-5">
+             {runtimeNavigationSections.map((section) => (
+               <div key={section.title}>
+                 <NavLink
+                   to={section.items[0]?.to ?? "/app"}
+                   end={section.title === "Overview"}
+                   className={() => primarySectionLinkClass(route?.section === section.title)}
+                 >
+                   <span className="flex items-center gap-3">
+                     <section.icon size={16} />
+                     <span className={navLabelClassName}>{section.title}</span>
+                   </span>
+                 </NavLink>
+               </div>
+             ))}
+           </div>
+           <div className="mt-auto pt-2">
+             <ThemeToggle />
+           </div>
+         </aside>
+
+         <div className="min-w-0 space-y-5">
+           <header className={`${cardClassName} px-5 py-5`}>
+             <div className="grid gap-5 xl:grid-cols-[minmax(0,1fr)_auto] xl:items-end">
+               <div>
+                 <p className="text-xs font-normal uppercase tracking-[0.24em] text-[var(--rm-muted)]">
+                   {route?.section ?? "Overview"}
+                 </p>
+                 <h2 className={`mt-3 max-w-[16ch] text-balance text-[var(--rm-fg)] ${displayTitleClassName}`}>
+                   {title}
+                 </h2>
+                 <p className={`mt-3 max-w-[60ch] ${bodyTextClassName} text-[var(--rm-secondary)]`}>
+                   {description}
+                 </p>
+               </div>
+               {actions ? (
+                 <div className="flex flex-wrap gap-2 xl:justify-end xl:self-end">{actions}</div>
+               ) : null}
+             </div>
+             <div className="mt-5">
+               <nav className="flex flex-wrap gap-2">
+                 {activeSection.items.map((item) => (
+                   <NavLink
+                     key={item.to}
+                     to={item.to}
+                     end={item.to === "/app"}
+                     className={({ isActive }) => secondaryNavLinkClass(isActive)}
+                   >
+                     <item.icon size={14} />
+                     <span className={navLabelClassName}>{item.label}</span>
+                   </NavLink>
+                 ))}
+               </nav>
+             </div>
+           </header>
+           <main className="space-y-6">{children}</main>
+         </div>
+       </div>
+     </div>
+   );
+ }
+

 ❯ app/lib/design-system.test.ts:930:32
    928| 
    929|   test("shell headers do not render section eyebrow labels", () => {
    930|     expect(appShellSource).not.toContain("{route?.section ?? \"Overvie…
       |                                ^
    931|     expect(appShellSource).not.toContain("uppercase tracking-[0.24em]"…
    932|     expect(designSystemDocSource).not.toContain("section eyebrow");

⎯⎯⎯⎯⎯⎯⎯⎯⎯⎯⎯⎯⎯⎯⎯⎯⎯⎯⎯⎯⎯⎯⎯⎯[1/1]⎯


[2m Test Files [22m [1m[31m1 failed[39m[22m[2m | [22m[1m[32m10 passed[39m[22m[90m (11)[39m
[2m      Tests [22m [1m[31m1 failed[39m[22m[2m | [22m[1m[32m139 passed[39m[22m[90m (140)[39m
[2m   Start at [22m 17:14:10
[2m   Duration [22m 3.68s[2m (transform 3.68s, setup 0ms, collect 9.39s, tests 548ms, environment 6ms, prepare 5.06s)[22m

D:\DEV\role-model\.worktrees\49-runtime-telemetry-analytics-charts\role-model-router\apps\runtime-ui:
 ERR_PNPM_RECURSIVE_RUN_FIRST_FAIL  @role-model-router/runtime-ui@ test: `vitest run app/lib/runtime-api.test.ts app/lib/view-models.test.ts app/lib/device-authorization.test.ts app/lib/design-system.test.ts app/lib/provider-account-state.test.ts app/lib/router-candidate-labels.test.ts app/lib/benchmark-latency.test.ts app/lib/benchmark-model-cards.test.ts app/lib/telemetry-analytics.test.ts app/lib/telemetry-route-models.test.ts app/components/telemetry-charts.test.tsx "--" "app/lib/design-system.test.ts"`
Exit status 1
