
[1m[46m RUN [49m[22m [36mv3.2.4 [39m[90mD:/DEV/role-model/.worktrees/49-runtime-telemetry-analytics-charts/role-model-router/apps/runtime-ui[39m

 [2m[90m↓[39m[22m app/lib/design-system.test.ts[2m > [22mruntime design system[2m > [22mdefines navigation groups and layout templates for every runtime route
 [2m[90m↓[39m[22m app/lib/design-system.test.ts[2m > [22mruntime design system[2m > [22muses analytics charts as the primary Observe entry point
 [2m[90m↓[39m[22m app/lib/design-system.test.ts[2m > [22mruntime design system[2m > [22mkeeps the shell on the Apple baseline with explicit chart tokens
 [2m[90m↓[39m[22m app/lib/design-system.test.ts[2m > [22mruntime design system[2m > [22mglobal shell chrome keeps legacy vendor ui out of the main runtime contract
 [2m[90m↓[39m[22m app/lib/design-system.test.ts[2m > [22mruntime design system[2m > [22mstudio implementation targets render repo-owned workspace sections instead of placeholder blueprints
 [2m[90m↓[39m[22m app/lib/design-system.test.ts[2m > [22mruntime design system[2m > [22mintegration and system implementation targets render live upstream and peer surfaces
 [2m[90m↓[39m[22m app/lib/design-system.test.ts[2m > [22mruntime design system[2m > [22mrouter implementation targets render repo-owned routing explanation surfaces
 [2m[90m↓[39m[22m app/lib/design-system.test.ts[2m > [22mruntime design system[2m > [22mrouter, connect registry, and remote surfaces expose alias/readiness ownership instead of generic filler
 [2m[90m↓[39m[22m app/lib/design-system.test.ts[2m > [22mruntime design system[2m > [22mproviders surface exposes explicit in-place maintenance actions for saved remote accounts
 [2m[90m↓[39m[22m app/lib/design-system.test.ts[2m > [22mruntime design system[2m > [22mproviders surface uses an explicit save-cancel modal for api-key maintenance
 [2m[90m↓[39m[22m app/lib/design-system.test.ts[2m > [22mruntime design system[2m > [22mproviders surface keeps oauth reconnect as a one-click saved-account action
 [2m[90m↓[39m[22m app/lib/design-system.test.ts[2m > [22mruntime design system[2m > [22mproviders maintenance flows call explicit repair APIs instead of generic account writes
 [2m[90m↓[39m[22m app/lib/design-system.test.ts[2m > [22mruntime design system[2m > [22mproviders saved-account cards use canonical lifecycle rows and bounded archived diagnostics
 [2m[90m↓[39m[22m app/lib/design-system.test.ts[2m > [22mruntime design system[2m > [22mruntime, session readiness, workbench, and advanced surfaces use canonical lifecycle diagnostics
 [2m[90m↓[39m[22m app/lib/design-system.test.ts[2m > [22mruntime design system[2m > [22mrouter routes preserve empty-state and observe-link affordances
 [2m[90m↓[39m[22m app/lib/design-system.test.ts[2m > [22mruntime design system[2m > [22mmerged router overview stays observational while routing strategy owns editing controls
 [2m[90m↓[39m[22m app/lib/design-system.test.ts[2m > [22mruntime design system[2m > [22mmeta-guidance panels stay removed from overview and observe routes
 [2m[90m↓[39m[22m app/lib/design-system.test.ts[2m > [22mruntime design system[2m > [22mdesign system doc marks the converted pages as live routes
 [2m[90m↓[39m[22m app/lib/design-system.test.ts[2m > [22mruntime design system[2m > [22mcontrol routes tolerate an unassigned controller before endpoint activation
 [2m[90m↓[39m[22m app/lib/design-system.test.ts[2m > [22mruntime design system[2m > [22mapplies the Apple palette, SF Pro / Inter typography, and explicit theme contract in shared app chrome
 [2m[90m↓[39m[22m app/lib/design-system.test.ts[2m > [22mruntime design system[2m > [22mshared panels and provider selectors are owned by Apple-theme primitives
 [2m[90m↓[39m[22m app/lib/design-system.test.ts[2m > [22mruntime design system[2m > [22mshared route effects avoid action identity loops and peer refresh feedback
 [2m[90m↓[39m[22m app/lib/design-system.test.ts[2m > [22mruntime design system[2m > [22mkeeps shared states calm: transparent status pills and no section divider chrome
 [2m[90m↓[39m[22m app/lib/design-system.test.ts[2m > [22mruntime design system[2m > [22mremote, models, router, and system runtime config routes are first-class pages in the retained taxonomy
 [2m[90m↓[39m[22m app/lib/design-system.test.ts[2m > [22mruntime design system[2m > [22mlocal setup surfaces stay discoverable from navigation and empty registry states
 [2m[90m↓[39m[22m app/lib/design-system.test.ts[2m > [22mruntime design system[2m > [22mobserve and local log surfaces render structured ledgers rather than raw iframe placeholders
 [2m[90m↓[39m[22m app/lib/design-system.test.ts[2m > [22mruntime design system[2m > [22mobserve ownership keeps requests canonical and raw-host surfaces adjacent
 [2m[90m↓[39m[22m app/lib/design-system.test.ts[2m > [22mruntime design system[2m > [22mrequests and request detail stay telemetry-first while exposing raw-host handoffs
 [2m[90m↓[39m[22m app/lib/design-system.test.ts[2m > [22mruntime design system[2m > [22mactivity route frames raw-host metrics as adjacent to canonical telemetry
 [2m[90m↓[39m[22m app/lib/design-system.test.ts[2m > [22mruntime design system[2m > [22mlogs route exposes request-detail handoffs while preserving raw-host framing
 [2m[90m↓[39m[22m app/lib/design-system.test.ts[2m > [22mruntime design system[2m > [22mregistry and system layouts avoid redundant KPI strips and placeholder note panels
 [2m[90m↓[39m[22m app/lib/design-system.test.ts[2m > [22mruntime design system[2m > [22mdashboard is chart-led and keeps routing analytics as a first-class handoff
 [2m[90m↓[39m[22m app/lib/design-system.test.ts[2m > [22mruntime design system[2m > [22moverview metadata and design doc describe a telemetry-first summary with an interaction rail
 [2m[90m↓[39m[22m app/lib/design-system.test.ts[2m > [22mruntime design system[2m > [22mworkbench and observe routes expose routing controls and receipts in repo-owned UI surfaces
 [31m×[39m app/lib/design-system.test.ts[2m > [22mruntime design system[2m > [22mrequest detail route renders authoritative stored cost metadata[32m 18[2mms[22m[39m
[31m   → expected 'import { useEffect, useState } from "…' to contain 'effectiveCostUsd'[39m
 [2m[90m↓[39m[22m app/lib/design-system.test.ts[2m > [22mruntime design system[2m > [22mshell header owns route metadata and page actions without duplicate page headers
 [2m[90m↓[39m[22m app/lib/design-system.test.ts[2m > [22mruntime design system[2m > [22mshell headers do not render section eyebrow labels
 [2m[90m↓[39m[22m app/lib/design-system.test.ts[2m > [22mruntime design system[2m > [22mruntime route definitions stay slim and future scaffolds avoid duplicate header props

⎯⎯⎯⎯⎯⎯⎯ Failed Tests 1 ⎯⎯⎯⎯⎯⎯⎯

 FAIL  app/lib/design-system.test.ts > runtime design system > request detail route renders authoritative stored cost metadata
AssertionError: expected 'import { useEffect, useState } from "…' to contain 'effectiveCostUsd'

- Expected
+ Received

- effectiveCostUsd
+ import { useEffect, useState } from "react";
+ import { Link, useParams } from "react-router";
+
+ import {
+   CodeBlock,
+   DisclosureSection,
+   EmptyState,
+   ErrorState,
+   FactCard,
+   LoadingState,
+   SectionCard,
+   StatusPill,
+ } from "../components/page-primitives";
+ import { secondaryButtonClassName } from "../lib/design-system";
+ import { formatRoutingModeLabel } from "../lib/routing-mode";
+ import { fetchRequestDetail } from "../lib/runtime-api";
+ import { useShellHeaderOverride } from "../lib/shell-header-context";
+
+ function asRecord(value: unknown): Record<string, unknown> | null {
+   return typeof value === "object" && value !== null ? (value as Record<string, unknown>) : null;
+ }
+
+ function asNumber(value: unknown): number | null {
+   return typeof value === "number" && Number.isFinite(value) ? value : null;
+ }
+
+ function asStringValue(value: unknown): string | null {
+   return typeof value === "string" && value.length > 0 ? value : null;
+ }
+
+ function asBoolean(value: unknown): boolean | null {
+   return typeof value === "boolean" ? value : null;
+ }
+
+ function pickNumber(record: Record<string, unknown>, ...keys: string[]): number | null {
+   for (const key of keys) {
+     const value = asNumber(record[key]);
+     if (value !== null) {
+       return value;
+     }
+   }
+   return null;
+ }
+
+ function pickString(record: Record<string, unknown>, ...keys: string[]): string | null {
+   for (const key of keys) {
+     const value = asStringValue(record[key]);
+     if (value !== null) {
+       return value;
+     }
+   }
+   return null;
+ }
+
+ function pickBoolean(record: Record<string, unknown>, ...keys: string[]): boolean | null {
+   for (const key of keys) {
+     const value = asBoolean(record[key]);
+     if (value !== null) {
+       return value;
+     }
+   }
+   return null;
+ }
+
+ function formatDateTime(value: number | null): string {
+   if (value === null) {
+     return "n/a";
+   }
+
+   return new Date(value).toLocaleString();
+ }
+
+ function formatUsd(value: number | null): string {
+   if (value === null) {
+     return "n/a";
+   }
+
+   return `$${value.toFixed(4)}`;
+ }
+
+ function renderMetricValue(value: string | number | null): string | number {
+   return value ?? "n/a";
+ }
+
+ export default function RequestDetailRoute() {
+   const { requestId = "" } = useParams();
+   const [detail, setDetail] = useState<Awaited<ReturnType<typeof fetchRequestDetail>> | null>(null);
+   const [error, setError] = useState<string | null>(null);
+
+   useEffect(() => {
+     if (!requestId) {
+       return;
+     }
+
+     void fetchRequestDetail(requestId)
+       .then(setDetail)
+       .catch((value: unknown) =>
+         setError(value instanceof Error ? value.message : "Could not load request detail."),
+       );
+   }, [requestId]);
+
+   useShellHeaderOverride({ title: requestId }, [requestId]);
+
+   if (error) {
+     return <ErrorState label={error} />;
+   }
+   if (!detail) {
+     return <LoadingState label="Loading request inspector…" />;
+   }
+
+   const request = asRecord(detail.request) ?? {};
+   const endpointProfile = asRecord(detail.endpointProfile) ?? {};
+   const latestProfile = asRecord(endpointProfile.latestProfile) ?? {};
+   const recentSamples = Array.isArray(endpointProfile.recentSamples)
+     ? endpointProfile.recentSamples
+     : [];
+   const endpointIdentity =
+     asRecord(latestProfile.endpoint_identity ?? latestProfile.endpointIdentity) ?? {};
+   const usageEvent = asRecord(request.usageEvent) ?? {};
+   const executionTelemetry = asRecord(request.executionTelemetry) ?? {};
+   const executionStream = asRecord(executionTelemetry.stream) ?? {};
+   const executionStreamSupport = asRecord(executionTelemetry.streamSupport) ?? {};
+   const executionPromptCaching = asRecord(executionTelemetry.promptCaching) ?? {};
+   const observedPerformance = asRecord(request.observedPerformance) ?? {};
+   const observedSample = asRecord(observedPerformance.sample) ?? {};
+   const cacheObservability = asRecord(request.cacheObservability) ?? {};
+   const tooling = asRecord(request.tooling) ?? {};
+   const routingDiagnostics = asRecord(request.routingDiagnostics) ?? {};
+   const routingMode = asRecord(routingDiagnostics.routingMode) ?? {};
+   const rewrite = asRecord(routingDiagnostics.rewrite) ?? {};
+   const difficultyRouting = asRecord(routingDiagnostics.difficultyRouting) ?? {};
+   const difficultySignals = asRecord(difficultyRouting.rubricSignals) ?? {};
+   const controllerRouting = asRecord(routingDiagnostics.controllerRouting) ?? {};
+   const acceptedDirectives = asRecord(controllerRouting.acceptedDirectives) ?? {};
+   const hybridArbitration = asRecord(routingDiagnostics.hybridArbitration) ?? {};
+   const inspection = asRecord(request.inspection) ?? {};
+   const inspectionRequest = asRecord(inspection.request) ?? {};
+   const inspectionEndpoint = asRecord(inspection.endpoint) ?? {};
+   const requestCapture = asRecord(inspectionRequest.requestCapture) ?? {};
+   const responseCapture = asRecord(inspectionRequest.responseCapture) ?? {};
+   const toolCalls = Array.isArray(tooling.toolCalls) ? tooling.toolCalls : [];
+   const toolExecutions = Array.isArray(tooling.executions) ? tooling.executions : [];
+   const toolDiagnostics = Array.isArray(tooling.diagnostics) ? tooling.diagnostics : [];
+   const sourceType =
+     pickString(request, "sourceType") ??
+     (pickString(endpointIdentity, "endpoint_kind", "endpointKind") === "remote_api"
+       ? "remote"
+       : pickString(endpointIdentity, "endpoint_kind", "endpointKind")
+         ? "local"
+         : null);
+   const latencyMs = pickNumber(usageEvent, "latency_ms", "latencyMs");
+   const inputTokens = pickNumber(usageEvent, "tokens_in", "inputTokens", "promptTokens");
+   const outputTokens = pickNumber(usageEvent, "tokens_out", "outputTokens", "completionTokens");
+   const totalTokens =
+     pickNumber(usageEvent, "total_tokens", "totalTokens") ??
+     (() => {
+       const promptTokens = inputTokens ?? 0;
+       const completionTokens = outputTokens ?? 0;
+       return promptTokens > 0 || completionTokens > 0 ? promptTokens + completionTokens : null;
+     })();
+   const actualCostUsd = pickNumber(usageEvent, "cost_actual", "actualCostUsd");
+   const estimatedCostUsd = pickNumber(usageEvent, "cost_estimate", "estimatedCostUsd");
+   const providerFamily = pickString(executionTelemetry, "providerFamily");
+   const finishReason = pickString(executionTelemetry, "finishReason");
+   const promptCacheSupported =
+     pickBoolean(request, "promptCacheSupported") ??
+     pickBoolean(executionPromptCaching, "supported") ??
+     false;
+   const promptCacheRequested =
+     pickBoolean(cacheObservability, "promptCacheRequested") ??
+     pickBoolean(request, "promptCacheRequested");
+   const promptCacheUsed =
+     pickBoolean(cacheObservability, "promptCacheUsed") ?? pickBoolean(request, "promptCacheUsed");
+   const cacheStatus = !promptCacheSupported
+     ? "unavailable"
+     : promptCacheUsed
+       ? "hit"
+       : promptCacheRequested
+         ? "miss"
+         : "ready";
+   const responseStatus = asNumber(responseCapture.statusCode);
+   const createdAtMs =
+     pickNumber(request, "createdAtMs") ?? pickNumber(usageEvent, "timestamp_ms", "timestampMs");
+   const measuredAtMs =
+     pickNumber(latestProfile, "measured_at_ms", "measuredAtMs") ??
+     pickNumber(observedSample, "timestamp_ms", "timestampMs");
+   const modelId =
+     pickString(usageEvent, "model_id", "modelId") ??
+     pickString(endpointIdentity, "model_id", "modelId");
+   const providerKind =
+     pickString(usageEvent, "provider_kind", "providerKind") ??
+     pickString(endpointIdentity, "provider_kind", "providerKind");
+   const endpointId = pickString(request, "endpointId") ?? "unknown";
+   const clientRequestId =
+     pickString(request, "clientRequestId") ??
+     pickString(inspectionRequest, "clientRequestId") ??
+     null;
+   const streamTextDeltaCount =
+     pickNumber(request, "streamTextDeltaCount") ?? pickNumber(executionStream, "textDeltas") ?? 0;
+   const streamToolCallDeltaCount =
+     pickNumber(request, "streamToolCallDeltaCount") ??
+     pickNumber(executionStream, "toolCallDeltas") ??
+     0;
+   const streamToolArgumentDeltaCount =
+     pickNumber(request, "streamToolArgumentDeltaCount") ??
+     pickNumber(executionStream, "toolArgumentDeltas") ??
+     0;
+   const streamTextSupported =
+     pickBoolean(request, "streamTextSupported") ??
+     pickString(executionStreamSupport, "text") !== "unsupported";
+   const streamToolCallSupported =
+     pickBoolean(request, "streamToolCallSupported") ??
+     pickString(executionStreamSupport, "toolCalls") !== "unsupported";
+   const streamToolArgumentSupported =
+     pickBoolean(request, "streamToolArgumentSupported") ??
+     pickString(executionStreamSupport, "toolArguments") !== "unsupported";
+   const streamSummary = [
+     streamTextSupported
+       ? `${streamTextDeltaCount} text delta${streamTextDeltaCount === 1 ? "" : "s"}`
+       : null,
+     streamToolCallSupported
+       ? `${streamToolCallDeltaCount} tool-call delta${streamToolCallDeltaCount === 1 ? "" : "s"}`
+       : null,
+     streamToolArgumentSupported
+       ? `${streamToolArgumentDeltaCount} tool-arg delta${streamToolArgumentDeltaCount === 1 ? "" : "s"}`
+       : null,
+   ]
+     .filter((value): value is string => value !== null)
+     .join(" / ");
+   const profileSampleCount = recentSamples.length;
+   const latestProfileErrorClass = pickString(latestProfile, "error_class", "errorClass");
+   const latestProfileFailureRate = pickNumber(latestProfile, "failure_rate", "failureRate");
+   const recentEndpointSamples = Array.isArray(inspectionEndpoint.recentSamples)
+     ? inspectionEndpoint.recentSamples
+     : recentSamples;
+   const routingModeSummary = pickString(routingMode, "effectiveMode");
+   const routingModeSource = pickString(routingMode, "source");
+   const routingRequestedOverride = pickString(routingMode, "requestedOverride");
+   const routingAliasMode = pickString(routingMode, "aliasMode");
+   const rewriteSummary =
+     pickString(rewrite, "requestedModel") && pickString(rewrite, "downstreamModelId")
+       ? `${pickString(rewrite, "requestedModel")} -> ${pickString(rewrite, "downstreamModelId")}`
+       : null;
+   const rewriteReason = pickString(rewrite, "reason");
+   const difficultyBucket = pickString(difficultyRouting, "difficulty");
+   const difficultyStrategy = pickString(difficultyRouting, "strategy");
+   const controllerActive = pickBoolean(controllerRouting, "active");
+   const controllerStrategy = pickString(acceptedDirectives, "strategy");
+   const controllerTaskType = pickString(acceptedDirectives, "taskType");
+   const hybridSignal = pickString(hybridArbitration, "dominantSignal");
+   const hybridStrategy = pickString(hybridArbitration, "finalStrategy");
+   const rubricSignalSummary = [
+     pickNumber(difficultySignals, "contextTokens"),
+     pickNumber(difficultySignals, "toolCount"),
+     pickNumber(difficultySignals, "historyTurnCount"),
+     pickNumber(difficultySignals, "instructionConstraintCount"),
+     pickNumber(difficultySignals, "decompositionKeywordCount"),
+   ].some((value) => value !== null)
+     ? [
+         `context ${pickNumber(difficultySignals, "contextTokens") ?? 0}`,
+         `tools ${pickNumber(difficultySignals, "toolCount") ?? 0}`,
+         `history ${pickNumber(difficultySignals, "historyTurnCount") ?? 0}`,
+         `constraints ${pickNumber(difficultySignals, "instructionConstraintCount") ?? 0}`,
+         `decomposition ${pickNumber(difficultySignals, "decompositionKeywordCount") ?? 0}`,
+       ].join(" • ")
+     : null;
+
+   return (
+     <div className="space-y-6">
+       <div className="grid gap-4 md:grid-cols-2 xl:grid-cols-6">
+         <FactCard
+           label="Endpoint"
+           value={endpointId}
+           detail="Endpoint id currently associated with the captured request."
+           emphasis
+         />
+         <FactCard
+           label="Correlation"
+           value={renderMetricValue(clientRequestId)}
+           detail="Caller-supplied correlation id preserved alongside the canonical request ledger id."
+         />
+         <FactCard
+           label="Source"
+           value={renderMetricValue(sourceType)}
+           detail="Canonical source family used by the telemetry ledger."
+         />
+         <FactCard
+           label="Provider family"
+           value={renderMetricValue(providerFamily)}
+           detail="Execution adapter family preserved in the canonical telemetry contract."
+         />
+         <FactCard
+           label="Latency"
+           value={latencyMs === null ? "n/a" : `${latencyMs} ms`}
+           detail="Observed request latency from the persisted usage event."
+         />
+         <FactCard
+           label="Tokens"
+           value={renderMetricValue(totalTokens)}
+           detail="Total token usage when the provider exposed prompt/completion accounting."
+         />
+         <FactCard
+           label="Cost"
+           value={formatUsd(actualCostUsd ?? estimatedCostUsd)}
+           detail={
+             actualCostUsd !== null
+               ? "Actual USD cost from the execution receipt."
+               : "Estimated USD cost from the persisted runtime usage event."
+           }
+         />
+         <FactCard
+           label="Cache"
+           value={renderMetricValue(cacheStatus)}
+           detail="Captured cache posture using explicit support semantics rather than zero-only inference."
+         />
+       </div>
+
+       <SectionCard
+         title="Adjacent raw-host tools"
+         description="Structured telemetry is canonical here; preserved host surfaces are available when you need raw metrics, captures, or combined logs."
+       >
+         <div className="flex flex-wrap gap-3">
+           <Link className={secondaryButtonClassName} to="/app/observe/requests">
+             Back to request ledger
+           </Link>
+           <Link className={secondaryButtonClassName} to="/app/observe/activity">
+             Host activity & captures
+           </Link>
+           <Link className={secondaryButtonClassName} to="/app/observe/logs">
+             Host logs
+           </Link>
+         </div>
+       </SectionCard>
+
+       <div className="grid gap-4 xl:grid-cols-[0.8fr_1.2fr]">
+         <SectionCard
+           title="Telemetry summary"
+           description="Canonical request facts for source, usage, timings, and endpoint identity."
+         >
+           <dl className="grid gap-x-6 gap-y-3 text-sm md:grid-cols-2">
+             {[
+               ["Provider", providerKind],
+               ["Model", modelId],
+               ["Finish reason", finishReason],
+               ["Input tokens", inputTokens === null ? null : String(inputTokens)],
+               ["Output tokens", outputTokens === null ? null : String(outputTokens)],
+               ["Response status", responseStatus === null ? null : String(responseStatus)],
+               ["Recorded", formatDateTime(createdAtMs)],
+               ["Profile measured", formatDateTime(measuredAtMs)],
+               ["Stream deltas", streamSummary.length > 0 ? streamSummary : null],
+             ].map(([label, value]) => (
+               <div key={label} className="border-b border-[var(--rm-border)] pb-3">
+                 <dt className="text-xs uppercase tracking-[0.24em] text-[var(--rm-muted)]">
+                   {label}
+                 </dt>
+                 <dd className="mt-1 font-medium text-[var(--rm-fg)]">{renderMetricValue(value)}</dd>
+               </div>
+             ))}
+           </dl>
+         </SectionCard>
+
+         <SectionCard
+           title="Observed performance"
+           description="Request-level execution telemetry and profile-history posture stay adjacent to tooling and captures."
+         >
+           <dl className="grid gap-x-6 gap-y-3 text-sm md:grid-cols-2">
+             {[
+               ["Recent samples", String(profileSampleCount)],
+               [
+                 "Profile failure rate",
+                 latestProfileFailureRate === null ? null : String(latestProfileFailureRate),
+               ],
+               ["Latest profile error class", latestProfileErrorClass],
+               [
+                 "Recent sample bundle",
+                 recentEndpointSamples.length > 0
+                   ? `${recentEndpointSamples.length} samples available`
+                   : "No recent samples",
+               ],
+             ].map(([label, value]) => (
+               <div key={label} className="border-b border-[var(--rm-border)] pb-3">
+                 <dt className="text-xs uppercase tracking-[0.24em] text-[var(--rm-muted)]">
+                   {label}
+                 </dt>
+                 <dd className="mt-1 font-medium text-[var(--rm-fg)]">{renderMetricValue(value)}</dd>
+               </div>
+             ))}
+           </dl>
+           <div className="mt-4">
+             <p className="mb-2 font-medium text-[var(--rm-fg)]">Latest profile snapshot</p>
+             <CodeBlock>{JSON.stringify(latestProfile, null, 2)}</CodeBlock>
+           </div>
+         </SectionCard>
+       </div>
+
+       <div className="space-y-4">
+         <DisclosureSection summary="Routing receipts">
+           <dl className="grid gap-x-6 gap-y-3 text-sm md:grid-cols-2">
+             {[
+               [
+                 "Effective mode",
+                 routingModeSummary
+                   ? formatRoutingModeLabel(routingModeSummary)
+                   : routingModeSummary,
+               ],
+               ["Mode source", routingModeSource],
+               ["Requested override", routingRequestedOverride],
+               [
+                 "Alias mode",
+                 routingAliasMode ? formatRoutingModeLabel(routingAliasMode) : routingAliasMode,
+               ],
+               ["Rewrite", rewriteSummary],
+               ["Rewrite reason", rewriteReason],
+               ["Difficulty bucket", difficultyBucket],
+               ["Difficulty strategy", difficultyStrategy],
+               ["Controller active", controllerActive === null ? null : String(controllerActive)],
+               ["Controller strategy", controllerStrategy],
+               ["Controller task type", controllerTaskType],
+               ["Hybrid dominant signal", hybridSignal],
+               ["Hybrid final strategy", hybridStrategy],
+               ["Rubric signals", rubricSignalSummary],
+             ].map(([label, value]) => (
+               <div key={label} className="border-b border-[var(--rm-border)] pb-3">
+                 <dt className="text-xs uppercase tracking-[0.24em] text-[var(--rm-muted)]">
+                   {label}
+                 </dt>
+                 <dd className="mt-1 font-medium text-[var(--rm-fg)]">{renderMetricValue(value)}</dd>
+               </div>
+             ))}
+           </dl>
+         </DisclosureSection>
+
+         <DisclosureSection summary="Routing diagnostics bundle">
+           <CodeBlock>
+             {JSON.stringify({ routingDiagnostics, hybridArbitration }, null, 2)}
+           </CodeBlock>
+         </DisclosureSection>
+       </div>
+
+       <DisclosureSection summary="Tooling">
+         <div className="space-y-4">
+           <div>
+             <div className="flex items-center justify-between">
+               <p className="font-medium text-[var(--rm-fg)]">Tool calls</p>
+               <StatusPill tone={toolCalls.length > 0 ? "accent" : "neutral"}>
+                 {toolCalls.length}
+               </StatusPill>
+             </div>
+             <div className="mt-3 space-y-3">
+               {toolCalls.length === 0 ? (
+                 <EmptyState label="No tool calls were recorded for this request." />
+               ) : (
+                 toolCalls.map((toolCall, index) => (
+                   <div
+                     key={String((asRecord(toolCall)?.toolCallId as string | undefined) ?? index)}
+                     className="rounded-none border border-[var(--rm-border)] bg-[var(--rm-panel)] p-3"
+                   >
+                     <p className="font-medium text-[var(--rm-fg)]">
+                       {String(asRecord(toolCall)?.toolName ?? "unknown")}
+                     </p>
+                     <CodeBlock className="mt-3 text-xs">
+                       {JSON.stringify(asRecord(toolCall)?.arguments ?? {}, null, 2)}
+                     </CodeBlock>
+                   </div>
+                 ))
+               )}
+             </div>
+           </div>
+
+           <div>
+             <div className="flex items-center justify-between">
+               <p className="font-medium text-[var(--rm-fg)]">Execution receipts</p>
+               <StatusPill tone={toolExecutions.length > 0 ? "success" : "neutral"}>
+                 {toolExecutions.length}
+               </StatusPill>
+             </div>
+             <div className="mt-3 space-y-3">
+               {toolExecutions.length === 0 ? (
+                 <EmptyState label="No runtime tool executions were persisted for this request." />
+               ) : (
+                 toolExecutions.map((execution, index) => {
+                   const executionRecord = asRecord(execution) ?? {};
+                   return (
+                     <div
+                       key={String(executionRecord.executionId ?? index)}
+                       className="rounded-none border border-[var(--rm-border)] bg-[var(--rm-panel)] p-3"
+                     >
+                       <div className="flex flex-wrap items-center gap-2">
+                         <p className="font-medium text-[var(--rm-fg)]">
+                           {String(executionRecord.toolName ?? "Unnamed tool")}
+                         </p>
+                         {executionRecord.status ? (
+                           <StatusPill
+                             tone={executionRecord.status === "success" ? "success" : "warning"}
+                           >
+                             {String(executionRecord.status)}
+                           </StatusPill>
+                         ) : null}
+                       </div>
+                       <p className="mt-2 text-sm text-[var(--rm-secondary)]">
+                         {String(executionRecord.connectorId ?? "Unknown connector")}
+                       </p>
+                     </div>
+                   );
+                 })
+               )}
+             </div>
+           </div>
+
+           {toolDiagnostics.length > 0 ? (
+             <CodeBlock>{JSON.stringify(toolDiagnostics, null, 2)}</CodeBlock>
+           ) : null}
+         </div>
+       </DisclosureSection>
+
+       <DisclosureSection summary="Captures and profile">
+         <div className="space-y-4">
+           <div className="grid gap-4 xl:grid-cols-2">
+             <div>
+               <p className="mb-2 font-medium text-[var(--rm-fg)]">Request capture</p>
+               <CodeBlock>{JSON.stringify(requestCapture, null, 2)}</CodeBlock>
+             </div>
+             <div>
+               <p className="mb-2 font-medium text-[var(--rm-fg)]">Response capture</p>
+               <CodeBlock>{JSON.stringify(responseCapture, null, 2)}</CodeBlock>
+             </div>
+           </div>
+           <div>
+             <p className="mb-2 font-medium text-[var(--rm-fg)]">Endpoint profile history</p>
+             <CodeBlock>{JSON.stringify({ latestProfile, recentSamples }, null, 2)}</CodeBlock>
+           </div>
+         </div>
+       </DisclosureSection>
+
+       <DisclosureSection summary="Raw observation bundle">
+         <CodeBlock>{JSON.stringify(detail.request, null, 2)}</CodeBlock>
+       </DisclosureSection>
+     </div>
+   );
+ }
+

 ❯ app/lib/design-system.test.ts:902:38
    900| 
    901|   test("request detail route renders authoritative stored cost metadat…
    902|     expect(requestDetailRouteSource).toContain("effectiveCostUsd");
       |                                      ^
    903|     expect(requestDetailRouteSource).toContain("costCalculationBasis");
    904|     expect(requestDetailRouteSource).toContain("costCalculationVersion…

⎯⎯⎯⎯⎯⎯⎯⎯⎯⎯⎯⎯⎯⎯⎯⎯⎯⎯⎯⎯⎯⎯⎯⎯[1/1]⎯


[2m Test Files [22m [1m[31m1 failed[39m[22m[90m (1)[39m
[2m      Tests [22m [1m[31m1 failed[39m[22m[2m | [22m[33m37 skipped[39m[90m (38)[39m
[2m   Start at [22m 18:38:50
[2m   Duration [22m 2.42s[2m (transform 939ms, setup 0ms, collect 1.42s, tests 21ms, environment 0ms, prepare 290ms)[22m

undefined
D:\DEV\role-model\.worktrees\49-runtime-telemetry-analytics-charts\role-model-router\apps\runtime-ui:
 ERR_PNPM_RECURSIVE_EXEC_FIRST_FAIL  Command failed with exit code 1: vitest run app/lib/design-system.test.ts -t request detail route renders authoritative stored cost metadata --reporter=verbose
