
> @role-model-router/runtime-ui@ test D:\DEV\role-model\.worktrees\49-runtime-telemetry-analytics-charts\role-model-router\apps\runtime-ui
> vitest run app/lib/runtime-api.test.ts app/lib/view-models.test.ts app/lib/device-authorization.test.ts app/lib/design-system.test.ts app/lib/provider-account-state.test.ts app/lib/router-candidate-labels.test.ts app/lib/benchmark-latency.test.ts app/lib/benchmark-model-cards.test.ts app/lib/telemetry-analytics.test.ts app/lib/telemetry-route-models.test.ts app/components/telemetry-charts.test.tsx "--" "app/lib/design-system.test.ts"


[1m[46m RUN [49m[22m [36mv3.2.4 [39m[90mD:/DEV/role-model/.worktrees/49-runtime-telemetry-analytics-charts/role-model-router/apps/runtime-ui[39m

 [32m✓[39m app/lib/benchmark-model-cards.test.ts [2m([22m[2m4 tests[22m[2m)[22m[32m 18[2mms[22m[39m
 [32m✓[39m app/lib/provider-account-state.test.ts [2m([22m[2m2 tests[22m[2m)[22m[32m 11[2mms[22m[39m
 [32m✓[39m app/lib/router-candidate-labels.test.ts [2m([22m[2m3 tests[22m[2m)[22m[32m 10[2mms[22m[39m
 [32m✓[39m app/lib/device-authorization.test.ts [2m([22m[2m11 tests[22m[2m)[22m[32m 25[2mms[22m[39m
 [32m✓[39m app/lib/benchmark-latency.test.ts [2m([22m[2m2 tests[22m[2m)[22m[32m 15[2mms[22m[39m
 [32m✓[39m app/lib/runtime-api.test.ts [2m([22m[2m40 tests[22m[2m)[22m[32m 191[2mms[22m[39m
 [32m✓[39m app/lib/view-models.test.ts [2m([22m[2m32 tests[22m[2m)[22m[32m 169[2mms[22m[39m
 [32m✓[39m app/lib/telemetry-analytics.test.ts [2m([22m[2m5 tests[22m[2m)[22m[32m 27[2mms[22m[39m
 [32m✓[39m app/lib/telemetry-route-models.test.ts [2m([22m[2m3 tests[22m[2m)[22m[32m 58[2mms[22m[39m
 [32m✓[39m app/components/telemetry-charts.test.tsx [2m([22m[2m2 tests[22m[2m)[22m[32m 128[2mms[22m[39m
 [31m❯[39m app/lib/design-system.test.ts [2m([22m[2m46 tests[22m[2m | [22m[31m1 failed[39m[2m)[22m[33m 587[2mms[22m[39m
   [32m✓[39m runtime design system[2m > [22mdefines navigation groups and layout templates for every runtime route[32m 16[2mms[22m[39m
   [32m✓[39m runtime design system[2m > [22muses analytics charts as the primary Observe entry point[32m 9[2mms[22m[39m
   [32m✓[39m runtime design system[2m > [22mkeeps the shell on the Apple baseline with explicit chart tokens[32m 7[2mms[22m[39m
   [32m✓[39m runtime design system[2m > [22mglobal shell chrome keeps legacy vendor ui out of the main runtime contract[32m 263[2mms[22m[39m
   [32m✓[39m runtime design system[2m > [22mstudio implementation targets render repo-owned workspace sections instead of placeholder blueprints[32m 38[2mms[22m[39m
   [32m✓[39m runtime design system[2m > [22mintegration and system implementation targets render live upstream and peer surfaces[32m 16[2mms[22m[39m
   [32m✓[39m runtime design system[2m > [22mrouter implementation targets render repo-owned routing explanation surfaces[32m 1[2mms[22m[39m
   [32m✓[39m runtime design system[2m > [22mrouter, connect registry, and remote surfaces expose alias/readiness ownership instead of generic filler[32m 2[2mms[22m[39m
   [32m✓[39m runtime design system[2m > [22mproviders surface exposes explicit in-place maintenance actions for saved remote accounts[32m 1[2mms[22m[39m
   [32m✓[39m runtime design system[2m > [22mproviders surface uses an explicit save-cancel modal for api-key maintenance[32m 1[2mms[22m[39m
   [32m✓[39m runtime design system[2m > [22mproviders surface keeps oauth reconnect as a one-click saved-account action[32m 1[2mms[22m[39m
   [32m✓[39m runtime design system[2m > [22mproviders maintenance flows call explicit repair APIs instead of generic account writes[32m 0[2mms[22m[39m
   [32m✓[39m runtime design system[2m > [22mproviders saved-account cards use canonical lifecycle rows and bounded archived diagnostics[32m 1[2mms[22m[39m
[31m   [31m×[31m runtime design system[2m > [22mruntime, session readiness, workbench, and advanced surfaces use canonical lifecycle diagnostics[39m[32m 117[2mms[22m[39m
[31m     → expected 'import { useEffect, useState } from "…' not to contain 'Related surfaces'[39m
   [32m✓[39m runtime design system[2m > [22mrouter routes preserve empty-state and observe-link affordances[32m 1[2mms[22m[39m
   [32m✓[39m runtime design system[2m > [22mmerged router overview stays observational while routing strategy owns editing controls[32m 2[2mms[22m[39m
   [32m✓[39m runtime design system[2m > [22mmeta-guidance panels stay removed from overview and observe routes[32m 1[2mms[22m[39m
   [32m✓[39m runtime design system[2m > [22mdesign system doc marks the converted pages as live routes[32m 4[2mms[22m[39m
   [32m✓[39m runtime design system[2m > [22mcontrol routes tolerate an unassigned controller before endpoint activation[32m 1[2mms[22m[39m
   [32m✓[39m runtime design system[2m > [22mapplies the Apple palette, SF Pro / Inter typography, and explicit theme contract in shared app chrome[32m 2[2mms[22m[39m
   [32m✓[39m runtime design system[2m > [22mshared panels and provider selectors are owned by Apple-theme primitives[32m 1[2mms[22m[39m
   [32m✓[39m runtime design system[2m > [22mrouter strategy execution mode uses the themed select primitive[32m 1[2mms[22m[39m
   [32m✓[39m runtime design system[2m > [22mproduction UI dropdowns use themed select primitives instead of native selects[32m 8[2mms[22m[39m
   [32m✓[39m runtime design system[2m > [22mshared route effects avoid action identity loops and peer refresh feedback[32m 1[2mms[22m[39m
   [32m✓[39m runtime design system[2m > [22mkeeps shared states calm: transparent status pills and no section divider chrome[32m 4[2mms[22m[39m
   [32m✓[39m runtime design system[2m > [22mremote, models, router, and system runtime config routes are first-class pages in the retained taxonomy[32m 42[2mms[22m[39m
   [32m✓[39m runtime design system[2m > [22mlocal setup surfaces stay discoverable from navigation and empty registry states[32m 2[2mms[22m[39m
   [32m✓[39m runtime design system[2m > [22mobserve and local log surfaces render structured ledgers rather than raw iframe placeholders[32m 2[2mms[22m[39m
   [32m✓[39m runtime design system[2m > [22mobserve ownership keeps requests canonical and raw-host surfaces adjacent[32m 1[2mms[22m[39m
   [32m✓[39m runtime design system[2m > [22mrequests and request detail stay telemetry-first while exposing raw-host handoffs[32m 1[2mms[22m[39m
   [32m✓[39m runtime design system[2m > [22mactivity route frames raw-host metrics as adjacent to canonical telemetry[32m 1[2mms[22m[39m
   [32m✓[39m runtime design system[2m > [22mlogs route exposes request-detail handoffs while preserving raw-host framing[32m 1[2mms[22m[39m
   [32m✓[39m runtime design system[2m > [22mregistry and system layouts avoid redundant KPI strips and placeholder note panels[32m 1[2mms[22m[39m
   [32m✓[39m runtime design system[2m > [22mdashboard is chart-led and keeps routing analytics as a first-class handoff[32m 0[2mms[22m[39m
   [32m✓[39m runtime design system[2m > [22moverview metadata and design doc describe a telemetry-first summary with an interaction rail[32m 1[2mms[22m[39m
   [32m✓[39m runtime design system[2m > [22mworkbench and observe routes expose routing controls and receipts in repo-owned UI surfaces[32m 1[2mms[22m[39m
   [32m✓[39m runtime design system[2m > [22mrequest detail route renders authoritative stored cost metadata[32m 1[2mms[22m[39m
   [32m✓[39m runtime design system[2m > [22mshell header owns route metadata and page actions without duplicate page headers[32m 3[2mms[22m[39m
   [32m✓[39m runtime design system[2m > [22mshell headers do not render section eyebrow labels[32m 1[2mms[22m[39m
   [32m✓[39m runtime design system[2m > [22mroutes do not register refresh controls as shell header actions[32m 1[2mms[22m[39m
   [32m✓[39m runtime design system[2m > [22mlong fact-card values use compact text roles instead of display value typography[32m 1[2mms[22m[39m
   [32m✓[39m runtime design system[2m > [22mproduction UI sources do not bypass Apple theme token primitives[32m 4[2mms[22m[39m
   [32m✓[39m runtime design system[2m > [22mproduction UI sources keep the approved Apple radius grammar[32m 1[2mms[22m[39m
   [32m✓[39m runtime design system[2m > [22mproduction UI sources avoid unsupported Apple typography weight 500[32m 1[2mms[22m[39m
   [32m✓[39m runtime design system[2m > [22mchart primitives use shared design-system geometry and type tokens[32m 2[2mms[22m[39m
   [32m✓[39m runtime design system[2m > [22mruntime route definitions stay slim and future scaffolds avoid duplicate header props[32m 4[2mms[22m[39m

⎯⎯⎯⎯⎯⎯⎯ Failed Tests 1 ⎯⎯⎯⎯⎯⎯⎯

 FAIL  app/lib/design-system.test.ts > runtime design system > runtime, session readiness, workbench, and advanced surfaces use canonical lifecycle diagnostics
AssertionError: expected 'import { useEffect, useState } from "…' not to contain 'Related surfaces'

- Expected
+ Received

- Related surfaces
+ import { useEffect, useState } from "react";
+ import { Link } from "react-router";
+
+ import {
+   EmptyState,
+   ErrorState,
+   FactCard,
+   LoadingState,
+   SectionCard,
+   StatusPill,
+ } from "../components/page-primitives";
+ import {
+   bodyStrongTextClassName,
+   listRowClassName,
+   mutedPanelClassName,
+   secondaryButtonClassName,
+ } from "../lib/design-system";
+ import {
+   type RuntimeHealthStatus,
+   type RuntimeSummary,
+   fetchHealthStatus,
+   fetchRuntimeSummary,
+ } from "../lib/runtime-api";
+ import { usePageActions } from "../lib/shell-header-context";
+ import {
+   buildAliasDriftRows,
+   buildArchivedArtifactRows,
+   buildCredentialLifecycleAccountRows,
+   buildCredentialLifecycleBanner,
+   buildCredentialReadinessRows,
+   buildInventorySummaryStats,
+   buildOperatorIntentSummary,
+   buildSessionBootstrapRows,
+   summarizeSessionBootstrapStatus,
+ } from "../lib/view-models";
+
+ export default function SessionReadinessRoute() {
+   const [summary, setSummary] = useState<RuntimeSummary | null>(null);
+   const [health, setHealth] = useState<RuntimeHealthStatus | null>(null);
+   const [error, setError] = useState<string | null>(null);
+
+   useEffect(() => {
+     void Promise.all([fetchRuntimeSummary(), fetchHealthStatus()])
+       .then(([nextSummary, nextHealth]) => {
+         setSummary(nextSummary);
+         setHealth(nextHealth);
+         setError(null);
+       })
+       .catch((value: unknown) =>
+         setError(value instanceof Error ? value.message : "Could not load session readiness."),
+       );
+   }, []);
+
+   usePageActions(
+     <>
+       <a className={secondaryButtonClassName} href="/healthz">
+         Health JSON
+       </a>
+       <a className={secondaryButtonClassName} href="/api/role-model/runtime/summary">
+         Runtime JSON
+       </a>
+     </>,
+     [],
+   );
+
+   if (error) {
+     return <ErrorState label={error} />;
+   }
+   if (!summary || !health) {
+     return <LoadingState label="Loading session readiness…" />;
+   }
+
+   const bootstrapStatus = summarizeSessionBootstrapStatus(summary);
+   const bootstrapRows = buildSessionBootstrapRows(summary);
+   const readinessRows = buildCredentialReadinessRows(summary).filter((row) => row.value > 0);
+   const lifecycleBanner = buildCredentialLifecycleBanner(summary);
+   const lifecycleAccountRows = buildCredentialLifecycleAccountRows(summary).filter(
+     (row) => row.blocking,
+   );
+   const archivedRows = buildArchivedArtifactRows(summary);
+   const inventoryStats = buildInventorySummaryStats(summary);
+   const driftRows = buildAliasDriftRows(summary);
+   const operatorIntentSummary = buildOperatorIntentSummary(summary);
+
+   return (
+     <div className="space-y-6">
+       <div className="grid gap-4 md:grid-cols-2 xl:grid-cols-5">
+         <FactCard
+           label="Bootstrap status"
+           value={bootstrapStatus?.label ?? "Unavailable"}
+           emphasis
+         />
+         <FactCard label="Host health" value={health.status} />
+         <FactCard
+           label="Lifecycle authority"
+           value={lifecycleBanner?.authorityLabel ?? "Unavailable"}
+           valueClassName={bodyStrongTextClassName}
+         />
+         <FactCard
+           label="Execution mode"
+           value={summary.executionMode ?? "unknown"}
+           valueClassName={bodyStrongTextClassName}
+         />
+         <FactCard
+           label="Routable endpoints"
+           value={String(summary.inventorySummary?.endpointIdCount ?? summary.endpointCount)}
+         />
+       </div>
+
+       <SectionCard title="Session bootstrap">
+         <div className="mb-4 flex flex-wrap items-center gap-3">
+           {bootstrapStatus ? (
+             <StatusPill tone={bootstrapStatus.tone}>{bootstrapStatus.label}</StatusPill>
+           ) : (
+             <StatusPill tone="neutral">Bootstrap receipts unavailable</StatusPill>
+           )}
+           {summary.sessionBootstrap?.startedAt ? (
+             <p className="text-sm text-[var(--rm-secondary)]">
+               Started {summary.sessionBootstrap.startedAt}
+               {summary.sessionBootstrap.finishedAt
+                 ? ` • Finished ${summary.sessionBootstrap.finishedAt}`
+                 : ""}
+             </p>
+           ) : null}
+         </div>
+         {bootstrapRows.length === 0 ? (
+           <EmptyState label="Bootstrap stages have not been recorded yet." />
+         ) : (
+           <div className="space-y-3">
+             {bootstrapRows.map((row) => (
+               <div key={row.stageId} className={listRowClassName}>
+                 <div>
+                   <div className="flex flex-wrap items-center gap-2">
+                     <p className="font-semibold text-[var(--rm-fg)]">{row.label}</p>
+                     <StatusPill tone={row.tone}>{row.status}</StatusPill>
+                   </div>
+                   {row.message ? (
+                     <p className="mt-2 text-sm text-[var(--rm-secondary)]">{row.message}</p>
+                   ) : null}
+                 </div>
+                 <p className="text-sm text-[var(--rm-secondary)]">{row.stageId}</p>
+               </div>
+             ))}
+           </div>
+         )}
+       </SectionCard>
+
+       <SectionCard title="Credential readiness">
+         <div className="flex flex-wrap gap-3">
+           {readinessRows.length === 0 ? (
+             <StatusPill tone="neutral">No credential blockers reported</StatusPill>
+           ) : (
+             readinessRows.map((row) => (
+               <StatusPill key={row.key} tone={row.tone}>
+                 {row.label} {row.value}
+               </StatusPill>
+             ))
+           )}
+         </div>
+       </SectionCard>
+
+       <SectionCard title="Canonical lifecycle">
+         <div className="mb-4 flex flex-wrap items-center gap-3">
+           {lifecycleBanner ? (
+             <>
+               <StatusPill tone={lifecycleBanner.authorityTone}>
+                 {lifecycleBanner.authorityLabel}
+               </StatusPill>
+               {lifecycleBanner.archivedStaleCount > 0 ? (
+                 <StatusPill tone="neutral">
+                   Archived stale {lifecycleBanner.archivedStaleCount}
+                 </StatusPill>
+               ) : null}
+             </>
+           ) : (
+             <StatusPill tone="neutral">Lifecycle contract unavailable</StatusPill>
+           )}
+         </div>
+         {lifecycleBanner ? (
+           <p className="mb-4 text-sm text-[var(--rm-secondary)]">{lifecycleBanner.detail}</p>
+         ) : null}
+         {lifecycleAccountRows.length === 0 ? (
+           <EmptyState label="No blocking account lifecycle rows." />
+         ) : (
+           <div className="space-y-3">
+             {lifecycleAccountRows.map((row) => (
+               <div key={row.key} className={listRowClassName}>
+                 <div>
+                   <div className="flex flex-wrap items-center gap-2">
+                     <p className="font-semibold text-[var(--rm-fg)]">{row.providerAccountId}</p>
+                     <StatusPill tone={row.tone}>{row.lifecycleLabel}</StatusPill>
+                   </div>
+                   <p className="mt-2 text-sm text-[var(--rm-secondary)]">
+                     {row.reasonLabel} • Actions: {row.availableActionsLabel}
+                   </p>
+                 </div>
+                 <div className="text-right text-sm text-[var(--rm-secondary)]">
+                   <p>{row.providerId}</p>
+                   <p>{row.activeEndpointCount} active endpoints</p>
+                 </div>
+               </div>
+             ))}
+           </div>
+         )}
+       </SectionCard>
+
+       <SectionCard title="Archived stale diagnostics">
+         {archivedRows.length === 0 ? (
+           <EmptyState label="No archived stale lifecycle artifacts." />
+         ) : (
+           <div className="space-y-3">
+             {archivedRows.map((row) => (
+               <div
+                 key={row.key}
+                 className={`${mutedPanelClassName} p-4 text-sm text-[var(--rm-secondary)]`}
+               >
+                 <p className="font-semibold text-[var(--rm-fg)]">{row.label}</p>
+                 <p className="mt-2">{row.providerAccountId}</p>
+                 <p className="mt-1">{row.detail}</p>
+               </div>
+             ))}
+           </div>
+         )}
+       </SectionCard>
+
+       <SectionCard title="Operator intent manifest">
+         {operatorIntentSummary ? (
+           <div className={`${mutedPanelClassName} p-4`}>
+             <div className="flex flex-wrap items-center gap-2">
+               <p className="font-semibold text-[var(--rm-fg)]">{operatorIntentSummary.label}</p>
+               <StatusPill tone={operatorIntentSummary.tone}>
+                 {summary.operatorIntent?.status ?? "unknown"}
+               </StatusPill>
+             </div>
+             <p className="mt-2 text-sm text-[var(--rm-secondary)]">
+               {operatorIntentSummary.detail}
+             </p>
+             {summary.operatorIntent?.path ? (
+               <p className="mt-2 text-xs text-[var(--rm-muted)]">{summary.operatorIntent.path}</p>
+             ) : null}
+           </div>
+         ) : (
+           <EmptyState label="Operator-intent diagnostics are not available yet." />
+         )}
+       </SectionCard>
+
+       <SectionCard title="Routable inventory">
+         {inventoryStats.length === 0 ? (
+           <EmptyState label="Inventory summary is not available yet." />
+         ) : (
+           <div className="grid gap-3 md:grid-cols-2">
+             {inventoryStats.map((stat) => (
+               <div key={stat.label} className={`${mutedPanelClassName} p-4`}>
+                 <p className="text-xs font-normal uppercase tracking-[0.2em] text-[var(--rm-muted)]">
+                   {stat.label}
+                 </p>
+                 <p className="mt-2 text-sm font-semibold text-[var(--rm-fg)]">{stat.value}</p>
+               </div>
+             ))}
+           </div>
+         )}
+       </SectionCard>
+
+       <SectionCard title="Alias drift warnings">
+         {driftRows.length === 0 ? (
+           <EmptyState label="No alias hint drift warnings." />
+         ) : (
+           <div className="space-y-3">
+             {driftRows.map((row) => (
+               <div
+                 key={`${row.aliasId}:${row.hintModelId}`}
+                 className={`${mutedPanelClassName} p-4 text-sm text-[var(--rm-secondary)]`}
+               >
+                 <p className="font-semibold text-[var(--rm-fg)]">
+                   {row.aliasId} • hint {row.hintModelId}
+                 </p>
+                 <p className="mt-2">{row.message}</p>
+                 {row.suggestedModelIds.length > 0 ? (
+                   <p className="mt-2 break-all">
+                     Suggested live ids: {row.suggestedModelIds.join(", ")}
+                   </p>
+                 ) : null}
+               </div>
+             ))}
+           </div>
+         )}
+       </SectionCard>
+
+       <SectionCard title="Related surfaces">
+         <div className="grid gap-3 md:grid-cols-2">
+           <Link
+             className={`${mutedPanelClassName} p-4 text-sm text-[var(--rm-secondary)]`}
+             to="/app/system/runtime"
+           >
+             <span className="block font-semibold text-[var(--rm-fg)]">Runtime topology</span>
+             Lifecycle, controller posture, and preserved host diagnostics
+           </Link>
+           <Link
+             className={`${mutedPanelClassName} p-4 text-sm text-[var(--rm-secondary)]`}
+             to="/app/remote/providers"
+           >
+             <span className="block font-semibold text-[var(--rm-fg)]">Remote providers</span>
+             OAuth, credentials, and remote endpoint activation
+           </Link>
+         </div>
+       </SectionCard>
+     </div>
+   );
+ }
+

 ❯ app/lib/design-system.test.ts:731:45
    729|     expect(sessionReadinessRouteSource).toContain("buildArchivedArtifa…
    730|     expect(sessionReadinessRouteSource).toContain("Archived stale diag…
    731|     expect(sessionReadinessRouteSource).not.toContain("Related surface…
       |                                             ^
    732|     expect(sessionReadinessRouteSource).not.toContain("Runtime topolog…
    733|     expect(sessionReadinessRouteSource).not.toContain("Remote provider…

⎯⎯⎯⎯⎯⎯⎯⎯⎯⎯⎯⎯⎯⎯⎯⎯⎯⎯⎯⎯⎯⎯⎯⎯[1/1]⎯


[2m Test Files [22m [1m[31m1 failed[39m[22m[2m | [22m[1m[32m10 passed[39m[22m[90m (11)[39m
[2m      Tests [22m [1m[31m1 failed[39m[22m[2m | [22m[1m[32m149 passed[39m[22m[90m (150)[39m
[2m   Start at [22m 20:55:50
[2m   Duration [22m 7.29s[2m (transform 6.13s, setup 0ms, collect 15.65s, tests 1.24s, environment 7ms, prepare 12.40s)[22m

D:\DEV\role-model\.worktrees\49-runtime-telemetry-analytics-charts\role-model-router\apps\runtime-ui:
 ERR_PNPM_RECURSIVE_RUN_FIRST_FAIL  @role-model-router/runtime-ui@ test: `vitest run app/lib/runtime-api.test.ts app/lib/view-models.test.ts app/lib/device-authorization.test.ts app/lib/design-system.test.ts app/lib/provider-account-state.test.ts app/lib/router-candidate-labels.test.ts app/lib/benchmark-latency.test.ts app/lib/benchmark-model-cards.test.ts app/lib/telemetry-analytics.test.ts app/lib/telemetry-route-models.test.ts app/components/telemetry-charts.test.tsx "--" "app/lib/design-system.test.ts"`
Exit status 1
