
> @role-model-router/runtime-ui@ test D:\DEV\role-model\.worktrees\49-runtime-telemetry-analytics-charts\role-model-router\apps\runtime-ui
> vitest run app/lib/runtime-api.test.ts app/lib/view-models.test.ts app/lib/device-authorization.test.ts app/lib/design-system.test.ts app/lib/provider-account-state.test.ts app/lib/router-candidate-labels.test.ts app/lib/benchmark-latency.test.ts app/lib/benchmark-model-cards.test.ts app/lib/telemetry-analytics.test.ts app/lib/telemetry-route-models.test.ts app/components/telemetry-charts.test.tsx "--" "app/lib/design-system.test.ts" "--runInBand"


[1m[46m RUN [49m[22m [36mv3.2.4 [39m[90mD:/DEV/role-model/.worktrees/49-runtime-telemetry-analytics-charts/role-model-router/apps/runtime-ui[39m

 [32m✓[39m app/lib/benchmark-latency.test.ts [2m([22m[2m2 tests[22m[2m)[22m[32m 8[2mms[22m[39m
 [32m✓[39m app/lib/provider-account-state.test.ts [2m([22m[2m2 tests[22m[2m)[22m[32m 9[2mms[22m[39m
 [32m✓[39m app/lib/benchmark-model-cards.test.ts [2m([22m[2m4 tests[22m[2m)[22m[32m 10[2mms[22m[39m
 [32m✓[39m app/lib/router-candidate-labels.test.ts [2m([22m[2m3 tests[22m[2m)[22m[32m 8[2mms[22m[39m
 [32m✓[39m app/lib/device-authorization.test.ts [2m([22m[2m11 tests[22m[2m)[22m[32m 17[2mms[22m[39m
 [32m✓[39m app/lib/runtime-api.test.ts [2m([22m[2m40 tests[22m[2m)[22m[32m 144[2mms[22m[39m
 [32m✓[39m app/lib/view-models.test.ts [2m([22m[2m32 tests[22m[2m)[22m[32m 162[2mms[22m[39m
 [32m✓[39m app/lib/telemetry-route-models.test.ts [2m([22m[2m3 tests[22m[2m)[22m[32m 13[2mms[22m[39m
 [32m✓[39m app/lib/telemetry-analytics.test.ts [2m([22m[2m5 tests[22m[2m)[22m[32m 15[2mms[22m[39m
 [32m✓[39m app/components/telemetry-charts.test.tsx [2m([22m[2m2 tests[22m[2m)[22m[32m 34[2mms[22m[39m
 [31m❯[39m app/lib/design-system.test.ts [2m([22m[2m44 tests[22m[2m | [22m[31m1 failed[39m[2m)[22m[32m 170[2mms[22m[39m
   [32m✓[39m runtime design system[2m > [22mdefines navigation groups and layout templates for every runtime route[32m 9[2mms[22m[39m
   [32m✓[39m runtime design system[2m > [22muses analytics charts as the primary Observe entry point[32m 2[2mms[22m[39m
   [32m✓[39m runtime design system[2m > [22mkeeps the shell on the Apple baseline with explicit chart tokens[32m 1[2mms[22m[39m
   [32m✓[39m runtime design system[2m > [22mglobal shell chrome keeps legacy vendor ui out of the main runtime contract[32m 73[2mms[22m[39m
   [32m✓[39m runtime design system[2m > [22mstudio implementation targets render repo-owned workspace sections instead of placeholder blueprints[32m 15[2mms[22m[39m
   [32m✓[39m runtime design system[2m > [22mintegration and system implementation targets render live upstream and peer surfaces[32m 8[2mms[22m[39m
   [32m✓[39m runtime design system[2m > [22mrouter implementation targets render repo-owned routing explanation surfaces[32m 0[2mms[22m[39m
   [32m✓[39m runtime design system[2m > [22mrouter, connect registry, and remote surfaces expose alias/readiness ownership instead of generic filler[32m 1[2mms[22m[39m
   [32m✓[39m runtime design system[2m > [22mproviders surface exposes explicit in-place maintenance actions for saved remote accounts[32m 0[2mms[22m[39m
   [32m✓[39m runtime design system[2m > [22mproviders surface uses an explicit save-cancel modal for api-key maintenance[32m 0[2mms[22m[39m
   [32m✓[39m runtime design system[2m > [22mproviders surface keeps oauth reconnect as a one-click saved-account action[32m 0[2mms[22m[39m
   [32m✓[39m runtime design system[2m > [22mproviders maintenance flows call explicit repair APIs instead of generic account writes[32m 0[2mms[22m[39m
   [32m✓[39m runtime design system[2m > [22mproviders saved-account cards use canonical lifecycle rows and bounded archived diagnostics[32m 0[2mms[22m[39m
   [32m✓[39m runtime design system[2m > [22mruntime, session readiness, workbench, and advanced surfaces use canonical lifecycle diagnostics[32m 0[2mms[22m[39m
   [32m✓[39m runtime design system[2m > [22mrouter routes preserve empty-state and observe-link affordances[32m 0[2mms[22m[39m
   [32m✓[39m runtime design system[2m > [22mmerged router overview stays observational while routing strategy owns editing controls[32m 1[2mms[22m[39m
   [32m✓[39m runtime design system[2m > [22mmeta-guidance panels stay removed from overview and observe routes[32m 1[2mms[22m[39m
   [32m✓[39m runtime design system[2m > [22mdesign system doc marks the converted pages as live routes[32m 1[2mms[22m[39m
   [32m✓[39m runtime design system[2m > [22mcontrol routes tolerate an unassigned controller before endpoint activation[32m 0[2mms[22m[39m
   [32m✓[39m runtime design system[2m > [22mapplies the Apple palette, SF Pro / Inter typography, and explicit theme contract in shared app chrome[32m 1[2mms[22m[39m
   [32m✓[39m runtime design system[2m > [22mshared panels and provider selectors are owned by Apple-theme primitives[32m 1[2mms[22m[39m
   [32m✓[39m runtime design system[2m > [22mshared route effects avoid action identity loops and peer refresh feedback[32m 0[2mms[22m[39m
   [32m✓[39m runtime design system[2m > [22mkeeps shared states calm: transparent status pills and no section divider chrome[32m 0[2mms[22m[39m
   [32m✓[39m runtime design system[2m > [22mremote, models, router, and system runtime config routes are first-class pages in the retained taxonomy[32m 9[2mms[22m[39m
   [32m✓[39m runtime design system[2m > [22mlocal setup surfaces stay discoverable from navigation and empty registry states[32m 0[2mms[22m[39m
   [32m✓[39m runtime design system[2m > [22mobserve and local log surfaces render structured ledgers rather than raw iframe placeholders[32m 0[2mms[22m[39m
   [32m✓[39m runtime design system[2m > [22mobserve ownership keeps requests canonical and raw-host surfaces adjacent[32m 0[2mms[22m[39m
   [32m✓[39m runtime design system[2m > [22mrequests and request detail stay telemetry-first while exposing raw-host handoffs[32m 0[2mms[22m[39m
   [32m✓[39m runtime design system[2m > [22mactivity route frames raw-host metrics as adjacent to canonical telemetry[32m 0[2mms[22m[39m
   [32m✓[39m runtime design system[2m > [22mlogs route exposes request-detail handoffs while preserving raw-host framing[32m 0[2mms[22m[39m
   [32m✓[39m runtime design system[2m > [22mregistry and system layouts avoid redundant KPI strips and placeholder note panels[32m 1[2mms[22m[39m
   [32m✓[39m runtime design system[2m > [22mdashboard is chart-led and keeps routing analytics as a first-class handoff[32m 0[2mms[22m[39m
[31m   [31m×[31m runtime design system[2m > [22moverview metadata and design doc describe a telemetry-first summary with an interaction rail[39m[32m 28[2mms[22m[39m
[31m     → expected 'import { useEffect, useMemo, useState…' to contain 'usePageActions'[39m
   [32m✓[39m runtime design system[2m > [22mworkbench and observe routes expose routing controls and receipts in repo-owned UI surfaces[32m 0[2mms[22m[39m
   [32m✓[39m runtime design system[2m > [22mrequest detail route renders authoritative stored cost metadata[32m 1[2mms[22m[39m
   [32m✓[39m runtime design system[2m > [22mshell header owns route metadata and page actions without duplicate page headers[32m 2[2mms[22m[39m
   [32m✓[39m runtime design system[2m > [22mshell headers do not render section eyebrow labels[32m 0[2mms[22m[39m
   [32m✓[39m runtime design system[2m > [22mroutes do not register refresh controls as shell header actions[32m 0[2mms[22m[39m
   [32m✓[39m runtime design system[2m > [22mlong fact-card values use compact text roles instead of display value typography[32m 0[2mms[22m[39m
   [32m✓[39m runtime design system[2m > [22mproduction UI sources do not bypass Apple theme token primitives[32m 3[2mms[22m[39m
   [32m✓[39m runtime design system[2m > [22mproduction UI sources keep the approved Apple radius grammar[32m 1[2mms[22m[39m
   [32m✓[39m runtime design system[2m > [22mproduction UI sources avoid unsupported Apple typography weight 500[32m 0[2mms[22m[39m
   [32m✓[39m runtime design system[2m > [22mchart primitives use shared design-system geometry and type tokens[32m 0[2mms[22m[39m
   [32m✓[39m runtime design system[2m > [22mruntime route definitions stay slim and future scaffolds avoid duplicate header props[32m 1[2mms[22m[39m

⎯⎯⎯⎯⎯⎯⎯ Failed Tests 1 ⎯⎯⎯⎯⎯⎯⎯

 FAIL  app/lib/design-system.test.ts > runtime design system > overview metadata and design doc describe a telemetry-first summary with an interaction rail
AssertionError: expected 'import { useEffect, useMemo, useState…' to contain 'usePageActions'

- Expected
+ Received

- usePageActions
+ import { useEffect, useMemo, useState } from "react";
+ import { Link } from "react-router";
+
+ import {
+   EmptyState,
+   ErrorState,
+   LoadingState,
+   SectionCard,
+   StatusPill,
+ } from "../components/page-primitives";
+ import {
+   TelemetryAnalyticsChartCard,
+ } from "../components/telemetry-charts";
+ import {
+   TelemetrySelectField,
+   TelemetryTimeRangeControl,
+ } from "../components/telemetry-controls";
+ import { listRowClassName, mutedPanelClassName, secondaryButtonClassName } from "../lib/design-system";
+ import type {
+   RuntimeSnapshot,
+   RuntimeTelemetryAnalyticsDimension,
+   RuntimeTelemetryAnalyticsResponse,
+   RuntimeTelemetryRequestRecord,
+ } from "../lib/runtime-api";
+ import {
+   fetchRuntimeSnapshot,
+   fetchTelemetryAnalytics,
+   fetchTelemetryRequests,
+   subscribeTelemetryStream,
+ } from "../lib/runtime-api";
+ import {
+   type TelemetryRouteChartDefinition,
+   type TelemetryTimeRangeValue,
+   buildOverviewChartDefinitions,
+ } from "../lib/telemetry-route-models";
+ import { telemetryTimeRangeOptions } from "../lib/telemetry-chart-config";
+ import {
+   buildDashboardLatestRequestRows,
+   buildEndpointCatalogRows,
+ } from "../lib/view-models";
+
+ const overviewBreakdownOptions: Array<{
+   label: string;
+   value: "" | RuntimeTelemetryAnalyticsDimension;
+ }> = [
+   { label: "Total", value: "" },
+   { label: "By source", value: "sourceType" },
+   { label: "By endpoint", value: "endpointId" },
+   { label: "By model", value: "modelId" },
+   { label: "By provider", value: "providerId" },
+ ];
+
+ function getWindowMs(timeRange: TelemetryTimeRangeValue): number {
+   return telemetryTimeRangeOptions.find((option) => option.value === timeRange)?.windowMs ?? 0;
+ }
+
+ type OverviewChartRecord = {
+   readonly definition: TelemetryRouteChartDefinition;
+   readonly response: RuntimeTelemetryAnalyticsResponse;
+ };
+
+ export default function DashboardRoute() {
+   const [snapshot, setSnapshot] = useState<RuntimeSnapshot | null>(null);
+   const [requests, setRequests] = useState<readonly RuntimeTelemetryRequestRecord[]>([]);
+   const [charts, setCharts] = useState<readonly OverviewChartRecord[]>([]);
+   const [timeRange, setTimeRange] = useState<TelemetryTimeRangeValue>("week");
+   const [breakdownValue, setBreakdownValue] = useState<"" | RuntimeTelemetryAnalyticsDimension>("");
+   const [sourceFilter, setSourceFilter] = useState<"all" | "local" | "remote">("all");
+   const [error, setError] = useState<string | null>(null);
+   const [loading, setLoading] = useState(true);
+   const [refreshing, setRefreshing] = useState(false);
+
+   const sourceTypes = sourceFilter === "all" ? [] : ([sourceFilter] as const);
+   const breakdown = breakdownValue === "" ? null : breakdownValue;
+
+   useEffect(() => {
+     let disposed = false;
+
+     const load = async (background = false) => {
+       const hasExisting = snapshot !== null || charts.length > 0 || requests.length > 0;
+       if (!background && !hasExisting) {
+         setLoading(true);
+       } else {
+         setRefreshing(true);
+       }
+
+       try {
+         const definitions = buildOverviewChartDefinitions({
+           timeRange,
+           sourceTypes,
+           breakdown,
+         });
+         const [nextSnapshot, nextRequests, ...responses] = await Promise.all([
+           fetchRuntimeSnapshot(),
+           fetchTelemetryRequests({
+             limit: 60,
+             windowMs: getWindowMs(timeRange),
+           }),
+           ...definitions.map((definition) => fetchTelemetryAnalytics(definition.query)),
+         ]);
+
+         if (disposed) {
+           return;
+         }
+
+         setSnapshot(nextSnapshot);
+         setRequests(nextRequests);
+         setCharts(
+           definitions.map((definition, index) => ({
+             definition,
+             response: responses[index] as RuntimeTelemetryAnalyticsResponse,
+           })),
+         );
+         setError(null);
+       } catch (value) {
+         if (!disposed) {
+           setError(value instanceof Error ? value.message : "Could not load runtime overview.");
+         }
+       } finally {
+         if (!disposed) {
+           setLoading(false);
+           setRefreshing(false);
+         }
+       }
+     };
+
+     void load();
+     const unsubscribe = subscribeTelemetryStream(() => {
+       void load(true);
+     });
+
+     return () => {
+       disposed = true;
+       unsubscribe();
+     };
+   }, [breakdown, sourceFilter, timeRange]);
+
+   const endpointRows = useMemo(
+     () =>
+       snapshot
+         ? buildEndpointCatalogRows(snapshot.endpoints).filter((row) =>
+             sourceFilter === "all"
+               ? true
+               : sourceFilter === "local"
+                 ? row.sourceLabel === "Local"
+                 : row.sourceLabel === "Remote",
+           )
+         : [],
+     [snapshot, sourceFilter],
+   );
+   const requestRows = useMemo(() => buildDashboardLatestRequestRows(requests), [requests]);
+
+   if (error) {
+     return <ErrorState label={error} />;
+   }
+   if (loading && !snapshot && charts.length === 0) {
+     return <LoadingState label="Loading runtime overview…" />;
+   }
+
+   return (
+     <div className="space-y-6">
+       <SectionCard
+         title="Telemetry controls"
+         description="Adjust the recent historical slice for the runtime overview charts without leaving the operator shell."
+       >
+         <div className="grid gap-4 xl:grid-cols-[minmax(0,1fr)_220px_220px] xl:items-end">
+           <TelemetryTimeRangeControl onChange={setTimeRange} value={timeRange} />
+           <TelemetrySelectField
+             label="Breakdown"
+             onChange={(value) => setBreakdownValue(value as "" | RuntimeTelemetryAnalyticsDimension)}
+             options={overviewBreakdownOptions}
+             value={breakdownValue}
+           />
+           <TelemetrySelectField
+             label="Source filter"
+             onChange={(value) => setSourceFilter(value as "all" | "local" | "remote")}
+             options={[
+               { label: "All sources", value: "all" },
+               { label: "Local only", value: "local" },
+               { label: "Remote only", value: "remote" },
+             ]}
+             value={sourceFilter}
+           />
+         </div>
+       </SectionCard>
+
+       <div className="grid grid-cols-12 gap-4">
+         {charts.map((chart) => (
+           <div key={chart.definition.title} className={chart.definition.className ?? "col-span-12"}>
+             <TelemetryAnalyticsChartCard
+               definition={chart.definition}
+               refreshing={refreshing}
+               response={chart.response}
+             />
+           </div>
+         ))}
+       </div>
+
+       <div className="grid grid-cols-12 gap-4">
+         <SectionCard className="col-span-12 xl:col-span-8" title="Current endpoint inventory">
+           {endpointRows.length === 0 ? (
+             <EmptyState label="No routable endpoints are available for the current source filter." />
+           ) : (
+             <div className="space-y-3">
+               {endpointRows.map((row) => (
+                 <div key={row.endpointId} className={`${listRowClassName} md:items-center`}>
+                   <div>
+                     <div className="flex flex-wrap items-center gap-2">
+                       <p className="font-semibold text-[var(--rm-fg)]">{row.modelId}</p>
+                       <StatusPill tone={row.sourceLabel === "Remote" ? "accent" : "neutral"}>
+                         {row.sourceLabel}
+                       </StatusPill>
+                       <StatusPill
+                         tone={
+                           row.healthStatus === "healthy" || row.status === "active"
+                             ? "success"
+                             : "warning"
+                         }
+                       >
+                         {row.healthStatus}
+                       </StatusPill>
+                     </div>
+                     <p className="text-sm text-[var(--rm-secondary)]">{row.endpointId}</p>
+                     <p className="mt-2 text-sm text-[var(--rm-secondary)]">
+                       {row.providerLabel} • {row.endpointKind} • {row.servingSource}
+                     </p>
+                   </div>
+                   <p className="text-right text-sm text-[var(--rm-secondary)]">{row.status}</p>
+                 </div>
+               ))}
+             </div>
+           )}
+         </SectionCard>
+
+         <div className="col-span-12 space-y-4 xl:col-span-4">
+           <SectionCard title="Latest requests">
+             {requestRows.length === 0 ? (
+               <EmptyState label="No recent requests exist for the selected historical window." />
+             ) : (
+               <div className="space-y-2">
+                 {requestRows.map((request) => (
+                   <div
+                     key={request.requestId}
+                     className={`${mutedPanelClassName} flex flex-col gap-2 p-3 text-sm`}
+                   >
+                     <span className="font-semibold text-[var(--rm-fg)]">{request.primaryLabel}</span>
+                     {request.secondaryLabel ? (
+                       <span className="text-[var(--rm-secondary)]">{request.secondaryLabel}</span>
+                     ) : null}
+                     <span className="text-[var(--rm-secondary)]">{request.endpointLabel}</span>
+                     <span className="text-[var(--rm-secondary)]">
+                       {request.statusLabel} • {request.latencyLabel} • {request.tokenLabel}
+                     </span>
+                   </div>
+                 ))}
+               </div>
+             )}
+             <div className="mt-4 flex flex-wrap gap-3">
+               <Link className={secondaryButtonClassName} to="/app/observe/requests">
+                 Open request analytics
+               </Link>
+               <Link className={secondaryButtonClassName} to="/app/observe/routing">
+                 Open routing analytics
+               </Link>
+             </div>
+           </SectionCard>
+         </div>
+       </div>
+     </div>
+   );
+ }
+

 ❯ app/lib/design-system.test.ts:933:34
    931|     expect(dashboardRouteSource).not.toContain('label: "Providers"');
    932|     expect(dashboardRouteSource).not.toContain('label: "Execution-read…
    933|     expect(dashboardRouteSource).toContain("usePageActions");
       |                                  ^
    934|     expect(dashboardRouteSource).not.toContain('title="Telemetry contr…
    935|     expect(dashboardRouteSource).toContain("request.primaryLabel");

⎯⎯⎯⎯⎯⎯⎯⎯⎯⎯⎯⎯⎯⎯⎯⎯⎯⎯⎯⎯⎯⎯⎯⎯[1/1]⎯


[2m Test Files [22m [1m[31m1 failed[39m[22m[2m | [22m[1m[32m10 passed[39m[22m[90m (11)[39m
[2m      Tests [22m [1m[31m1 failed[39m[22m[2m | [22m[1m[32m147 passed[39m[22m[90m (148)[39m
[2m   Start at [22m 20:10:07
[2m   Duration [22m 3.77s[2m (transform 3.84s, setup 0ms, collect 9.37s, tests 589ms, environment 5ms, prepare 5.65s)[22m

D:\DEV\role-model\.worktrees\49-runtime-telemetry-analytics-charts\role-model-router\apps\runtime-ui:
 ERR_PNPM_RECURSIVE_RUN_FIRST_FAIL  @role-model-router/runtime-ui@ test: `vitest run app/lib/runtime-api.test.ts app/lib/view-models.test.ts app/lib/device-authorization.test.ts app/lib/design-system.test.ts app/lib/provider-account-state.test.ts app/lib/router-candidate-labels.test.ts app/lib/benchmark-latency.test.ts app/lib/benchmark-model-cards.test.ts app/lib/telemetry-analytics.test.ts app/lib/telemetry-route-models.test.ts app/components/telemetry-charts.test.tsx "--" "app/lib/design-system.test.ts" "--runInBand"`
Exit status 1
