
> @role-model-router/runtime-ui@ test D:\DEV\role-model\.worktrees\49-runtime-telemetry-analytics-charts\role-model-router\apps\runtime-ui
> vitest run app/lib/runtime-api.test.ts app/lib/view-models.test.ts app/lib/device-authorization.test.ts app/lib/design-system.test.ts app/lib/provider-account-state.test.ts app/lib/router-candidate-labels.test.ts app/lib/benchmark-latency.test.ts app/lib/benchmark-model-cards.test.ts app/lib/telemetry-analytics.test.ts app/lib/telemetry-route-models.test.ts app/components/telemetry-charts.test.tsx "--" "app/lib/design-system.test.ts" "--runInBand"


[1m[46m RUN [49m[22m [36mv3.2.4 [39m[90mD:/DEV/role-model/.worktrees/49-runtime-telemetry-analytics-charts/role-model-router/apps/runtime-ui[39m

 [32m✓[39m app/lib/provider-account-state.test.ts [2m([22m[2m2 tests[22m[2m)[22m[32m 8[2mms[22m[39m
 [32m✓[39m app/lib/benchmark-latency.test.ts [2m([22m[2m2 tests[22m[2m)[22m[32m 8[2mms[22m[39m
 [32m✓[39m app/lib/benchmark-model-cards.test.ts [2m([22m[2m4 tests[22m[2m)[22m[32m 10[2mms[22m[39m
 [32m✓[39m app/lib/router-candidate-labels.test.ts [2m([22m[2m3 tests[22m[2m)[22m[32m 7[2mms[22m[39m
 [32m✓[39m app/lib/device-authorization.test.ts [2m([22m[2m11 tests[22m[2m)[22m[32m 17[2mms[22m[39m
 [32m✓[39m app/lib/runtime-api.test.ts [2m([22m[2m40 tests[22m[2m)[22m[32m 106[2mms[22m[39m
 [32m✓[39m app/lib/telemetry-route-models.test.ts [2m([22m[2m3 tests[22m[2m)[22m[32m 12[2mms[22m[39m
 [32m✓[39m app/lib/telemetry-analytics.test.ts [2m([22m[2m5 tests[22m[2m)[22m[32m 15[2mms[22m[39m
 [32m✓[39m app/lib/view-models.test.ts [2m([22m[2m32 tests[22m[2m)[22m[32m 107[2mms[22m[39m
 [32m✓[39m app/components/telemetry-charts.test.tsx [2m([22m[2m2 tests[22m[2m)[22m[32m 39[2mms[22m[39m
 [31m❯[39m app/lib/design-system.test.ts [2m([22m[2m46 tests[22m[2m | [22m[31m1 failed[39m[2m)[22m[32m 187[2mms[22m[39m
   [32m✓[39m runtime design system[2m > [22mdefines navigation groups and layout templates for every runtime route[32m 6[2mms[22m[39m
   [32m✓[39m runtime design system[2m > [22muses analytics charts as the primary Observe entry point[32m 2[2mms[22m[39m
   [32m✓[39m runtime design system[2m > [22mkeeps the shell on the Apple baseline with explicit chart tokens[32m 1[2mms[22m[39m
   [32m✓[39m runtime design system[2m > [22mglobal shell chrome keeps legacy vendor ui out of the main runtime contract[32m 72[2mms[22m[39m
   [32m✓[39m runtime design system[2m > [22mstudio implementation targets render repo-owned workspace sections instead of placeholder blueprints[32m 22[2mms[22m[39m
   [32m✓[39m runtime design system[2m > [22mintegration and system implementation targets render live upstream and peer surfaces[32m 12[2mms[22m[39m
   [32m✓[39m runtime design system[2m > [22mrouter implementation targets render repo-owned routing explanation surfaces[32m 0[2mms[22m[39m
[31m   [31m×[31m runtime design system[2m > [22mrouter, connect registry, and remote surfaces expose alias/readiness ownership instead of generic filler[39m[32m 27[2mms[22m[39m
[31m     → expected 'import { useEffect, useMemo, useState…' to contain 'Runtime connections'[39m
   [32m✓[39m runtime design system[2m > [22mproviders surface exposes explicit in-place maintenance actions for saved remote accounts[32m 0[2mms[22m[39m
   [32m✓[39m runtime design system[2m > [22mproviders surface uses an explicit save-cancel modal for api-key maintenance[32m 0[2mms[22m[39m
   [32m✓[39m runtime design system[2m > [22mproviders surface keeps oauth reconnect as a one-click saved-account action[32m 0[2mms[22m[39m
   [32m✓[39m runtime design system[2m > [22mproviders maintenance flows call explicit repair APIs instead of generic account writes[32m 0[2mms[22m[39m
   [32m✓[39m runtime design system[2m > [22mproviders saved-account cards use canonical lifecycle rows and bounded archived diagnostics[32m 1[2mms[22m[39m
   [32m✓[39m runtime design system[2m > [22mruntime, session readiness, workbench, and advanced surfaces use canonical lifecycle diagnostics[32m 1[2mms[22m[39m
   [32m✓[39m runtime design system[2m > [22mrouter routes preserve empty-state and observe-link affordances[32m 0[2mms[22m[39m
   [32m✓[39m runtime design system[2m > [22mmerged router overview stays observational while routing strategy owns editing controls[32m 1[2mms[22m[39m
   [32m✓[39m runtime design system[2m > [22mmeta-guidance panels stay removed from overview and observe routes[32m 1[2mms[22m[39m
   [32m✓[39m runtime design system[2m > [22mdesign system doc marks the converted pages as live routes[32m 1[2mms[22m[39m
   [32m✓[39m runtime design system[2m > [22mcontrol routes tolerate an unassigned controller before endpoint activation[32m 0[2mms[22m[39m
   [32m✓[39m runtime design system[2m > [22mapplies the Apple palette, SF Pro / Inter typography, and explicit theme contract in shared app chrome[32m 1[2mms[22m[39m
   [32m✓[39m runtime design system[2m > [22mshared panels and provider selectors are owned by Apple-theme primitives[32m 1[2mms[22m[39m
   [32m✓[39m runtime design system[2m > [22mrouter strategy execution mode uses the themed select primitive[32m 0[2mms[22m[39m
   [32m✓[39m runtime design system[2m > [22mproduction UI dropdowns use themed select primitives instead of native selects[32m 2[2mms[22m[39m
   [32m✓[39m runtime design system[2m > [22mshared route effects avoid action identity loops and peer refresh feedback[32m 0[2mms[22m[39m
   [32m✓[39m runtime design system[2m > [22mkeeps shared states calm: transparent status pills and no section divider chrome[32m 1[2mms[22m[39m
   [32m✓[39m runtime design system[2m > [22mremote, models, router, and system runtime config routes are first-class pages in the retained taxonomy[32m 14[2mms[22m[39m
   [32m✓[39m runtime design system[2m > [22mlocal setup surfaces stay discoverable from navigation and empty registry states[32m 1[2mms[22m[39m
   [32m✓[39m runtime design system[2m > [22mobserve and local log surfaces render structured ledgers rather than raw iframe placeholders[32m 1[2mms[22m[39m
   [32m✓[39m runtime design system[2m > [22mobserve ownership keeps requests canonical and raw-host surfaces adjacent[32m 1[2mms[22m[39m
   [32m✓[39m runtime design system[2m > [22mrequests and request detail stay telemetry-first while exposing raw-host handoffs[32m 0[2mms[22m[39m
   [32m✓[39m runtime design system[2m > [22mactivity route frames raw-host metrics as adjacent to canonical telemetry[32m 0[2mms[22m[39m
   [32m✓[39m runtime design system[2m > [22mlogs route exposes request-detail handoffs while preserving raw-host framing[32m 0[2mms[22m[39m
   [32m✓[39m runtime design system[2m > [22mregistry and system layouts avoid redundant KPI strips and placeholder note panels[32m 1[2mms[22m[39m
   [32m✓[39m runtime design system[2m > [22mdashboard is chart-led and keeps routing analytics as a first-class handoff[32m 0[2mms[22m[39m
   [32m✓[39m runtime design system[2m > [22moverview metadata and design doc describe a telemetry-first summary with an interaction rail[32m 0[2mms[22m[39m
   [32m✓[39m runtime design system[2m > [22mworkbench and observe routes expose routing controls and receipts in repo-owned UI surfaces[32m 0[2mms[22m[39m
   [32m✓[39m runtime design system[2m > [22mrequest detail route renders authoritative stored cost metadata[32m 1[2mms[22m[39m
   [32m✓[39m runtime design system[2m > [22mshell header owns route metadata and page actions without duplicate page headers[32m 2[2mms[22m[39m
   [32m✓[39m runtime design system[2m > [22mshell headers do not render section eyebrow labels[32m 0[2mms[22m[39m
   [32m✓[39m runtime design system[2m > [22mroutes do not register refresh controls as shell header actions[32m 0[2mms[22m[39m
   [32m✓[39m runtime design system[2m > [22mlong fact-card values use compact text roles instead of display value typography[32m 0[2mms[22m[39m
   [32m✓[39m runtime design system[2m > [22mproduction UI sources do not bypass Apple theme token primitives[32m 2[2mms[22m[39m
   [32m✓[39m runtime design system[2m > [22mproduction UI sources keep the approved Apple radius grammar[32m 0[2mms[22m[39m
   [32m✓[39m runtime design system[2m > [22mproduction UI sources avoid unsupported Apple typography weight 500[32m 1[2mms[22m[39m
   [32m✓[39m runtime design system[2m > [22mchart primitives use shared design-system geometry and type tokens[32m 1[2mms[22m[39m
   [32m✓[39m runtime design system[2m > [22mruntime route definitions stay slim and future scaffolds avoid duplicate header props[32m 2[2mms[22m[39m

⎯⎯⎯⎯⎯⎯⎯ Failed Tests 1 ⎯⎯⎯⎯⎯⎯⎯

 FAIL  app/lib/design-system.test.ts > runtime design system > router, connect registry, and remote surfaces expose alias/readiness ownership instead of generic filler
AssertionError: expected 'import { useEffect, useMemo, useState…' to contain 'Runtime connections'

- Expected
+ Received

- Runtime connections
+ import { useEffect, useMemo, useState } from "react";
+ import { Link } from "react-router";
+
+ import {
+   EmptyState,
+   ErrorState,
+   LoadingState,
+   SectionCard,
+   StatusPill,
+ } from "../components/page-primitives";
+ import { mutedPanelClassName, secondaryButtonClassName } from "../lib/design-system";
+ import { type RuntimeSnapshot, fetchRuntimeConfig, fetchRuntimeSnapshot } from "../lib/runtime-api";
+ import {
+   buildConfiguredProviderRows,
+   buildCredentialReadinessRows,
+   buildEndpointCatalogRows,
+ } from "../lib/view-models";
+
+ export default function EndpointsRoute() {
+   const [snapshot, setSnapshot] = useState<RuntimeSnapshot | null>(null);
+   const [error, setError] = useState<string | null>(null);
+
+   useEffect(() => {
+     void Promise.all([fetchRuntimeSnapshot(), fetchRuntimeConfig()])
+       .then(([nextSnapshot]) => {
+         setSnapshot(nextSnapshot);
+         setError(null);
+       })
+       .catch((value: unknown) =>
+         setError(value instanceof Error ? value.message : "Could not load endpoints."),
+       );
+   }, []);
+
+   const providerRows = useMemo(
+     () =>
+       snapshot
+         ? buildConfiguredProviderRows({
+             accounts: snapshot.accounts,
+             deviceAuthorizations: snapshot.deviceAuthorizations,
+             endpoints: snapshot.endpoints,
+             providerRollups: snapshot.summary.credentialLifecycle?.providerRollups,
+           })
+         : [],
+     [snapshot],
+   );
+   const endpointRows = useMemo(
+     () => (snapshot ? buildEndpointCatalogRows(snapshot.endpoints) : []),
+     [snapshot],
+   );
+   const readinessRows = useMemo(
+     () =>
+       snapshot ? buildCredentialReadinessRows(snapshot.summary).filter((row) => row.value > 0) : [],
+     [snapshot],
+   );
+
+   if (error) {
+     return <ErrorState label={error} />;
+   }
+   if (!snapshot) {
+     return <LoadingState label="Loading endpoint registry…" />;
+   }
+
+   return (
+     <div className="space-y-6">
+       {readinessRows.length > 0 ? (
+         <div
+           className={`${mutedPanelClassName} flex flex-wrap items-center gap-3 p-4 text-sm text-[var(--rm-secondary)]`}
+         >
+           <span className="font-semibold text-[var(--rm-fg)]">Provider onboarding pending:</span>
+           {readinessRows.map((row) => (
+             <StatusPill key={row.key} tone={row.tone}>
+               {row.label} {row.value}
+             </StatusPill>
+           ))}
+           <Link className="text-[var(--rm-accent)]" to="/app/remote/providers">
+             Remote → Providers
+           </Link>
+           <Link className="text-[var(--rm-accent)]" to="/app/system/runtime">
+             System → Runtime
+           </Link>
+         </div>
+       ) : null}
+
+       <div className="flex flex-wrap gap-3">
+         <Link className={secondaryButtonClassName} to="/app/router">
+           View alias posture → Router
+         </Link>
+       </div>
+
+       {providerRows.length === 0 && endpointRows.length === 0 ? (
+         <SectionCard title="No configured endpoints yet">
+           <EmptyState label="No providers or endpoints are configured yet." />
+           <div className="mt-4 flex flex-wrap gap-3">
+             <Link className={secondaryButtonClassName} to="/app/remote/providers">
+               Remote → Providers
+             </Link>
+             <Link className={secondaryButtonClassName} to="/app/local/endpoints">
+               Local → Endpoints
+             </Link>
+             <Link className={secondaryButtonClassName} to="/app/connect/downstream">
+               Connect → Downstream
+             </Link>
+           </div>
+         </SectionCard>
+       ) : (
+         <div className="grid gap-4 xl:grid-cols-[0.92fr_1.08fr]">
+           <SectionCard title="Configured providers">
+             {providerRows.length === 0 ? (
+               <EmptyState label="No providers are configured yet." />
+             ) : (
+               <div className="overflow-x-auto">
+                 <table className="min-w-full text-left text-sm">
+                   <thead className="text-[var(--rm-muted)]">
+                     <tr>
+                       <th className="pb-3 font-semibold">Provider</th>
+                       <th className="pb-3 font-semibold">Connections</th>
+                       <th className="pb-3 font-semibold">Auth</th>
+                       <th className="pb-3 font-semibold">Models</th>
+                       <th className="pb-3 font-semibold">Health</th>
+                       <th className="pb-3 font-semibold">Readiness</th>
+                       <th className="pb-3 font-semibold">Endpoints</th>
+                     </tr>
+                   </thead>
+                   <tbody>
+                     {providerRows.map((provider) => (
+                       <tr key={provider.providerId} className="border-t border-[var(--rm-border)]">
+                         <td className="py-3 font-semibold text-[var(--rm-fg)]">
+                           {provider.providerId}
+                         </td>
+                         <td className="py-3 text-[var(--rm-secondary)]">
+                           {provider.accountIds.join(", ") || "—"}
+                         </td>
+                         <td className="py-3 text-[var(--rm-secondary)]">
+                           {provider.authModes.join(", ") || "—"}
+                         </td>
+                         <td className="py-3 text-[var(--rm-secondary)]">
+                           {provider.configuredModels.length > 0
+                             ? provider.configuredModels.join(", ")
+                             : "—"}
+                         </td>
+                         <td className="py-3 text-[var(--rm-secondary)]">
+                           {provider.healthStatuses.join(", ") || "unknown"}
+                         </td>
+                         <td className="py-3 text-[var(--rm-secondary)]">
+                           {[
+                             provider.pendingDeviceAuthorizationCount > 0
+                               ? `${provider.pendingDeviceAuthorizationCount} pending OAuth`
+                               : null,
+                             provider.credentialsMissingAccountCount > 0
+                               ? `${provider.credentialsMissingAccountCount} missing credentials`
+                               : null,
+                             provider.connectedWithoutEndpointCount > 0
+                               ? `${provider.connectedWithoutEndpointCount} connected, no endpoint`
+                               : null,
+                             provider.readyAccountCount > 0
+                               ? `${provider.readyAccountCount} ready`
+                               : null,
+                           ]
+                             .filter((value): value is string => value !== null)
+                             .join(" • ") || "—"}
+                         </td>
+                         <td className="py-3 text-[var(--rm-secondary)]">
+                           {provider.activeEndpointCount}/{provider.endpointCount} active
+                         </td>
+                       </tr>
+                     ))}
+                   </tbody>
+                 </table>
+               </div>
+             )}
+           </SectionCard>
+
+           <SectionCard title="Runtime endpoint rows">
+             {endpointRows.length === 0 ? (
+               <EmptyState
+                 label={
+                   readinessRows.length > 0
+                     ? "No runtime endpoint rows are active yet. Saved providers still need OAuth completion, credentials, or endpoint activation."
+                     : "No runtime endpoint rows are active yet. Configure a provider from Providers to populate this registry."
+                 }
+               />
+             ) : (
+               <div className="overflow-x-auto">
+                 <table className="min-w-full text-left text-sm">
+                   <thead className="text-[var(--rm-muted)]">
+                     <tr>
+                       <th className="pb-3 font-semibold">Endpoint</th>
+                       <th className="pb-3 font-semibold">Model</th>
+                       <th className="pb-3 font-semibold">Provider</th>
+                       <th className="pb-3 font-semibold">Source</th>
+                       <th className="pb-3 font-semibold">Serving source</th>
+                       <th className="pb-3 font-semibold">Health</th>
+                       <th className="pb-3 font-semibold">Status</th>
+                     </tr>
+                   </thead>
+                   <tbody>
+                     {endpointRows.map((endpoint) => (
+                       <tr key={endpoint.endpointId} className="border-t border-[var(--rm-border)]">
+                         <td className="py-3 font-semibold text-[var(--rm-fg)]">
+                           {endpoint.endpointId}
+                         </td>
+                         <td className="py-3 text-[var(--rm-secondary)]">{endpoint.modelId}</td>
+                         <td className="py-3 text-[var(--rm-secondary)]">
+                           {endpoint.providerLabel}
+                         </td>
+                         <td className="py-3 text-[var(--rm-secondary)]">
+                           {endpoint.sourceLabel} / {endpoint.endpointKind}
+                         </td>
+                         <td className="py-3 text-[var(--rm-secondary)]">
+                           {endpoint.servingSource}
+                         </td>
+                         <td className="py-3">
+                           <StatusPill
+                             tone={endpoint.healthStatus === "healthy" ? "success" : "warning"}
+                           >
+                             {endpoint.healthStatus}
+                           </StatusPill>
+                         </td>
+                         <td className="py-3">
+                           <StatusPill
+                             tone={
+                               endpoint.status === "active"
+                                 ? "success"
+                                 : endpoint.status === "degraded"
+                                   ? "warning"
+                                   : "neutral"
+                             }
+                           >
+                             {endpoint.status}
+                           </StatusPill>
+                         </td>
+                       </tr>
+                     ))}
+                   </tbody>
+                 </table>
+               </div>
+             )}
+           </SectionCard>
+         </div>
+       )}
+     </div>
+   );
+ }
+

 ❯ app/lib/design-system.test.ts:656:34
    654|     expect(endpointsRouteSource).not.toContain("Alias coverage");
    655|     expect(endpointsRouteSource).toContain("View alias posture");
    656|     expect(endpointsRouteSource).toContain("Runtime connections");
       |                                  ^
    657|     expect(endpointsRouteSource).not.toContain('title="Configured prov…
    658|     expect(endpointsRouteSource).not.toContain('title="Runtime endpoin…

⎯⎯⎯⎯⎯⎯⎯⎯⎯⎯⎯⎯⎯⎯⎯⎯⎯⎯⎯⎯⎯⎯⎯⎯[1/1]⎯


[2m Test Files [22m [1m[31m1 failed[39m[22m[2m | [22m[1m[32m10 passed[39m[22m[90m (11)[39m
[2m      Tests [22m [1m[31m1 failed[39m[22m[2m | [22m[1m[32m149 passed[39m[22m[90m (150)[39m
[2m   Start at [22m 20:29:58
[2m   Duration [22m 2.68s[2m (transform 2.12s, setup 0ms, collect 5.67s, tests 517ms, environment 4ms, prepare 3.85s)[22m

D:\DEV\role-model\.worktrees\49-runtime-telemetry-analytics-charts\role-model-router\apps\runtime-ui:
 ERR_PNPM_RECURSIVE_RUN_FIRST_FAIL  @role-model-router/runtime-ui@ test: `vitest run app/lib/runtime-api.test.ts app/lib/view-models.test.ts app/lib/device-authorization.test.ts app/lib/design-system.test.ts app/lib/provider-account-state.test.ts app/lib/router-candidate-labels.test.ts app/lib/benchmark-latency.test.ts app/lib/benchmark-model-cards.test.ts app/lib/telemetry-analytics.test.ts app/lib/telemetry-route-models.test.ts app/components/telemetry-charts.test.tsx "--" "app/lib/design-system.test.ts" "--runInBand"`
Exit status 1
