
[1m[46m RUN [49m[22m [36mv3.2.4 [39m[90mD:/DEV/role-model/.worktrees/49-runtime-telemetry-analytics-charts/role-model-router/apps/runtime-ui[39m

 [31m❯[39m app/lib/design-system.test.ts [2m([22m[2m33 tests[22m[2m | [22m[31m4 failed[39m[2m)[22m[33m 462[2mms[22m[39m
[31m   [31m×[31m runtime design system[2m > [22mdefines navigation groups and layout templates for every runtime route[39m[32m 55[2mms[22m[39m
[31m     → expected [ { title: 'Overview', …(1) }, …(8) ] to deeply equal [ { title: 'Overview', …(1) }, …(8) ][39m
[31m   [31m×[31m runtime design system[2m > [22mkeeps the shell on the Apple baseline with explicit chart tokens[39m[32m 8[2mms[22m[39m
[31m     → expected '1480px' to be '1440px' // Object.is equality[39m
   [32m✓[39m runtime design system[2m > [22mglobal shell chrome keeps legacy vendor ui out of the main runtime contract[32m 192[2mms[22m[39m
   [32m✓[39m runtime design system[2m > [22mstudio implementation targets render repo-owned workspace sections instead of placeholder blueprints[32m 41[2mms[22m[39m
   [32m✓[39m runtime design system[2m > [22mintegration and system implementation targets render live upstream and peer surfaces[32m 39[2mms[22m[39m
   [32m✓[39m runtime design system[2m > [22mrouter implementation targets render repo-owned routing explanation surfaces[32m 5[2mms[22m[39m
   [32m✓[39m runtime design system[2m > [22mrouter, connect registry, and remote surfaces expose alias/readiness ownership instead of generic filler[32m 2[2mms[22m[39m
   [32m✓[39m runtime design system[2m > [22mproviders surface exposes explicit in-place maintenance actions for saved remote accounts[32m 1[2mms[22m[39m
   [32m✓[39m runtime design system[2m > [22mproviders surface uses an explicit save-cancel modal for api-key maintenance[32m 1[2mms[22m[39m
   [32m✓[39m runtime design system[2m > [22mproviders surface keeps oauth reconnect as a one-click saved-account action[32m 1[2mms[22m[39m
   [32m✓[39m runtime design system[2m > [22mproviders maintenance flows call explicit repair APIs instead of generic account writes[32m 1[2mms[22m[39m
   [32m✓[39m runtime design system[2m > [22mproviders saved-account cards use canonical lifecycle rows and bounded archived diagnostics[32m 1[2mms[22m[39m
   [32m✓[39m runtime design system[2m > [22mruntime, session readiness, workbench, and advanced surfaces use canonical lifecycle diagnostics[32m 1[2mms[22m[39m
   [32m✓[39m runtime design system[2m > [22mrouter routes preserve empty-state and observe-link affordances[32m 1[2mms[22m[39m
   [32m✓[39m runtime design system[2m > [22mmerged router overview stays observational while routing strategy owns editing controls[32m 3[2mms[22m[39m
   [32m✓[39m runtime design system[2m > [22mmeta-guidance panels stay removed from overview and observe routes[32m 1[2mms[22m[39m
   [32m✓[39m runtime design system[2m > [22mdesign system doc marks the converted pages as live routes[32m 2[2mms[22m[39m
   [32m✓[39m runtime design system[2m > [22mcontrol routes tolerate an unassigned controller before endpoint activation[32m 1[2mms[22m[39m
[31m   [31m×[31m runtime design system[2m > [22mapplies the Apple palette, SF Pro / Inter typography, and explicit theme contract in shared app chrome[39m[32m 37[2mms[22m[39m
[31m     → expected '@import "tailwindcss";\n\n:root {\n  …' to contain '--rm-font-display: "SF Pro Display", …'[39m
[31m   [31m×[31m runtime design system[2m > [22mkeeps shared states calm: transparent status pills and no section divider chrome[39m[32m 19[2mms[22m[39m
[31m     → expected 'import type { ReactNode } from "react…' to contain 'bg-transparent text-[var(--rm-accent)]'[39m
   [32m✓[39m runtime design system[2m > [22mremote, models, router, and system runtime config routes are first-class pages in the retained taxonomy[32m 25[2mms[22m[39m
   [32m✓[39m runtime design system[2m > [22mlocal setup surfaces stay discoverable from navigation and empty registry states[32m 1[2mms[22m[39m
   [32m✓[39m runtime design system[2m > [22mobserve and local log surfaces render structured ledgers rather than raw iframe placeholders[32m 1[2mms[22m[39m
   [32m✓[39m runtime design system[2m > [22mobserve ownership keeps requests canonical and raw-host surfaces adjacent[32m 1[2mms[22m[39m
   [32m✓[39m runtime design system[2m > [22mrequests and request detail stay telemetry-first while exposing raw-host handoffs[32m 1[2mms[22m[39m
   [32m✓[39m runtime design system[2m > [22mactivity route frames raw-host metrics as adjacent to canonical telemetry[32m 0[2mms[22m[39m
   [32m✓[39m runtime design system[2m > [22mlogs route exposes request-detail handoffs while preserving raw-host framing[32m 0[2mms[22m[39m
   [32m✓[39m runtime design system[2m > [22mregistry and system layouts avoid redundant KPI strips and placeholder note panels[32m 1[2mms[22m[39m
   [32m✓[39m runtime design system[2m > [22mdashboard passes telemetry detail to FactCard for Latency[32m 1[2mms[22m[39m
   [32m✓[39m runtime design system[2m > [22moverview metadata and design doc describe a telemetry-first summary with an interaction rail[32m 1[2mms[22m[39m
   [32m✓[39m runtime design system[2m > [22mworkbench and observe routes expose routing controls and receipts in repo-owned UI surfaces[32m 1[2mms[22m[39m
   [32m✓[39m runtime design system[2m > [22mshell header owns route metadata and page actions without duplicate page headers[32m 3[2mms[22m[39m
   [32m✓[39m runtime design system[2m > [22mruntime route definitions stay slim and future scaffolds avoid duplicate header props[32m 4[2mms[22m[39m

⎯⎯⎯⎯⎯⎯ Failed Suites 1 ⎯⎯⎯⎯⎯⎯⎯

 FAIL  app/lib/telemetry-chart-config.test.ts [ app/lib/telemetry-chart-config.test.ts ]
Error: Cannot find module './telemetry-chart-config' imported from 'D:/DEV/role-model/.worktrees/49-runtime-telemetry-analytics-charts/role-model-router/apps/runtime-ui/app/lib/telemetry-chart-config.test.ts'
 ❯ app/lib/telemetry-chart-config.test.ts:3:1
      1| import { describe, expect, test } from "vitest";
      2| 
      3| import {
       | ^
      4|   getTelemetryChartSeriesStyle,
      5|   telemetryBreakdownOptions,

Caused by: Error: Failed to load url ./telemetry-chart-config (resolved id: ./telemetry-chart-config) in D:/DEV/role-model/.worktrees/49-runtime-telemetry-analytics-charts/role-model-router/apps/runtime-ui/app/lib/telemetry-chart-config.test.ts. Does the file exist?
 ❯ loadAndTransform ../../../node_modules/.pnpm/vite@7.3.2_@types+node@22.1_f7dc1826a0f6bcfe28ab74fd91d23836/node_modules/vite/dist/node/chunks/config.js:22663:33

⎯⎯⎯⎯⎯⎯⎯⎯⎯⎯⎯⎯⎯⎯⎯⎯⎯⎯⎯⎯⎯⎯⎯⎯[1/5]⎯


⎯⎯⎯⎯⎯⎯⎯ Failed Tests 4 ⎯⎯⎯⎯⎯⎯⎯

 FAIL  app/lib/design-system.test.ts > runtime design system > defines navigation groups and layout templates for every runtime route
AssertionError: expected [ { title: 'Overview', …(1) }, …(8) ] to deeply equal [ { title: 'Overview', …(1) }, …(8) ]

- Expected
+ Received

@@ -53,11 +53,10 @@
    },
    {
      "routes": [
        "/app/observe/activity",
        "/app/observe/requests",
-       "/app/observe/routing",
        "/app/observe/logs",
      ],
      "title": "Observe",
    },
    {

 ❯ app/lib/design-system.test.ts:164:7
    162|         routes: section.items.map((item) => item.to),
    163|       })),
    164|     ).toEqual([
       |       ^
    165|       {
    166|         title: "Overview",

⎯⎯⎯⎯⎯⎯⎯⎯⎯⎯⎯⎯⎯⎯⎯⎯⎯⎯⎯⎯⎯⎯⎯⎯[2/5]⎯

 FAIL  app/lib/design-system.test.ts > runtime design system > keeps the shell on the Apple baseline with explicit chart tokens
AssertionError: expected '1480px' to be '1440px' // Object.is equality

Expected: "1440px"
Received: "1480px"

 ❯ app/lib/design-system.test.ts:378:42
    376| 
    377|   test("keeps the shell on the Apple baseline with explicit chart toke…
    378|     expect(runtimeTheme.maxContentWidth).toBe("1440px");
       |                                          ^
    379|     expect(runtimeTheme.radii.sm).toBe("8px");
    380|     expect(runtimeTheme.radii.md).toBe("11px");

⎯⎯⎯⎯⎯⎯⎯⎯⎯⎯⎯⎯⎯⎯⎯⎯⎯⎯⎯⎯⎯⎯⎯⎯[3/5]⎯

 FAIL  app/lib/design-system.test.ts > runtime design system > applies the Apple palette, SF Pro / Inter typography, and explicit theme contract in shared app chrome
AssertionError: expected '@import "tailwindcss";\n\n:root {\n  …' to contain '--rm-font-display: "SF Pro Display", …'

- Expected
+ Received

- --rm-font-display: "SF Pro Display", "Inter"
+ @import "tailwindcss";
+
+ :root {
+   --rm-bg: #fafaf9;
+   --rm-surface: #f5f5f4;
+   --rm-surface-strong: #f5f5f4;
+   --rm-panel: #e7e5e4;
+   --rm-fg: #1c1917;
+   --rm-secondary: rgba(28, 25, 23, 0.7);
+   --rm-muted: rgba(28, 25, 23, 0.4);
+   --rm-border: #e7e5e4;
+   --rm-border-strong: #d6d3d1;
+   --rm-accent: #003b8e;
+   --rm-accent-muted: rgba(0, 59, 142, 0.6);
+   --rm-accent-subtle: rgba(0, 59, 142, 0.2);
+   --rm-accent-ghost: rgba(0, 59, 142, 0.1);
+   --rm-error: #c8102e;
+   --rm-error-muted: rgba(200, 16, 46, 0.6);
+   --rm-error-subtle: rgba(200, 16, 46, 0.2);
+   --rm-error-ghost: rgba(200, 16, 46, 0.1);
+   --rm-success: #166534;
+   --rm-success-muted: rgba(22, 101, 52, 0.6);
+   --rm-success-subtle: rgba(22, 101, 52, 0.2);
+   --rm-warning: #b45309;
+   --rm-warning-muted: rgba(180, 83, 9, 0.6);
+   --rm-telemetry-local: #1f2937;
+   --rm-telemetry-remote: #003b8e;
+   --rm-telemetry-healthy: #166534;
+   --rm-telemetry-degraded: #b45309;
+   --rm-telemetry-raw: #57534e;
+   --rm-radius-shell: 0px;
+   --rm-radius-panel: 0px;
+   --rm-radius-field: 0px;
+   --rm-shadow-card: 0 18px 40px rgba(28, 25, 23, 0.04);
+   --rm-shell-width: 1480px;
+ }
+
+ @media (prefers-color-scheme: dark) {
+   :root {
+     --rm-bg: #0c0a09;
+     --rm-surface: #1c1917;
+     --rm-surface-strong: #1c1917;
+     --rm-panel: #292524;
+     --rm-fg: #fafaf9;
+     --rm-secondary: rgba(250, 250, 249, 0.7);
+     --rm-muted: rgba(250, 250, 249, 0.4);
+     --rm-border: #292524;
+     --rm-border-strong: #57534e;
+     --rm-telemetry-local: #d6d3d1;
+     --rm-telemetry-remote: #60a5fa;
+     --rm-telemetry-healthy: #86efac;
+     --rm-telemetry-degraded: #fbbf24;
+     --rm-telemetry-raw: #a8a29e;
+     --rm-accent: #60a5fa;
+     --rm-accent-muted: rgba(96, 165, 250, 0.6);
+     --rm-accent-subtle: rgba(96, 165, 250, 0.2);
+     --rm-accent-ghost: rgba(96, 165, 250, 0.1);
+     --rm-error: #fb7185;
+     --rm-error-muted: rgba(251, 113, 133, 0.6);
+     --rm-error-subtle: rgba(251, 113, 133, 0.2);
+     --rm-error-ghost: rgba(251, 113, 133, 0.1);
+     --rm-success: #86efac;
+     --rm-success-muted: rgba(134, 239, 172, 0.6);
+     --rm-success-subtle: rgba(134, 239, 172, 0.2);
+     --rm-warning: #fbbf24;
+     --rm-warning-muted: rgba(251, 191, 36, 0.6);
+   }
+ }
+
+ html {
+   scrollbar-gutter: stable;
+   color-scheme: light dark;
+   background: var(--rm-bg);
+ }
+
+ body {
+   margin: 0;
+   background: var(--rm-bg);
+   color: var(--rm-fg);
+   font-family: "IBM Plex Sans", "Hanken Grotesk", "Barlow", "Host Grotesk", "DM Sans", system-ui,
+     sans-serif;
+ }
+
+ ::selection {
+   background: var(--rm-accent-ghost);
+ }
+
+ code,
+ pre,
+ textarea,
+ input[type="text"] {
+   font-family: "IBM Plex Mono", "JetBrains Mono", ui-monospace, monospace;
+ }
+
+ a {
+   color: inherit;
+   text-decoration: none;
+ }
+
+ button,
+ input,
+ select,
+ textarea {
+   font: inherit;
+ }
+

 ❯ app/lib/design-system.test.ts:716:20
    714| 
    715|   test("applies the Apple palette, SF Pro / Inter typography, and expl…
    716|     expect(appCss).toContain('--rm-font-display: "SF Pro Display", "In…
       |                    ^
    717|     expect(appCss).toContain('--rm-font-body: "SF Pro Text", "Inter"');
    718|     expect(appCss).toContain("--rm-bg: #f5f5f7;");

⎯⎯⎯⎯⎯⎯⎯⎯⎯⎯⎯⎯⎯⎯⎯⎯⎯⎯⎯⎯⎯⎯⎯⎯[4/5]⎯

 FAIL  app/lib/design-system.test.ts > runtime design system > keeps shared states calm: transparent status pills and no section divider chrome
AssertionError: expected 'import type { ReactNode } from "react…' to contain 'bg-transparent text-[var(--rm-accent)]'

- Expected
+ Received

- bg-transparent text-[var(--rm-accent)]
+ import type { ReactNode } from "react";
+
+ import { cn } from "../lib/cn";
+ import {
+   cardClassName,
+   codeBlockClassName,
+   mutedPanelClassName,
+   raisedPanelClassName,
+ } from "../lib/design-system";
+
+ export function SectionCard({
+   title,
+   description,
+   children,
+   className,
+ }: {
+   title: string;
+   description?: string;
+   children: ReactNode;
+   className?: string;
+ }) {
+   return (
+     <section className={cn(`${cardClassName} px-5 py-5 md:px-6 md:py-6`, className)}>
+       <div className="mb-5 border-b border-[var(--rm-border)] pb-4">
+         <h2 className="text-lg font-normal text-[var(--rm-fg)]">{title}</h2>
+         {description ? (
+           <p className="mt-2 max-w-[60ch] text-sm leading-6 text-[var(--rm-secondary)]">
+             {description}
+           </p>
+         ) : null}
+       </div>
+       {children}
+     </section>
+   );
+ }
+
+ export function StatCard({ label, value }: { label: string; value: string }) {
+   return (
+     <div className={`${raisedPanelClassName} p-5`}>
+       <p className="text-xs font-normal uppercase tracking-[0.2em] text-[var(--rm-muted)]">
+         {label}
+       </p>
+       <p className="mt-4 text-3xl font-light text-[var(--rm-fg)]">{value}</p>
+     </div>
+   );
+ }
+
+ export function FactCard({
+   label,
+   value,
+   detail,
+   emphasis = false,
+   className,
+ }: {
+   label: string;
+   value: ReactNode;
+   detail?: ReactNode;
+   emphasis?: boolean;
+   className?: string;
+ }) {
+   return (
+     <div
+       className={cn(
+         `${emphasis ? raisedPanelClassName : mutedPanelClassName} p-4 md:p-5`,
+         className,
+       )}
+     >
+       <p className="text-[11px] font-medium uppercase tracking-[0.24em] text-[var(--rm-muted)]">
+         {label}
+       </p>
+       <p className="mt-3 break-words text-xl font-light leading-snug tabular-nums text-[var(--rm-fg)] md:text-2xl">
+         {value}
+       </p>
+       {detail ? (
+         <p className="mt-2 max-w-[28ch] text-sm leading-6 text-[var(--rm-secondary)]">{detail}</p>
+       ) : null}
+     </div>
+   );
+ }
+
+ export function StatusPill({
+   tone,
+   children,
+ }: {
+   tone: "neutral" | "accent" | "warning" | "success";
+   children: ReactNode;
+ }) {
+   const toneClass =
+     tone === "accent"
+       ? "border-[color:var(--rm-accent-muted)] bg-[var(--rm-accent-ghost)] text-[var(--rm-accent)]"
+       : tone === "warning"
+         ? "border-[var(--rm-warning)] bg-[var(--rm-warning-muted)] text-[var(--rm-warning)]"
+         : tone === "success"
+           ? "border-[var(--rm-success)] bg-[var(--rm-success-subtle)] text-[var(--rm-success)]"
+           : "border-[var(--rm-border)] bg-[var(--rm-bg)] text-[var(--rm-secondary)]";
+
+   return (
+     <span
+       className={cn(
+         "inline-flex items-center rounded-none border px-2.5 py-1 text-xs font-medium tracking-[0.14em] uppercase",
+         toneClass,
+       )}
+     >
+       {children}
+     </span>
+   );
+ }
+
+ export function LoadingState({ label }: { label: string }) {
+   return (
+     <p className={`${mutedPanelClassName} border-dashed p-6 text-sm text-[var(--rm-secondary)]`}>
+       {label}
+     </p>
+   );
+ }
+
+ export function EmptyState({ label }: { label: string }) {
+   return (
+     <p className={`${mutedPanelClassName} border-dashed p-6 text-sm text-[var(--rm-secondary)]`}>
+       {label}
+     </p>
+   );
+ }
+
+ export function ErrorState({ label }: { label: string }) {
+   return (
+     <p className="rounded-none border border-[var(--rm-error)] bg-[var(--rm-error-ghost)] p-6 text-sm text-[var(--rm-error)]">
+       {label}
+     </p>
+   );
+ }
+
+ export function CodeBlock({ children, className }: { children: ReactNode; className?: string }) {
+   return <pre className={cn(codeBlockClassName, className)}>{children}</pre>;
+ }
+
+ export function DisclosureSection({
+   summary,
+   children,
+   defaultOpen = false,
+ }: {
+   summary: string;
+   children: ReactNode;
+   defaultOpen?: boolean;
+ }) {
+   return (
+     <details className={`${cardClassName} px-5 py-4 md:px-6`} open={defaultOpen ? true : undefined}>
+       <summary className="cursor-pointer list-none text-lg font-normal text-[var(--rm-fg)] marker:content-none [&::-webkit-details-marker]:hidden">
+         {summary}
+       </summary>
+       <div className="mt-4 border-t border-[var(--rm-border)] pt-4">{children}</div>
+     </details>
+   );
+ }
+

 ❯ app/lib/design-system.test.ts:734:34
    732| 
    733|   test("keeps shared states calm: transparent status pills and no sect…
    734|     expect(pagePrimitivesSource).toContain("bg-transparent text-[var(-…
       |                                  ^
    735|     expect(pagePrimitivesSource).toContain("bg-transparent text-[var(-…
    736|     expect(pagePrimitivesSource).toContain("bg-transparent text-[var(-…

⎯⎯⎯⎯⎯⎯⎯⎯⎯⎯⎯⎯⎯⎯⎯⎯⎯⎯⎯⎯⎯⎯⎯⎯[5/5]⎯


[2m Test Files [22m [1m[31m2 failed[39m[22m[90m (2)[39m
[2m      Tests [22m [1m[31m4 failed[39m[22m[2m | [22m[1m[32m29 passed[39m[22m[90m (33)[39m
[2m   Start at [22m 13:09:55
[2m   Duration [22m 5.24s[2m (transform 2.50s, setup 0ms, collect 3.34s, tests 462ms, environment 1ms, prepare 677ms)[22m

undefined
D:\DEV\role-model\.worktrees\49-runtime-telemetry-analytics-charts\role-model-router\apps\runtime-ui:
 ERR_PNPM_RECURSIVE_EXEC_FIRST_FAIL  Command failed with exit code 1: vitest run app/lib/design-system.test.ts app/lib/telemetry-chart-config.test.ts
