
[1m[46m RUN [49m[22m [36mv3.2.4 [39m[90mD:/DEV/role-model/.worktrees/49-runtime-telemetry-analytics-charts/role-model-router/packages/sqlite-memory[39m

(node:20920) ExperimentalWarning: SQLite is an experimental feature and might change at any time
(Use `node --trace-warnings ...` to show where the warning was created)
 [31m❯[39m test/index.test.ts [2m([22m[2m25 tests[22m[2m | [22m[31m1 failed[39m[2m | [22m[33m24 skipped[39m[2m)[22m[33m 306[2mms[22m[39m
   [2m[90m↓[39m[22m initializeSqliteMemory[2m > [22mcreates the planned schema, WAL mode, and initial migration receipt under the runtime state root
   [2m[90m↓[39m[22m initializeSqliteMemory[2m > [22mpersists validated provider accounts by credential reference without storing raw secrets
   [2m[90m↓[39m[22m initializeSqliteMemory[2m > [22mupserts and lists provider accounts for runtime control-plane reads
   [2m[90m↓[39m[22m initializeSqliteMemory[2m > [22mpersists runtime-managed endpoint activations for dynamic registry materialization
   [2m[90m↓[39m[22m initializeSqliteMemory[2m > [22mpersists and reads the global controller assignment for the runtime control plane
   [2m[90m↓[39m[22m initializeSqliteMemory[2m > [22mpersists device-auth session state for runtime OAuth polling
   [2m[90m↓[39m[22m initializeSqliteMemory[2m > [22mrecords explicit maintenance defaults and idempotent migration behavior
   [2m[90m↓[39m[22m initializeSqliteMemory[2m > [22mpersists and reloads the continuity rows needed for bounded context assembly
   [2m[90m↓[39m[22m initializeSqliteMemory[2m > [22mpersists retrieval receipts for later routing diagnostics
   [2m[90m↓[39m[22m initializeSqliteMemory[2m > [22mpersists runtime observation bundles, profile snapshots, and maintenance-policy reads
   [2m[90m↓[39m[22m initializeSqliteMemory[2m > [22mstores and reads conversation-level difficulty classification cache entries
   [2m[90m↓[39m[22m initializeSqliteMemory[2m > [22mpersists and reads segmented observed samples and profiles by difficulty bucket
   [2m[90m↓[39m[22m initializeSqliteMemory[2m > [22mderives an advisory max-difficulty recommendation from bucketed observed profiles
   [2m[90m↓[39m[22m initializeSqliteMemory[2m > [22mreads the latest observed profiles for a set of endpoint ids
   [2m[90m↓[39m[22m initializeSqliteMemory[2m > [22mflattens persisted runtime observations into canonical telemetry summary, comparison, and request rows
   [2m[90m↓[39m[22m initializeSqliteMemory[2m > [22mpersistRuntimeTelemetryFailure records latencyMs in telemetry summary average
   [2m[90m↓[39m[22m initializeSqliteMemory[2m > [22mpersistRuntimeTelemetryFailure preserves caller correlation and request classification for failed rows
[31m   [31m×[31m initializeSqliteMemory[2m > [22mpersistRuntimeTelemetryFailure persists authoritative zero-cost metadata for pre-execution failures[39m[33m 303[2mms[22m[39m
[31m     → no such column: effective_cost_usd[39m
   [2m[90m↓[39m[22m initializeSqliteMemory[2m > [22mexports persisted runtime state for operator drills
   [2m[90m↓[39m[22m initializeSqliteMemory[2m > [22mrestores runtime state from a backup after scoped deletion
   [2m[90m↓[39m[22m initializeSqliteMemory[2m > [22mpersists throughput penalty state and expires it after the penalty window
   [2m[90m↓[39m[22m clearAllObservedBenchmarkData[2m > [22mremoves all benchmark samples across endpoints and clears profiles
   [2m[90m↓[39m[22m persistObservedBenchmarkSample benchmark_mode[2m > [22mretains benchmark_mode on readback for quick benchmark samples
   [2m[90m↓[39m[22m clearObservedBenchmarkDataForEndpoint[2m > [22mremoves benchmark samples and clears the endpoint profile when no live samples remain
   [2m[90m↓[39m[22m runRuntimeStateValidation[2m > [22mvalidates provider accounts and initializes SQLite through the local validation path

⎯⎯⎯⎯⎯⎯⎯ Failed Tests 1 ⎯⎯⎯⎯⎯⎯⎯

 FAIL  test/index.test.ts > initializeSqliteMemory > persistRuntimeTelemetryFailure persists authoritative zero-cost metadata for pre-execution failures
Error: no such column: effective_cost_usd
 ❯ test/index.test.ts:1842:8
    1840|     }>;
    1841|     const persistedRow = database
    1842|       .prepare(
       |        ^
    1843|         "SELECT effective_cost_usd, cost_calculation_basis, cost_calcu…
    1844|       )

⎯⎯⎯⎯⎯⎯⎯⎯⎯⎯⎯⎯⎯⎯⎯⎯⎯⎯⎯⎯⎯⎯⎯⎯[1/1]⎯


[2m Test Files [22m [1m[31m1 failed[39m[22m[90m (1)[39m
[2m      Tests [22m [1m[31m1 failed[39m[22m[2m | [22m[33m24 skipped[39m[90m (25)[39m
[2m   Start at [22m 10:42:31
[2m   Duration [22m 2.02s[2m (transform 541ms, setup 0ms, collect 692ms, tests 306ms, environment 0ms, prepare 411ms)[22m

undefined
D:\DEV\role-model\.worktrees\49-runtime-telemetry-analytics-charts\role-model-router\packages\sqlite-memory:
 ERR_PNPM_RECURSIVE_EXEC_FIRST_FAIL  Command failed with exit code 1: vitest run test/index.test.ts -t persistRuntimeTelemetryFailure persists authoritative zero-cost metadata for pre-execution failures
