
[1m[46m RUN [49m[22m [36mv3.2.4 [39m[90mD:/DEV/role-model/.worktrees/48-runtime-ui-design-system-apple-theme/role-model-router/apps/runtime-ui[39m

 [31m❯[39m app/lib/design-system.test.ts [2m([22m[2m42 tests[22m[2m | [22m[31m1 failed[39m[2m)[22m[32m 150[2mms[22m[39m
   [32m✓[39m runtime design system[2m > [22mdefines navigation groups and layout templates for every runtime route[32m 6[2mms[22m[39m
   [32m✓[39m runtime design system[2m > [22mdefines the Apple-inspired runtime theme contract with explicit tokenized radii and content width[32m 1[2mms[22m[39m
   [32m✓[39m runtime design system[2m > [22mglobal shell chrome keeps legacy vendor ui out of the main runtime contract[32m 61[2mms[22m[39m
   [32m✓[39m runtime design system[2m > [22mstudio implementation targets render repo-owned workspace sections instead of placeholder blueprints[32m 15[2mms[22m[39m
   [32m✓[39m runtime design system[2m > [22mintegration and system implementation targets render live upstream and peer surfaces[32m 8[2mms[22m[39m
   [32m✓[39m runtime design system[2m > [22mrouter implementation targets render repo-owned routing explanation surfaces[32m 1[2mms[22m[39m
   [32m✓[39m runtime design system[2m > [22mrouter, connect registry, and remote surfaces expose alias/readiness ownership instead of generic filler[32m 1[2mms[22m[39m
   [32m✓[39m runtime design system[2m > [22mproviders surface exposes explicit in-place maintenance actions for saved remote accounts[32m 0[2mms[22m[39m
   [32m✓[39m runtime design system[2m > [22mproviders surface uses an explicit save-cancel modal for api-key maintenance[32m 0[2mms[22m[39m
   [32m✓[39m runtime design system[2m > [22mproviders setup fields use a repo-owned themed selector instead of raw native selects[32m 0[2mms[22m[39m
   [32m✓[39m runtime design system[2m > [22mproviders surface keeps oauth reconnect as a one-click saved-account action[32m 0[2mms[22m[39m
   [32m✓[39m runtime design system[2m > [22mproviders maintenance flows call explicit repair APIs instead of generic account writes[32m 0[2mms[22m[39m
   [32m✓[39m runtime design system[2m > [22mproviders saved-account cards use canonical lifecycle rows and bounded archived diagnostics[32m 1[2mms[22m[39m
   [32m✓[39m runtime design system[2m > [22mruntime, session readiness, workbench, and advanced surfaces use canonical lifecycle diagnostics[32m 0[2mms[22m[39m
   [32m✓[39m runtime design system[2m > [22mrouter routes preserve empty-state and observe-link affordances[32m 0[2mms[22m[39m
   [32m✓[39m runtime design system[2m > [22mmerged router overview stays observational while routing strategy owns editing controls[32m 1[2mms[22m[39m
   [32m✓[39m runtime design system[2m > [22mmeta-guidance panels stay removed from overview and observe routes[32m 1[2mms[22m[39m
   [32m✓[39m runtime design system[2m > [22mdesign system doc marks the converted pages as live routes[32m 1[2mms[22m[39m
   [32m✓[39m runtime design system[2m > [22mcontrol routes tolerate an unassigned controller before endpoint activation[32m 0[2mms[22m[39m
   [32m✓[39m runtime design system[2m > [22mdesign-system docs and architecture point at the Apple reference instead of Swiss authority[32m 0[2mms[22m[39m
   [32m✓[39m runtime design system[2m > [22mshared app bootstrap uses explicit Light and Dark theme tokens instead of media-query-only IBM Plex chrome[32m 1[2mms[22m[39m
   [32m✓[39m runtime design system[2m > [22mshared shell and primitives own the global Light/Dark toggle and transparent semantic pills[32m 1[2mms[22m[39m
   [32m✓[39m runtime design system[2m > [22msidebar keeps nav items inside the shell card at shorter viewport heights[32m 0[2mms[22m[39m
   [32m✓[39m runtime design system[2m > [22mshared shell-header hooks do not depend on inline JSX or object identity[32m 0[2mms[22m[39m
   [32m✓[39m runtime design system[2m > [22mdesign-system docs no longer carry conflicting Swiss-era downstream rules[32m 0[2mms[22m[39m
[31m   [31m×[31m runtime design system[2m > [22mshared shell and controls align to the approved Apple typography and control grammar[39m[32m 24[2mms[22m[39m
[31m     → expected 'import type { ReactNode } from "react…' not to contain 'mt-5 border-t border-[var(--rm-border…'[39m
   [32m✓[39m runtime design system[2m > [22mstudio copy and route surfaces no longer describe the runtime UI as Swiss-style[32m 0[2mms[22m[39m
   [32m✓[39m runtime design system[2m > [22moverview and dense inspector routes drop square-edge drift in favor of shared panel and field radii[32m 1[2mms[22m[39m
   [32m✓[39m runtime design system[2m > [22mkeeps shared states on semantic design tokens instead of Tailwind utility palettes[32m 1[2mms[22m[39m
   [32m✓[39m runtime design system[2m > [22mremote, models, router, and system runtime config routes are first-class pages in the retained taxonomy[32m 10[2mms[22m[39m
   [32m✓[39m runtime design system[2m > [22mlocal setup surfaces stay discoverable from navigation and empty registry states[32m 1[2mms[22m[39m
   [32m✓[39m runtime design system[2m > [22mobserve and local log surfaces render structured ledgers rather than raw iframe placeholders[32m 0[2mms[22m[39m
   [32m✓[39m runtime design system[2m > [22mobserve ownership keeps requests canonical and raw-host surfaces adjacent[32m 0[2mms[22m[39m
   [32m✓[39m runtime design system[2m > [22mrequests and request detail stay telemetry-first while exposing raw-host handoffs[32m 0[2mms[22m[39m
   [32m✓[39m runtime design system[2m > [22mactivity route frames raw-host metrics as adjacent to canonical telemetry[32m 0[2mms[22m[39m
   [32m✓[39m runtime design system[2m > [22mlogs route exposes request-detail handoffs while preserving raw-host framing[32m 1[2mms[22m[39m
   [32m✓[39m runtime design system[2m > [22mregistry and system layouts avoid redundant KPI strips and placeholder note panels[32m 1[2mms[22m[39m
   [32m✓[39m runtime design system[2m > [22mdashboard passes telemetry detail to FactCard for Latency[32m 0[2mms[22m[39m
   [32m✓[39m runtime design system[2m > [22moverview metadata and design doc describe a telemetry-first summary with an interaction rail[32m 1[2mms[22m[39m
   [32m✓[39m runtime design system[2m > [22mworkbench and observe routes expose routing controls and receipts in repo-owned UI surfaces[32m 0[2mms[22m[39m
   [32m✓[39m runtime design system[2m > [22mshell header owns route metadata and page actions without duplicate page headers[32m 2[2mms[22m[39m
   [32m✓[39m runtime design system[2m > [22mruntime route definitions stay slim and future scaffolds avoid duplicate header props[32m 2[2mms[22m[39m

⎯⎯⎯⎯⎯⎯⎯ Failed Tests 1 ⎯⎯⎯⎯⎯⎯⎯

 FAIL  app/lib/design-system.test.ts > runtime design system > shared shell and controls align to the approved Apple typography and control grammar
AssertionError: expected 'import type { ReactNode } from "react…' not to contain 'mt-5 border-t border-[var(--rm-border…'

- Expected
+ Received

- mt-5 border-t border-[var(--rm-border)] pt-4
+ import type { ReactNode } from "react";
+ import { NavLink, useLocation } from "react-router";
+
+ import { cn } from "../lib/cn";
+ import {
+   bodyTextClassName,
+   cardClassName,
+   displayTitleClassName,
+   getRuntimeRouteDefinition,
+   navLabelClassName,
+   runtimeNavigationSections,
+   sectionTitleClassName,
+   utilityLabelClassName,
+ } from "../lib/design-system";
+ import { useShellHeaderState } from "../lib/shell-header-context";
+ import { ThemeToggle } from "./theme-toggle";
+
+ function primarySectionLinkClass(isActive: boolean): string {
+   return cn(
+     `flex min-h-[44px] items-center gap-3 rounded-[var(--rm-radius-lg)] border px-4 py-3 ${navLabelClassName} transition-colors`,
+     isActive
+       ? "border-[var(--rm-border)] bg-[var(--rm-panel)] text-[var(--rm-fg)]"
+       : "border-transparent bg-transparent text-[var(--rm-secondary)] hover:border-[var(--rm-border)] hover:bg-[var(--rm-panel)] hover:text-[var(--rm-fg)]",
+   );
+ }
+
+ function secondaryNavLinkClass(isActive: boolean): string {
+   return cn(
+     `inline-flex min-h-[44px] items-center gap-2 rounded-[var(--rm-radius-pill)] border px-4 py-2 ${utilityLabelClassName} transition-colors`,
+     isActive
+       ? "border-[var(--rm-border-strong)] bg-[var(--rm-surface)] text-[var(--rm-fg)]"
+       : "border-[var(--rm-border)] bg-transparent text-[var(--rm-secondary)] hover:border-[var(--rm-border-strong)] hover:bg-[var(--rm-panel)] hover:text-[var(--rm-fg)]",
+   );
+ }
+
+ export function AppShell({ children }: { children: ReactNode }) {
+   const location = useLocation();
+   const { actions, override } = useShellHeaderState();
+   const route = getRuntimeRouteDefinition(location.pathname) ?? getRuntimeRouteDefinition("/app");
+   const activeSection =
+     runtimeNavigationSections.find((section) => section.title === route?.section) ??
+     runtimeNavigationSections[0];
+   const hasSecondaryNavigation = activeSection.items.length > 1;
+   const title = override?.title ?? route?.title ?? "Runtime overview";
+   const description =
+     override?.description ??
+     route?.description ??
+     "Runtime, provider onboarding, endpoint visibility, and request inspection in one shell.";
+
+   return (
+     <div className="min-h-screen bg-[var(--rm-bg)] text-[var(--rm-fg)]">
+       <div className="mx-auto grid min-h-screen max-w-[var(--rm-shell-width)] gap-5 px-4 py-4 lg:grid-cols-[220px_minmax(0,1fr)]">
+         <aside
+           className={`${cardClassName} flex flex-col p-5 lg:sticky lg:top-4 lg:max-h-[calc(100vh-2rem)] lg:overflow-hidden`}
+         >
+           <div className="pb-2">
+             <h1 className={sectionTitleClassName}>role-model</h1>
+           </div>
+           <div className="mt-5 lg:flex-1 lg:min-h-0 lg:overflow-y-auto lg:pr-1">
+             <div className="space-y-5">
+               {runtimeNavigationSections.map((section) => (
+                 <div key={section.title}>
+                   <NavLink
+                     to={section.items[0]?.to ?? "/app"}
+                     end={section.title === "Overview"}
+                     className={() => primarySectionLinkClass(route?.section === section.title)}
+                   >
+                     <span className="flex items-center gap-3">
+                       <section.icon size={16} />
+                       <span>{section.title}</span>
+                     </span>
+                   </NavLink>
+                 </div>
+               ))}
+             </div>
+           </div>
+           <div className="mt-4 shrink-0 overflow-hidden">
+             <ThemeToggle />
+           </div>
+         </aside>
+
+         <div className="min-w-0 space-y-5">
+           <header className={`${cardClassName} px-5 py-5`}>
+             <div className="grid gap-5 xl:grid-cols-[minmax(0,1fr)_auto] xl:items-start">
+               <div>
+                 <h2 className={`max-w-[18ch] text-balance ${displayTitleClassName}`}>
+                   {title}
+                 </h2>
+                 <p className={`mt-3 max-w-[60ch] ${bodyTextClassName} text-[var(--rm-secondary)]`}>
+                   {description}
+                 </p>
+               </div>
+               <div className="flex flex-wrap items-center gap-2 xl:justify-end">{actions}</div>
+             </div>
+             {hasSecondaryNavigation ? (
+               <div className="mt-5 border-t border-[var(--rm-border)] pt-4">
+                 <nav className="flex flex-wrap gap-2">
+                   {activeSection.items.map((item) => (
+                     <NavLink
+                       key={item.to}
+                       to={item.to}
+                       end={item.to === "/app"}
+                       className={({ isActive }) => secondaryNavLinkClass(isActive)}
+                     >
+                       <item.icon size={14} />
+                       <span>{item.label}</span>
+                     </NavLink>
+                   ))}
+                 </nav>
+               </div>
+             ) : null}
+           </header>
+           <main className="space-y-6">{children}</main>
+         </div>
+       </div>
+     </div>
+   );
+ }
+

 ❯ app/lib/design-system.test.ts:809:32
    807|     expect(appShellSource).not.toContain("text-3xl font-semibold");
    808|     expect(appShellSource).not.toContain("border-b border-[var(--rm-bo…
    809|     expect(appShellSource).not.toContain("mt-5 border-t border-[var(--…
       |                                ^
    810|     expect(appShellSource).toContain('<div className="pb-2">');
    811|     expect(appShellSource).not.toMatch(

⎯⎯⎯⎯⎯⎯⎯⎯⎯⎯⎯⎯⎯⎯⎯⎯⎯⎯⎯⎯⎯⎯⎯⎯[1/1]⎯


[2m Test Files [22m [1m[31m1 failed[39m[22m[90m (1)[39m
[2m      Tests [22m [1m[31m1 failed[39m[22m[2m | [22m[1m[32m41 passed[39m[22m[90m (42)[39m
[2m   Start at [22m 07:49:13
[2m   Duration [22m 2.59s[2m (transform 1.00s, setup 0ms, collect 1.42s, tests 150ms, environment 1ms, prepare 316ms)[22m

undefined
D:\DEV\role-model\.worktrees\48-runtime-ui-design-system-apple-theme\role-model-router\apps\runtime-ui:
 ERR_PNPM_RECURSIVE_EXEC_FIRST_FAIL  Command failed with exit code 1: vitest run app/lib/design-system.test.ts
