
[1m[46m RUN [49m[22m [36mv3.2.4 [39m[90mD:/DEV/role-model/.worktrees/48-runtime-ui-design-system-apple-theme/role-model-router/apps/runtime-ui[39m

 [31m❯[39m app/lib/design-system.test.ts [2m([22m[2m42 tests[22m[2m | [22m[31m1 failed[39m[2m)[22m[32m 181[2mms[22m[39m
   [32m✓[39m runtime design system[2m > [22mdefines navigation groups and layout templates for every runtime route[32m 7[2mms[22m[39m
   [32m✓[39m runtime design system[2m > [22mdefines the Apple-inspired runtime theme contract with explicit tokenized radii and content width[32m 1[2mms[22m[39m
   [32m✓[39m runtime design system[2m > [22mglobal shell chrome keeps legacy vendor ui out of the main runtime contract[32m 79[2mms[22m[39m
   [32m✓[39m runtime design system[2m > [22mstudio implementation targets render repo-owned workspace sections instead of placeholder blueprints[32m 22[2mms[22m[39m
   [32m✓[39m runtime design system[2m > [22mintegration and system implementation targets render live upstream and peer surfaces[32m 10[2mms[22m[39m
   [32m✓[39m runtime design system[2m > [22mrouter implementation targets render repo-owned routing explanation surfaces[32m 1[2mms[22m[39m
   [32m✓[39m runtime design system[2m > [22mrouter, connect registry, and remote surfaces expose alias/readiness ownership instead of generic filler[32m 1[2mms[22m[39m
   [32m✓[39m runtime design system[2m > [22mproviders surface exposes explicit in-place maintenance actions for saved remote accounts[32m 0[2mms[22m[39m
   [32m✓[39m runtime design system[2m > [22mproviders surface uses an explicit save-cancel modal for api-key maintenance[32m 0[2mms[22m[39m
[31m   [31m×[31m runtime design system[2m > [22mproviders setup fields use a repo-owned themed selector instead of raw native selects[39m[32m 24[2mms[22m[39m
[31m     → expected 'import { Check, ChevronDown } from "l…' to contain 'pr-[20px]'[39m
   [32m✓[39m runtime design system[2m > [22mproviders surface keeps oauth reconnect as a one-click saved-account action[32m 1[2mms[22m[39m
   [32m✓[39m runtime design system[2m > [22mproviders maintenance flows call explicit repair APIs instead of generic account writes[32m 0[2mms[22m[39m
   [32m✓[39m runtime design system[2m > [22mproviders saved-account cards use canonical lifecycle rows and bounded archived diagnostics[32m 1[2mms[22m[39m
   [32m✓[39m runtime design system[2m > [22mruntime, session readiness, workbench, and advanced surfaces use canonical lifecycle diagnostics[32m 0[2mms[22m[39m
   [32m✓[39m runtime design system[2m > [22mrouter routes preserve empty-state and observe-link affordances[32m 0[2mms[22m[39m
   [32m✓[39m runtime design system[2m > [22mmerged router overview stays observational while routing strategy owns editing controls[32m 2[2mms[22m[39m
   [32m✓[39m runtime design system[2m > [22mmeta-guidance panels stay removed from overview and observe routes[32m 1[2mms[22m[39m
   [32m✓[39m runtime design system[2m > [22mdesign system doc marks the converted pages as live routes[32m 1[2mms[22m[39m
   [32m✓[39m runtime design system[2m > [22mcontrol routes tolerate an unassigned controller before endpoint activation[32m 1[2mms[22m[39m
   [32m✓[39m runtime design system[2m > [22mdesign-system docs and architecture point at the Apple reference instead of Swiss authority[32m 1[2mms[22m[39m
   [32m✓[39m runtime design system[2m > [22mshared app bootstrap uses explicit Light and Dark theme tokens instead of media-query-only IBM Plex chrome[32m 1[2mms[22m[39m
   [32m✓[39m runtime design system[2m > [22mshared shell and primitives own the global Light/Dark toggle and transparent semantic pills[32m 1[2mms[22m[39m
   [32m✓[39m runtime design system[2m > [22msidebar keeps nav items inside the shell card at shorter viewport heights[32m 0[2mms[22m[39m
   [32m✓[39m runtime design system[2m > [22mshared shell-header hooks do not depend on inline JSX or object identity[32m 0[2mms[22m[39m
   [32m✓[39m runtime design system[2m > [22mdesign-system docs no longer carry conflicting Swiss-era downstream rules[32m 0[2mms[22m[39m
   [32m✓[39m runtime design system[2m > [22mshared shell and controls align to the approved Apple typography and control grammar[32m 1[2mms[22m[39m
   [32m✓[39m runtime design system[2m > [22mstudio copy and route surfaces no longer describe the runtime UI as Swiss-style[32m 0[2mms[22m[39m
   [32m✓[39m runtime design system[2m > [22moverview and dense inspector routes drop square-edge drift in favor of shared panel and field radii[32m 1[2mms[22m[39m
   [32m✓[39m runtime design system[2m > [22mkeeps shared states on semantic design tokens instead of Tailwind utility palettes[32m 1[2mms[22m[39m
   [32m✓[39m runtime design system[2m > [22mremote, models, router, and system runtime config routes are first-class pages in the retained taxonomy[32m 12[2mms[22m[39m
   [32m✓[39m runtime design system[2m > [22mlocal setup surfaces stay discoverable from navigation and empty registry states[32m 1[2mms[22m[39m
   [32m✓[39m runtime design system[2m > [22mobserve and local log surfaces render structured ledgers rather than raw iframe placeholders[32m 1[2mms[22m[39m
   [32m✓[39m runtime design system[2m > [22mobserve ownership keeps requests canonical and raw-host surfaces adjacent[32m 1[2mms[22m[39m
   [32m✓[39m runtime design system[2m > [22mrequests and request detail stay telemetry-first while exposing raw-host handoffs[32m 0[2mms[22m[39m
   [32m✓[39m runtime design system[2m > [22mactivity route frames raw-host metrics as adjacent to canonical telemetry[32m 0[2mms[22m[39m
   [32m✓[39m runtime design system[2m > [22mlogs route exposes request-detail handoffs while preserving raw-host framing[32m 0[2mms[22m[39m
   [32m✓[39m runtime design system[2m > [22mregistry and system layouts avoid redundant KPI strips and placeholder note panels[32m 1[2mms[22m[39m
   [32m✓[39m runtime design system[2m > [22mdashboard passes telemetry detail to FactCard for Latency[32m 0[2mms[22m[39m
   [32m✓[39m runtime design system[2m > [22moverview metadata and design doc describe a telemetry-first summary with an interaction rail[32m 1[2mms[22m[39m
   [32m✓[39m runtime design system[2m > [22mworkbench and observe routes expose routing controls and receipts in repo-owned UI surfaces[32m 0[2mms[22m[39m
   [32m✓[39m runtime design system[2m > [22mshell header owns route metadata and page actions without duplicate page headers[32m 1[2mms[22m[39m
   [32m✓[39m runtime design system[2m > [22mruntime route definitions stay slim and future scaffolds avoid duplicate header props[32m 1[2mms[22m[39m

⎯⎯⎯⎯⎯⎯⎯ Failed Tests 1 ⎯⎯⎯⎯⎯⎯⎯

 FAIL  app/lib/design-system.test.ts > runtime design system > providers setup fields use a repo-owned themed selector instead of raw native selects
AssertionError: expected 'import { Check, ChevronDown } from "l…' to contain 'pr-[20px]'

- Expected
+ Received

- pr-[20px]
+ import { Check, ChevronDown } from "lucide-react";
+ import { useEffect, useId, useMemo, useRef, useState } from "react";
+
+ import { fieldClassName } from "../lib/design-system";
+
+ export interface ThemedSelectOption {
+   readonly value: string;
+   readonly label: string;
+   readonly description?: string;
+ }
+
+ interface ThemedSelectProps {
+   readonly value: string;
+   readonly options: readonly ThemedSelectOption[];
+   readonly onChange: (value: string) => void;
+   readonly placeholder?: string;
+   readonly ariaLabel?: string;
+   readonly ariaLabelledBy?: string;
+   readonly disabled?: boolean;
+   readonly name?: string;
+ }
+
+ function clampIndex(index: number, optionCount: number): number {
+   if (optionCount === 0) {
+     return -1;
+   }
+   if (index < 0) {
+     return optionCount - 1;
+   }
+   if (index >= optionCount) {
+     return 0;
+   }
+   return index;
+ }
+
+ export function ThemedSelect({
+   value,
+   options,
+   onChange,
+   placeholder = "Select an option…",
+   ariaLabel,
+   ariaLabelledBy,
+   disabled = false,
+   name,
+ }: ThemedSelectProps) {
+   const [open, setOpen] = useState(false);
+   const rootRef = useRef<HTMLDivElement | null>(null);
+   const triggerRef = useRef<HTMLButtonElement | null>(null);
+   const optionRefs = useRef<Array<HTMLButtonElement | null>>([]);
+   const listboxId = useId();
+   const selectedOption = useMemo(
+     () => options.find((option) => option.value === value),
+     [options, value],
+   );
+   const selectedIndex = useMemo(
+     () => options.findIndex((option) => option.value === value),
+     [options, value],
+   );
+   const [activeIndex, setActiveIndex] = useState(selectedIndex >= 0 ? selectedIndex : 0);
+
+   useEffect(() => {
+     if (!open) {
+       return;
+     }
+
+     const nextIndex = selectedIndex >= 0 ? selectedIndex : 0;
+     setActiveIndex(nextIndex);
+   }, [open, selectedIndex]);
+
+   useEffect(() => {
+     if (!open) {
+       return;
+     }
+
+     optionRefs.current[activeIndex]?.focus();
+   }, [activeIndex, open]);
+
+   useEffect(() => {
+     if (!open) {
+       return;
+     }
+
+     const handlePointerDown = (event: PointerEvent) => {
+       if (!rootRef.current?.contains(event.target as Node)) {
+         setOpen(false);
+       }
+     };
+
+     const handleEscape = (event: KeyboardEvent) => {
+       if (event.key === "Escape") {
+         setOpen(false);
+         triggerRef.current?.focus();
+       }
+     };
+
+     document.addEventListener("pointerdown", handlePointerDown);
+     document.addEventListener("keydown", handleEscape);
+     return () => {
+       document.removeEventListener("pointerdown", handlePointerDown);
+       document.removeEventListener("keydown", handleEscape);
+     };
+   }, [open]);
+
+   const commitSelection = (nextValue: string) => {
+     onChange(nextValue);
+     setOpen(false);
+     triggerRef.current?.focus();
+   };
+
+   const moveActiveIndex = (delta: number) => {
+     if (options.length === 0) {
+       return;
+     }
+     setActiveIndex((current) => clampIndex(current + delta, options.length));
+   };
+
+   return (
+     <div ref={rootRef} className="relative">
+       {name ? <input name={name} type="hidden" value={value} /> : null}
+       <button
+         ref={triggerRef}
+         aria-controls={listboxId}
+         aria-expanded={open}
+         aria-haspopup="listbox"
+         aria-label={ariaLabel}
+         aria-labelledby={ariaLabelledBy}
+         className={[
+           fieldClassName,
+           "flex min-h-[44px] items-center justify-between gap-3 pr-[46px] text-left",
+           open ? "border-[var(--rm-accent-focus)] ring-2 ring-[var(--rm-accent-subtle)]" : "",
+         ].join(" ")}
+         disabled={disabled}
+         type="button"
+         onClick={() => {
+           if (disabled || options.length === 0) {
+             return;
+           }
+           setOpen((current) => !current);
+         }}
+         onKeyDown={(event) => {
+           if (event.key === "ArrowDown") {
+             event.preventDefault();
+             if (!open) {
+               setOpen(true);
+               return;
+             }
+             moveActiveIndex(1);
+           }
+           if (event.key === "ArrowUp") {
+             event.preventDefault();
+             if (!open) {
+               setOpen(true);
+               return;
+             }
+             moveActiveIndex(-1);
+           }
+         }}
+       >
+         <span className={selectedOption ? "text-[var(--rm-fg)]" : "text-[var(--rm-muted)]"}>
+           {selectedOption?.label ?? placeholder}
+         </span>
+         <ChevronDown aria-hidden="true" className="h-4 w-4 text-[var(--rm-muted)]" />
+       </button>
+
+       {open ? (
+         <div
+           aria-labelledby={ariaLabelledBy}
+           className="absolute inset-x-0 top-[calc(100%+8px)] z-30 max-h-80 overflow-y-auto rounded-[var(--rm-radius-panel)] border border-[var(--rm-border-strong)] bg-[var(--rm-surface-strong)] p-2 shadow-[var(--rm-shadow-ui)]"
+           id={listboxId}
+           role="listbox"
+         >
+           {options.map((option, index) => {
+             const selected = option.value === value;
+             return (
+               <button
+                 key={option.value}
+                 ref={(element) => {
+                   optionRefs.current[index] = element;
+                 }}
+                 aria-selected={selected}
+                 className={[
+                   "flex w-full items-start justify-between gap-3 rounded-[var(--rm-radius-md)] px-4 py-3 text-left transition focus-visible:outline-none focus-visible:ring-2 focus-visible:ring-[var(--rm-accent-subtle)]",
+                   selected
+                     ? "bg-[var(--rm-accent-ghost)] text-[var(--rm-fg)]"
+                     : "text-[var(--rm-secondary)] hover:bg-[var(--rm-panel)] hover:text-[var(--rm-fg)]",
+                 ].join(" ")}
+                 role="option"
+                 type="button"
+                 onClick={() => commitSelection(option.value)}
+                 onKeyDown={(event) => {
+                   if (event.key === "ArrowDown") {
+                     event.preventDefault();
+                     moveActiveIndex(1);
+                   }
+                   if (event.key === "ArrowUp") {
+                     event.preventDefault();
+                     moveActiveIndex(-1);
+                   }
+                   if (event.key === "Home") {
+                     event.preventDefault();
+                     setActiveIndex(0);
+                   }
+                   if (event.key === "End") {
+                     event.preventDefault();
+                     setActiveIndex(options.length - 1);
+                   }
+                   if (event.key === "Escape") {
+                     event.preventDefault();
+                     setOpen(false);
+                     triggerRef.current?.focus();
+                   }
+                 }}
+               >
+                 <span className="min-w-0">
+                   <span className="block text-[17px] font-normal leading-[25px] tracking-[-0.022em]">
+                     {option.label}
+                   </span>
+                   {option.description ? (
+                     <span className="block text-[14px] leading-[20px] tracking-[-0.016em] text-[var(--rm-muted)]">
+                       {option.description}
+                     </span>
+                   ) : null}
+                 </span>
+                 <Check
+                   aria-hidden="true"
+                   className={[
+                     "mt-0.5 h-4 w-4 shrink-0 transition-opacity",
+                     selected ? "opacity-100 text-[var(--rm-accent-ink)]" : "opacity-0",
+                   ].join(" ")}
+                 />
+               </button>
+             );
+           })}
+         </div>
+       ) : null}
+     </div>
+   );
+ }
+

 ❯ app/lib/design-system.test.ts:599:32
    597|     expect(themedSelectSource).toContain('role="listbox"');
    598|     expect(themedSelectSource).toContain("aria-haspopup=\"listbox\"");
    599|     expect(themedSelectSource).toContain("pr-[20px]");
       |                                ^
    600|     expect(themedSelectSource).not.toContain("pr-[46px]");
    601|   });

⎯⎯⎯⎯⎯⎯⎯⎯⎯⎯⎯⎯⎯⎯⎯⎯⎯⎯⎯⎯⎯⎯⎯⎯[1/1]⎯


[2m Test Files [22m [1m[31m1 failed[39m[22m[90m (1)[39m
[2m      Tests [22m [1m[31m1 failed[39m[22m[2m | [22m[1m[32m41 passed[39m[22m[90m (42)[39m
[2m   Start at [22m 07:38:52
[2m   Duration [22m 2.91s[2m (transform 879ms, setup 0ms, collect 1.44s, tests 181ms, environment 0ms, prepare 375ms)[22m

undefined
D:\DEV\role-model\.worktrees\48-runtime-ui-design-system-apple-theme\role-model-router\apps\runtime-ui:
 ERR_PNPM_RECURSIVE_EXEC_FIRST_FAIL  Command failed with exit code 1: vitest run app/lib/design-system.test.ts
