2026-07-28T21:02:32.243Z request-start method=GET path=/assets/fonts/inter-latin-400-normal.woff2
2026-07-28T21:02:32.245Z request-finish method=GET path=/assets/fonts/inter-latin-400-normal.woff2 status=200 duration_ms=3
2026-07-28T21:02:32.255Z request-start method=GET path=/assets/fonts/inter-latin-600-normal.woff2
2026-07-28T21:02:32.258Z request-finish method=GET path=/assets/fonts/inter-latin-600-normal.woff2 status=200 duration_ms=3
2026-07-28T21:02:32.259Z request-start method=GET path=/assets/fonts/ibm-plex-mono-latin-400-normal.woff2
2026-07-28T21:02:32.261Z request-finish method=GET path=/assets/fonts/ibm-plex-mono-latin-400-normal.woff2 status=200 duration_ms=3
2026-07-28T21:02:32.262Z request-start method=GET path=/assets/manifest-14db850b.js
2026-07-28T21:02:32.265Z request-finish method=GET path=/assets/manifest-14db850b.js status=200 duration_ms=3
2026-07-28T21:02:32.267Z request-start method=GET path=/assets/entry.client-CUjFWg5_.js
2026-07-28T21:02:32.270Z request-finish method=GET path=/assets/entry.client-CUjFWg5_.js status=200 duration_ms=4
2026-07-28T21:02:32.272Z request-start method=GET path=/assets/root-DylgEXsQ.css
2026-07-28T21:02:32.274Z request-finish method=GET path=/assets/root-DylgEXsQ.css status=200 duration_ms=2
2026-07-28T21:02:32.275Z request-start method=GET path=/assets/chunk-EVOBXE3Y-CbLStoMq.js
2026-07-28T21:02:32.278Z request-finish method=GET path=/assets/chunk-EVOBXE3Y-CbLStoMq.js status=200 duration_ms=2
2026-07-28T21:02:32.279Z request-start method=GET path=/assets/root-BqlB7hul.js
2026-07-28T21:02:32.281Z request-finish method=GET path=/assets/root-BqlB7hul.js status=200 duration_ms=2
2026-07-28T21:02:32.282Z request-start method=GET path=/assets/cn-B5V-leUE.js
2026-07-28T21:02:32.284Z request-finish method=GET path=/assets/cn-B5V-leUE.js status=200 duration_ms=2
2026-07-28T21:02:32.286Z request-start method=GET path=/assets/theme-CxtVguy4.js
2026-07-28T21:02:32.288Z request-finish method=GET path=/assets/theme-CxtVguy4.js status=200 duration_ms=3
2026-07-28T21:02:32.289Z request-start method=GET path=/assets/not-found-DVAt_zDx.js
2026-07-28T21:02:32.291Z request-finish method=GET path=/assets/not-found-DVAt_zDx.js status=200 duration_ms=1
2026-07-28T21:02:32.291Z request-start method=GET path=/assets/page-primitives-C7s5jnMZ.js
2026-07-28T21:02:32.294Z request-finish method=GET path=/assets/page-primitives-C7s5jnMZ.js status=200 duration_ms=2
2026-07-28T21:02:32.294Z request-start method=GET path=/assets/design-system-B3_USdMT.js
2026-07-28T21:02:32.296Z request-finish method=GET path=/assets/design-system-B3_USdMT.js status=200 duration_ms=2
2026-07-28T21:02:32.355Z request-start method=GET path=/favicon.ico
2026-07-28T21:02:32.357Z request-finish method=GET path=/favicon.ico status=200 duration_ms=2
2026-07-28T21:02:32.386Z request-start method=GET path=/assets/app-layout-CGrDREC9.js
2026-07-28T21:02:32.388Z request-finish method=GET path=/assets/app-layout-CGrDREC9.js status=200 duration_ms=2
2026-07-28T21:02:32.389Z request-start method=GET path=/assets/extensions-DgCw7URm.js
2026-07-28T21:02:32.391Z request-finish method=GET path=/assets/extensions-DgCw7URm.js status=200 duration_ms=1
2026-07-28T21:02:32.406Z request-start method=GET path=/assets/shell-header-context-BBtNcHzJ.js
2026-07-28T21:02:32.408Z request-finish method=GET path=/assets/shell-header-context-BBtNcHzJ.js status=200 duration_ms=2
2026-07-28T21:02:32.408Z request-start method=GET path=/assets/runtime-api-DdUBgY0z.js
2026-07-28T21:02:32.411Z request-finish method=GET path=/assets/runtime-api-DdUBgY0z.js status=200 duration_ms=3
2026-07-28T21:02:38.970Z request-start method=GET path=/assets/fonts/inter-latin-400-normal.woff2
2026-07-28T21:02:38.972Z request-finish method=GET path=/assets/fonts/inter-latin-400-normal.woff2 status=200 duration_ms=2
2026-07-28T21:02:38.974Z request-start method=GET path=/assets/fonts/inter-latin-600-normal.woff2
2026-07-28T21:02:38.977Z request-finish method=GET path=/assets/fonts/inter-latin-600-normal.woff2 status=200 duration_ms=2
2026-07-28T21:02:38.977Z request-start method=GET path=/assets/fonts/ibm-plex-mono-latin-400-normal.woff2
2026-07-28T21:02:38.979Z request-finish method=GET path=/assets/fonts/ibm-plex-mono-latin-400-normal.woff2 status=200 duration_ms=2
2026-07-28T21:02:38.980Z request-start method=GET path=/assets/manifest-14db850b.js
2026-07-28T21:02:38.983Z request-finish method=GET path=/assets/manifest-14db850b.js status=200 duration_ms=2
2026-07-28T21:02:38.984Z request-start method=GET path=/assets/entry.client-CUjFWg5_.js
2026-07-28T21:02:38.986Z request-finish method=GET path=/assets/entry.client-CUjFWg5_.js status=200 duration_ms=2
2026-07-28T21:02:38.987Z request-start method=GET path=/assets/not-found-DVAt_zDx.js
2026-07-28T21:02:38.989Z request-finish method=GET path=/assets/not-found-DVAt_zDx.js status=200 duration_ms=2
2026-07-28T21:02:38.990Z request-start method=GET path=/assets/root-DylgEXsQ.css
2026-07-28T21:02:38.992Z request-finish method=GET path=/assets/root-DylgEXsQ.css status=200 duration_ms=1
2026-07-28T21:02:38.992Z request-start method=GET path=/assets/chunk-EVOBXE3Y-CbLStoMq.js
2026-07-28T21:02:38.995Z request-finish method=GET path=/assets/chunk-EVOBXE3Y-CbLStoMq.js status=200 duration_ms=3
2026-07-28T21:02:38.997Z request-start method=GET path=/assets/design-system-B3_USdMT.js
2026-07-28T21:02:39.000Z request-finish method=GET path=/assets/design-system-B3_USdMT.js status=200 duration_ms=4
2026-07-28T21:02:39.002Z request-start method=GET path=/assets/theme-CxtVguy4.js
2026-07-28T21:02:39.005Z request-finish method=GET path=/assets/theme-CxtVguy4.js status=200 duration_ms=2
2026-07-28T21:02:39.006Z request-start method=GET path=/assets/page-primitives-C7s5jnMZ.js
2026-07-28T21:02:39.008Z request-finish method=GET path=/assets/page-primitives-C7s5jnMZ.js status=200 duration_ms=2
2026-07-28T21:02:39.009Z request-start method=GET path=/assets/cn-B5V-leUE.js
2026-07-28T21:02:39.011Z request-finish method=GET path=/assets/cn-B5V-leUE.js status=200 duration_ms=2
2026-07-28T21:02:39.011Z request-start method=GET path=/assets/root-BqlB7hul.js
2026-07-28T21:02:39.013Z request-finish method=GET path=/assets/root-BqlB7hul.js status=200 duration_ms=2
2026-07-28T21:02:39.118Z request-start method=GET path=/assets/app-layout-CGrDREC9.js
2026-07-28T21:02:39.120Z request-finish method=GET path=/assets/app-layout-CGrDREC9.js status=200 duration_ms=3
2026-07-28T21:02:39.121Z request-start method=GET path=/assets/storage-retention-BEatYCls.js
2026-07-28T21:02:39.124Z request-finish method=GET path=/assets/storage-retention-BEatYCls.js status=200 duration_ms=2
2026-07-28T21:02:39.125Z request-start method=GET path=/favicon.ico
2026-07-28T21:02:39.127Z request-finish method=GET path=/favicon.ico status=200 duration_ms=2
2026-07-28T21:02:39.128Z request-start method=GET path=/assets/shell-header-context-BBtNcHzJ.js
2026-07-28T21:02:39.130Z request-finish method=GET path=/assets/shell-header-context-BBtNcHzJ.js status=200 duration_ms=2
2026-07-28T21:02:39.131Z request-start method=GET path=/assets/runtime-api-DdUBgY0z.js
2026-07-28T21:02:39.133Z request-finish method=GET path=/assets/runtime-api-DdUBgY0z.js status=200 duration_ms=2
