Γ£ö packaged launch scope defaults to packaged-run00 (1.4476ms)
Γ£ö packaged launch scope accepts explicit --scope-id (0.2574ms)
Γ£ö packaged launch scope accepts env override when flag omitted (0.2725ms)
Γ£ö packaged launch scope prefers CLI over env (0.4468ms)
Γ£ö PCR8 pin-freeze gate tracks dual HEADs and TB11 rewrite eligibility from Phase 3 state (709.3753ms)
(node:8528) ExperimentalWarning: SQLite is an experimental feature and might change at any time
(Use `node --trace-warnings ...` to show where the warning was created)
Γ£ö run81 KW activation probe proves default-off, refuse, gated success, rollback (10.5834ms)
(node:784) ExperimentalWarning: SQLite is an experimental feature and might change at any time
(Use `node --trace-warnings ...` to show where the warning was created)
Γ£ö TB10-TEST-UNIT replays deterministically (5.8079ms)
Γ£ö TB10-TEST-CONTRACT binds evaluation group provenance (5.0577ms)
Γ£ö TB10-TEST-INTEGRATION derives shadow candidates (3.539ms)
Γ£ö TB10-TEST-REGRESSION never activates production (2.0794ms)
Γ£ö TB10-TEST-MUTATION activation guard is immutable (1.4652ms)
Γ£ö TB10-TEST-ACTIVATION-POLICY activates only with valid v1 policy (4.7216ms)
Γ£ö TB10-TEST-ACTIVATION-CAPABILITY forwards policy through run() (3.2576ms)
Γ£ö TB10-TEST-ACTIVATION-DIGEST-BIND requires receipt digest match to shadow candidate (2.4067ms)
Γ£ö TB10-TEST-FALSE-SUCCESS rejects holdout failure (2.1565ms)
Γ£ö TB10-TEST-ROLLBACK discards derived candidates (1.8057ms)
Γ£ö TB10-TEST-HEALTH operates without Verifiers (1.488ms)
Γ£ö TB10-TEST-REPLAY-CORE-PACKAGE checkpoints cancellation (0.6978ms)
Γ£ö TB10-TEST-EVALUATION-RUNNER-PACKAGE enforces no egress (1.4689ms)
Γ£ö TB10-TEST-TRAJECTORY-SIGNALS-PACKAGE emits bounded diagnostics (1.5912ms)
Γ£ö TB10-TEST-PROFILE-LEARNER-PACKAGE keeps attribution dimensions separate (2.1984ms)
Γ£ö TB10-TEST-KNOWLEDGE-WORKER-PACKAGE requires review and redaction (1.4131ms)
Γ£ö TB10-TEST-TRACK-A-EXCLUSION packages are reference-only learners (0.3802ms)
Γ£ö TB10-REVIEW-REPLAY shares immutable prefixes and binds source decision provenance (28.5576ms)
Γ£ö TB10-REVIEW-REPLAY cancellation resumes from a hash-bound checkpoint (0.8402ms)
Γ£ö TB10-REVIEW-EVAL runs through Evaluation Core with no external environment (1.9732ms)
Γ£ö TB10-REVIEW-SIGNALS are provenance-bound uncertain diagnostics, never labels (0.4207ms)
Γ£ö TB10-REVIEW-PROFILE preserves propensity, bias, confidence, promotion and rollback evidence (1.2256ms)
Γ£ö TB10-REVIEW-KNOWLEDGE requires comparable positive/negative groups and disjoint validation (2.7894ms)
Γ£ö TB10-REVIEW-SAFETY rejects caller-asserted knowledge and missing diagnostic provenance (1.2999ms)
Γ£ö TB10-REVIEW-SAFETY executes only trusted registered scorers (1.5112ms)
Γ£ö TB10-REVIEW-BOUNDARY accepts only finite declarative scorers and complete execution provenance (2.2535ms)
Γ£ö TB10-REVIEW-RECEIPTS rejects forged profile and knowledge promotion gates (4.2935ms)
Γ£ö TB10-REVIEW-RECEIPTS bind nested evidence and model fields (0.6113ms)
Γ£ö TB10-REVIEW-REPLAY uses collision-safe prefix hashes and durable restart checkpoints (36.2841ms)
Γä╣ tests 35
Γä╣ suites 0
Γä╣ pass 35
Γä╣ fail 0
Γä╣ cancelled 0
Γä╣ skipped 0
Γä╣ todo 0
Γä╣ duration_ms 864.9521
