(node:18716) ExperimentalWarning: SQLite is an experimental feature and might change at any time
(Use `node --trace-warnings ...` to show where the warning was created)
Γ£ö TB10-TEST-UNIT replays deterministically (5.9425ms)
Γ£ö TB10-TEST-CONTRACT binds evaluation group provenance (5.4788ms)
Γ£ö TB10-TEST-INTEGRATION derives shadow candidates (3.0999ms)
Γ£ö TB10-TEST-REGRESSION never activates production (1.8252ms)
Γ£ö TB10-TEST-MUTATION activation guard is immutable (0.452ms)
Γ£ö TB10-TEST-FALSE-SUCCESS rejects holdout failure (1.766ms)
Γ£ö TB10-TEST-ROLLBACK discards derived candidates (1.7178ms)
Γ£ö TB10-TEST-HEALTH operates without Verifiers (1.4906ms)
Γ£ö TB10-TEST-REPLAY-CORE-PACKAGE checkpoints cancellation (0.6282ms)
Γ£ö TB10-TEST-EVALUATION-RUNNER-PACKAGE enforces no egress (1.4243ms)
Γ£ö TB10-TEST-TRAJECTORY-SIGNALS-PACKAGE emits bounded diagnostics (1.571ms)
Γ£ö TB10-TEST-PROFILE-LEARNER-PACKAGE keeps attribution dimensions separate (2.307ms)
Γ£ö TB10-TEST-KNOWLEDGE-WORKER-PACKAGE requires review and redaction (1.2264ms)
Γ£ö TB10-TEST-TRACK-A-EXCLUSION packages are reference-only learners (0.303ms)
Γ£ö TB10-REVIEW-REPLAY shares immutable prefixes and binds source decision provenance (28.2057ms)
Γ£ö TB10-REVIEW-REPLAY cancellation resumes from a hash-bound checkpoint (0.8191ms)
Γ£ö TB10-REVIEW-EVAL runs through Evaluation Core with no external environment (2.0521ms)
Γ£ö TB10-REVIEW-SIGNALS are provenance-bound uncertain diagnostics, never labels (0.2702ms)
Γ£ö TB10-REVIEW-PROFILE preserves propensity, bias, confidence, promotion and rollback evidence (1.1382ms)
Γ£ö TB10-REVIEW-KNOWLEDGE requires comparable positive/negative groups and disjoint validation (2.2028ms)
Γ£ö TB10-REVIEW-SAFETY rejects caller-asserted knowledge and missing diagnostic provenance (1.3678ms)
Γ£ö TB10-REVIEW-SAFETY executes only trusted registered scorers (1.627ms)
Γ£ö TB10-REVIEW-BOUNDARY accepts only finite declarative scorers and complete execution provenance (1.8523ms)
Γ£ö TB10-REVIEW-RECEIPTS rejects forged profile and knowledge promotion gates (2.0031ms)
Γ£ö TB10-REVIEW-RECEIPTS bind nested evidence and model fields (0.6613ms)
Γ£ö TB10-REVIEW-REPLAY uses collision-safe prefix hashes and durable restart checkpoints (32.8205ms)
Γä╣ tests 26
Γä╣ suites 0
Γä╣ pass 26
Γä╣ fail 0
Γä╣ cancelled 0
Γä╣ skipped 0
Γä╣ todo 0
Γä╣ duration_ms 251.8649
